[0.016s][info][gc] Using G1
[0.019s][info][gc,init] Version: 17.0.1+12-LTS-39 (release)
[0.019s][info][gc,init] CPUs: 8 total, 8 available
[0.019s][info][gc,init] Memory: 16124M
[0.019s][info][gc,init] Large Page Support: Disabled
[0.019s][info][gc,init] NUMA Support: Disabled
[0.019s][info][gc,init] Compressed Oops: Enabled (32-bit)
[0.019s][info][gc,init] Heap Region Size: 1M
[0.019s][info][gc,init] Heap Min Capacity: 8M
[0.019s][info][gc,init] Heap Initial Capacity: 64M
[0.019s][info][gc,init] Heap Max Capacity: 64M
[0.019s][info][gc,init] Pre-touch: Disabled
[0.019s][info][gc,init] Parallel Workers: 8
[0.021s][info][gc,init] Concurrent Workers: 2
[0.021s][info][gc,init] Concurrent Refinement Workers: 8
[0.021s][info][gc,init] Periodic GC: Disabled
[0.023s][info][gc,metaspace] CDS archive(s) mapped at: [0x0000000800000000-0x0000000800bc0000-0x0000000800bc0000), size 12320768, SharedBaseAddress: 0x0000000800000000, ArchiveRelocationMode: 0.
[0.023s][info][gc,metaspace] Compressed class space mapped at: 0x0000000800c00000-0x0000000840c00000, reserved size: 1073741824
[0.023s][info][gc,metaspace] Narrow klass base: 0x0000000800000000, Narrow klass shift: 0, Narrow klass range: 0x100000000
[0.260s][info][gc,start    ] GC(0) Pause Young (Normal) (G1 Evacuation Pause)
[0.260s][info][gc,task     ] GC(0) Using 4 workers of 8 for evacuation
[0.263s][info][gc,phases   ] GC(0)   Pre Evacuate Collection Set: 0.1ms
[0.263s][info][gc,phases   ] GC(0)   Merge Heap Roots: 0.1ms
[0.264s][info][gc,phases   ] GC(0)   Evacuate Collection Set: 2.4ms
[0.264s][info][gc,phases   ] GC(0)   Post Evacuate Collection Set: 0.7ms
[0.264s][info][gc,phases   ] GC(0)   Other: 0.8ms
[0.264s][info][gc,heap     ] GC(0) Eden regions: 32->0(28)
[0.264s][info][gc,heap     ] GC(0) Survivor regions: 0->4(4)
[0.264s][info][gc,heap     ] GC(0) Old regions: 0->2
[0.264s][info][gc,heap     ] GC(0) Archive regions: 0->0
[0.264s][info][gc,heap     ] GC(0) Humongous regions: 0->0
[0.264s][info][gc,metaspace] GC(0) Metaspace: 157K(384K)->157K(384K) NonClass: 149K(256K)->149K(256K) Class: 8K(128K)->8K(128K)
[0.264s][info][gc          ] GC(0) Pause Young (Normal) (G1 Evacuation Pause) 31M->5M(64M) 4.182ms
[0.264s][info][gc,cpu      ] GC(0) User=0.02s Sys=0.02s Real=0.01s
[0.344s][info][gc,start    ] GC(1) Pause Young (Normal) (G1 Evacuation Pause)
[0.344s][info][gc,task     ] GC(1) Using 4 workers of 8 for evacuation
[0.347s][info][gc,phases   ] GC(1)   Pre Evacuate Collection Set: 0.2ms
[0.347s][info][gc,phases   ] GC(1)   Merge Heap Roots: 0.3ms
[0.347s][info][gc,phases   ] GC(1)   Evacuate Collection Set: 2.1ms
[0.348s][info][gc,phases   ] GC(1)   Post Evacuate Collection Set: 0.9ms
[0.348s][info][gc,phases   ] GC(1)   Other: 0.4ms
[0.348s][info][gc,heap     ] GC(1) Eden regions: 28->0(31)
[0.348s][info][gc,heap     ] GC(1) Survivor regions: 4->1(4)
[0.348s][info][gc,heap     ] GC(1) Old regions: 2->3
[0.348s][info][gc,heap     ] GC(1) Archive regions: 0->0
[0.348s][info][gc,heap     ] GC(1) Humongous regions: 0->0
[0.348s][info][gc,metaspace] GC(1) Metaspace: 157K(384K)->157K(384K) NonClass: 149K(256K)->149K(256K) Class: 8K(128K)->8K(128K)
[0.348s][info][gc          ] GC(1) Pause Young (Normal) (G1 Evacuation Pause) 33M->2M(64M) 4.411ms
[0.348s][info][gc,cpu      ] GC(1) User=0.00s Sys=0.00s Real=0.00s
[0.493s][info][gc,start    ] GC(2) Pause Young (Normal) (G1 Evacuation Pause)
[0.493s][info][gc,task     ] GC(2) Using 4 workers of 8 for evacuation
[0.497s][info][gc,phases   ] GC(2)   Pre Evacuate Collection Set: 0.2ms
[0.497s][info][gc,phases   ] GC(2)   Merge Heap Roots: 0.2ms
[0.497s][info][gc,phases   ] GC(2)   Evacuate Collection Set: 2.3ms
[0.497s][info][gc,phases   ] GC(2)   Post Evacuate Collection Set: 0.8ms
[0.497s][info][gc,phases   ] GC(2)   Other: 0.3ms
[0.497s][info][gc,heap     ] GC(2) Eden regions: 31->0(28)
[0.497s][info][gc,heap     ] GC(2) Survivor regions: 1->4(4)
[0.497s][info][gc,heap     ] GC(2) Old regions: 3->4
[0.497s][info][gc,heap     ] GC(2) Archive regions: 0->0
[0.497s][info][gc,heap     ] GC(2) Humongous regions: 0->0
[0.498s][info][gc,metaspace] GC(2) Metaspace: 157K(384K)->157K(384K) NonClass: 149K(256K)->149K(256K) Class: 8K(128K)->8K(128K)
[0.498s][info][gc          ] GC(2) Pause Young (Normal) (G1 Evacuation Pause) 33M->7M(64M) 4.559ms
[0.498s][info][gc,cpu      ] GC(2) User=0.05s Sys=0.02s Real=0.00s
[0.594s][info][gc,start    ] GC(3) Pause Young (Normal) (G1 Evacuation Pause)
[0.594s][info][gc,task     ] GC(3) Using 4 workers of 8 for evacuation
[0.596s][info][gc,phases   ] GC(3)   Pre Evacuate Collection Set: 0.2ms
[0.596s][info][gc,phases   ] GC(3)   Merge Heap Roots: 0.2ms
[0.596s][info][gc,phases   ] GC(3)   Evacuate Collection Set: 0.3ms
[0.596s][info][gc,phases   ] GC(3)   Post Evacuate Collection Set: 0.8ms
[0.596s][info][gc,phases   ] GC(3)   Other: 0.5ms
[0.596s][info][gc,heap     ] GC(3) Eden regions: 28->0(31)
[0.596s][info][gc,heap     ] GC(3) Survivor regions: 4->1(4)
[0.596s][info][gc,heap     ] GC(3) Old regions: 4->4
[0.596s][info][gc,heap     ] GC(3) Archive regions: 0->0
[0.596s][info][gc,heap     ] GC(3) Humongous regions: 0->0
[0.596s][info][gc,metaspace] GC(3) Metaspace: 157K(384K)->157K(384K) NonClass: 149K(256K)->149K(256K) Class: 8K(128K)->8K(128K)
[0.597s][info][gc          ] GC(3) Pause Young (Normal) (G1 Evacuation Pause) 35M->3M(64M) 2.349ms
[0.597s][info][gc,cpu      ] GC(3) User=0.00s Sys=0.00s Real=0.00s
[0.694s][info][gc,start    ] GC(4) Pause Young (Normal) (G1 Evacuation Pause)
[0.694s][info][gc,task     ] GC(4) Using 4 workers of 8 for evacuation
[0.697s][info][gc,phases   ] GC(4)   Pre Evacuate Collection Set: 0.2ms
[0.697s][info][gc,phases   ] GC(4)   Merge Heap Roots: 0.2ms
[0.697s][info][gc,phases   ] GC(4)   Evacuate Collection Set: 1.7ms
[0.697s][info][gc,phases   ] GC(4)   Post Evacuate Collection Set: 0.8ms
[0.698s][info][gc,phases   ] GC(4)   Other: 0.4ms
[0.698s][info][gc,heap     ] GC(4) Eden regions: 31->0(28)
[0.698s][info][gc,heap     ] GC(4) Survivor regions: 1->4(4)
[0.698s][info][gc,heap     ] GC(4) Old regions: 4->5
[0.698s][info][gc,heap     ] GC(4) Archive regions: 0->0
[0.698s][info][gc,heap     ] GC(4) Humongous regions: 0->0
[0.698s][info][gc,metaspace] GC(4) Metaspace: 157K(384K)->157K(384K) NonClass: 149K(256K)->149K(256K) Class: 8K(128K)->8K(128K)
[0.698s][info][gc          ] GC(4) Pause Young (Normal) (G1 Evacuation Pause) 34M->8M(64M) 3.919ms
[0.698s][info][gc,cpu      ] GC(4) User=0.02s Sys=0.00s Real=0.00s
[0.795s][info][gc,start    ] GC(5) Pause Young (Normal) (G1 Evacuation Pause)
[0.796s][info][gc,task     ] GC(5) Using 4 workers of 8 for evacuation
[0.801s][info][gc,phases   ] GC(5)   Pre Evacuate Collection Set: 0.2ms
[0.801s][info][gc,phases   ] GC(5)   Merge Heap Roots: 0.2ms
[0.801s][info][gc,phases   ] GC(5)   Evacuate Collection Set: 3.9ms
[0.801s][info][gc,phases   ] GC(5)   Post Evacuate Collection Set: 0.8ms
[0.801s][info][gc,phases   ] GC(5)   Other: 0.3ms
[0.801s][info][gc,heap     ] GC(5) Eden regions: 28->0(28)
[0.801s][info][gc,heap     ] GC(5) Survivor regions: 4->4(4)
[0.801s][info][gc,heap     ] GC(5) Old regions: 5->9
[0.801s][info][gc,heap     ] GC(5) Archive regions: 0->0
[0.801s][info][gc,heap     ] GC(5) Humongous regions: 0->0
[0.801s][info][gc,metaspace] GC(5) Metaspace: 157K(384K)->157K(384K) NonClass: 149K(256K)->149K(256K) Class: 8K(128K)->8K(128K)
[0.801s][info][gc          ] GC(5) Pause Young (Normal) (G1 Evacuation Pause) 36M->12M(64M) 5.985ms
[0.802s][info][gc,cpu      ] GC(5) User=0.00s Sys=0.00s Real=0.01s
[0.944s][info][gc,start    ] GC(6) Pause Young (Normal) (G1 Evacuation Pause)
[0.944s][info][gc,task     ] GC(6) Using 4 workers of 8 for evacuation
[0.946s][info][gc,phases   ] GC(6)   Pre Evacuate Collection Set: 0.2ms
[0.946s][info][gc,phases   ] GC(6)   Merge Heap Roots: 0.2ms
[0.946s][info][gc,phases   ] GC(6)   Evacuate Collection Set: 0.4ms
[0.946s][info][gc,phases   ] GC(6)   Post Evacuate Collection Set: 0.9ms
[0.946s][info][gc,phases   ] GC(6)   Other: 0.3ms
[0.947s][info][gc,heap     ] GC(6) Eden regions: 28->0(30)
[0.947s][info][gc,heap     ] GC(6) Survivor regions: 4->2(4)
[0.947s][info][gc,heap     ] GC(6) Old regions: 9->9
[0.947s][info][gc,heap     ] GC(6) Archive regions: 0->0
[0.947s][info][gc,heap     ] GC(6) Humongous regions: 0->0
[0.947s][info][gc,metaspace] GC(6) Metaspace: 157K(384K)->157K(384K) NonClass: 149K(256K)->149K(256K) Class: 8K(128K)->8K(128K)
[0.947s][info][gc          ] GC(6) Pause Young (Normal) (G1 Evacuation Pause) 40M->10M(64M) 2.964ms
[0.947s][info][gc,cpu      ] GC(6) User=0.00s Sys=0.02s Real=0.00s
[1.051s][info][gc,start    ] GC(7) Pause Young (Normal) (G1 Evacuation Pause)
[1.051s][info][gc,task     ] GC(7) Using 4 workers of 8 for evacuation
[1.055s][info][gc,phases   ] GC(7)   Pre Evacuate Collection Set: 0.2ms
[1.055s][info][gc,phases   ] GC(7)   Merge Heap Roots: 0.2ms
[1.055s][info][gc,phases   ] GC(7)   Evacuate Collection Set: 2.7ms
[1.055s][info][gc,phases   ] GC(7)   Post Evacuate Collection Set: 0.8ms
[1.055s][info][gc,phases   ] GC(7)   Other: 0.3ms
[1.055s][info][gc,heap     ] GC(7) Eden regions: 30->0(28)
[1.055s][info][gc,heap     ] GC(7) Survivor regions: 2->4(4)
[1.055s][info][gc,heap     ] GC(7) Old regions: 9->12
[1.055s][info][gc,heap     ] GC(7) Archive regions: 0->0
[1.055s][info][gc,heap     ] GC(7) Humongous regions: 0->0
[1.055s][info][gc,metaspace] GC(7) Metaspace: 157K(384K)->157K(384K) NonClass: 149K(256K)->149K(256K) Class: 8K(128K)->8K(128K)
[1.055s][info][gc          ] GC(7) Pause Young (Normal) (G1 Evacuation Pause) 40M->15M(64M) 4.732ms
[1.055s][info][gc,cpu      ] GC(7) User=0.00s Sys=0.00s Real=0.00s
[1.191s][info][gc,start    ] GC(8) Pause Young (Normal) (G1 Evacuation Pause)
[1.191s][info][gc,task     ] GC(8) Using 4 workers of 8 for evacuation
[1.193s][info][gc,phases   ] GC(8)   Pre Evacuate Collection Set: 0.2ms
[1.193s][info][gc,phases   ] GC(8)   Merge Heap Roots: 0.2ms
[1.193s][info][gc,phases   ] GC(8)   Evacuate Collection Set: 0.2ms
[1.193s][info][gc,phases   ] GC(8)   Post Evacuate Collection Set: 0.8ms
[1.193s][info][gc,phases   ] GC(8)   Other: 0.6ms
[1.193s][info][gc,heap     ] GC(8) Eden regions: 28->0(31)
[1.193s][info][gc,heap     ] GC(8) Survivor regions: 4->1(4)
[1.194s][info][gc,heap     ] GC(8) Old regions: 12->12
[1.194s][info][gc,heap     ] GC(8) Archive regions: 0->0
[1.194s][info][gc,heap     ] GC(8) Humongous regions: 0->0
[1.194s][info][gc,metaspace] GC(8) Metaspace: 157K(384K)->157K(384K) NonClass: 149K(256K)->149K(256K) Class: 8K(128K)->8K(128K)
[1.194s][info][gc          ] GC(8) Pause Young (Normal) (G1 Evacuation Pause) 43M->11M(64M) 2.401ms
[1.194s][info][gc,cpu      ] GC(8) User=0.00s Sys=0.00s Real=0.00s
[1.292s][info][gc,start    ] GC(9) Pause Young (Normal) (G1 Evacuation Pause)
[1.292s][info][gc,task     ] GC(9) Using 4 workers of 8 for evacuation
[1.295s][info][gc,phases   ] GC(9)   Pre Evacuate Collection Set: 0.2ms
[1.295s][info][gc,phases   ] GC(9)   Merge Heap Roots: 0.1ms
[1.295s][info][gc,phases   ] GC(9)   Evacuate Collection Set: 1.3ms
[1.295s][info][gc,phases   ] GC(9)   Post Evacuate Collection Set: 0.6ms
[1.295s][info][gc,phases   ] GC(9)   Other: 0.2ms
[1.295s][info][gc,heap     ] GC(9) Eden regions: 31->0(28)
[1.295s][info][gc,heap     ] GC(9) Survivor regions: 1->4(4)
[1.295s][info][gc,heap     ] GC(9) Old regions: 12->14
[1.295s][info][gc,heap     ] GC(9) Archive regions: 0->0
[1.295s][info][gc,heap     ] GC(9) Humongous regions: 0->0
[1.295s][info][gc,metaspace] GC(9) Metaspace: 157K(384K)->157K(384K) NonClass: 149K(256K)->149K(256K) Class: 8K(128K)->8K(128K)
[1.295s][info][gc          ] GC(9) Pause Young (Normal) (G1 Evacuation Pause) 42M->17M(64M) 2.552ms
[1.295s][info][gc,cpu      ] GC(9) User=0.00s Sys=0.00s Real=0.00s
[1.394s][info][gc,start    ] GC(10) Pause Young (Normal) (G1 Evacuation Pause)
[1.394s][info][gc,task     ] GC(10) Using 4 workers of 8 for evacuation
[1.396s][info][gc,phases   ] GC(10)   Pre Evacuate Collection Set: 0.2ms
[1.396s][info][gc,phases   ] GC(10)   Merge Heap Roots: 0.2ms
[1.396s][info][gc,phases   ] GC(10)   Evacuate Collection Set: 0.3ms
[1.396s][info][gc,phases   ] GC(10)   Post Evacuate Collection Set: 0.9ms
[1.396s][info][gc,phases   ] GC(10)   Other: 0.3ms
[1.396s][info][gc,heap     ] GC(10) Eden regions: 28->0(31)
[1.396s][info][gc,heap     ] GC(10) Survivor regions: 4->1(4)
[1.396s][info][gc,heap     ] GC(10) Old regions: 14->14
[1.396s][info][gc,heap     ] GC(10) Archive regions: 0->0
[1.396s][info][gc,heap     ] GC(10) Humongous regions: 0->0
[1.396s][info][gc,metaspace] GC(10) Metaspace: 157K(384K)->157K(384K) NonClass: 149K(256K)->149K(256K) Class: 8K(128K)->8K(128K)
[1.396s][info][gc          ] GC(10) Pause Young (Normal) (G1 Evacuation Pause) 45M->13M(64M) 2.747ms
[1.397s][info][gc,cpu      ] GC(10) User=0.00s Sys=0.00s Real=0.00s
[1.495s][info][gc,start    ] GC(11) Pause Young (Normal) (G1 Evacuation Pause)
[1.495s][info][gc,task     ] GC(11) Using 4 workers of 8 for evacuation
[1.499s][info][gc,phases   ] GC(11)   Pre Evacuate Collection Set: 0.2ms
[1.499s][info][gc,phases   ] GC(11)   Merge Heap Roots: 0.1ms
[1.499s][info][gc,phases   ] GC(11)   Evacuate Collection Set: 2.9ms
[1.499s][info][gc,phases   ] GC(11)   Post Evacuate Collection Set: 0.8ms
[1.499s][info][gc,phases   ] GC(11)   Other: 0.4ms
[1.500s][info][gc,heap     ] GC(11) Eden regions: 31->0(28)
[1.500s][info][gc,heap     ] GC(11) Survivor regions: 1->4(4)
[1.500s][info][gc,heap     ] GC(11) Old regions: 14->16
[1.500s][info][gc,heap     ] GC(11) Archive regions: 0->0
[1.500s][info][gc,heap     ] GC(11) Humongous regions: 0->0
[1.500s][info][gc,metaspace] GC(11) Metaspace: 157K(384K)->157K(384K) NonClass: 149K(256K)->149K(256K) Class: 8K(128K)->8K(128K)
[1.500s][info][gc          ] GC(11) Pause Young (Normal) (G1 Evacuation Pause) 44M->19M(64M) 4.733ms
[1.500s][info][gc,cpu      ] GC(11) User=0.00s Sys=0.00s Real=0.00s
[1.597s][info][gc,start    ] GC(12) Pause Young (Normal) (G1 Evacuation Pause)
[1.597s][info][gc,task     ] GC(12) Using 4 workers of 8 for evacuation
[1.602s][info][gc,phases   ] GC(12)   Pre Evacuate Collection Set: 0.2ms
[1.602s][info][gc,phases   ] GC(12)   Merge Heap Roots: 0.2ms
[1.602s][info][gc,phases   ] GC(12)   Evacuate Collection Set: 3.6ms
[1.602s][info][gc,phases   ] GC(12)   Post Evacuate Collection Set: 0.8ms
[1.602s][info][gc,phases   ] GC(12)   Other: 0.4ms
[1.602s][info][gc,heap     ] GC(12) Eden regions: 28->0(28)
[1.602s][info][gc,heap     ] GC(12) Survivor regions: 4->4(4)
[1.602s][info][gc,heap     ] GC(12) Old regions: 16->20
[1.602s][info][gc,heap     ] GC(12) Archive regions: 0->0
[1.602s][info][gc,heap     ] GC(12) Humongous regions: 0->0
[1.602s][info][gc,metaspace] GC(12) Metaspace: 157K(384K)->157K(384K) NonClass: 149K(256K)->149K(256K) Class: 8K(128K)->8K(128K)
[1.602s][info][gc          ] GC(12) Pause Young (Normal) (G1 Evacuation Pause) 47M->23M(64M) 5.654ms
[1.603s][info][gc,cpu      ] GC(12) User=0.00s Sys=0.00s Real=0.01s
[1.745s][info][gc,start    ] GC(13) Pause Young (Normal) (G1 Evacuation Pause)
[1.745s][info][gc,task     ] GC(13) Using 4 workers of 8 for evacuation
[1.747s][info][gc,phases   ] GC(13)   Pre Evacuate Collection Set: 0.2ms
[1.747s][info][gc,phases   ] GC(13)   Merge Heap Roots: 0.2ms
[1.747s][info][gc,phases   ] GC(13)   Evacuate Collection Set: 0.6ms
[1.747s][info][gc,phases   ] GC(13)   Post Evacuate Collection Set: 0.8ms
[1.747s][info][gc,phases   ] GC(13)   Other: 0.3ms
[1.747s][info][gc,heap     ] GC(13) Eden regions: 28->0(29)
[1.747s][info][gc,heap     ] GC(13) Survivor regions: 4->3(4)
[1.747s][info][gc,heap     ] GC(13) Old regions: 20->20
[1.747s][info][gc,heap     ] GC(13) Archive regions: 0->0
[1.747s][info][gc,heap     ] GC(13) Humongous regions: 0->0
[1.747s][info][gc,metaspace] GC(13) Metaspace: 157K(384K)->157K(384K) NonClass: 149K(256K)->149K(256K) Class: 8K(128K)->8K(128K)
[1.747s][info][gc          ] GC(13) Pause Young (Normal) (G1 Evacuation Pause) 51M->22M(64M) 2.621ms
[1.747s][info][gc,cpu      ] GC(13) User=0.00s Sys=0.00s Real=0.00s
[1.846s][info][gc,start    ] GC(14) Pause Young (Normal) (G1 Evacuation Pause)
[1.846s][info][gc,task     ] GC(14) Using 4 workers of 8 for evacuation
[1.849s][info][gc,phases   ] GC(14)   Pre Evacuate Collection Set: 0.2ms
[1.849s][info][gc,phases   ] GC(14)   Merge Heap Roots: 0.2ms
[1.849s][info][gc,phases   ] GC(14)   Evacuate Collection Set: 2.0ms
[1.849s][info][gc,phases   ] GC(14)   Post Evacuate Collection Set: 0.6ms
[1.849s][info][gc,phases   ] GC(14)   Other: 0.5ms
[1.850s][info][gc,heap     ] GC(14) Eden regions: 29->0(28)
[1.850s][info][gc,heap     ] GC(14) Survivor regions: 3->4(4)
[1.850s][info][gc,heap     ] GC(14) Old regions: 20->22
[1.850s][info][gc,heap     ] GC(14) Archive regions: 0->0
[1.850s][info][gc,heap     ] GC(14) Humongous regions: 0->0
[1.850s][info][gc,metaspace] GC(14) Metaspace: 157K(384K)->157K(384K) NonClass: 149K(256K)->149K(256K) Class: 8K(128K)->8K(128K)
[1.850s][info][gc          ] GC(14) Pause Young (Normal) (G1 Evacuation Pause) 51M->25M(64M) 4.035ms
[1.850s][info][gc,cpu      ] GC(14) User=0.00s Sys=0.00s Real=0.00s
[1.993s][info][gc,start    ] GC(15) Pause Young (Normal) (G1 Evacuation Pause)
[1.993s][info][gc,task     ] GC(15) Using 4 workers of 8 for evacuation
[1.994s][info][gc,phases   ] GC(15)   Pre Evacuate Collection Set: 0.1ms
[1.994s][info][gc,phases   ] GC(15)   Merge Heap Roots: 0.2ms
[1.994s][info][gc,phases   ] GC(15)   Evacuate Collection Set: 0.3ms
[1.995s][info][gc,phases   ] GC(15)   Post Evacuate Collection Set: 0.6ms
[1.995s][info][gc,phases   ] GC(15)   Other: 0.2ms
[1.995s][info][gc,heap     ] GC(15) Eden regions: 28->0(31)
[1.995s][info][gc,heap     ] GC(15) Survivor regions: 4->1(4)
[1.995s][info][gc,heap     ] GC(15) Old regions: 22->22
[1.995s][info][gc,heap     ] GC(15) Archive regions: 0->0
[1.995s][info][gc,heap     ] GC(15) Humongous regions: 0->0
[1.995s][info][gc,metaspace] GC(15) Metaspace: 157K(384K)->157K(384K) NonClass: 149K(256K)->149K(256K) Class: 8K(128K)->8K(128K)
[1.995s][info][gc          ] GC(15) Pause Young (Normal) (G1 Evacuation Pause) 53M->21M(64M) 1.593ms
[1.995s][info][gc,cpu      ] GC(15) User=0.02s Sys=0.00s Real=0.00s
[2.093s][info][gc,start    ] GC(16) Pause Young (Normal) (G1 Evacuation Pause)
[2.093s][info][gc,task     ] GC(16) Using 4 workers of 8 for evacuation
[2.097s][info][gc,phases   ] GC(16)   Pre Evacuate Collection Set: 0.2ms
[2.097s][info][gc,phases   ] GC(16)   Merge Heap Roots: 0.2ms
[2.097s][info][gc,phases   ] GC(16)   Evacuate Collection Set: 2.7ms
[2.097s][info][gc,phases   ] GC(16)   Post Evacuate Collection Set: 0.7ms
[2.097s][info][gc,phases   ] GC(16)   Other: 0.3ms
[2.097s][info][gc,heap     ] GC(16) Eden regions: 31->0(28)
[2.097s][info][gc,heap     ] GC(16) Survivor regions: 1->4(4)
[2.097s][info][gc,heap     ] GC(16) Old regions: 22->24
[2.097s][info][gc,heap     ] GC(16) Archive regions: 0->0
[2.097s][info][gc,heap     ] GC(16) Humongous regions: 0->0
[2.097s][info][gc,metaspace] GC(16) Metaspace: 157K(384K)->157K(384K) NonClass: 149K(256K)->149K(256K) Class: 8K(128K)->8K(128K)
[2.097s][info][gc          ] GC(16) Pause Young (Normal) (G1 Evacuation Pause) 52M->27M(64M) 4.681ms
[2.097s][info][gc,cpu      ] GC(16) User=0.00s Sys=0.00s Real=0.00s
[2.202s][info][gc,start    ] GC(17) Pause Young (Normal) (G1 Evacuation Pause)
[2.202s][info][gc,task     ] GC(17) Using 4 workers of 8 for evacuation
[2.204s][info][gc,phases   ] GC(17)   Pre Evacuate Collection Set: 0.2ms
[2.204s][info][gc,phases   ] GC(17)   Merge Heap Roots: 0.2ms
[2.204s][info][gc,phases   ] GC(17)   Evacuate Collection Set: 0.3ms
[2.204s][info][gc,phases   ] GC(17)   Post Evacuate Collection Set: 0.9ms
[2.204s][info][gc,phases   ] GC(17)   Other: 0.3ms
[2.204s][info][gc,heap     ] GC(17) Eden regions: 28->0(31)
[2.204s][info][gc,heap     ] GC(17) Survivor regions: 4->1(4)
[2.204s][info][gc,heap     ] GC(17) Old regions: 24->24
[2.204s][info][gc,heap     ] GC(17) Archive regions: 0->0
[2.204s][info][gc,heap     ] GC(17) Humongous regions: 0->0
[2.205s][info][gc,metaspace] GC(17) Metaspace: 157K(384K)->157K(384K) NonClass: 149K(256K)->149K(256K) Class: 8K(128K)->8K(128K)
[2.205s][info][gc          ] GC(17) Pause Young (Normal) (G1 Evacuation Pause) 55M->24M(64M) 2.374ms
[2.205s][info][gc,cpu      ] GC(17) User=0.00s Sys=0.00s Real=0.00s
[2.295s][info][gc,start    ] GC(18) Pause Young (Normal) (G1 Evacuation Pause)
[2.295s][info][gc,task     ] GC(18) Using 4 workers of 8 for evacuation
[2.299s][info][gc,phases   ] GC(18)   Pre Evacuate Collection Set: 0.2ms
[2.299s][info][gc,phases   ] GC(18)   Merge Heap Roots: 0.2ms
[2.299s][info][gc,phases   ] GC(18)   Evacuate Collection Set: 2.6ms
[2.299s][info][gc,phases   ] GC(18)   Post Evacuate Collection Set: 0.8ms
[2.299s][info][gc,phases   ] GC(18)   Other: 0.4ms
[2.299s][info][gc,heap     ] GC(18) Eden regions: 31->0(28)
[2.299s][info][gc,heap     ] GC(18) Survivor regions: 1->4(4)
[2.299s][info][gc,heap     ] GC(18) Old regions: 24->27
[2.299s][info][gc,heap     ] GC(18) Archive regions: 0->0
[2.300s][info][gc,heap     ] GC(18) Humongous regions: 0->0
[2.300s][info][gc,metaspace] GC(18) Metaspace: 157K(384K)->157K(384K) NonClass: 149K(256K)->149K(256K) Class: 8K(128K)->8K(128K)
[2.300s][info][gc          ] GC(18) Pause Young (Normal) (G1 Evacuation Pause) 54M->30M(64M) 4.691ms
[2.300s][info][gc,cpu      ] GC(18) User=0.00s Sys=0.00s Real=0.00s
[2.394s][info][gc,start    ] GC(19) Pause Young (Normal) (G1 Preventive Collection)
[2.394s][info][gc,task     ] GC(19) Using 4 workers of 8 for evacuation
[2.397s][info][gc,phases   ] GC(19)   Pre Evacuate Collection Set: 0.2ms
[2.397s][info][gc,phases   ] GC(19)   Merge Heap Roots: 0.2ms
[2.397s][info][gc,phases   ] GC(19)   Evacuate Collection Set: 1.9ms
[2.397s][info][gc,phases   ] GC(19)   Post Evacuate Collection Set: 0.6ms
[2.397s][info][gc,phases   ] GC(19)   Other: 0.4ms
[2.398s][info][gc,heap     ] GC(19) Eden regions: 26->0(28)
[2.398s][info][gc,heap     ] GC(19) Survivor regions: 4->4(4)
[2.398s][info][gc,heap     ] GC(19) Old regions: 27->29
[2.398s][info][gc,heap     ] GC(19) Archive regions: 0->0
[2.398s][info][gc,heap     ] GC(19) Humongous regions: 0->0
[2.398s][info][gc,metaspace] GC(19) Metaspace: 158K(384K)->158K(384K) NonClass: 149K(256K)->149K(256K) Class: 8K(128K)->8K(128K)
[2.398s][info][gc          ] GC(19) Pause Young (Normal) (G1 Preventive Collection) 56M->32M(64M) 3.869ms
[2.398s][info][gc,cpu      ] GC(19) User=0.00s Sys=0.00s Real=0.00s
[2.503s][info][gc,start    ] GC(20) Pause Young (Concurrent Start) (G1 Preventive Collection)
[2.503s][info][gc,task     ] GC(20) Using 4 workers of 8 for evacuation
[2.506s][info][gc,phases   ] GC(20)   Pre Evacuate Collection Set: 0.2ms
[2.506s][info][gc,phases   ] GC(20)   Merge Heap Roots: 0.2ms
[2.506s][info][gc,phases   ] GC(20)   Evacuate Collection Set: 1.7ms
[2.506s][info][gc,phases   ] GC(20)   Post Evacuate Collection Set: 0.8ms
[2.506s][info][gc,phases   ] GC(20)   Other: 0.5ms
[2.507s][info][gc,heap     ] GC(20) Eden regions: 24->0(28)
[2.507s][info][gc,heap     ] GC(20) Survivor regions: 4->4(4)
[2.507s][info][gc,heap     ] GC(20) Old regions: 29->30
[2.507s][info][gc,heap     ] GC(20) Archive regions: 0->0
[2.507s][info][gc,heap     ] GC(20) Humongous regions: 0->0
[2.507s][info][gc,metaspace] GC(20) Metaspace: 158K(384K)->158K(384K) NonClass: 149K(256K)->149K(256K) Class: 8K(128K)->8K(128K)
[2.507s][info][gc          ] GC(20) Pause Young (Concurrent Start) (G1 Preventive Collection) 56M->33M(64M) 4.032ms
[2.507s][info][gc,cpu      ] GC(20) User=0.00s Sys=0.00s Real=0.00s
[2.507s][info][gc          ] GC(21) Concurrent Mark Cycle
[2.507s][info][gc,marking  ] GC(21) Concurrent Clear Claimed Marks
[2.507s][info][gc,marking  ] GC(21) Concurrent Clear Claimed Marks 0.039ms
[2.507s][info][gc,marking  ] GC(21) Concurrent Scan Root Regions
[2.508s][info][gc,marking  ] GC(21) Concurrent Scan Root Regions 0.433ms
[2.508s][info][gc,marking  ] GC(21) Concurrent Mark
[2.508s][info][gc,marking  ] GC(21) Concurrent Mark From Roots
[2.508s][info][gc,task     ] GC(21) Using 2 workers of 2 for marking
[2.510s][info][gc,marking  ] GC(21) Concurrent Mark From Roots 1.923ms
[2.510s][info][gc,marking  ] GC(21) Concurrent Preclean
[2.510s][info][gc,marking  ] GC(21) Concurrent Preclean 0.162ms
[2.510s][info][gc,start    ] GC(21) Pause Remark
[2.512s][info][gc          ] GC(21) Pause Remark 36M->19M(64M) 1.220ms
[2.512s][info][gc,cpu      ] GC(21) User=0.00s Sys=0.00s Real=0.00s
[2.512s][info][gc,marking  ] GC(21) Concurrent Mark 4.013ms
[2.512s][info][gc,marking  ] GC(21) Concurrent Rebuild Remembered Sets
[2.513s][info][gc,marking  ] GC(21) Concurrent Rebuild Remembered Sets 0.989ms
[2.513s][info][gc,start    ] GC(21) Pause Cleanup
[2.513s][info][gc          ] GC(21) Pause Cleanup 19M->19M(64M) 0.212ms
[2.514s][info][gc,cpu      ] GC(21) User=0.00s Sys=0.00s Real=0.00s
[2.514s][info][gc,marking  ] GC(21) Concurrent Cleanup for Next Mark
[2.515s][info][gc,marking  ] GC(21) Concurrent Cleanup for Next Mark 1.319ms
[2.515s][info][gc          ] GC(21) Concurrent Mark Cycle 8.027ms
[2.596s][info][gc,start    ] GC(22) Pause Young (Prepare Mixed) (G1 Evacuation Pause)
[2.596s][info][gc,task     ] GC(22) Using 4 workers of 8 for evacuation
[2.598s][info][gc,phases   ] GC(22)   Pre Evacuate Collection Set: 0.2ms
[2.598s][info][gc,phases   ] GC(22)   Merge Heap Roots: 0.1ms
[2.598s][info][gc,phases   ] GC(22)   Evacuate Collection Set: 1.5ms
[2.599s][info][gc,phases   ] GC(22)   Post Evacuate Collection Set: 0.7ms
[2.599s][info][gc,phases   ] GC(22)   Other: 0.3ms
[2.599s][info][gc,heap     ] GC(22) Eden regions: 28->0(28)
[2.599s][info][gc,heap     ] GC(22) Survivor regions: 4->4(4)
[2.599s][info][gc,heap     ] GC(22) Old regions: 13->17
[2.599s][info][gc,heap     ] GC(22) Archive regions: 0->0
[2.599s][info][gc,heap     ] GC(22) Humongous regions: 0->0
[2.599s][info][gc,metaspace] GC(22) Metaspace: 158K(384K)->158K(384K) NonClass: 149K(256K)->149K(256K) Class: 8K(128K)->8K(128K)
[2.599s][info][gc          ] GC(22) Pause Young (Prepare Mixed) (G1 Evacuation Pause) 44M->20M(64M) 3.530ms
[2.599s][info][gc,cpu      ] GC(22) User=0.00s Sys=0.00s Real=0.00s
[2.745s][info][gc,start    ] GC(23) Pause Young (Mixed) (G1 Evacuation Pause)
[2.745s][info][gc,task     ] GC(23) Using 4 workers of 8 for evacuation
[2.747s][info][gc,phases   ] GC(23)   Pre Evacuate Collection Set: 0.2ms
[2.747s][info][gc,phases   ] GC(23)   Merge Heap Roots: 0.2ms
[2.747s][info][gc,phases   ] GC(23)   Evacuate Collection Set: 0.4ms
[2.747s][info][gc,phases   ] GC(23)   Post Evacuate Collection Set: 0.9ms
[2.747s][info][gc,phases   ] GC(23)   Other: 0.3ms
[2.747s][info][gc,heap     ] GC(23) Eden regions: 28->0(30)
[2.747s][info][gc,heap     ] GC(23) Survivor regions: 4->2(4)
[2.747s][info][gc,heap     ] GC(23) Old regions: 17->16
[2.747s][info][gc,heap     ] GC(23) Archive regions: 0->0
[2.747s][info][gc,heap     ] GC(23) Humongous regions: 0->0
[2.747s][info][gc,metaspace] GC(23) Metaspace: 158K(384K)->158K(384K) NonClass: 149K(256K)->149K(256K) Class: 8K(128K)->8K(128K)
[2.747s][info][gc          ] GC(23) Pause Young (Mixed) (G1 Evacuation Pause) 48M->16M(64M) 2.381ms
[2.747s][info][gc,cpu      ] GC(23) User=0.00s Sys=0.00s Real=0.00s
[2.846s][info][gc,start    ] GC(24) Pause Young (Mixed) (G1 Evacuation Pause)
[2.846s][info][gc,task     ] GC(24) Using 4 workers of 8 for evacuation
[2.849s][info][gc,phases   ] GC(24)   Pre Evacuate Collection Set: 0.1ms
[2.849s][info][gc,phases   ] GC(24)   Merge Heap Roots: 0.1ms
[2.849s][info][gc,phases   ] GC(24)   Evacuate Collection Set: 1.4ms
[2.849s][info][gc,phases   ] GC(24)   Post Evacuate Collection Set: 0.7ms
[2.849s][info][gc,phases   ] GC(24)   Other: 0.4ms
[2.849s][info][gc,heap     ] GC(24) Eden regions: 30->0(28)
[2.849s][info][gc,heap     ] GC(24) Survivor regions: 2->4(4)
[2.849s][info][gc,heap     ] GC(24) Old regions: 16->18
[2.849s][info][gc,heap     ] GC(24) Archive regions: 0->0
[2.849s][info][gc,heap     ] GC(24) Humongous regions: 0->0
[2.849s][info][gc,metaspace] GC(24) Metaspace: 160K(384K)->160K(384K) NonClass: 151K(256K)->151K(256K) Class: 8K(128K)->8K(128K)
[2.850s][info][gc          ] GC(24) Pause Young (Mixed) (G1 Evacuation Pause) 46M->21M(64M) 3.341ms
[2.850s][info][gc,cpu      ] GC(24) User=0.00s Sys=0.00s Real=0.00s
[2.993s][info][gc,start    ] GC(25) Pause Young (Mixed) (G1 Evacuation Pause)
[2.993s][info][gc,task     ] GC(25) Using 4 workers of 8 for evacuation
[2.995s][info][gc,phases   ] GC(25)   Pre Evacuate Collection Set: 0.2ms
[2.995s][info][gc,phases   ] GC(25)   Merge Heap Roots: 0.2ms
[2.995s][info][gc,phases   ] GC(25)   Evacuate Collection Set: 0.4ms
[2.995s][info][gc,phases   ] GC(25)   Post Evacuate Collection Set: 0.8ms
[2.995s][info][gc,phases   ] GC(25)   Other: 0.4ms
[2.995s][info][gc,heap     ] GC(25) Eden regions: 28->0(31)
[2.995s][info][gc,heap     ] GC(25) Survivor regions: 4->1(4)
[2.995s][info][gc,heap     ] GC(25) Old regions: 18->17
[2.995s][info][gc,heap     ] GC(25) Archive regions: 0->0
[2.995s][info][gc,heap     ] GC(25) Humongous regions: 0->0
[2.995s][info][gc,metaspace] GC(25) Metaspace: 160K(384K)->160K(384K) NonClass: 151K(256K)->151K(256K) Class: 8K(128K)->8K(128K)
[2.995s][info][gc          ] GC(25) Pause Young (Mixed) (G1 Evacuation Pause) 49M->16M(64M) 2.547ms
[2.995s][info][gc,cpu      ] GC(25) User=0.06s Sys=0.00s Real=0.00s
[3.095s][info][gc,start    ] GC(26) Pause Young (Mixed) (G1 Evacuation Pause)
[3.095s][info][gc,task     ] GC(26) Using 4 workers of 8 for evacuation
[3.097s][info][gc,phases   ] GC(26)   Pre Evacuate Collection Set: 0.2ms
[3.097s][info][gc,phases   ] GC(26)   Merge Heap Roots: 0.2ms
[3.097s][info][gc,phases   ] GC(26)   Evacuate Collection Set: 1.3ms
[3.098s][info][gc,phases   ] GC(26)   Post Evacuate Collection Set: 0.8ms
[3.098s][info][gc,phases   ] GC(26)   Other: 0.4ms
[3.098s][info][gc,heap     ] GC(26) Eden regions: 31->0(28)
[3.098s][info][gc,heap     ] GC(26) Survivor regions: 1->4(4)
[3.098s][info][gc,heap     ] GC(26) Old regions: 17->19
[3.098s][info][gc,heap     ] GC(26) Archive regions: 0->0
[3.098s][info][gc,heap     ] GC(26) Humongous regions: 0->0
[3.098s][info][gc,metaspace] GC(26) Metaspace: 160K(384K)->160K(384K) NonClass: 151K(256K)->151K(256K) Class: 8K(128K)->8K(128K)
[3.098s][info][gc          ] GC(26) Pause Young (Mixed) (G1 Evacuation Pause) 47M->22M(64M) 3.339ms
[3.098s][info][gc,cpu      ] GC(26) User=0.00s Sys=0.00s Real=0.00s
[3.195s][info][gc,start    ] GC(27) Pause Young (Mixed) (G1 Evacuation Pause)
[3.195s][info][gc,task     ] GC(27) Using 4 workers of 8 for evacuation
[3.197s][info][gc,phases   ] GC(27)   Pre Evacuate Collection Set: 0.1ms
[3.198s][info][gc,phases   ] GC(27)   Merge Heap Roots: 0.2ms
[3.198s][info][gc,phases   ] GC(27)   Evacuate Collection Set: 1.5ms
[3.198s][info][gc,phases   ] GC(27)   Post Evacuate Collection Set: 0.8ms
[3.198s][info][gc,phases   ] GC(27)   Other: 0.3ms
[3.198s][info][gc,heap     ] GC(27) Eden regions: 28->0(28)
[3.198s][info][gc,heap     ] GC(27) Survivor regions: 4->4(4)
[3.198s][info][gc,heap     ] GC(27) Old regions: 19->22
[3.198s][info][gc,heap     ] GC(27) Archive regions: 0->0
[3.198s][info][gc,heap     ] GC(27) Humongous regions: 0->0
[3.198s][info][gc,metaspace] GC(27) Metaspace: 160K(384K)->160K(384K) NonClass: 151K(256K)->151K(256K) Class: 8K(128K)->8K(128K)
[3.198s][info][gc          ] GC(27) Pause Young (Mixed) (G1 Evacuation Pause) 50M->25M(64M) 3.508ms
[3.198s][info][gc,cpu      ] GC(27) User=0.02s Sys=0.00s Real=0.00s
[3.302s][info][gc,start    ] GC(28) Pause Young (Mixed) (G1 Evacuation Pause)
[3.302s][info][gc,task     ] GC(28) Using 4 workers of 8 for evacuation
[3.304s][info][gc,phases   ] GC(28)   Pre Evacuate Collection Set: 0.2ms
[3.304s][info][gc,phases   ] GC(28)   Merge Heap Roots: 0.2ms
[3.304s][info][gc,phases   ] GC(28)   Evacuate Collection Set: 0.7ms
[3.304s][info][gc,phases   ] GC(28)   Post Evacuate Collection Set: 0.8ms
[3.304s][info][gc,phases   ] GC(28)   Other: 0.4ms
[3.304s][info][gc,heap     ] GC(28) Eden regions: 28->0(29)
[3.304s][info][gc,heap     ] GC(28) Survivor regions: 4->3(4)
[3.304s][info][gc,heap     ] GC(28) Old regions: 22->21
[3.304s][info][gc,heap     ] GC(28) Archive regions: 0->0
[3.304s][info][gc,heap     ] GC(28) Humongous regions: 0->0
[3.305s][info][gc,metaspace] GC(28) Metaspace: 160K(384K)->160K(384K) NonClass: 151K(256K)->151K(256K) Class: 8K(128K)->8K(128K)
[3.305s][info][gc          ] GC(28) Pause Young (Mixed) (G1 Evacuation Pause) 53M->22M(64M) 2.880ms
[3.305s][info][gc,cpu      ] GC(28) User=0.00s Sys=0.00s Real=0.00s
[3.404s][info][gc,start    ] GC(29) Pause Young (Mixed) (G1 Evacuation Pause)
[3.404s][info][gc,task     ] GC(29) Using 4 workers of 8 for evacuation
[3.407s][info][gc,phases   ] GC(29)   Pre Evacuate Collection Set: 0.2ms
[3.407s][info][gc,phases   ] GC(29)   Merge Heap Roots: 0.2ms
[3.407s][info][gc,phases   ] GC(29)   Evacuate Collection Set: 1.1ms
[3.407s][info][gc,phases   ] GC(29)   Post Evacuate Collection Set: 0.9ms
[3.407s][info][gc,phases   ] GC(29)   Other: 0.4ms
[3.407s][info][gc,heap     ] GC(29) Eden regions: 29->0(28)
[3.407s][info][gc,heap     ] GC(29) Survivor regions: 3->4(4)
[3.407s][info][gc,heap     ] GC(29) Old regions: 21->22
[3.407s][info][gc,heap     ] GC(29) Archive regions: 0->0
[3.407s][info][gc,heap     ] GC(29) Humongous regions: 0->0
[3.407s][info][gc,metaspace] GC(29) Metaspace: 160K(384K)->160K(384K) NonClass: 151K(256K)->151K(256K) Class: 8K(128K)->8K(128K)
[3.407s][info][gc          ] GC(29) Pause Young (Mixed) (G1 Evacuation Pause) 51M->25M(64M) 3.195ms
[3.408s][info][gc,cpu      ] GC(29) User=0.00s Sys=0.00s Real=0.00s
[3.542s][info][gc,start    ] GC(30) Pause Young (Mixed) (G1 Evacuation Pause)
[3.542s][info][gc,task     ] GC(30) Using 4 workers of 8 for evacuation
[3.544s][info][gc,phases   ] GC(30)   Pre Evacuate Collection Set: 0.2ms
[3.544s][info][gc,phases   ] GC(30)   Merge Heap Roots: 0.2ms
[3.544s][info][gc,phases   ] GC(30)   Evacuate Collection Set: 0.4ms
[3.544s][info][gc,phases   ] GC(30)   Post Evacuate Collection Set: 0.9ms
[3.544s][info][gc,phases   ] GC(30)   Other: 0.3ms
[3.544s][info][gc,heap     ] GC(30) Eden regions: 28->0(30)
[3.544s][info][gc,heap     ] GC(30) Survivor regions: 4->2(4)
[3.544s][info][gc,heap     ] GC(30) Old regions: 22->21
[3.544s][info][gc,heap     ] GC(30) Archive regions: 0->0
[3.544s][info][gc,heap     ] GC(30) Humongous regions: 0->0
[3.545s][info][gc,metaspace] GC(30) Metaspace: 160K(384K)->160K(384K) NonClass: 152K(256K)->152K(256K) Class: 8K(128K)->8K(128K)
[3.545s][info][gc          ] GC(30) Pause Young (Mixed) (G1 Evacuation Pause) 53M->21M(64M) 2.550ms
[3.545s][info][gc,cpu      ] GC(30) User=0.00s Sys=0.00s Real=0.00s
[3.645s][info][gc,start    ] GC(31) Pause Young (Normal) (G1 Evacuation Pause)
[3.646s][info][gc,task     ] GC(31) Using 4 workers of 8 for evacuation
[3.648s][info][gc,phases   ] GC(31)   Pre Evacuate Collection Set: 0.2ms
[3.648s][info][gc,phases   ] GC(31)   Merge Heap Roots: 0.2ms
[3.648s][info][gc,phases   ] GC(31)   Evacuate Collection Set: 0.8ms
[3.648s][info][gc,phases   ] GC(31)   Post Evacuate Collection Set: 0.8ms
[3.648s][info][gc,phases   ] GC(31)   Other: 0.3ms
[3.648s][info][gc,heap     ] GC(31) Eden regions: 30->0(28)
[3.648s][info][gc,heap     ] GC(31) Survivor regions: 2->4(4)
[3.648s][info][gc,heap     ] GC(31) Old regions: 21->21
[3.648s][info][gc,heap     ] GC(31) Archive regions: 0->0
[3.648s][info][gc,heap     ] GC(31) Humongous regions: 0->0
[3.648s][info][gc,metaspace] GC(31) Metaspace: 160K(384K)->160K(384K) NonClass: 152K(256K)->152K(256K) Class: 8K(128K)->8K(128K)
[3.648s][info][gc          ] GC(31) Pause Young (Normal) (G1 Evacuation Pause) 51M->24M(64M) 2.693ms
[3.648s][info][gc,cpu      ] GC(31) User=0.00s Sys=0.00s Real=0.00s
[3.744s][info][gc,start    ] GC(32) Pause Young (Normal) (G1 Evacuation Pause)
[3.744s][info][gc,task     ] GC(32) Using 4 workers of 8 for evacuation
[3.747s][info][gc,phases   ] GC(32)   Pre Evacuate Collection Set: 0.1ms
[3.747s][info][gc,phases   ] GC(32)   Merge Heap Roots: 0.1ms
[3.748s][info][gc,phases   ] GC(32)   Evacuate Collection Set: 1.6ms
[3.748s][info][gc,phases   ] GC(32)   Post Evacuate Collection Set: 0.9ms
[3.748s][info][gc,phases   ] GC(32)   Other: 0.4ms
[3.748s][info][gc,heap     ] GC(32) Eden regions: 28->0(28)
[3.748s][info][gc,heap     ] GC(32) Survivor regions: 4->4(4)
[3.748s][info][gc,heap     ] GC(32) Old regions: 21->25
[3.748s][info][gc,heap     ] GC(32) Archive regions: 0->0
[3.748s][info][gc,heap     ] GC(32) Humongous regions: 0->0
[3.748s][info][gc,metaspace] GC(32) Metaspace: 160K(384K)->160K(384K) NonClass: 152K(256K)->152K(256K) Class: 8K(128K)->8K(128K)
[3.748s][info][gc          ] GC(32) Pause Young (Normal) (G1 Evacuation Pause) 52M->28M(64M) 3.627ms
[3.748s][info][gc,cpu      ] GC(32) User=0.00s Sys=0.00s Real=0.00s
[3.893s][info][gc,start    ] GC(33) Pause Young (Normal) (G1 Preventive Collection)
[3.893s][info][gc,task     ] GC(33) Using 4 workers of 8 for evacuation
[3.894s][info][gc,phases   ] GC(33)   Pre Evacuate Collection Set: 0.2ms
[3.895s][info][gc,phases   ] GC(33)   Merge Heap Roots: 0.2ms
[3.895s][info][gc,phases   ] GC(33)   Evacuate Collection Set: 0.3ms
[3.895s][info][gc,phases   ] GC(33)   Post Evacuate Collection Set: 0.7ms
[3.895s][info][gc,phases   ] GC(33)   Other: 0.3ms
[3.895s][info][gc,heap     ] GC(33) Eden regions: 27->0(31)
[3.895s][info][gc,heap     ] GC(33) Survivor regions: 4->1(4)
[3.895s][info][gc,heap     ] GC(33) Old regions: 25->25
[3.895s][info][gc,heap     ] GC(33) Archive regions: 0->0
[3.895s][info][gc,heap     ] GC(33) Humongous regions: 0->0
[3.895s][info][gc,metaspace] GC(33) Metaspace: 160K(384K)->160K(384K) NonClass: 152K(256K)->152K(256K) Class: 8K(128K)->8K(128K)
[3.895s][info][gc          ] GC(33) Pause Young (Normal) (G1 Preventive Collection) 55M->25M(64M) 2.194ms
[3.895s][info][gc,cpu      ] GC(33) User=0.00s Sys=0.00s Real=0.00s
[3.994s][info][gc,start    ] GC(34) Pause Young (Normal) (G1 Preventive Collection)
[3.994s][info][gc,task     ] GC(34) Using 4 workers of 8 for evacuation
[3.996s][info][gc,phases   ] GC(34)   Pre Evacuate Collection Set: 0.2ms
[3.996s][info][gc,phases   ] GC(34)   Merge Heap Roots: 0.2ms
[3.996s][info][gc,phases   ] GC(34)   Evacuate Collection Set: 1.1ms
[3.997s][info][gc,phases   ] GC(34)   Post Evacuate Collection Set: 0.8ms
[3.997s][info][gc,phases   ] GC(34)   Other: 0.4ms
[3.997s][info][gc,heap     ] GC(34) Eden regions: 31->0(28)
[3.997s][info][gc,heap     ] GC(34) Survivor regions: 1->4(4)
[3.997s][info][gc,heap     ] GC(34) Old regions: 25->28
[3.997s][info][gc,heap     ] GC(34) Archive regions: 0->0
[3.997s][info][gc,heap     ] GC(34) Humongous regions: 0->0
[3.997s][info][gc,metaspace] GC(34) Metaspace: 160K(384K)->160K(384K) NonClass: 152K(256K)->152K(256K) Class: 8K(128K)->8K(128K)
[3.997s][info][gc          ] GC(34) Pause Young (Normal) (G1 Preventive Collection) 56M->31M(64M) 3.132ms
[3.997s][info][gc,cpu      ] GC(34) User=0.00s Sys=0.00s Real=0.00s
[4.094s][info][gc,start    ] GC(35) Pause Young (Normal) (G1 Preventive Collection)
[4.094s][info][gc,task     ] GC(35) Using 4 workers of 8 for evacuation
[4.096s][info][gc,phases   ] GC(35)   Pre Evacuate Collection Set: 0.2ms
[4.096s][info][gc,phases   ] GC(35)   Merge Heap Roots: 0.1ms
[4.096s][info][gc,phases   ] GC(35)   Evacuate Collection Set: 1.1ms
[4.096s][info][gc,phases   ] GC(35)   Post Evacuate Collection Set: 0.6ms
[4.096s][info][gc,phases   ] GC(35)   Other: 0.3ms
[4.096s][info][gc,heap     ] GC(35) Eden regions: 25->0(28)
[4.096s][info][gc,heap     ] GC(35) Survivor regions: 4->4(4)
[4.096s][info][gc,heap     ] GC(35) Old regions: 28->30
[4.096s][info][gc,heap     ] GC(35) Archive regions: 0->0
[4.096s][info][gc,heap     ] GC(35) Humongous regions: 0->0
[4.096s][info][gc,metaspace] GC(35) Metaspace: 160K(384K)->160K(384K) NonClass: 152K(256K)->152K(256K) Class: 8K(128K)->8K(128K)
[4.096s][info][gc          ] GC(35) Pause Young (Normal) (G1 Preventive Collection) 56M->33M(64M) 2.759ms
[4.097s][info][gc,cpu      ] GC(35) User=0.00s Sys=0.00s Real=0.00s
[4.192s][info][gc,start    ] GC(36) Pause Young (Concurrent Start) (G1 Preventive Collection)
[4.192s][info][gc,task     ] GC(36) Using 4 workers of 8 for evacuation
[4.194s][info][gc,phases   ] GC(36)   Pre Evacuate Collection Set: 0.2ms
[4.194s][info][gc,phases   ] GC(36)   Merge Heap Roots: 0.2ms
[4.194s][info][gc,phases   ] GC(36)   Evacuate Collection Set: 0.5ms
[4.195s][info][gc,phases   ] GC(36)   Post Evacuate Collection Set: 0.8ms
[4.195s][info][gc,phases   ] GC(36)   Other: 0.4ms
[4.195s][info][gc,heap     ] GC(36) Eden regions: 22->0(29)
[4.195s][info][gc,heap     ] GC(36) Survivor regions: 4->3(4)
[4.195s][info][gc,heap     ] GC(36) Old regions: 30->30
[4.195s][info][gc,heap     ] GC(36) Archive regions: 0->0
[4.195s][info][gc,heap     ] GC(36) Humongous regions: 0->0
[4.195s][info][gc,metaspace] GC(36) Metaspace: 160K(384K)->160K(384K) NonClass: 152K(256K)->152K(256K) Class: 8K(128K)->8K(128K)
[4.195s][info][gc          ] GC(36) Pause Young (Concurrent Start) (G1 Preventive Collection) 55M->32M(64M) 2.587ms
[4.195s][info][gc,cpu      ] GC(36) User=0.00s Sys=0.00s Real=0.00s
[4.195s][info][gc          ] GC(37) Concurrent Mark Cycle
[4.195s][info][gc,marking  ] GC(37) Concurrent Clear Claimed Marks
[4.195s][info][gc,marking  ] GC(37) Concurrent Clear Claimed Marks 0.042ms
[4.195s][info][gc,marking  ] GC(37) Concurrent Scan Root Regions
[4.196s][info][gc,marking  ] GC(37) Concurrent Scan Root Regions 0.214ms
[4.196s][info][gc,marking  ] GC(37) Concurrent Mark
[4.196s][info][gc,marking  ] GC(37) Concurrent Mark From Roots
[4.196s][info][gc,task     ] GC(37) Using 2 workers of 2 for marking
[4.198s][info][gc,marking  ] GC(37) Concurrent Mark From Roots 1.968ms
[4.198s][info][gc,marking  ] GC(37) Concurrent Preclean
[4.198s][info][gc,marking  ] GC(37) Concurrent Preclean 0.224ms
[4.198s][info][gc,start    ] GC(37) Pause Remark
[4.200s][info][gc          ] GC(37) Pause Remark 45M->27M(64M) 1.332ms
[4.200s][info][gc,cpu      ] GC(37) User=0.00s Sys=0.00s Real=0.00s
[4.200s][info][gc,marking  ] GC(37) Concurrent Mark 4.337ms
[4.200s][info][gc,marking  ] GC(37) Concurrent Rebuild Remembered Sets
[4.202s][info][gc,marking  ] GC(37) Concurrent Rebuild Remembered Sets 1.455ms
[4.202s][info][gc,start    ] GC(37) Pause Cleanup
[4.202s][info][gc          ] GC(37) Pause Cleanup 28M->28M(64M) 0.337ms
[4.202s][info][gc,cpu      ] GC(37) User=0.00s Sys=0.00s Real=0.00s
[4.203s][info][gc,marking  ] GC(37) Concurrent Cleanup for Next Mark
[4.204s][info][gc,marking  ] GC(37) Concurrent Cleanup for Next Mark 1.010ms
[4.204s][info][gc          ] GC(37) Concurrent Mark Cycle 8.594ms
[4.292s][info][gc,start    ] GC(38) Pause Young (Prepare Mixed) (G1 Evacuation Pause)
[4.292s][info][gc,task     ] GC(38) Using 4 workers of 8 for evacuation
[4.295s][info][gc,phases   ] GC(38)   Pre Evacuate Collection Set: 0.2ms
[4.295s][info][gc,phases   ] GC(38)   Merge Heap Roots: 0.2ms
[4.295s][info][gc,phases   ] GC(38)   Evacuate Collection Set: 1.1ms
[4.295s][info][gc,phases   ] GC(38)   Post Evacuate Collection Set: 0.7ms
[4.295s][info][gc,phases   ] GC(38)   Other: 0.3ms
[4.295s][info][gc,heap     ] GC(38) Eden regions: 29->0(28)
[4.295s][info][gc,heap     ] GC(38) Survivor regions: 3->4(4)
[4.295s][info][gc,heap     ] GC(38) Old regions: 12->15
[4.295s][info][gc,heap     ] GC(38) Archive regions: 0->0
[4.295s][info][gc,heap     ] GC(38) Humongous regions: 0->0
[4.295s][info][gc,metaspace] GC(38) Metaspace: 160K(384K)->160K(384K) NonClass: 152K(256K)->152K(256K) Class: 8K(128K)->8K(128K)
[4.295s][info][gc          ] GC(38) Pause Young (Prepare Mixed) (G1 Evacuation Pause) 43M->18M(64M) 2.923ms
[4.295s][info][gc,cpu      ] GC(38) User=0.00s Sys=0.00s Real=0.00s
[4.393s][info][gc,start    ] GC(39) Pause Young (Mixed) (G1 Evacuation Pause)
[4.394s][info][gc,task     ] GC(39) Using 4 workers of 8 for evacuation
[4.395s][info][gc,phases   ] GC(39)   Pre Evacuate Collection Set: 0.2ms
[4.395s][info][gc,phases   ] GC(39)   Merge Heap Roots: 0.2ms
[4.395s][info][gc,phases   ] GC(39)   Evacuate Collection Set: 0.3ms
[4.395s][info][gc,phases   ] GC(39)   Post Evacuate Collection Set: 0.6ms
[4.395s][info][gc,phases   ] GC(39)   Other: 0.3ms
[4.395s][info][gc,heap     ] GC(39) Eden regions: 28->0(31)
[4.395s][info][gc,heap     ] GC(39) Survivor regions: 4->1(4)
[4.395s][info][gc,heap     ] GC(39) Old regions: 15->14
[4.395s][info][gc,heap     ] GC(39) Archive regions: 0->0
[4.395s][info][gc,heap     ] GC(39) Humongous regions: 0->0
[4.395s][info][gc,metaspace] GC(39) Metaspace: 161K(384K)->161K(384K) NonClass: 152K(256K)->152K(256K) Class: 8K(128K)->8K(128K)
[4.395s][info][gc          ] GC(39) Pause Young (Mixed) (G1 Evacuation Pause) 46M->13M(64M) 1.944ms
[4.395s][info][gc,cpu      ] GC(39) User=0.00s Sys=0.00s Real=0.00s
[4.494s][info][gc,start    ] GC(40) Pause Young (Mixed) (G1 Evacuation Pause)
[4.494s][info][gc,task     ] GC(40) Using 4 workers of 8 for evacuation
[4.497s][info][gc,phases   ] GC(40)   Pre Evacuate Collection Set: 0.2ms
[4.497s][info][gc,phases   ] GC(40)   Merge Heap Roots: 0.2ms
[4.497s][info][gc,phases   ] GC(40)   Evacuate Collection Set: 1.1ms
[4.497s][info][gc,phases   ] GC(40)   Post Evacuate Collection Set: 0.9ms
[4.497s][info][gc,phases   ] GC(40)   Other: 0.3ms
[4.497s][info][gc,heap     ] GC(40) Eden regions: 31->0(28)
[4.497s][info][gc,heap     ] GC(40) Survivor regions: 1->4(4)
[4.497s][info][gc,heap     ] GC(40) Old regions: 14->15
[4.497s][info][gc,heap     ] GC(40) Archive regions: 0->0
[4.497s][info][gc,heap     ] GC(40) Humongous regions: 0->0
[4.497s][info][gc,metaspace] GC(40) Metaspace: 161K(384K)->161K(384K) NonClass: 152K(256K)->152K(256K) Class: 8K(128K)->8K(128K)
[4.497s][info][gc          ] GC(40) Pause Young (Mixed) (G1 Evacuation Pause) 44M->18M(64M) 3.081ms
[4.497s][info][gc,cpu      ] GC(40) User=0.00s Sys=0.00s Real=0.00s
[4.597s][info][gc,start    ] GC(41) Pause Young (Mixed) (G1 Evacuation Pause)
[4.597s][info][gc,task     ] GC(41) Using 4 workers of 8 for evacuation
[4.598s][info][gc,phases   ] GC(41)   Pre Evacuate Collection Set: 0.2ms
[4.599s][info][gc,phases   ] GC(41)   Merge Heap Roots: 0.2ms
[4.599s][info][gc,phases   ] GC(41)   Evacuate Collection Set: 0.4ms
[4.599s][info][gc,phases   ] GC(41)   Post Evacuate Collection Set: 0.7ms
[4.599s][info][gc,phases   ] GC(41)   Other: 0.3ms
[4.599s][info][gc,heap     ] GC(41) Eden regions: 28->0(31)
[4.599s][info][gc,heap     ] GC(41) Survivor regions: 4->1(4)
[4.599s][info][gc,heap     ] GC(41) Old regions: 15->14
[4.599s][info][gc,heap     ] GC(41) Archive regions: 0->0
[4.599s][info][gc,heap     ] GC(41) Humongous regions: 0->0
[4.599s][info][gc,metaspace] GC(41) Metaspace: 161K(384K)->161K(384K) NonClass: 152K(256K)->152K(256K) Class: 8K(128K)->8K(128K)
[4.599s][info][gc          ] GC(41) Pause Young (Mixed) (G1 Evacuation Pause) 46M->14M(64M) 2.212ms
[4.599s][info][gc,cpu      ] GC(41) User=0.00s Sys=0.00s Real=0.00s
[4.745s][info][gc,start    ] GC(42) Pause Young (Mixed) (G1 Evacuation Pause)
[4.745s][info][gc,task     ] GC(42) Using 4 workers of 8 for evacuation
[4.748s][info][gc,phases   ] GC(42)   Pre Evacuate Collection Set: 0.2ms
[4.748s][info][gc,phases   ] GC(42)   Merge Heap Roots: 0.2ms
[4.748s][info][gc,phases   ] GC(42)   Evacuate Collection Set: 1.2ms
[4.748s][info][gc,phases   ] GC(42)   Post Evacuate Collection Set: 0.8ms
[4.748s][info][gc,phases   ] GC(42)   Other: 0.3ms
[4.748s][info][gc,heap     ] GC(42) Eden regions: 31->0(28)
[4.748s][info][gc,heap     ] GC(42) Survivor regions: 1->4(4)
[4.748s][info][gc,heap     ] GC(42) Old regions: 14->15
[4.748s][info][gc,heap     ] GC(42) Archive regions: 0->0
[4.748s][info][gc,heap     ] GC(42) Humongous regions: 0->0
[4.748s][info][gc,metaspace] GC(42) Metaspace: 161K(384K)->161K(384K) NonClass: 152K(256K)->152K(256K) Class: 8K(128K)->8K(128K)
[4.748s][info][gc          ] GC(42) Pause Young (Mixed) (G1 Evacuation Pause) 45M->18M(64M) 3.182ms
[4.748s][info][gc,cpu      ] GC(42) User=0.00s Sys=0.00s Real=0.00s
[4.845s][info][gc,start    ] GC(43) Pause Young (Mixed) (G1 Evacuation Pause)
[4.845s][info][gc,task     ] GC(43) Using 4 workers of 8 for evacuation
[4.847s][info][gc,phases   ] GC(43)   Pre Evacuate Collection Set: 0.2ms
[4.847s][info][gc,phases   ] GC(43)   Merge Heap Roots: 0.1ms
[4.847s][info][gc,phases   ] GC(43)   Evacuate Collection Set: 1.0ms
[4.847s][info][gc,phases   ] GC(43)   Post Evacuate Collection Set: 0.6ms
[4.847s][info][gc,phases   ] GC(43)   Other: 0.2ms
[4.847s][info][gc,heap     ] GC(43) Eden regions: 28->0(28)
[4.847s][info][gc,heap     ] GC(43) Survivor regions: 4->4(4)
[4.847s][info][gc,heap     ] GC(43) Old regions: 15->18
[4.847s][info][gc,heap     ] GC(43) Archive regions: 0->0
[4.847s][info][gc,heap     ] GC(43) Humongous regions: 0->0
[4.847s][info][gc,metaspace] GC(43) Metaspace: 161K(384K)->161K(384K) NonClass: 152K(256K)->152K(256K) Class: 8K(128K)->8K(128K)
[4.848s][info][gc          ] GC(43) Pause Young (Mixed) (G1 Evacuation Pause) 46M->21M(64M) 2.468ms
[4.848s][info][gc,cpu      ] GC(43) User=0.00s Sys=0.00s Real=0.00s
[4.994s][info][gc,start    ] GC(44) Pause Young (Mixed) (G1 Evacuation Pause)
[4.994s][info][gc,task     ] GC(44) Using 4 workers of 8 for evacuation
[4.995s][info][gc,phases   ] GC(44)   Pre Evacuate Collection Set: 0.2ms
[4.995s][info][gc,phases   ] GC(44)   Merge Heap Roots: 0.2ms
[4.995s][info][gc,phases   ] GC(44)   Evacuate Collection Set: 0.5ms
[4.996s][info][gc,phases   ] GC(44)   Post Evacuate Collection Set: 0.7ms
[4.996s][info][gc,phases   ] GC(44)   Other: 0.3ms
[4.996s][info][gc,heap     ] GC(44) Eden regions: 28->0(29)
[4.996s][info][gc,heap     ] GC(44) Survivor regions: 4->3(4)
[4.996s][info][gc,heap     ] GC(44) Old regions: 18->17
[4.996s][info][gc,heap     ] GC(44) Archive regions: 0->0
[4.996s][info][gc,heap     ] GC(44) Humongous regions: 0->0
[4.996s][info][gc,metaspace] GC(44) Metaspace: 161K(384K)->161K(384K) NonClass: 152K(256K)->152K(256K) Class: 8K(128K)->8K(128K)
[4.996s][info][gc          ] GC(44) Pause Young (Mixed) (G1 Evacuation Pause) 49M->19M(64M) 2.291ms
[4.996s][info][gc,cpu      ] GC(44) User=0.00s Sys=0.00s Real=0.00s
[5.094s][info][gc,start    ] GC(45) Pause Young (Mixed) (G1 Evacuation Pause)
[5.094s][info][gc,task     ] GC(45) Using 4 workers of 8 for evacuation
[5.096s][info][gc,phases   ] GC(45)   Pre Evacuate Collection Set: 0.2ms
[5.096s][info][gc,phases   ] GC(45)   Merge Heap Roots: 0.1ms
[5.096s][info][gc,phases   ] GC(45)   Evacuate Collection Set: 1.0ms
[5.096s][info][gc,phases   ] GC(45)   Post Evacuate Collection Set: 0.7ms
[5.097s][info][gc,phases   ] GC(45)   Other: 0.3ms
[5.097s][info][gc,heap     ] GC(45) Eden regions: 29->0(28)
[5.097s][info][gc,heap     ] GC(45) Survivor regions: 3->4(4)
[5.097s][info][gc,heap     ] GC(45) Old regions: 17->19
[5.097s][info][gc,heap     ] GC(45) Archive regions: 0->0
[5.097s][info][gc,heap     ] GC(45) Humongous regions: 0->0
[5.097s][info][gc,metaspace] GC(45) Metaspace: 161K(384K)->161K(384K) NonClass: 152K(256K)->152K(256K) Class: 8K(128K)->8K(128K)
[5.097s][info][gc          ] GC(45) Pause Young (Mixed) (G1 Evacuation Pause) 48M->22M(64M) 2.706ms
[5.097s][info][gc,cpu      ] GC(45) User=0.00s Sys=0.00s Real=0.00s
[5.203s][info][gc,start    ] GC(46) Pause Young (Mixed) (G1 Evacuation Pause)
[5.203s][info][gc,task     ] GC(46) Using 4 workers of 8 for evacuation
[5.205s][info][gc,phases   ] GC(46)   Pre Evacuate Collection Set: 0.2ms
[5.205s][info][gc,phases   ] GC(46)   Merge Heap Roots: 0.2ms
[5.205s][info][gc,phases   ] GC(46)   Evacuate Collection Set: 0.3ms
[5.205s][info][gc,phases   ] GC(46)   Post Evacuate Collection Set: 0.9ms
[5.205s][info][gc,phases   ] GC(46)   Other: 0.3ms
[5.205s][info][gc,heap     ] GC(46) Eden regions: 28->0(31)
[5.205s][info][gc,heap     ] GC(46) Survivor regions: 4->1(4)
[5.205s][info][gc,heap     ] GC(46) Old regions: 19->18
[5.205s][info][gc,heap     ] GC(46) Archive regions: 0->0
[5.205s][info][gc,heap     ] GC(46) Humongous regions: 0->0
[5.205s][info][gc,metaspace] GC(46) Metaspace: 161K(384K)->161K(384K) NonClass: 152K(256K)->152K(256K) Class: 8K(128K)->8K(128K)
[5.205s][info][gc          ] GC(46) Pause Young (Mixed) (G1 Evacuation Pause) 50M->17M(64M) 2.405ms
[5.205s][info][gc,cpu      ] GC(46) User=0.00s Sys=0.00s Real=0.00s
[5.295s][info][gc,start    ] GC(47) Pause Young (Normal) (G1 Evacuation Pause)
[5.295s][info][gc,task     ] GC(47) Using 4 workers of 8 for evacuation
[5.298s][info][gc,phases   ] GC(47)   Pre Evacuate Collection Set: 0.1ms
[5.298s][info][gc,phases   ] GC(47)   Merge Heap Roots: 0.1ms
[5.298s][info][gc,phases   ] GC(47)   Evacuate Collection Set: 1.5ms
[5.298s][info][gc,phases   ] GC(47)   Post Evacuate Collection Set: 0.8ms
[5.298s][info][gc,phases   ] GC(47)   Other: 0.4ms
[5.298s][info][gc,heap     ] GC(47) Eden regions: 31->0(28)
[5.299s][info][gc,heap     ] GC(47) Survivor regions: 1->4(4)
[5.299s][info][gc,heap     ] GC(47) Old regions: 18->21
[5.299s][info][gc,heap     ] GC(47) Archive regions: 0->0
[5.299s][info][gc,heap     ] GC(47) Humongous regions: 0->0
[5.299s][info][gc,metaspace] GC(47) Metaspace: 161K(384K)->161K(384K) NonClass: 152K(256K)->152K(256K) Class: 8K(128K)->8K(128K)
[5.299s][info][gc          ] GC(47) Pause Young (Normal) (G1 Evacuation Pause) 48M->24M(64M) 3.654ms
[5.299s][info][gc,cpu      ] GC(47) User=0.00s Sys=0.00s Real=0.00s
[5.444s][info][gc,start    ] GC(48) Pause Young (Normal) (G1 Evacuation Pause)
[5.444s][info][gc,task     ] GC(48) Using 4 workers of 8 for evacuation
[5.446s][info][gc,phases   ] GC(48)   Pre Evacuate Collection Set: 0.3ms
[5.446s][info][gc,phases   ] GC(48)   Merge Heap Roots: 0.2ms
[5.446s][info][gc,phases   ] GC(48)   Evacuate Collection Set: 0.2ms
[5.446s][info][gc,phases   ] GC(48)   Post Evacuate Collection Set: 1.0ms
[5.446s][info][gc,phases   ] GC(48)   Other: 0.4ms
[5.446s][info][gc,heap     ] GC(48) Eden regions: 28->0(31)
[5.446s][info][gc,heap     ] GC(48) Survivor regions: 4->1(4)
[5.446s][info][gc,heap     ] GC(48) Old regions: 21->21
[5.446s][info][gc,heap     ] GC(48) Archive regions: 0->0
[5.446s][info][gc,heap     ] GC(48) Humongous regions: 0->0
[5.446s][info][gc,metaspace] GC(48) Metaspace: 161K(384K)->161K(384K) NonClass: 152K(256K)->152K(256K) Class: 8K(128K)->8K(128K)
[5.446s][info][gc          ] GC(48) Pause Young (Normal) (G1 Evacuation Pause) 52M->20M(64M) 2.539ms
[5.446s][info][gc,cpu      ] GC(48) User=0.00s Sys=0.00s Real=0.00s
[5.545s][info][gc,start    ] GC(49) Pause Young (Normal) (G1 Evacuation Pause)
[5.545s][info][gc,task     ] GC(49) Using 4 workers of 8 for evacuation
[5.547s][info][gc,phases   ] GC(49)   Pre Evacuate Collection Set: 0.1ms
[5.547s][info][gc,phases   ] GC(49)   Merge Heap Roots: 0.1ms
[5.547s][info][gc,phases   ] GC(49)   Evacuate Collection Set: 1.0ms
[5.547s][info][gc,phases   ] GC(49)   Post Evacuate Collection Set: 0.8ms
[5.547s][info][gc,phases   ] GC(49)   Other: 0.3ms
[5.547s][info][gc,heap     ] GC(49) Eden regions: 31->0(28)
[5.547s][info][gc,heap     ] GC(49) Survivor regions: 1->4(4)
[5.547s][info][gc,heap     ] GC(49) Old regions: 21->23
[5.547s][info][gc,heap     ] GC(49) Archive regions: 0->0
[5.547s][info][gc,heap     ] GC(49) Humongous regions: 0->0
[5.547s][info][gc,metaspace] GC(49) Metaspace: 161K(384K)->161K(384K) NonClass: 152K(256K)->152K(256K) Class: 8K(128K)->8K(128K)
[5.547s][info][gc          ] GC(49) Pause Young (Normal) (G1 Evacuation Pause) 51M->26M(64M) 2.731ms
[5.547s][info][gc,cpu      ] GC(49) User=0.00s Sys=0.00s Real=0.00s
[5.645s][info][gc,start    ] GC(50) Pause Young (Normal) (G1 Evacuation Pause)
[5.645s][info][gc,task     ] GC(50) Using 4 workers of 8 for evacuation
[5.648s][info][gc,phases   ] GC(50)   Pre Evacuate Collection Set: 0.2ms
[5.648s][info][gc,phases   ] GC(50)   Merge Heap Roots: 0.2ms
[5.648s][info][gc,phases   ] GC(50)   Evacuate Collection Set: 1.4ms
[5.648s][info][gc,phases   ] GC(50)   Post Evacuate Collection Set: 0.8ms
[5.648s][info][gc,phases   ] GC(50)   Other: 0.3ms
[5.648s][info][gc,heap     ] GC(50) Eden regions: 28->0(28)
[5.648s][info][gc,heap     ] GC(50) Survivor regions: 4->4(4)
[5.648s][info][gc,heap     ] GC(50) Old regions: 23->27
[5.648s][info][gc,heap     ] GC(50) Archive regions: 0->0
[5.648s][info][gc,heap     ] GC(50) Humongous regions: 0->0
[5.648s][info][gc,metaspace] GC(50) Metaspace: 161K(384K)->161K(384K) NonClass: 152K(256K)->152K(256K) Class: 8K(128K)->8K(128K)
[5.649s][info][gc          ] GC(50) Pause Young (Normal) (G1 Evacuation Pause) 54M->30M(64M) 3.374ms
[5.649s][info][gc,cpu      ] GC(50) User=0.00s Sys=0.00s Real=0.00s
[5.746s][info][gc,start    ] GC(51) Pause Young (Normal) (G1 Preventive Collection)
[5.746s][info][gc,task     ] GC(51) Using 4 workers of 8 for evacuation
[5.748s][info][gc,phases   ] GC(51)   Pre Evacuate Collection Set: 0.2ms
[5.749s][info][gc,phases   ] GC(51)   Merge Heap Roots: 0.2ms
[5.749s][info][gc,phases   ] GC(51)   Evacuate Collection Set: 1.2ms
[5.749s][info][gc,phases   ] GC(51)   Post Evacuate Collection Set: 0.8ms
[5.749s][info][gc,phases   ] GC(51)   Other: 0.3ms
[5.749s][info][gc,heap     ] GC(51) Eden regions: 25->0(28)
[5.749s][info][gc,heap     ] GC(51) Survivor regions: 4->4(4)
[5.749s][info][gc,heap     ] GC(51) Old regions: 27->31
[5.749s][info][gc,heap     ] GC(51) Archive regions: 0->0
[5.749s][info][gc,heap     ] GC(51) Humongous regions: 0->0
[5.749s][info][gc,metaspace] GC(51) Metaspace: 161K(384K)->161K(384K) NonClass: 152K(256K)->152K(256K) Class: 8K(128K)->8K(128K)
[5.749s][info][gc          ] GC(51) Pause Young (Normal) (G1 Preventive Collection) 55M->34M(64M) 3.106ms
[5.749s][info][gc,cpu      ] GC(51) User=0.00s Sys=0.00s Real=0.00s
[5.844s][info][gc,start    ] GC(52) Pause Young (Concurrent Start) (G1 Preventive Collection)
[5.845s][info][gc,task     ] GC(52) Using 4 workers of 8 for evacuation
[5.846s][info][gc,phases   ] GC(52)   Pre Evacuate Collection Set: 0.2ms
[5.847s][info][gc,phases   ] GC(52)   Merge Heap Roots: 0.2ms
[5.847s][info][gc,phases   ] GC(52)   Evacuate Collection Set: 0.6ms
[5.847s][info][gc,phases   ] GC(52)   Post Evacuate Collection Set: 0.8ms
[5.847s][info][gc,phases   ] GC(52)   Other: 0.4ms
[5.847s][info][gc,heap     ] GC(52) Eden regions: 20->0(28)
[5.847s][info][gc,heap     ] GC(52) Survivor regions: 4->4(4)
[5.847s][info][gc,heap     ] GC(52) Old regions: 31->31
[5.847s][info][gc,heap     ] GC(52) Archive regions: 0->0
[5.847s][info][gc,heap     ] GC(52) Humongous regions: 0->0
[5.847s][info][gc,metaspace] GC(52) Metaspace: 161K(384K)->161K(384K) NonClass: 152K(256K)->152K(256K) Class: 8K(128K)->8K(128K)
[5.847s][info][gc          ] GC(52) Pause Young (Concurrent Start) (G1 Preventive Collection) 54M->33M(64M) 2.497ms
[5.847s][info][gc,cpu      ] GC(52) User=0.00s Sys=0.00s Real=0.00s
[5.847s][info][gc          ] GC(53) Concurrent Mark Cycle
[5.847s][info][gc,marking  ] GC(53) Concurrent Clear Claimed Marks
[5.847s][info][gc,marking  ] GC(53) Concurrent Clear Claimed Marks 0.061ms
[5.847s][info][gc,marking  ] GC(53) Concurrent Scan Root Regions
[5.848s][info][gc,marking  ] GC(53) Concurrent Scan Root Regions 0.182ms
[5.848s][info][gc,marking  ] GC(53) Concurrent Mark
[5.848s][info][gc,marking  ] GC(53) Concurrent Mark From Roots
[5.848s][info][gc,task     ] GC(53) Using 2 workers of 2 for marking
[5.850s][info][gc,marking  ] GC(53) Concurrent Mark From Roots 2.056ms
[5.850s][info][gc,marking  ] GC(53) Concurrent Preclean
[5.850s][info][gc,marking  ] GC(53) Concurrent Preclean 0.151ms
[5.850s][info][gc,start    ] GC(53) Pause Remark
[5.852s][info][gc          ] GC(53) Pause Remark 39M->21M(64M) 1.167ms
[5.852s][info][gc,cpu      ] GC(53) User=0.00s Sys=0.00s Real=0.00s
[5.852s][info][gc,marking  ] GC(53) Concurrent Mark 4.074ms
[5.852s][info][gc,marking  ] GC(53) Concurrent Rebuild Remembered Sets
[5.853s][info][gc,marking  ] GC(53) Concurrent Rebuild Remembered Sets 1.100ms
[5.853s][info][gc,start    ] GC(53) Pause Cleanup
[5.854s][info][gc          ] GC(53) Pause Cleanup 21M->21M(64M) 0.294ms
[5.854s][info][gc,cpu      ] GC(53) User=0.00s Sys=0.00s Real=0.00s
[5.854s][info][gc,marking  ] GC(53) Concurrent Cleanup for Next Mark
[5.854s][info][gc,marking  ] GC(53) Concurrent Cleanup for Next Mark 0.411ms
[5.854s][info][gc          ] GC(53) Concurrent Mark Cycle 7.196ms
[5.944s][info][gc,start    ] GC(54) Pause Young (Prepare Mixed) (G1 Evacuation Pause)
[5.944s][info][gc,task     ] GC(54) Using 4 workers of 8 for evacuation
[5.946s][info][gc,phases   ] GC(54)   Pre Evacuate Collection Set: 0.2ms
[5.946s][info][gc,phases   ] GC(54)   Merge Heap Roots: 0.2ms
[5.946s][info][gc,phases   ] GC(54)   Evacuate Collection Set: 0.8ms
[5.946s][info][gc,phases   ] GC(54)   Post Evacuate Collection Set: 0.8ms
[5.946s][info][gc,phases   ] GC(54)   Other: 0.3ms
[5.946s][info][gc,heap     ] GC(54) Eden regions: 28->0(28)
[5.946s][info][gc,heap     ] GC(54) Survivor regions: 4->4(4)
[5.946s][info][gc,heap     ] GC(54) Old regions: 13->14
[5.946s][info][gc,heap     ] GC(54) Archive regions: 0->0
[5.946s][info][gc,heap     ] GC(54) Humongous regions: 0->0
[5.946s][info][gc,metaspace] GC(54) Metaspace: 161K(384K)->161K(384K) NonClass: 152K(256K)->152K(256K) Class: 8K(128K)->8K(128K)
[5.946s][info][gc          ] GC(54) Pause Young (Prepare Mixed) (G1 Evacuation Pause) 43M->17M(64M) 2.741ms
[5.946s][info][gc,cpu      ] GC(54) User=0.00s Sys=0.00s Real=0.00s
[6.093s][info][gc,start    ] GC(55) Pause Young (Mixed) (G1 Evacuation Pause)
[6.093s][info][gc,task     ] GC(55) Using 4 workers of 8 for evacuation
[6.095s][info][gc,phases   ] GC(55)   Pre Evacuate Collection Set: 0.2ms
[6.095s][info][gc,phases   ] GC(55)   Merge Heap Roots: 0.2ms
[6.095s][info][gc,phases   ] GC(55)   Evacuate Collection Set: 0.4ms
[6.095s][info][gc,phases   ] GC(55)   Post Evacuate Collection Set: 0.9ms
[6.095s][info][gc,phases   ] GC(55)   Other: 0.4ms
[6.095s][info][gc,heap     ] GC(55) Eden regions: 28->0(31)
[6.095s][info][gc,heap     ] GC(55) Survivor regions: 4->1(4)
[6.095s][info][gc,heap     ] GC(55) Old regions: 14->12
[6.095s][info][gc,heap     ] GC(55) Archive regions: 0->0
[6.095s][info][gc,heap     ] GC(55) Humongous regions: 0->0
[6.095s][info][gc,metaspace] GC(55) Metaspace: 161K(384K)->161K(384K) NonClass: 152K(256K)->152K(256K) Class: 8K(128K)->8K(128K)
[6.095s][info][gc          ] GC(55) Pause Young (Mixed) (G1 Evacuation Pause) 45M->12M(64M) 2.503ms
[6.095s][info][gc,cpu      ] GC(55) User=0.00s Sys=0.00s Real=0.00s
[6.193s][info][gc,start    ] GC(56) Pause Young (Mixed) (G1 Evacuation Pause)
[6.193s][info][gc,task     ] GC(56) Using 4 workers of 8 for evacuation
[6.196s][info][gc,phases   ] GC(56)   Pre Evacuate Collection Set: 0.2ms
[6.196s][info][gc,phases   ] GC(56)   Merge Heap Roots: 0.2ms
[6.196s][info][gc,phases   ] GC(56)   Evacuate Collection Set: 1.2ms
[6.196s][info][gc,phases   ] GC(56)   Post Evacuate Collection Set: 0.8ms
[6.196s][info][gc,phases   ] GC(56)   Other: 0.3ms
[6.196s][info][gc,heap     ] GC(56) Eden regions: 31->0(28)
[6.196s][info][gc,heap     ] GC(56) Survivor regions: 1->4(4)
[6.196s][info][gc,heap     ] GC(56) Old regions: 12->11
[6.196s][info][gc,heap     ] GC(56) Archive regions: 0->0
[6.196s][info][gc,heap     ] GC(56) Humongous regions: 0->0
[6.196s][info][gc,metaspace] GC(56) Metaspace: 161K(384K)->161K(384K) NonClass: 152K(256K)->152K(256K) Class: 8K(128K)->8K(128K)
[6.196s][info][gc          ] GC(56) Pause Young (Mixed) (G1 Evacuation Pause) 43M->14M(64M) 3.104ms
[6.197s][info][gc,cpu      ] GC(56) User=0.00s Sys=0.00s Real=0.00s
[6.304s][info][gc,start    ] GC(57) Pause Young (Mixed) (G1 Evacuation Pause)
[6.304s][info][gc,task     ] GC(57) Using 4 workers of 8 for evacuation
[6.307s][info][gc,phases   ] GC(57)   Pre Evacuate Collection Set: 0.2ms
[6.307s][info][gc,phases   ] GC(57)   Merge Heap Roots: 0.2ms
[6.307s][info][gc,phases   ] GC(57)   Evacuate Collection Set: 1.4ms
[6.307s][info][gc,phases   ] GC(57)   Post Evacuate Collection Set: 0.8ms
[6.307s][info][gc,phases   ] GC(57)   Other: 0.3ms
[6.307s][info][gc,heap     ] GC(57) Eden regions: 28->0(28)
[6.307s][info][gc,heap     ] GC(57) Survivor regions: 4->4(4)
[6.307s][info][gc,heap     ] GC(57) Old regions: 11->12
[6.307s][info][gc,heap     ] GC(57) Archive regions: 0->0
[6.307s][info][gc,heap     ] GC(57) Humongous regions: 0->0
[6.307s][info][gc,metaspace] GC(57) Metaspace: 161K(384K)->161K(384K) NonClass: 152K(256K)->152K(256K) Class: 8K(128K)->8K(128K)
[6.307s][info][gc          ] GC(57) Pause Young (Mixed) (G1 Evacuation Pause) 42M->15M(64M) 3.419ms
[6.307s][info][gc,cpu      ] GC(57) User=0.02s Sys=0.00s Real=0.00s
[6.394s][info][gc,start    ] GC(58) Pause Young (Mixed) (G1 Evacuation Pause)
[6.395s][info][gc,task     ] GC(58) Using 4 workers of 8 for evacuation
[6.396s][info][gc,phases   ] GC(58)   Pre Evacuate Collection Set: 0.1ms
[6.396s][info][gc,phases   ] GC(58)   Merge Heap Roots: 0.1ms
[6.396s][info][gc,phases   ] GC(58)   Evacuate Collection Set: 0.4ms
[6.396s][info][gc,phases   ] GC(58)   Post Evacuate Collection Set: 0.8ms
[6.396s][info][gc,phases   ] GC(58)   Other: 0.4ms
[6.396s][info][gc,heap     ] GC(58) Eden regions: 28->0(30)
[6.396s][info][gc,heap     ] GC(58) Survivor regions: 4->2(4)
[6.397s][info][gc,heap     ] GC(58) Old regions: 12->10
[6.397s][info][gc,heap     ] GC(58) Archive regions: 0->0
[6.397s][info][gc,heap     ] GC(58) Humongous regions: 0->0
[6.397s][info][gc,metaspace] GC(58) Metaspace: 161K(384K)->161K(384K) NonClass: 152K(256K)->152K(256K) Class: 8K(128K)->8K(128K)
[6.397s][info][gc          ] GC(58) Pause Young (Mixed) (G1 Evacuation Pause) 43M->11M(64M) 2.267ms
[6.397s][info][gc,cpu      ] GC(58) User=0.00s Sys=0.00s Real=0.00s
[6.494s][info][gc,start    ] GC(59) Pause Young (Mixed) (G1 Evacuation Pause)
[6.495s][info][gc,task     ] GC(59) Using 4 workers of 8 for evacuation
[6.497s][info][gc,phases   ] GC(59)   Pre Evacuate Collection Set: 0.2ms
[6.497s][info][gc,phases   ] GC(59)   Merge Heap Roots: 0.1ms
[6.497s][info][gc,phases   ] GC(59)   Evacuate Collection Set: 1.2ms
[6.497s][info][gc,phases   ] GC(59)   Post Evacuate Collection Set: 0.8ms
[6.497s][info][gc,phases   ] GC(59)   Other: 0.3ms
[6.497s][info][gc,heap     ] GC(59) Eden regions: 30->0(28)
[6.497s][info][gc,heap     ] GC(59) Survivor regions: 2->4(4)
[6.497s][info][gc,heap     ] GC(59) Old regions: 10->12
[6.497s][info][gc,heap     ] GC(59) Archive regions: 0->0
[6.497s][info][gc,heap     ] GC(59) Humongous regions: 0->0
[6.497s][info][gc,metaspace] GC(59) Metaspace: 161K(384K)->161K(384K) NonClass: 152K(256K)->152K(256K) Class: 8K(128K)->8K(128K)
[6.498s][info][gc          ] GC(59) Pause Young (Mixed) (G1 Evacuation Pause) 41M->15M(64M) 3.089ms
[6.498s][info][gc,cpu      ] GC(59) User=0.00s Sys=0.00s Real=0.00s
[6.642s][info][gc,start    ] GC(60) Pause Young (Normal) (G1 Evacuation Pause)
[6.642s][info][gc,task     ] GC(60) Using 4 workers of 8 for evacuation
[6.644s][info][gc,phases   ] GC(60)   Pre Evacuate Collection Set: 0.2ms
[6.644s][info][gc,phases   ] GC(60)   Merge Heap Roots: 0.2ms
[6.644s][info][gc,phases   ] GC(60)   Evacuate Collection Set: 0.3ms
[6.644s][info][gc,phases   ] GC(60)   Post Evacuate Collection Set: 0.8ms
[6.644s][info][gc,phases   ] GC(60)   Other: 0.3ms
[6.644s][info][gc,heap     ] GC(60) Eden regions: 28->0(31)
[6.644s][info][gc,heap     ] GC(60) Survivor regions: 4->1(4)
[6.644s][info][gc,heap     ] GC(60) Old regions: 12->12
[6.644s][info][gc,heap     ] GC(60) Archive regions: 0->0
[6.644s][info][gc,heap     ] GC(60) Humongous regions: 0->0
[6.644s][info][gc,metaspace] GC(60) Metaspace: 161K(384K)->161K(384K) NonClass: 152K(256K)->152K(256K) Class: 8K(128K)->8K(128K)
[6.644s][info][gc          ] GC(60) Pause Young (Normal) (G1 Evacuation Pause) 43M->11M(64M) 2.237ms
[6.644s][info][gc,cpu      ] GC(60) User=0.00s Sys=0.00s Real=0.00s
[6.745s][info][gc,start    ] GC(61) Pause Young (Normal) (G1 Evacuation Pause)
[6.745s][info][gc,task     ] GC(61) Using 4 workers of 8 for evacuation
[6.747s][info][gc,phases   ] GC(61)   Pre Evacuate Collection Set: 0.2ms
[6.747s][info][gc,phases   ] GC(61)   Merge Heap Roots: 0.2ms
[6.747s][info][gc,phases   ] GC(61)   Evacuate Collection Set: 1.1ms
[6.747s][info][gc,phases   ] GC(61)   Post Evacuate Collection Set: 0.8ms
[6.747s][info][gc,phases   ] GC(61)   Other: 0.3ms
[6.747s][info][gc,heap     ] GC(61) Eden regions: 31->0(28)
[6.748s][info][gc,heap     ] GC(61) Survivor regions: 1->4(4)
[6.748s][info][gc,heap     ] GC(61) Old regions: 12->14
[6.748s][info][gc,heap     ] GC(61) Archive regions: 0->0
[6.748s][info][gc,heap     ] GC(61) Humongous regions: 0->0
[6.748s][info][gc,metaspace] GC(61) Metaspace: 161K(384K)->161K(384K) NonClass: 152K(256K)->152K(256K) Class: 8K(128K)->8K(128K)
[6.748s][info][gc          ] GC(61) Pause Young (Normal) (G1 Evacuation Pause) 42M->17M(64M) 3.152ms
[6.748s][info][gc,cpu      ] GC(61) User=0.00s Sys=0.00s Real=0.00s
[6.845s][info][gc,start    ] GC(62) Pause Young (Normal) (G1 Evacuation Pause)
[6.846s][info][gc,task     ] GC(62) Using 4 workers of 8 for evacuation
[6.847s][info][gc,phases   ] GC(62)   Pre Evacuate Collection Set: 0.2ms
[6.847s][info][gc,phases   ] GC(62)   Merge Heap Roots: 0.2ms
[6.847s][info][gc,phases   ] GC(62)   Evacuate Collection Set: 0.4ms
[6.847s][info][gc,phases   ] GC(62)   Post Evacuate Collection Set: 0.9ms
[6.848s][info][gc,phases   ] GC(62)   Other: 0.3ms
[6.848s][info][gc,heap     ] GC(62) Eden regions: 28->0(31)
[6.848s][info][gc,heap     ] GC(62) Survivor regions: 4->1(4)
[6.848s][info][gc,heap     ] GC(62) Old regions: 14->14
[6.848s][info][gc,heap     ] GC(62) Archive regions: 0->0
[6.848s][info][gc,heap     ] GC(62) Humongous regions: 0->0
[6.848s][info][gc,metaspace] GC(62) Metaspace: 164K(384K)->164K(384K) NonClass: 155K(256K)->155K(256K) Class: 8K(128K)->8K(128K)
[6.848s][info][gc          ] GC(62) Pause Young (Normal) (G1 Evacuation Pause) 45M->14M(64M) 2.293ms
[6.848s][info][gc,cpu      ] GC(62) User=0.00s Sys=0.00s Real=0.00s
[6.993s][info][gc,start    ] GC(63) Pause Young (Normal) (G1 Evacuation Pause)
[6.993s][info][gc,task     ] GC(63) Using 4 workers of 8 for evacuation
[6.995s][info][gc,phases   ] GC(63)   Pre Evacuate Collection Set: 0.2ms
[6.995s][info][gc,phases   ] GC(63)   Merge Heap Roots: 0.2ms
[6.995s][info][gc,phases   ] GC(63)   Evacuate Collection Set: 1.1ms
[6.995s][info][gc,phases   ] GC(63)   Post Evacuate Collection Set: 0.8ms
[6.995s][info][gc,phases   ] GC(63)   Other: 0.3ms
[6.995s][info][gc,heap     ] GC(63) Eden regions: 31->0(28)
[6.995s][info][gc,heap     ] GC(63) Survivor regions: 1->4(4)
[6.995s][info][gc,heap     ] GC(63) Old regions: 14->16
[6.995s][info][gc,heap     ] GC(63) Archive regions: 0->0
[6.995s][info][gc,heap     ] GC(63) Humongous regions: 0->0
[6.995s][info][gc,metaspace] GC(63) Metaspace: 164K(384K)->164K(384K) NonClass: 156K(256K)->156K(256K) Class: 8K(128K)->8K(128K)
[6.996s][info][gc          ] GC(63) Pause Young (Normal) (G1 Evacuation Pause) 45M->19M(64M) 3.037ms
[6.996s][info][gc,cpu      ] GC(63) User=0.06s Sys=0.00s Real=0.00s
[7.093s][info][gc,start    ] GC(64) Pause Young (Normal) (G1 Evacuation Pause)
[7.093s][info][gc,task     ] GC(64) Using 4 workers of 8 for evacuation
[7.095s][info][gc,phases   ] GC(64)   Pre Evacuate Collection Set: 0.4ms
[7.095s][info][gc,phases   ] GC(64)   Merge Heap Roots: 0.2ms
[7.095s][info][gc,phases   ] GC(64)   Evacuate Collection Set: 0.3ms
[7.095s][info][gc,phases   ] GC(64)   Post Evacuate Collection Set: 0.7ms
[7.095s][info][gc,phases   ] GC(64)   Other: 0.3ms
[7.095s][info][gc,heap     ] GC(64) Eden regions: 28->0(31)
[7.095s][info][gc,heap     ] GC(64) Survivor regions: 4->1(4)
[7.095s][info][gc,heap     ] GC(64) Old regions: 16->16
[7.095s][info][gc,heap     ] GC(64) Archive regions: 0->0
[7.095s][info][gc,heap     ] GC(64) Humongous regions: 0->0
[7.095s][info][gc,metaspace] GC(64) Metaspace: 164K(384K)->164K(384K) NonClass: 156K(256K)->156K(256K) Class: 8K(128K)->8K(128K)
[7.095s][info][gc          ] GC(64) Pause Young (Normal) (G1 Evacuation Pause) 47M->16M(64M) 2.295ms
[7.095s][info][gc,cpu      ] GC(64) User=0.00s Sys=0.00s Real=0.00s
[7.195s][info][gc,start    ] GC(65) Pause Young (Normal) (G1 Evacuation Pause)
[7.195s][info][gc,task     ] GC(65) Using 4 workers of 8 for evacuation
[7.197s][info][gc,phases   ] GC(65)   Pre Evacuate Collection Set: 0.2ms
[7.197s][info][gc,phases   ] GC(65)   Merge Heap Roots: 0.2ms
[7.197s][info][gc,phases   ] GC(65)   Evacuate Collection Set: 0.8ms
[7.197s][info][gc,phases   ] GC(65)   Post Evacuate Collection Set: 0.7ms
[7.197s][info][gc,phases   ] GC(65)   Other: 0.3ms
[7.197s][info][gc,heap     ] GC(65) Eden regions: 31->0(28)
[7.197s][info][gc,heap     ] GC(65) Survivor regions: 1->4(4)
[7.197s][info][gc,heap     ] GC(65) Old regions: 16->18
[7.197s][info][gc,heap     ] GC(65) Archive regions: 0->0
[7.197s][info][gc,heap     ] GC(65) Humongous regions: 0->0
[7.197s][info][gc,metaspace] GC(65) Metaspace: 164K(384K)->164K(384K) NonClass: 156K(256K)->156K(256K) Class: 8K(128K)->8K(128K)
[7.197s][info][gc          ] GC(65) Pause Young (Normal) (G1 Evacuation Pause) 47M->21M(64M) 2.578ms
[7.197s][info][gc,cpu      ] GC(65) User=0.00s Sys=0.00s Real=0.01s
[7.343s][info][gc,start    ] GC(66) Pause Young (Normal) (G1 Evacuation Pause)
[7.343s][info][gc,task     ] GC(66) Using 4 workers of 8 for evacuation
[7.344s][info][gc,phases   ] GC(66)   Pre Evacuate Collection Set: 0.2ms
[7.344s][info][gc,phases   ] GC(66)   Merge Heap Roots: 0.1ms
[7.344s][info][gc,phases   ] GC(66)   Evacuate Collection Set: 0.1ms
[7.344s][info][gc,phases   ] GC(66)   Post Evacuate Collection Set: 0.6ms
[7.344s][info][gc,phases   ] GC(66)   Other: 0.2ms
[7.344s][info][gc,heap     ] GC(66) Eden regions: 28->0(31)
[7.344s][info][gc,heap     ] GC(66) Survivor regions: 4->1(4)
[7.344s][info][gc,heap     ] GC(66) Old regions: 18->18
[7.344s][info][gc,heap     ] GC(66) Archive regions: 0->0
[7.344s][info][gc,heap     ] GC(66) Humongous regions: 0->0
[7.344s][info][gc,metaspace] GC(66) Metaspace: 164K(384K)->164K(384K) NonClass: 156K(256K)->156K(256K) Class: 8K(128K)->8K(128K)
[7.344s][info][gc          ] GC(66) Pause Young (Normal) (G1 Evacuation Pause) 49M->17M(64M) 1.410ms
[7.344s][info][gc,cpu      ] GC(66) User=0.00s Sys=0.00s Real=0.00s
[7.444s][info][gc,start    ] GC(67) Pause Young (Normal) (G1 Evacuation Pause)
[7.444s][info][gc,task     ] GC(67) Using 4 workers of 8 for evacuation
[7.446s][info][gc,phases   ] GC(67)   Pre Evacuate Collection Set: 0.2ms
[7.446s][info][gc,phases   ] GC(67)   Merge Heap Roots: 0.2ms
[7.447s][info][gc,phases   ] GC(67)   Evacuate Collection Set: 0.9ms
[7.447s][info][gc,phases   ] GC(67)   Post Evacuate Collection Set: 0.8ms
[7.447s][info][gc,phases   ] GC(67)   Other: 0.3ms
[7.447s][info][gc,heap     ] GC(67) Eden regions: 31->0(28)
[7.447s][info][gc,heap     ] GC(67) Survivor regions: 1->4(4)
[7.447s][info][gc,heap     ] GC(67) Old regions: 18->20
[7.447s][info][gc,heap     ] GC(67) Archive regions: 0->0
[7.447s][info][gc,heap     ] GC(67) Humongous regions: 0->0
[7.447s][info][gc,metaspace] GC(67) Metaspace: 164K(384K)->164K(384K) NonClass: 156K(256K)->156K(256K) Class: 8K(128K)->8K(128K)
[7.447s][info][gc          ] GC(67) Pause Young (Normal) (G1 Evacuation Pause) 48M->23M(64M) 2.728ms
[7.447s][info][gc,cpu      ] GC(67) User=0.00s Sys=0.00s Real=0.00s
[7.593s][info][gc,start    ] GC(68) Pause Young (Normal) (G1 Evacuation Pause)
[7.593s][info][gc,task     ] GC(68) Using 4 workers of 8 for evacuation
[7.594s][info][gc,phases   ] GC(68)   Pre Evacuate Collection Set: 0.2ms
[7.595s][info][gc,phases   ] GC(68)   Merge Heap Roots: 0.2ms
[7.595s][info][gc,phases   ] GC(68)   Evacuate Collection Set: 0.3ms
[7.595s][info][gc,phases   ] GC(68)   Post Evacuate Collection Set: 0.9ms
[7.595s][info][gc,phases   ] GC(68)   Other: 0.3ms
[7.595s][info][gc,heap     ] GC(68) Eden regions: 28->0(31)
[7.595s][info][gc,heap     ] GC(68) Survivor regions: 4->1(4)
[7.595s][info][gc,heap     ] GC(68) Old regions: 20->20
[7.595s][info][gc,heap     ] GC(68) Archive regions: 0->0
[7.595s][info][gc,heap     ] GC(68) Humongous regions: 0->0
[7.595s][info][gc,metaspace] GC(68) Metaspace: 164K(384K)->164K(384K) NonClass: 156K(256K)->156K(256K) Class: 8K(128K)->8K(128K)
[7.595s][info][gc          ] GC(68) Pause Young (Normal) (G1 Evacuation Pause) 51M->19M(64M) 2.261ms
[7.595s][info][gc,cpu      ] GC(68) User=0.00s Sys=0.00s Real=0.00s
[7.692s][info][gc,start    ] GC(69) Pause Young (Normal) (G1 Evacuation Pause)
[7.692s][info][gc,task     ] GC(69) Using 4 workers of 8 for evacuation
[7.695s][info][gc,phases   ] GC(69)   Pre Evacuate Collection Set: 0.2ms
[7.695s][info][gc,phases   ] GC(69)   Merge Heap Roots: 0.2ms
[7.695s][info][gc,phases   ] GC(69)   Evacuate Collection Set: 1.3ms
[7.695s][info][gc,phases   ] GC(69)   Post Evacuate Collection Set: 1.0ms
[7.695s][info][gc,phases   ] GC(69)   Other: 0.3ms
[7.695s][info][gc,heap     ] GC(69) Eden regions: 31->0(28)
[7.695s][info][gc,heap     ] GC(69) Survivor regions: 1->4(4)
[7.695s][info][gc,heap     ] GC(69) Old regions: 20->20
[7.695s][info][gc,heap     ] GC(69) Archive regions: 0->0
[7.695s][info][gc,heap     ] GC(69) Humongous regions: 0->0
[7.695s][info][gc,metaspace] GC(69) Metaspace: 164K(384K)->164K(384K) NonClass: 156K(256K)->156K(256K) Class: 8K(128K)->8K(128K)
[7.695s][info][gc          ] GC(69) Pause Young (Normal) (G1 Evacuation Pause) 50M->23M(64M) 3.429ms
[7.696s][info][gc,cpu      ] GC(69) User=0.00s Sys=0.00s Real=0.00s
[7.793s][info][gc,start    ] GC(70) Pause Young (Normal) (G1 Evacuation Pause)
[7.793s][info][gc,task     ] GC(70) Using 4 workers of 8 for evacuation
[7.796s][info][gc,phases   ] GC(70)   Pre Evacuate Collection Set: 0.2ms
[7.796s][info][gc,phases   ] GC(70)   Merge Heap Roots: 0.2ms
[7.796s][info][gc,phases   ] GC(70)   Evacuate Collection Set: 1.5ms
[7.796s][info][gc,phases   ] GC(70)   Post Evacuate Collection Set: 0.8ms
[7.796s][info][gc,phases   ] GC(70)   Other: 0.3ms
[7.796s][info][gc,heap     ] GC(70) Eden regions: 28->0(28)
[7.796s][info][gc,heap     ] GC(70) Survivor regions: 4->4(4)
[7.796s][info][gc,heap     ] GC(70) Old regions: 20->24
[7.796s][info][gc,heap     ] GC(70) Archive regions: 0->0
[7.796s][info][gc,heap     ] GC(70) Humongous regions: 0->0
[7.796s][info][gc,metaspace] GC(70) Metaspace: 164K(384K)->164K(384K) NonClass: 156K(256K)->156K(256K) Class: 8K(128K)->8K(128K)
[7.796s][info][gc          ] GC(70) Pause Young (Normal) (G1 Evacuation Pause) 51M->27M(64M) 3.566ms
[7.797s][info][gc,cpu      ] GC(70) User=0.00s Sys=0.00s Real=0.00s
[7.895s][info][gc,start    ] GC(71) Pause Young (Concurrent Start) (G1 Evacuation Pause)
[7.895s][info][gc,task     ] GC(71) Using 4 workers of 8 for evacuation
[7.897s][info][gc,phases   ] GC(71)   Pre Evacuate Collection Set: 0.2ms
[7.897s][info][gc,phases   ] GC(71)   Merge Heap Roots: 0.2ms
[7.897s][info][gc,phases   ] GC(71)   Evacuate Collection Set: 0.5ms
[7.897s][info][gc,phases   ] GC(71)   Post Evacuate Collection Set: 0.7ms
[7.897s][info][gc,phases   ] GC(71)   Other: 0.4ms
[7.897s][info][gc,heap     ] GC(71) Eden regions: 28->0(30)
[7.897s][info][gc,heap     ] GC(71) Survivor regions: 4->2(4)
[7.897s][info][gc,heap     ] GC(71) Old regions: 24->24
[7.897s][info][gc,heap     ] GC(71) Archive regions: 0->0
[7.897s][info][gc,heap     ] GC(71) Humongous regions: 0->0
[7.897s][info][gc,metaspace] GC(71) Metaspace: 164K(384K)->164K(384K) NonClass: 156K(256K)->156K(256K) Class: 8K(128K)->8K(128K)
[7.897s][info][gc          ] GC(71) Pause Young (Concurrent Start) (G1 Evacuation Pause) 55M->25M(64M) 2.446ms
[7.897s][info][gc,cpu      ] GC(71) User=0.00s Sys=0.00s Real=0.00s
[7.897s][info][gc          ] GC(72) Concurrent Mark Cycle
[7.898s][info][gc,marking  ] GC(72) Concurrent Clear Claimed Marks
[7.898s][info][gc,marking  ] GC(72) Concurrent Clear Claimed Marks 0.040ms
[7.898s][info][gc,marking  ] GC(72) Concurrent Scan Root Regions
[7.898s][info][gc,marking  ] GC(72) Concurrent Scan Root Regions 0.186ms
[7.898s][info][gc,marking  ] GC(72) Concurrent Mark
[7.898s][info][gc,marking  ] GC(72) Concurrent Mark From Roots
[7.898s][info][gc,task     ] GC(72) Using 2 workers of 2 for marking
[7.900s][info][gc,marking  ] GC(72) Concurrent Mark From Roots 1.714ms
[7.900s][info][gc,marking  ] GC(72) Concurrent Preclean
[7.900s][info][gc,marking  ] GC(72) Concurrent Preclean 0.147ms
[7.900s][info][gc,start    ] GC(72) Pause Remark
[7.901s][info][gc          ] GC(72) Pause Remark 32M->20M(64M) 1.156ms
[7.902s][info][gc,cpu      ] GC(72) User=0.00s Sys=0.00s Real=0.00s
[7.902s][info][gc,marking  ] GC(72) Concurrent Mark 3.693ms
[7.902s][info][gc,marking  ] GC(72) Concurrent Rebuild Remembered Sets
[7.903s][info][gc,marking  ] GC(72) Concurrent Rebuild Remembered Sets 0.982ms
[7.903s][info][gc,start    ] GC(72) Pause Cleanup
[7.903s][info][gc          ] GC(72) Pause Cleanup 20M->20M(64M) 0.312ms
[7.904s][info][gc,cpu      ] GC(72) User=0.00s Sys=0.00s Real=0.00s
[7.904s][info][gc,marking  ] GC(72) Concurrent Cleanup for Next Mark
[7.904s][info][gc,marking  ] GC(72) Concurrent Cleanup for Next Mark 0.460ms
[7.904s][info][gc          ] GC(72) Concurrent Mark Cycle 6.747ms
[7.996s][info][gc,start    ] GC(73) Pause Young (Prepare Mixed) (G1 Evacuation Pause)
[7.996s][info][gc,task     ] GC(73) Using 4 workers of 8 for evacuation
[7.998s][info][gc,phases   ] GC(73)   Pre Evacuate Collection Set: 0.2ms
[7.999s][info][gc,phases   ] GC(73)   Merge Heap Roots: 0.3ms
[7.999s][info][gc,phases   ] GC(73)   Evacuate Collection Set: 1.1ms
[7.999s][info][gc,phases   ] GC(73)   Post Evacuate Collection Set: 0.8ms
[7.999s][info][gc,phases   ] GC(73)   Other: 0.3ms
[7.999s][info][gc,heap     ] GC(73) Eden regions: 30->0(28)
[7.999s][info][gc,heap     ] GC(73) Survivor regions: 2->4(4)
[7.999s][info][gc,heap     ] GC(73) Old regions: 12->15
[7.999s][info][gc,heap     ] GC(73) Archive regions: 0->0
[7.999s][info][gc,heap     ] GC(73) Humongous regions: 0->0
[7.999s][info][gc,metaspace] GC(73) Metaspace: 164K(384K)->164K(384K) NonClass: 156K(256K)->156K(256K) Class: 8K(128K)->8K(128K)
[7.999s][info][gc          ] GC(73) Pause Young (Prepare Mixed) (G1 Evacuation Pause) 43M->18M(64M) 3.351ms
[7.999s][info][gc,cpu      ] GC(73) User=0.00s Sys=0.00s Real=0.00s
[8.144s][info][gc,start    ] GC(74) Pause Young (Mixed) (G1 Evacuation Pause)
[8.144s][info][gc,task     ] GC(74) Using 4 workers of 8 for evacuation
[8.146s][info][gc,phases   ] GC(74)   Pre Evacuate Collection Set: 0.2ms
[8.146s][info][gc,phases   ] GC(74)   Merge Heap Roots: 0.2ms
[8.146s][info][gc,phases   ] GC(74)   Evacuate Collection Set: 0.3ms
[8.146s][info][gc,phases   ] GC(74)   Post Evacuate Collection Set: 0.7ms
[8.146s][info][gc,phases   ] GC(74)   Other: 0.3ms
[8.146s][info][gc,heap     ] GC(74) Eden regions: 28->0(31)
[8.146s][info][gc,heap     ] GC(74) Survivor regions: 4->1(4)
[8.146s][info][gc,heap     ] GC(74) Old regions: 15->14
[8.146s][info][gc,heap     ] GC(74) Archive regions: 0->0
[8.146s][info][gc,heap     ] GC(74) Humongous regions: 0->0
[8.146s][info][gc,metaspace] GC(74) Metaspace: 164K(384K)->164K(384K) NonClass: 156K(256K)->156K(256K) Class: 8K(128K)->8K(128K)
[8.146s][info][gc          ] GC(74) Pause Young (Mixed) (G1 Evacuation Pause) 46M->14M(64M) 2.220ms
[8.146s][info][gc,cpu      ] GC(74) User=0.00s Sys=0.00s Real=0.00s
[8.244s][info][gc,start    ] GC(75) Pause Young (Mixed) (G1 Evacuation Pause)
[8.244s][info][gc,task     ] GC(75) Using 4 workers of 8 for evacuation
[8.247s][info][gc,phases   ] GC(75)   Pre Evacuate Collection Set: 0.2ms
[8.247s][info][gc,phases   ] GC(75)   Merge Heap Roots: 0.2ms
[8.247s][info][gc,phases   ] GC(75)   Evacuate Collection Set: 1.2ms
[8.247s][info][gc,phases   ] GC(75)   Post Evacuate Collection Set: 0.9ms
[8.247s][info][gc,phases   ] GC(75)   Other: 0.3ms
[8.247s][info][gc,heap     ] GC(75) Eden regions: 31->0(28)
[8.247s][info][gc,heap     ] GC(75) Survivor regions: 1->4(4)
[8.247s][info][gc,heap     ] GC(75) Old regions: 14->16
[8.247s][info][gc,heap     ] GC(75) Archive regions: 0->0
[8.247s][info][gc,heap     ] GC(75) Humongous regions: 0->0
[8.247s][info][gc,metaspace] GC(75) Metaspace: 164K(384K)->164K(384K) NonClass: 156K(256K)->156K(256K) Class: 8K(128K)->8K(128K)
[8.248s][info][gc          ] GC(75) Pause Young (Mixed) (G1 Evacuation Pause) 45M->19M(64M) 3.383ms
[8.248s][info][gc,cpu      ] GC(75) User=0.00s Sys=0.00s Real=0.00s
[8.393s][info][gc,start    ] GC(76) Pause Young (Mixed) (G1 Evacuation Pause)
[8.393s][info][gc,task     ] GC(76) Using 4 workers of 8 for evacuation
[8.395s][info][gc,phases   ] GC(76)   Pre Evacuate Collection Set: 0.2ms
[8.395s][info][gc,phases   ] GC(76)   Merge Heap Roots: 0.2ms
[8.395s][info][gc,phases   ] GC(76)   Evacuate Collection Set: 0.3ms
[8.395s][info][gc,phases   ] GC(76)   Post Evacuate Collection Set: 0.9ms
[8.395s][info][gc,phases   ] GC(76)   Other: 0.3ms
[8.395s][info][gc,heap     ] GC(76) Eden regions: 28->0(31)
[8.395s][info][gc,heap     ] GC(76) Survivor regions: 4->1(4)
[8.395s][info][gc,heap     ] GC(76) Old regions: 16->15
[8.395s][info][gc,heap     ] GC(76) Archive regions: 0->0
[8.395s][info][gc,heap     ] GC(76) Humongous regions: 0->0
[8.395s][info][gc,metaspace] GC(76) Metaspace: 164K(384K)->164K(384K) NonClass: 156K(256K)->156K(256K) Class: 8K(128K)->8K(128K)
[8.395s][info][gc          ] GC(76) Pause Young (Mixed) (G1 Evacuation Pause) 47M->14M(64M) 2.312ms
[8.395s][info][gc,cpu      ] GC(76) User=0.00s Sys=0.00s Real=0.00s
[8.493s][info][gc,start    ] GC(77) Pause Young (Mixed) (G1 Evacuation Pause)
[8.493s][info][gc,task     ] GC(77) Using 4 workers of 8 for evacuation
[8.496s][info][gc,phases   ] GC(77)   Pre Evacuate Collection Set: 0.2ms
[8.496s][info][gc,phases   ] GC(77)   Merge Heap Roots: 0.1ms
[8.496s][info][gc,phases   ] GC(77)   Evacuate Collection Set: 1.3ms
[8.496s][info][gc,phases   ] GC(77)   Post Evacuate Collection Set: 0.8ms
[8.496s][info][gc,phases   ] GC(77)   Other: 0.3ms
[8.496s][info][gc,heap     ] GC(77) Eden regions: 31->0(28)
[8.496s][info][gc,heap     ] GC(77) Survivor regions: 1->4(4)
[8.496s][info][gc,heap     ] GC(77) Old regions: 15->16
[8.496s][info][gc,heap     ] GC(77) Archive regions: 0->0
[8.496s][info][gc,heap     ] GC(77) Humongous regions: 0->0
[8.496s][info][gc,metaspace] GC(77) Metaspace: 164K(384K)->164K(384K) NonClass: 156K(256K)->156K(256K) Class: 8K(128K)->8K(128K)
[8.496s][info][gc          ] GC(77) Pause Young (Mixed) (G1 Evacuation Pause) 45M->19M(64M) 3.198ms
[8.496s][info][gc,cpu      ] GC(77) User=0.06s Sys=0.00s Real=0.00s
[8.594s][info][gc,start    ] GC(78) Pause Young (Mixed) (G1 Evacuation Pause)
[8.594s][info][gc,task     ] GC(78) Using 4 workers of 8 for evacuation
[8.595s][info][gc,phases   ] GC(78)   Pre Evacuate Collection Set: 0.1ms
[8.595s][info][gc,phases   ] GC(78)   Merge Heap Roots: 0.2ms
[8.595s][info][gc,phases   ] GC(78)   Evacuate Collection Set: 0.3ms
[8.595s][info][gc,phases   ] GC(78)   Post Evacuate Collection Set: 0.6ms
[8.596s][info][gc,phases   ] GC(78)   Other: 0.3ms
[8.596s][info][gc,heap     ] GC(78) Eden regions: 28->0(31)
[8.596s][info][gc,heap     ] GC(78) Survivor regions: 4->1(4)
[8.596s][info][gc,heap     ] GC(78) Old regions: 16->15
[8.596s][info][gc,heap     ] GC(78) Archive regions: 0->0
[8.596s][info][gc,heap     ] GC(78) Humongous regions: 0->0
[8.596s][info][gc,metaspace] GC(78) Metaspace: 164K(384K)->164K(384K) NonClass: 156K(256K)->156K(256K) Class: 8K(128K)->8K(128K)
[8.596s][info][gc          ] GC(78) Pause Young (Mixed) (G1 Evacuation Pause) 47M->15M(64M) 2.086ms
[8.596s][info][gc,cpu      ] GC(78) User=0.00s Sys=0.00s Real=0.00s
[8.696s][info][gc,start    ] GC(79) Pause Young (Mixed) (G1 Evacuation Pause)
[8.696s][info][gc,task     ] GC(79) Using 4 workers of 8 for evacuation
[8.698s][info][gc,phases   ] GC(79)   Pre Evacuate Collection Set: 0.2ms
[8.698s][info][gc,phases   ] GC(79)   Merge Heap Roots: 0.2ms
[8.698s][info][gc,phases   ] GC(79)   Evacuate Collection Set: 1.1ms
[8.698s][info][gc,phases   ] GC(79)   Post Evacuate Collection Set: 0.7ms
[8.698s][info][gc,phases   ] GC(79)   Other: 0.4ms
[8.698s][info][gc,heap     ] GC(79) Eden regions: 31->0(28)
[8.698s][info][gc,heap     ] GC(79) Survivor regions: 1->4(4)
[8.698s][info][gc,heap     ] GC(79) Old regions: 15->16
[8.699s][info][gc,heap     ] GC(79) Archive regions: 0->0
[8.699s][info][gc,heap     ] GC(79) Humongous regions: 0->0
[8.699s][info][gc,metaspace] GC(79) Metaspace: 164K(384K)->164K(384K) NonClass: 156K(256K)->156K(256K) Class: 8K(128K)->8K(128K)
[8.699s][info][gc          ] GC(79) Pause Young (Mixed) (G1 Evacuation Pause) 46M->19M(64M) 2.886ms
[8.699s][info][gc,cpu      ] GC(79) User=0.06s Sys=0.00s Real=0.00s
[8.843s][info][gc,start    ] GC(80) Pause Young (Mixed) (G1 Evacuation Pause)
[8.843s][info][gc,task     ] GC(80) Using 4 workers of 8 for evacuation
[8.844s][info][gc,phases   ] GC(80)   Pre Evacuate Collection Set: 0.2ms
[8.845s][info][gc,phases   ] GC(80)   Merge Heap Roots: 0.2ms
[8.845s][info][gc,phases   ] GC(80)   Evacuate Collection Set: 0.3ms
[8.845s][info][gc,phases   ] GC(80)   Post Evacuate Collection Set: 0.8ms
[8.845s][info][gc,phases   ] GC(80)   Other: 0.3ms
[8.845s][info][gc,heap     ] GC(80) Eden regions: 28->0(31)
[8.845s][info][gc,heap     ] GC(80) Survivor regions: 4->1(4)
[8.845s][info][gc,heap     ] GC(80) Old regions: 16->15
[8.845s][info][gc,heap     ] GC(80) Archive regions: 0->0
[8.845s][info][gc,heap     ] GC(80) Humongous regions: 0->0
[8.845s][info][gc,metaspace] GC(80) Metaspace: 164K(384K)->164K(384K) NonClass: 156K(256K)->156K(256K) Class: 8K(128K)->8K(128K)
[8.845s][info][gc          ] GC(80) Pause Young (Mixed) (G1 Evacuation Pause) 47M->15M(64M) 2.298ms
[8.845s][info][gc,cpu      ] GC(80) User=0.00s Sys=0.00s Real=0.00s
[8.945s][info][gc,start    ] GC(81) Pause Young (Mixed) (G1 Evacuation Pause)
[8.945s][info][gc,task     ] GC(81) Using 4 workers of 8 for evacuation
[8.948s][info][gc,phases   ] GC(81)   Pre Evacuate Collection Set: 0.2ms
[8.948s][info][gc,phases   ] GC(81)   Merge Heap Roots: 0.4ms
[8.948s][info][gc,phases   ] GC(81)   Evacuate Collection Set: 1.2ms
[8.948s][info][gc,phases   ] GC(81)   Post Evacuate Collection Set: 0.8ms
[8.948s][info][gc,phases   ] GC(81)   Other: 0.4ms
[8.948s][info][gc,heap     ] GC(81) Eden regions: 31->0(28)
[8.948s][info][gc,heap     ] GC(81) Survivor regions: 1->4(4)
[8.948s][info][gc,heap     ] GC(81) Old regions: 15->16
[8.948s][info][gc,heap     ] GC(81) Archive regions: 0->0
[8.948s][info][gc,heap     ] GC(81) Humongous regions: 0->0
[8.948s][info][gc,metaspace] GC(81) Metaspace: 164K(384K)->164K(384K) NonClass: 156K(256K)->156K(256K) Class: 8K(128K)->8K(128K)
[8.948s][info][gc          ] GC(81) Pause Young (Mixed) (G1 Evacuation Pause) 46M->19M(64M) 3.458ms
[8.948s][info][gc,cpu      ] GC(81) User=0.06s Sys=0.00s Real=0.00s
[9.093s][info][gc,start    ] GC(82) Pause Young (Normal) (G1 Evacuation Pause)
[9.093s][info][gc,task     ] GC(82) Using 4 workers of 8 for evacuation
[9.095s][info][gc,phases   ] GC(82)   Pre Evacuate Collection Set: 0.2ms
[9.095s][info][gc,phases   ] GC(82)   Merge Heap Roots: 0.2ms
[9.095s][info][gc,phases   ] GC(82)   Evacuate Collection Set: 0.3ms
[9.095s][info][gc,phases   ] GC(82)   Post Evacuate Collection Set: 1.0ms
[9.095s][info][gc,phases   ] GC(82)   Other: 0.3ms
[9.095s][info][gc,heap     ] GC(82) Eden regions: 28->0(31)
[9.095s][info][gc,heap     ] GC(82) Survivor regions: 4->1(4)
[9.095s][info][gc,heap     ] GC(82) Old regions: 16->16
[9.095s][info][gc,heap     ] GC(82) Archive regions: 0->0
[9.095s][info][gc,heap     ] GC(82) Humongous regions: 0->0
[9.095s][info][gc,metaspace] GC(82) Metaspace: 164K(384K)->164K(384K) NonClass: 156K(256K)->156K(256K) Class: 8K(128K)->8K(128K)
[9.095s][info][gc          ] GC(82) Pause Young (Normal) (G1 Evacuation Pause) 47M->16M(64M) 2.559ms
[9.095s][info][gc,cpu      ] GC(82) User=0.00s Sys=0.00s Real=0.00s
[9.193s][info][gc,start    ] GC(83) Pause Young (Normal) (G1 Evacuation Pause)
[9.193s][info][gc,task     ] GC(83) Using 4 workers of 8 for evacuation
[9.195s][info][gc,phases   ] GC(83)   Pre Evacuate Collection Set: 0.2ms
[9.195s][info][gc,phases   ] GC(83)   Merge Heap Roots: 0.1ms
[9.195s][info][gc,phases   ] GC(83)   Evacuate Collection Set: 1.0ms
[9.195s][info][gc,phases   ] GC(83)   Post Evacuate Collection Set: 0.4ms
[9.195s][info][gc,phases   ] GC(83)   Other: 0.2ms
[9.195s][info][gc,heap     ] GC(83) Eden regions: 31->0(28)
[9.195s][info][gc,heap     ] GC(83) Survivor regions: 1->4(4)
[9.195s][info][gc,heap     ] GC(83) Old regions: 16->17
[9.195s][info][gc,heap     ] GC(83) Archive regions: 0->0
[9.195s][info][gc,heap     ] GC(83) Humongous regions: 0->0
[9.195s][info][gc,metaspace] GC(83) Metaspace: 164K(384K)->164K(384K) NonClass: 156K(256K)->156K(256K) Class: 8K(128K)->8K(128K)
[9.195s][info][gc          ] GC(83) Pause Young (Normal) (G1 Evacuation Pause) 47M->20M(64M) 2.177ms
[9.195s][info][gc,cpu      ] GC(83) User=0.00s Sys=0.00s Real=0.00s
[9.293s][info][gc,start    ] GC(84) Pause Young (Normal) (G1 Evacuation Pause)
[9.293s][info][gc,task     ] GC(84) Using 4 workers of 8 for evacuation
[9.297s][info][gc,phases   ] GC(84)   Pre Evacuate Collection Set: 0.2ms
[9.297s][info][gc,phases   ] GC(84)   Merge Heap Roots: 0.2ms
[9.297s][info][gc,phases   ] GC(84)   Evacuate Collection Set: 1.9ms
[9.297s][info][gc,phases   ] GC(84)   Post Evacuate Collection Set: 0.9ms
[9.297s][info][gc,phases   ] GC(84)   Other: 0.4ms
[9.297s][info][gc,heap     ] GC(84) Eden regions: 28->0(28)
[9.297s][info][gc,heap     ] GC(84) Survivor regions: 4->4(4)
[9.297s][info][gc,heap     ] GC(84) Old regions: 17->21
[9.297s][info][gc,heap     ] GC(84) Archive regions: 0->0
[9.297s][info][gc,heap     ] GC(84) Humongous regions: 0->0
[9.297s][info][gc,metaspace] GC(84) Metaspace: 164K(384K)->164K(384K) NonClass: 156K(256K)->156K(256K) Class: 8K(128K)->8K(128K)
[9.297s][info][gc          ] GC(84) Pause Young (Normal) (G1 Evacuation Pause) 48M->24M(64M) 3.945ms
[9.297s][info][gc,cpu      ] GC(84) User=0.00s Sys=0.00s Real=0.00s
[9.395s][info][gc,start    ] GC(85) Pause Young (Normal) (G1 Evacuation Pause)
[9.395s][info][gc,task     ] GC(85) Using 4 workers of 8 for evacuation
[9.397s][info][gc,phases   ] GC(85)   Pre Evacuate Collection Set: 0.2ms
[9.397s][info][gc,phases   ] GC(85)   Merge Heap Roots: 0.2ms
[9.397s][info][gc,phases   ] GC(85)   Evacuate Collection Set: 0.6ms
[9.397s][info][gc,phases   ] GC(85)   Post Evacuate Collection Set: 0.8ms
[9.397s][info][gc,phases   ] GC(85)   Other: 0.3ms
[9.397s][info][gc,heap     ] GC(85) Eden regions: 28->0(29)
[9.397s][info][gc,heap     ] GC(85) Survivor regions: 4->3(4)
[9.397s][info][gc,heap     ] GC(85) Old regions: 21->21
[9.397s][info][gc,heap     ] GC(85) Archive regions: 0->0
[9.397s][info][gc,heap     ] GC(85) Humongous regions: 0->0
[9.397s][info][gc,metaspace] GC(85) Metaspace: 164K(384K)->164K(384K) NonClass: 156K(256K)->156K(256K) Class: 8K(128K)->8K(128K)
[9.397s][info][gc          ] GC(85) Pause Young (Normal) (G1 Evacuation Pause) 52M->23M(64M) 2.580ms
[9.397s][info][gc,cpu      ] GC(85) User=0.00s Sys=0.00s Real=0.00s
[9.495s][info][gc,start    ] GC(86) Pause Young (Normal) (G1 Evacuation Pause)
[9.496s][info][gc,task     ] GC(86) Using 4 workers of 8 for evacuation
[9.498s][info][gc,phases   ] GC(86)   Pre Evacuate Collection Set: 0.2ms
[9.498s][info][gc,phases   ] GC(86)   Merge Heap Roots: 0.2ms
[9.498s][info][gc,phases   ] GC(86)   Evacuate Collection Set: 1.2ms
[9.498s][info][gc,phases   ] GC(86)   Post Evacuate Collection Set: 0.8ms
[9.498s][info][gc,phases   ] GC(86)   Other: 0.4ms
[9.498s][info][gc,heap     ] GC(86) Eden regions: 29->0(28)
[9.498s][info][gc,heap     ] GC(86) Survivor regions: 3->4(4)
[9.498s][info][gc,heap     ] GC(86) Old regions: 21->24
[9.499s][info][gc,heap     ] GC(86) Archive regions: 0->0
[9.499s][info][gc,heap     ] GC(86) Humongous regions: 0->0
[9.499s][info][gc,metaspace] GC(86) Metaspace: 164K(384K)->164K(384K) NonClass: 156K(256K)->156K(256K) Class: 8K(128K)->8K(128K)
[9.499s][info][gc          ] GC(86) Pause Young (Normal) (G1 Evacuation Pause) 52M->27M(64M) 3.261ms
[9.499s][info][gc,cpu      ] GC(86) User=0.00s Sys=0.00s Real=0.00s
[9.594s][info][gc,start    ] GC(87) Pause Young (Concurrent Start) (G1 Evacuation Pause)
[9.594s][info][gc,task     ] GC(87) Using 4 workers of 8 for evacuation
[9.596s][info][gc,phases   ] GC(87)   Pre Evacuate Collection Set: 0.2ms
[9.596s][info][gc,phases   ] GC(87)   Merge Heap Roots: 0.2ms
[9.596s][info][gc,phases   ] GC(87)   Evacuate Collection Set: 0.5ms
[9.596s][info][gc,phases   ] GC(87)   Post Evacuate Collection Set: 0.9ms
[9.596s][info][gc,phases   ] GC(87)   Other: 0.3ms
[9.596s][info][gc,heap     ] GC(87) Eden regions: 28->0(31)
[9.596s][info][gc,heap     ] GC(87) Survivor regions: 4->1(4)
[9.596s][info][gc,heap     ] GC(87) Old regions: 24->24
[9.596s][info][gc,heap     ] GC(87) Archive regions: 0->0
[9.596s][info][gc,heap     ] GC(87) Humongous regions: 0->0
[9.596s][info][gc,metaspace] GC(87) Metaspace: 164K(384K)->164K(384K) NonClass: 156K(256K)->156K(256K) Class: 8K(128K)->8K(128K)
[9.596s][info][gc          ] GC(87) Pause Young (Concurrent Start) (G1 Evacuation Pause) 55M->23M(64M) 2.312ms
[9.596s][info][gc,cpu      ] GC(87) User=0.00s Sys=0.00s Real=0.00s
[9.596s][info][gc          ] GC(88) Concurrent Mark Cycle
[9.596s][info][gc,marking  ] GC(88) Concurrent Clear Claimed Marks
[9.596s][info][gc,marking  ] GC(88) Concurrent Clear Claimed Marks 0.037ms
[9.596s][info][gc,marking  ] GC(88) Concurrent Scan Root Regions
[9.597s][info][gc,marking  ] GC(88) Concurrent Scan Root Regions 0.184ms
[9.597s][info][gc,marking  ] GC(88) Concurrent Mark
[9.597s][info][gc,marking  ] GC(88) Concurrent Mark From Roots
[9.597s][info][gc,task     ] GC(88) Using 2 workers of 2 for marking
[9.598s][info][gc,marking  ] GC(88) Concurrent Mark From Roots 1.391ms
[9.598s][info][gc,marking  ] GC(88) Concurrent Preclean
[9.598s][info][gc,marking  ] GC(88) Concurrent Preclean 0.113ms
[9.599s][info][gc,start    ] GC(88) Pause Remark
[9.600s][info][gc          ] GC(88) Pause Remark 24M->11M(44M) 1.133ms
[9.600s][info][gc,cpu      ] GC(88) User=0.00s Sys=0.00s Real=0.00s
[9.600s][info][gc,marking  ] GC(88) Concurrent Mark 3.255ms
[9.600s][info][gc,marking  ] GC(88) Concurrent Rebuild Remembered Sets
[9.601s][info][gc,marking  ] GC(88) Concurrent Rebuild Remembered Sets 0.827ms
[9.603s][info][gc,start    ] GC(88) Pause Cleanup
[9.604s][info][gc          ] GC(88) Pause Cleanup 11M->11M(44M) 0.242ms
[9.604s][info][gc,cpu      ] GC(88) User=0.00s Sys=0.00s Real=0.00s
[9.604s][info][gc,marking  ] GC(88) Concurrent Cleanup for Next Mark
[9.604s][info][gc,marking  ] GC(88) Concurrent Cleanup for Next Mark 0.260ms
[9.604s][info][gc          ] GC(88) Concurrent Mark Cycle 7.660ms
[9.745s][info][gc,start    ] GC(89) Pause Young (Prepare Mixed) (G1 Preventive Collection)
[9.745s][info][gc,task     ] GC(89) Using 4 workers of 8 for evacuation
[9.747s][info][gc,phases   ] GC(89)   Pre Evacuate Collection Set: 0.2ms
[9.747s][info][gc,phases   ] GC(89)   Merge Heap Roots: 0.2ms
[9.747s][info][gc,phases   ] GC(89)   Evacuate Collection Set: 0.3ms
[9.747s][info][gc,phases   ] GC(89)   Post Evacuate Collection Set: 0.9ms
[9.747s][info][gc,phases   ] GC(89)   Other: 0.3ms
[9.747s][info][gc,heap     ] GC(89) Eden regions: 26->0(20)
[9.747s][info][gc,heap     ] GC(89) Survivor regions: 1->2(4)
[9.747s][info][gc,heap     ] GC(89) Old regions: 11->11
[9.747s][info][gc,heap     ] GC(89) Archive regions: 0->0
[9.747s][info][gc,heap     ] GC(89) Humongous regions: 0->0
[9.747s][info][gc,metaspace] GC(89) Metaspace: 164K(384K)->164K(384K) NonClass: 156K(256K)->156K(256K) Class: 8K(128K)->8K(128K)
[9.747s][info][gc          ] GC(89) Pause Young (Prepare Mixed) (G1 Preventive Collection) 36M->11M(44M) 2.423ms
[9.747s][info][gc,cpu      ] GC(89) User=0.00s Sys=0.00s Real=0.00s
[9.794s][info][gc,start    ] GC(90) Pause Young (Mixed) (G1 Evacuation Pause)
[9.794s][info][gc,task     ] GC(90) Using 4 workers of 8 for evacuation
[9.796s][info][gc,phases   ] GC(90)   Pre Evacuate Collection Set: 0.2ms
[9.796s][info][gc,phases   ] GC(90)   Merge Heap Roots: 0.2ms
[9.796s][info][gc,phases   ] GC(90)   Evacuate Collection Set: 0.9ms
[9.796s][info][gc,phases   ] GC(90)   Post Evacuate Collection Set: 0.6ms
[9.796s][info][gc,phases   ] GC(90)   Other: 0.3ms
[9.796s][info][gc,heap     ] GC(90) Eden regions: 20->0(19)
[9.796s][info][gc,heap     ] GC(90) Survivor regions: 2->3(3)
[9.796s][info][gc,heap     ] GC(90) Old regions: 11->11
[9.797s][info][gc,heap     ] GC(90) Archive regions: 0->0
[9.797s][info][gc,heap     ] GC(90) Humongous regions: 0->0
[9.797s][info][gc,metaspace] GC(90) Metaspace: 164K(384K)->164K(384K) NonClass: 156K(256K)->156K(256K) Class: 8K(128K)->8K(128K)
[9.797s][info][gc          ] GC(90) Pause Young (Mixed) (G1 Evacuation Pause) 31M->13M(44M) 2.541ms
[9.797s][info][gc,cpu      ] GC(90) User=0.00s Sys=0.00s Real=0.00s
[9.893s][info][gc,start    ] GC(91) Pause Young (Mixed) (G1 Evacuation Pause)
[9.894s][info][gc,task     ] GC(91) Using 4 workers of 8 for evacuation
[9.896s][info][gc,phases   ] GC(91)   Pre Evacuate Collection Set: 0.2ms
[9.896s][info][gc,phases   ] GC(91)   Merge Heap Roots: 0.2ms
[9.896s][info][gc,phases   ] GC(91)   Evacuate Collection Set: 1.0ms
[9.896s][info][gc,phases   ] GC(91)   Post Evacuate Collection Set: 0.6ms
[9.896s][info][gc,phases   ] GC(91)   Other: 0.3ms
[9.896s][info][gc,heap     ] GC(91) Eden regions: 19->0(19)
[9.896s][info][gc,heap     ] GC(91) Survivor regions: 3->3(3)
[9.896s][info][gc,heap     ] GC(91) Old regions: 11->12
[9.896s][info][gc,heap     ] GC(91) Archive regions: 0->0
[9.896s][info][gc,heap     ] GC(91) Humongous regions: 0->0
[9.896s][info][gc,metaspace] GC(91) Metaspace: 164K(384K)->164K(384K) NonClass: 156K(256K)->156K(256K) Class: 8K(128K)->8K(128K)
[9.896s][info][gc          ] GC(91) Pause Young (Mixed) (G1 Evacuation Pause) 32M->14M(44M) 2.638ms
[9.896s][info][gc,cpu      ] GC(91) User=0.00s Sys=0.00s Real=0.00s
[9.943s][info][gc,start    ] GC(92) Pause Young (Mixed) (G1 Evacuation Pause)
[9.943s][info][gc,task     ] GC(92) Using 4 workers of 8 for evacuation
[9.946s][info][gc,phases   ] GC(92)   Pre Evacuate Collection Set: 0.1ms
[9.946s][info][gc,phases   ] GC(92)   Merge Heap Roots: 0.2ms
[9.946s][info][gc,phases   ] GC(92)   Evacuate Collection Set: 2.3ms
[9.946s][info][gc,phases   ] GC(92)   Post Evacuate Collection Set: 0.7ms
[9.946s][info][gc,phases   ] GC(92)   Other: 0.3ms
[9.946s][info][gc,heap     ] GC(92) Eden regions: 19->0(19)
[9.946s][info][gc,heap     ] GC(92) Survivor regions: 3->3(3)
[9.946s][info][gc,heap     ] GC(92) Old regions: 12->15
[9.946s][info][gc,heap     ] GC(92) Archive regions: 0->0
[9.946s][info][gc,heap     ] GC(92) Humongous regions: 0->0
[9.946s][info][gc,metaspace] GC(92) Metaspace: 164K(384K)->164K(384K) NonClass: 156K(256K)->156K(256K) Class: 8K(128K)->8K(128K)
[9.947s][info][gc          ] GC(92) Pause Young (Mixed) (G1 Evacuation Pause) 33M->17M(44M) 4.066ms
[9.947s][info][gc,cpu      ] GC(92) User=0.00s Sys=0.02s Real=0.00s
[10.043s][info][gc,start    ] GC(93) Pause Young (Mixed) (G1 Preventive Collection)
[10.043s][info][gc,task     ] GC(93) Using 4 workers of 8 for evacuation
[10.045s][info][gc,phases   ] GC(93)   Pre Evacuate Collection Set: 0.2ms
[10.045s][info][gc,phases   ] GC(93)   Merge Heap Roots: 0.1ms
[10.045s][info][gc,phases   ] GC(93)   Evacuate Collection Set: 0.2ms
[10.045s][info][gc,phases   ] GC(93)   Post Evacuate Collection Set: 0.7ms
[10.045s][info][gc,phases   ] GC(93)   Other: 0.3ms
[10.045s][info][gc,heap     ] GC(93) Eden regions: 17->0(21)
[10.045s][info][gc,heap     ] GC(93) Survivor regions: 3->1(3)
[10.045s][info][gc,heap     ] GC(93) Old regions: 15->13
[10.045s][info][gc,heap     ] GC(93) Archive regions: 0->0
[10.045s][info][gc,heap     ] GC(93) Humongous regions: 0->0
[10.045s][info][gc,metaspace] GC(93) Metaspace: 164K(384K)->164K(384K) NonClass: 156K(256K)->156K(256K) Class: 8K(128K)->8K(128K)
[10.045s][info][gc          ] GC(93) Pause Young (Mixed) (G1 Preventive Collection) 34M->12M(44M) 1.902ms
[10.045s][info][gc,cpu      ] GC(93) User=0.00s Sys=0.00s Real=0.00s
[10.093s][info][gc,start    ] GC(94) Pause Young (Mixed) (G1 Evacuation Pause)
[10.093s][info][gc,task     ] GC(94) Using 4 workers of 8 for evacuation
[10.095s][info][gc,phases   ] GC(94)   Pre Evacuate Collection Set: 0.1ms
[10.095s][info][gc,phases   ] GC(94)   Merge Heap Roots: 0.1ms
[10.095s][info][gc,phases   ] GC(94)   Evacuate Collection Set: 0.5ms
[10.095s][info][gc,phases   ] GC(94)   Post Evacuate Collection Set: 0.6ms
[10.095s][info][gc,phases   ] GC(94)   Other: 0.2ms
[10.095s][info][gc,heap     ] GC(94) Eden regions: 21->0(19)
[10.095s][info][gc,heap     ] GC(94) Survivor regions: 1->3(3)
[10.095s][info][gc,heap     ] GC(94) Old regions: 13->12
[10.095s][info][gc,heap     ] GC(94) Archive regions: 0->0
[10.095s][info][gc,heap     ] GC(94) Humongous regions: 0->0
[10.095s][info][gc,metaspace] GC(94) Metaspace: 164K(384K)->164K(384K) NonClass: 156K(256K)->156K(256K) Class: 8K(128K)->8K(128K)
[10.095s][info][gc          ] GC(94) Pause Young (Mixed) (G1 Evacuation Pause) 33M->14M(44M) 2.051ms
[10.095s][info][gc,cpu      ] GC(94) User=0.00s Sys=0.00s Real=0.00s
[10.193s][info][gc,start    ] GC(95) Pause Young (Concurrent Start) (G1 Evacuation Pause)
[10.193s][info][gc,task     ] GC(95) Using 4 workers of 8 for evacuation
[10.196s][info][gc,phases   ] GC(95)   Pre Evacuate Collection Set: 0.2ms
[10.197s][info][gc,phases   ] GC(95)   Merge Heap Roots: 0.2ms
[10.197s][info][gc,phases   ] GC(95)   Evacuate Collection Set: 1.5ms
[10.197s][info][gc,phases   ] GC(95)   Post Evacuate Collection Set: 0.9ms
[10.197s][info][gc,phases   ] GC(95)   Other: 0.3ms
[10.197s][info][gc,heap     ] GC(95) Eden regions: 19->0(19)
[10.197s][info][gc,heap     ] GC(95) Survivor regions: 3->3(3)
[10.197s][info][gc,heap     ] GC(95) Old regions: 12->15
[10.197s][info][gc,heap     ] GC(95) Archive regions: 0->0
[10.197s][info][gc,heap     ] GC(95) Humongous regions: 0->0
[10.197s][info][gc,metaspace] GC(95) Metaspace: 164K(384K)->164K(384K) NonClass: 156K(256K)->156K(256K) Class: 8K(128K)->8K(128K)
[10.197s][info][gc          ] GC(95) Pause Young (Concurrent Start) (G1 Evacuation Pause) 33M->17M(44M) 3.482ms
[10.197s][info][gc,cpu      ] GC(95) User=0.00s Sys=0.00s Real=0.00s
[10.197s][info][gc          ] GC(96) Concurrent Mark Cycle
[10.197s][info][gc,marking  ] GC(96) Concurrent Clear Claimed Marks
[10.197s][info][gc,marking  ] GC(96) Concurrent Clear Claimed Marks 0.034ms
[10.197s][info][gc,marking  ] GC(96) Concurrent Scan Root Regions
[10.197s][info][gc,marking  ] GC(96) Concurrent Scan Root Regions 0.147ms
[10.197s][info][gc,marking  ] GC(96) Concurrent Mark
[10.197s][info][gc,marking  ] GC(96) Concurrent Mark From Roots
[10.197s][info][gc,task     ] GC(96) Using 2 workers of 2 for marking
[10.199s][info][gc,marking  ] GC(96) Concurrent Mark From Roots 1.977ms
[10.200s][info][gc,marking  ] GC(96) Concurrent Preclean
[10.200s][info][gc,marking  ] GC(96) Concurrent Preclean 0.159ms
[10.200s][info][gc,start    ] GC(96) Pause Remark
[10.201s][info][gc          ] GC(96) Pause Remark 27M->21M(44M) 0.736ms
[10.201s][info][gc,cpu      ] GC(96) User=0.00s Sys=0.00s Real=0.00s
[10.201s][info][gc,marking  ] GC(96) Concurrent Mark 3.476ms
[10.201s][info][gc,marking  ] GC(96) Concurrent Rebuild Remembered Sets
[10.202s][info][gc,marking  ] GC(96) Concurrent Rebuild Remembered Sets 0.901ms
[10.202s][info][gc,start    ] GC(96) Pause Cleanup
[10.202s][info][gc          ] GC(96) Pause Cleanup 21M->21M(44M) 0.207ms
[10.202s][info][gc,cpu      ] GC(96) User=0.00s Sys=0.00s Real=0.00s
[10.202s][info][gc,marking  ] GC(96) Concurrent Cleanup for Next Mark
[10.203s][info][gc,marking  ] GC(96) Concurrent Cleanup for Next Mark 0.218ms
[10.203s][info][gc          ] GC(96) Concurrent Mark Cycle 5.761ms
[10.243s][info][gc,start    ] GC(97) Pause Young (Prepare Mixed) (G1 Evacuation Pause)
[10.243s][info][gc,task     ] GC(97) Using 4 workers of 8 for evacuation
[10.246s][info][gc,phases   ] GC(97)   Pre Evacuate Collection Set: 0.1ms
[10.246s][info][gc,phases   ] GC(97)   Merge Heap Roots: 0.1ms
[10.247s][info][gc,phases   ] GC(97)   Evacuate Collection Set: 2.5ms
[10.247s][info][gc,phases   ] GC(97)   Post Evacuate Collection Set: 0.5ms
[10.247s][info][gc,phases   ] GC(97)   Other: 0.3ms
[10.247s][info][gc,heap     ] GC(97) Eden regions: 19->0(19)
[10.247s][info][gc,heap     ] GC(97) Survivor regions: 3->3(3)
[10.247s][info][gc,heap     ] GC(97) Old regions: 9->14
[10.247s][info][gc,heap     ] GC(97) Archive regions: 0->0
[10.247s][info][gc,heap     ] GC(97) Humongous regions: 0->0
[10.247s][info][gc,metaspace] GC(97) Metaspace: 164K(384K)->164K(384K) NonClass: 156K(256K)->156K(256K) Class: 8K(128K)->8K(128K)
[10.247s][info][gc          ] GC(97) Pause Young (Prepare Mixed) (G1 Evacuation Pause) 30M->16M(44M) 3.892ms
[10.247s][info][gc,cpu      ] GC(97) User=0.06s Sys=0.00s Real=0.00s
[10.344s][info][gc,start    ] GC(98) Pause Young (Mixed) (G1 Preventive Collection)
[10.344s][info][gc,task     ] GC(98) Using 4 workers of 8 for evacuation
[10.345s][info][gc,phases   ] GC(98)   Pre Evacuate Collection Set: 0.2ms
[10.345s][info][gc,phases   ] GC(98)   Merge Heap Roots: 0.1ms
[10.345s][info][gc,phases   ] GC(98)   Evacuate Collection Set: 0.4ms
[10.345s][info][gc,phases   ] GC(98)   Post Evacuate Collection Set: 0.7ms
[10.345s][info][gc,phases   ] GC(98)   Other: 0.3ms
[10.345s][info][gc,heap     ] GC(98) Eden regions: 18->0(20)
[10.345s][info][gc,heap     ] GC(98) Survivor regions: 3->2(3)
[10.345s][info][gc,heap     ] GC(98) Old regions: 14->13
[10.345s][info][gc,heap     ] GC(98) Archive regions: 0->0
[10.346s][info][gc,heap     ] GC(98) Humongous regions: 0->0
[10.346s][info][gc,metaspace] GC(98) Metaspace: 164K(384K)->164K(384K) NonClass: 156K(256K)->156K(256K) Class: 8K(128K)->8K(128K)
[10.346s][info][gc          ] GC(98) Pause Young (Mixed) (G1 Preventive Collection) 34M->13M(44M) 1.977ms
[10.346s][info][gc,cpu      ] GC(98) User=0.00s Sys=0.00s Real=0.00s
[10.394s][info][gc,start    ] GC(99) Pause Young (Mixed) (G1 Evacuation Pause)
[10.395s][info][gc,task     ] GC(99) Using 4 workers of 8 for evacuation
[10.397s][info][gc,phases   ] GC(99)   Pre Evacuate Collection Set: 0.2ms
[10.397s][info][gc,phases   ] GC(99)   Merge Heap Roots: 0.2ms
[10.397s][info][gc,phases   ] GC(99)   Evacuate Collection Set: 1.1ms
[10.397s][info][gc,phases   ] GC(99)   Post Evacuate Collection Set: 0.7ms
[10.397s][info][gc,phases   ] GC(99)   Other: 0.3ms
[10.397s][info][gc,heap     ] GC(99) Eden regions: 20->0(19)
[10.397s][info][gc,heap     ] GC(99) Survivor regions: 2->3(3)
[10.397s][info][gc,heap     ] GC(99) Old regions: 13->13
[10.397s][info][gc,heap     ] GC(99) Archive regions: 0->0
[10.397s][info][gc,heap     ] GC(99) Humongous regions: 0->0
[10.397s][info][gc,metaspace] GC(99) Metaspace: 164K(384K)->164K(384K) NonClass: 156K(256K)->156K(256K) Class: 8K(128K)->8K(128K)
[10.397s][info][gc          ] GC(99) Pause Young (Mixed) (G1 Evacuation Pause) 33M->15M(44M) 2.854ms
[10.397s][info][gc,cpu      ] GC(99) User=0.00s Sys=0.00s Real=0.00s
[10.493s][info][gc,start    ] GC(100) Pause Young (Mixed) (G1 Evacuation Pause)
[10.493s][info][gc,task     ] GC(100) Using 4 workers of 8 for evacuation
[10.495s][info][gc,phases   ] GC(100)   Pre Evacuate Collection Set: 0.2ms
[10.495s][info][gc,phases   ] GC(100)   Merge Heap Roots: 0.1ms
[10.495s][info][gc,phases   ] GC(100)   Evacuate Collection Set: 1.3ms
[10.495s][info][gc,phases   ] GC(100)   Post Evacuate Collection Set: 0.6ms
[10.495s][info][gc,phases   ] GC(100)   Other: 0.2ms
[10.495s][info][gc,heap     ] GC(100) Eden regions: 19->0(19)
[10.495s][info][gc,heap     ] GC(100) Survivor regions: 3->3(3)
[10.495s][info][gc,heap     ] GC(100) Old regions: 13->15
[10.495s][info][gc,heap     ] GC(100) Archive regions: 0->0
[10.495s][info][gc,heap     ] GC(100) Humongous regions: 0->0
[10.495s][info][gc,metaspace] GC(100) Metaspace: 164K(384K)->164K(384K) NonClass: 156K(256K)->156K(256K) Class: 8K(128K)->8K(128K)
[10.495s][info][gc          ] GC(100) Pause Young (Mixed) (G1 Evacuation Pause) 34M->17M(44M) 2.693ms
[10.495s][info][gc,cpu      ] GC(100) User=0.06s Sys=0.00s Real=0.00s
[10.591s][info][gc,start    ] GC(101) Pause Young (Concurrent Start) (G1 Preventive Collection)
[10.591s][info][gc,task     ] GC(101) Using 4 workers of 8 for evacuation
[10.593s][info][gc,phases   ] GC(101)   Pre Evacuate Collection Set: 0.2ms
[10.593s][info][gc,phases   ] GC(101)   Merge Heap Roots: 0.2ms
[10.593s][info][gc,phases   ] GC(101)   Evacuate Collection Set: 0.3ms
[10.593s][info][gc,phases   ] GC(101)   Post Evacuate Collection Set: 0.5ms
[10.593s][info][gc,phases   ] GC(101)   Other: 0.2ms
[10.593s][info][gc,heap     ] GC(101) Eden regions: 19->0(21)
[10.593s][info][gc,heap     ] GC(101) Survivor regions: 3->1(3)
[10.593s][info][gc,heap     ] GC(101) Old regions: 15->15
[10.593s][info][gc,heap     ] GC(101) Archive regions: 0->0
[10.593s][info][gc,heap     ] GC(101) Humongous regions: 0->0
[10.593s][info][gc,metaspace] GC(101) Metaspace: 164K(384K)->164K(384K) NonClass: 156K(256K)->156K(256K) Class: 8K(128K)->8K(128K)
[10.593s][info][gc          ] GC(101) Pause Young (Concurrent Start) (G1 Preventive Collection) 36M->15M(44M) 1.726ms
[10.593s][info][gc,cpu      ] GC(101) User=0.00s Sys=0.00s Real=0.00s
[10.593s][info][gc          ] GC(102) Concurrent Mark Cycle
[10.593s][info][gc,marking  ] GC(102) Concurrent Clear Claimed Marks
[10.593s][info][gc,marking  ] GC(102) Concurrent Clear Claimed Marks 0.030ms
[10.593s][info][gc,marking  ] GC(102) Concurrent Scan Root Regions
[10.593s][info][gc,marking  ] GC(102) Concurrent Scan Root Regions 0.109ms
[10.593s][info][gc,marking  ] GC(102) Concurrent Mark
[10.593s][info][gc,marking  ] GC(102) Concurrent Mark From Roots
[10.593s][info][gc,task     ] GC(102) Using 2 workers of 2 for marking
[10.595s][info][gc,marking  ] GC(102) Concurrent Mark From Roots 1.583ms
[10.595s][info][gc,marking  ] GC(102) Concurrent Preclean
[10.595s][info][gc,marking  ] GC(102) Concurrent Preclean 0.104ms
[10.596s][info][gc,start    ] GC(102) Pause Remark
[10.597s][info][gc          ] GC(102) Pause Remark 31M->23M(44M) 0.993ms
[10.597s][info][gc,cpu      ] GC(102) User=0.00s Sys=0.00s Real=0.00s
[10.597s][info][gc,marking  ] GC(102) Concurrent Mark 3.300ms
[10.597s][info][gc,marking  ] GC(102) Concurrent Rebuild Remembered Sets
[10.597s][info][gc,marking  ] GC(102) Concurrent Rebuild Remembered Sets 0.679ms
[10.598s][info][gc,start    ] GC(102) Pause Cleanup
[10.598s][info][gc          ] GC(102) Pause Cleanup 25M->25M(44M) 0.155ms
[10.598s][info][gc,cpu      ] GC(102) User=0.00s Sys=0.00s Real=0.00s
[10.598s][info][gc,marking  ] GC(102) Concurrent Cleanup for Next Mark
[10.598s][info][gc,marking  ] GC(102) Concurrent Cleanup for Next Mark 0.198ms
[10.598s][info][gc          ] GC(102) Concurrent Mark Cycle 5.094ms
[10.641s][info][gc,start    ] GC(103) Pause Young (Prepare Mixed) (G1 Evacuation Pause)
[10.641s][info][gc,task     ] GC(103) Using 4 workers of 8 for evacuation
[10.643s][info][gc,phases   ] GC(103)   Pre Evacuate Collection Set: 0.1ms
[10.643s][info][gc,phases   ] GC(103)   Merge Heap Roots: 0.1ms
[10.643s][info][gc,phases   ] GC(103)   Evacuate Collection Set: 0.6ms
[10.643s][info][gc,phases   ] GC(103)   Post Evacuate Collection Set: 0.6ms
[10.643s][info][gc,phases   ] GC(103)   Other: 0.2ms
[10.643s][info][gc,heap     ] GC(103) Eden regions: 21->0(19)
[10.643s][info][gc,heap     ] GC(103) Survivor regions: 1->3(3)
[10.643s][info][gc,heap     ] GC(103) Old regions: 7->8
[10.643s][info][gc,heap     ] GC(103) Archive regions: 0->0
[10.643s][info][gc,heap     ] GC(103) Humongous regions: 0->0
[10.643s][info][gc,metaspace] GC(103) Metaspace: 164K(384K)->164K(384K) NonClass: 156K(256K)->156K(256K) Class: 8K(128K)->8K(128K)
[10.643s][info][gc          ] GC(103) Pause Young (Prepare Mixed) (G1 Evacuation Pause) 28M->10M(44M) 1.911ms
[10.643s][info][gc,cpu      ] GC(103) User=0.00s Sys=0.00s Real=0.00s
[10.693s][info][gc,start    ] GC(104) Pause Young (Mixed) (G1 Evacuation Pause)
[10.694s][info][gc,task     ] GC(104) Using 4 workers of 8 for evacuation
[10.696s][info][gc,phases   ] GC(104)   Pre Evacuate Collection Set: 0.1ms
[10.696s][info][gc,phases   ] GC(104)   Merge Heap Roots: 0.1ms
[10.696s][info][gc,phases   ] GC(104)   Evacuate Collection Set: 1.4ms
[10.696s][info][gc,phases   ] GC(104)   Post Evacuate Collection Set: 0.6ms
[10.696s][info][gc,phases   ] GC(104)   Other: 0.2ms
[10.696s][info][gc,heap     ] GC(104) Eden regions: 19->0(19)
[10.696s][info][gc,heap     ] GC(104) Survivor regions: 3->3(3)
[10.696s][info][gc,heap     ] GC(104) Old regions: 8->9
[10.696s][info][gc,heap     ] GC(104) Archive regions: 0->0
[10.696s][info][gc,heap     ] GC(104) Humongous regions: 0->0
[10.696s][info][gc,metaspace] GC(104) Metaspace: 164K(384K)->164K(384K) NonClass: 156K(256K)->156K(256K) Class: 8K(128K)->8K(128K)
[10.696s][info][gc          ] GC(104) Pause Young (Mixed) (G1 Evacuation Pause) 29M->11M(44M) 2.808ms
[10.696s][info][gc,cpu      ] GC(104) User=0.00s Sys=0.00s Real=0.00s
[10.795s][info][gc,start    ] GC(105) Pause Young (Mixed) (G1 Evacuation Pause)
[10.795s][info][gc,task     ] GC(105) Using 4 workers of 8 for evacuation
[10.798s][info][gc,phases   ] GC(105)   Pre Evacuate Collection Set: 0.2ms
[10.798s][info][gc,phases   ] GC(105)   Merge Heap Roots: 0.2ms
[10.798s][info][gc,phases   ] GC(105)   Evacuate Collection Set: 1.6ms
[10.798s][info][gc,phases   ] GC(105)   Post Evacuate Collection Set: 0.6ms
[10.798s][info][gc,phases   ] GC(105)   Other: 0.3ms
[10.798s][info][gc,heap     ] GC(105) Eden regions: 19->0(19)
[10.798s][info][gc,heap     ] GC(105) Survivor regions: 3->3(3)
[10.798s][info][gc,heap     ] GC(105) Old regions: 9->13
[10.798s][info][gc,heap     ] GC(105) Archive regions: 0->0
[10.798s][info][gc,heap     ] GC(105) Humongous regions: 0->0
[10.798s][info][gc,metaspace] GC(105) Metaspace: 164K(384K)->164K(384K) NonClass: 156K(256K)->156K(256K) Class: 8K(128K)->8K(128K)
[10.798s][info][gc          ] GC(105) Pause Young (Mixed) (G1 Evacuation Pause) 30M->15M(44M) 3.253ms
[10.799s][info][gc,cpu      ] GC(105) User=0.00s Sys=0.00s Real=0.00s
[10.893s][info][gc,start    ] GC(106) Pause Young (Mixed) (G1 Preventive Collection)
[10.893s][info][gc,task     ] GC(106) Using 4 workers of 8 for evacuation
[10.895s][info][gc,phases   ] GC(106)   Pre Evacuate Collection Set: 0.2ms
[10.895s][info][gc,phases   ] GC(106)   Merge Heap Roots: 0.2ms
[10.895s][info][gc,phases   ] GC(106)   Evacuate Collection Set: 0.5ms
[10.895s][info][gc,phases   ] GC(106)   Post Evacuate Collection Set: 0.6ms
[10.895s][info][gc,phases   ] GC(106)   Other: 0.3ms
[10.895s][info][gc,heap     ] GC(106) Eden regions: 19->0(20)
[10.895s][info][gc,heap     ] GC(106) Survivor regions: 3->2(3)
[10.895s][info][gc,heap     ] GC(106) Old regions: 13->12
[10.895s][info][gc,heap     ] GC(106) Archive regions: 0->0
[10.895s][info][gc,heap     ] GC(106) Humongous regions: 0->0
[10.895s][info][gc,metaspace] GC(106) Metaspace: 164K(384K)->164K(384K) NonClass: 156K(256K)->156K(256K) Class: 8K(128K)->8K(128K)
[10.896s][info][gc          ] GC(106) Pause Young (Mixed) (G1 Preventive Collection) 34M->13M(44M) 2.300ms
[10.896s][info][gc,cpu      ] GC(106) User=0.00s Sys=0.00s Real=0.00s
[10.945s][info][gc,start    ] GC(107) Pause Young (Mixed) (G1 Evacuation Pause)
[10.945s][info][gc,task     ] GC(107) Using 4 workers of 8 for evacuation
[10.948s][info][gc,phases   ] GC(107)   Pre Evacuate Collection Set: 0.2ms
[10.948s][info][gc,phases   ] GC(107)   Merge Heap Roots: 0.2ms
[10.948s][info][gc,phases   ] GC(107)   Evacuate Collection Set: 1.5ms
[10.948s][info][gc,phases   ] GC(107)   Post Evacuate Collection Set: 0.8ms
[10.949s][info][gc,phases   ] GC(107)   Other: 0.3ms
[10.949s][info][gc,heap     ] GC(107) Eden regions: 20->0(19)
[10.949s][info][gc,heap     ] GC(107) Survivor regions: 2->3(3)
[10.949s][info][gc,heap     ] GC(107) Old regions: 12->13
[10.949s][info][gc,heap     ] GC(107) Archive regions: 0->0
[10.949s][info][gc,heap     ] GC(107) Humongous regions: 0->0
[10.949s][info][gc,metaspace] GC(107) Metaspace: 164K(384K)->164K(384K) NonClass: 156K(256K)->156K(256K) Class: 8K(128K)->8K(128K)
[10.949s][info][gc          ] GC(107) Pause Young (Mixed) (G1 Evacuation Pause) 33M->15M(44M) 3.459ms
[10.949s][info][gc,cpu      ] GC(107) User=0.00s Sys=0.00s Real=0.00s
[11.010s][info][gc,start    ] GC(108) Pause Young (Concurrent Start) (G1 Evacuation Pause)
[11.010s][info][gc,task     ] GC(108) Using 4 workers of 8 for evacuation
[11.013s][info][gc,phases   ] GC(108)   Pre Evacuate Collection Set: 0.1ms
[11.013s][info][gc,phases   ] GC(108)   Merge Heap Roots: 0.2ms
[11.014s][info][gc,phases   ] GC(108)   Evacuate Collection Set: 2.2ms
[11.014s][info][gc,phases   ] GC(108)   Post Evacuate Collection Set: 0.6ms
[11.014s][info][gc,phases   ] GC(108)   Other: 0.4ms
[11.014s][info][gc,heap     ] GC(108) Eden regions: 19->0(19)
[11.014s][info][gc,heap     ] GC(108) Survivor regions: 3->3(3)
[11.014s][info][gc,heap     ] GC(108) Old regions: 13->18
[11.014s][info][gc,heap     ] GC(108) Archive regions: 0->0
[11.014s][info][gc,heap     ] GC(108) Humongous regions: 0->0
[11.014s][info][gc,metaspace] GC(108) Metaspace: 164K(384K)->164K(384K) NonClass: 156K(256K)->156K(256K) Class: 8K(128K)->8K(128K)
[11.014s][info][gc          ] GC(108) Pause Young (Concurrent Start) (G1 Evacuation Pause) 34M->20M(44M) 4.062ms
[11.014s][info][gc,cpu      ] GC(108) User=0.00s Sys=0.00s Real=0.00s
[11.014s][info][gc          ] GC(109) Concurrent Mark Cycle
[11.014s][info][gc,marking  ] GC(109) Concurrent Clear Claimed Marks
[11.014s][info][gc,marking  ] GC(109) Concurrent Clear Claimed Marks 0.088ms
[11.014s][info][gc,marking  ] GC(109) Concurrent Scan Root Regions
[11.014s][info][gc,marking  ] GC(109) Concurrent Scan Root Regions 0.147ms
[11.015s][info][gc,marking  ] GC(109) Concurrent Mark
[11.015s][info][gc,marking  ] GC(109) Concurrent Mark From Roots
[11.015s][info][gc,task     ] GC(109) Using 2 workers of 2 for marking
[11.017s][info][gc,marking  ] GC(109) Concurrent Mark From Roots 2.201ms
[11.017s][info][gc,marking  ] GC(109) Concurrent Preclean
[11.017s][info][gc,marking  ] GC(109) Concurrent Preclean 0.148ms
[11.017s][info][gc,start    ] GC(109) Pause Remark
[11.018s][info][gc          ] GC(109) Pause Remark 21M->15M(44M) 0.854ms
[11.018s][info][gc,cpu      ] GC(109) User=0.00s Sys=0.00s Real=0.00s
[11.018s][info][gc,marking  ] GC(109) Concurrent Mark 3.733ms
[11.018s][info][gc,marking  ] GC(109) Concurrent Rebuild Remembered Sets
[11.019s][info][gc,marking  ] GC(109) Concurrent Rebuild Remembered Sets 1.083ms
[11.020s][info][gc,start    ] GC(109) Pause Cleanup
[11.020s][info][gc          ] GC(109) Pause Cleanup 15M->15M(44M) 0.269ms
[11.020s][info][gc,cpu      ] GC(109) User=0.00s Sys=0.00s Real=0.00s
[11.020s][info][gc,marking  ] GC(109) Concurrent Cleanup for Next Mark
[11.021s][info][gc,marking  ] GC(109) Concurrent Cleanup for Next Mark 0.326ms
[11.021s][info][gc          ] GC(109) Concurrent Mark Cycle 6.707ms
[11.094s][info][gc,start    ] GC(110) Pause Young (Prepare Mixed) (G1 Evacuation Pause)
[11.094s][info][gc,task     ] GC(110) Using 4 workers of 8 for evacuation
[11.096s][info][gc,phases   ] GC(110)   Pre Evacuate Collection Set: 0.1ms
[11.096s][info][gc,phases   ] GC(110)   Merge Heap Roots: 0.2ms
[11.096s][info][gc,phases   ] GC(110)   Evacuate Collection Set: 0.4ms
[11.096s][info][gc,phases   ] GC(110)   Post Evacuate Collection Set: 0.6ms
[11.096s][info][gc,phases   ] GC(110)   Other: 0.3ms
[11.096s][info][gc,heap     ] GC(110) Eden regions: 19->0(21)
[11.096s][info][gc,heap     ] GC(110) Survivor regions: 3->1(3)
[11.096s][info][gc,heap     ] GC(110) Old regions: 12->12
[11.096s][info][gc,heap     ] GC(110) Archive regions: 0->0
[11.096s][info][gc,heap     ] GC(110) Humongous regions: 0->0
[11.096s][info][gc,metaspace] GC(110) Metaspace: 164K(384K)->164K(384K) NonClass: 156K(256K)->156K(256K) Class: 8K(128K)->8K(128K)
[11.096s][info][gc          ] GC(110) Pause Young (Prepare Mixed) (G1 Evacuation Pause) 33M->11M(44M) 2.023ms
[11.096s][info][gc,cpu      ] GC(110) User=0.00s Sys=0.00s Real=0.00s
[11.192s][info][gc,start    ] GC(111) Pause Young (Mixed) (G1 Evacuation Pause)
[11.192s][info][gc,task     ] GC(111) Using 4 workers of 8 for evacuation
[11.195s][info][gc,phases   ] GC(111)   Pre Evacuate Collection Set: 0.2ms
[11.195s][info][gc,phases   ] GC(111)   Merge Heap Roots: 0.2ms
[11.195s][info][gc,phases   ] GC(111)   Evacuate Collection Set: 1.4ms
[11.195s][info][gc,phases   ] GC(111)   Post Evacuate Collection Set: 0.8ms
[11.195s][info][gc,phases   ] GC(111)   Other: 0.4ms
[11.195s][info][gc,heap     ] GC(111) Eden regions: 21->0(19)
[11.195s][info][gc,heap     ] GC(111) Survivor regions: 1->3(3)
[11.195s][info][gc,heap     ] GC(111) Old regions: 12->12
[11.195s][info][gc,heap     ] GC(111) Archive regions: 0->0
[11.195s][info][gc,heap     ] GC(111) Humongous regions: 0->0
[11.195s][info][gc,metaspace] GC(111) Metaspace: 164K(384K)->164K(384K) NonClass: 156K(256K)->156K(256K) Class: 8K(128K)->8K(128K)
[11.195s][info][gc          ] GC(111) Pause Young (Mixed) (G1 Evacuation Pause) 32M->14M(44M) 3.350ms
[11.195s][info][gc,cpu      ] GC(111) User=0.00s Sys=0.00s Real=0.00s
[11.244s][info][gc,start    ] GC(112) Pause Young (Mixed) (G1 Evacuation Pause)
[11.244s][info][gc,task     ] GC(112) Using 4 workers of 8 for evacuation
[11.246s][info][gc,phases   ] GC(112)   Pre Evacuate Collection Set: 0.1ms
[11.246s][info][gc,phases   ] GC(112)   Merge Heap Roots: 0.1ms
[11.246s][info][gc,phases   ] GC(112)   Evacuate Collection Set: 1.5ms
[11.246s][info][gc,phases   ] GC(112)   Post Evacuate Collection Set: 0.5ms
[11.246s][info][gc,phases   ] GC(112)   Other: 0.2ms
[11.246s][info][gc,heap     ] GC(112) Eden regions: 19->0(19)
[11.246s][info][gc,heap     ] GC(112) Survivor regions: 3->3(3)
[11.246s][info][gc,heap     ] GC(112) Old regions: 12->15
[11.246s][info][gc,heap     ] GC(112) Archive regions: 0->0
[11.246s][info][gc,heap     ] GC(112) Humongous regions: 0->0
[11.246s][info][gc,metaspace] GC(112) Metaspace: 164K(384K)->164K(384K) NonClass: 156K(256K)->156K(256K) Class: 8K(128K)->8K(128K)
[11.247s][info][gc          ] GC(112) Pause Young (Mixed) (G1 Evacuation Pause) 33M->17M(44M) 2.676ms
[11.247s][info][gc,cpu      ] GC(112) User=0.00s Sys=0.00s Real=0.00s
[11.359s][info][gc,start    ] GC(113) Pause Young (Mixed) (G1 Preventive Collection)
[11.359s][info][gc,task     ] GC(113) Using 4 workers of 8 for evacuation
[11.361s][info][gc,phases   ] GC(113)   Pre Evacuate Collection Set: 0.1ms
[11.361s][info][gc,phases   ] GC(113)   Merge Heap Roots: 0.1ms
[11.361s][info][gc,phases   ] GC(113)   Evacuate Collection Set: 0.3ms
[11.361s][info][gc,phases   ] GC(113)   Post Evacuate Collection Set: 0.7ms
[11.361s][info][gc,phases   ] GC(113)   Other: 0.5ms
[11.361s][info][gc,heap     ] GC(113) Eden regions: 18->0(21)
[11.361s][info][gc,heap     ] GC(113) Survivor regions: 3->1(3)
[11.361s][info][gc,heap     ] GC(113) Old regions: 15->14
[11.361s][info][gc,heap     ] GC(113) Archive regions: 0->0
[11.361s][info][gc,heap     ] GC(113) Humongous regions: 0->0
[11.361s][info][gc,metaspace] GC(113) Metaspace: 164K(384K)->164K(384K) NonClass: 156K(256K)->156K(256K) Class: 8K(128K)->8K(128K)
[11.361s][info][gc          ] GC(113) Pause Young (Mixed) (G1 Preventive Collection) 35M->14M(44M) 2.044ms
[11.361s][info][gc,cpu      ] GC(113) User=0.00s Sys=0.00s Real=0.00s
[11.393s][info][gc,start    ] GC(114) Pause Young (Mixed) (G1 Evacuation Pause)
[11.393s][info][gc,task     ] GC(114) Using 4 workers of 8 for evacuation
[11.395s][info][gc,phases   ] GC(114)   Pre Evacuate Collection Set: 0.2ms
[11.395s][info][gc,phases   ] GC(114)   Merge Heap Roots: 0.2ms
[11.396s][info][gc,phases   ] GC(114)   Evacuate Collection Set: 0.7ms
[11.396s][info][gc,phases   ] GC(114)   Post Evacuate Collection Set: 0.7ms
[11.396s][info][gc,phases   ] GC(114)   Other: 0.3ms
[11.396s][info][gc,heap     ] GC(114) Eden regions: 21->0(19)
[11.396s][info][gc,heap     ] GC(114) Survivor regions: 1->3(3)
[11.396s][info][gc,heap     ] GC(114) Old regions: 14->14
[11.396s][info][gc,heap     ] GC(114) Archive regions: 0->0
[11.396s][info][gc,heap     ] GC(114) Humongous regions: 0->0
[11.396s][info][gc,metaspace] GC(114) Metaspace: 164K(384K)->164K(384K) NonClass: 156K(256K)->156K(256K) Class: 8K(128K)->8K(128K)
[11.396s][info][gc          ] GC(114) Pause Young (Mixed) (G1 Evacuation Pause) 35M->16M(44M) 2.623ms
[11.396s][info][gc,cpu      ] GC(114) User=0.00s Sys=0.00s Real=0.00s
[11.493s][info][gc,start    ] GC(115) Pause Young (Mixed) (G1 Evacuation Pause)
[11.493s][info][gc,task     ] GC(115) Using 4 workers of 8 for evacuation
[11.496s][info][gc,phases   ] GC(115)   Pre Evacuate Collection Set: 0.2ms
[11.496s][info][gc,phases   ] GC(115)   Merge Heap Roots: 0.2ms
[11.496s][info][gc,phases   ] GC(115)   Evacuate Collection Set: 1.5ms
[11.496s][info][gc,phases   ] GC(115)   Post Evacuate Collection Set: 0.8ms
[11.496s][info][gc,phases   ] GC(115)   Other: 0.3ms
[11.496s][info][gc,heap     ] GC(115) Eden regions: 19->0(19)
[11.496s][info][gc,heap     ] GC(115) Survivor regions: 3->3(3)
[11.496s][info][gc,heap     ] GC(115) Old regions: 14->15
[11.496s][info][gc,heap     ] GC(115) Archive regions: 0->0
[11.496s][info][gc,heap     ] GC(115) Humongous regions: 0->0
[11.496s][info][gc,metaspace] GC(115) Metaspace: 164K(384K)->164K(384K) NonClass: 156K(256K)->156K(256K) Class: 8K(128K)->8K(128K)
[11.496s][info][gc          ] GC(115) Pause Young (Mixed) (G1 Evacuation Pause) 35M->17M(44M) 3.658ms
[11.497s][info][gc,cpu      ] GC(115) User=0.06s Sys=0.00s Real=0.00s
[11.544s][info][gc,start    ] GC(116) Pause Young (Concurrent Start) (G1 Preventive Collection)
[11.544s][info][gc,task     ] GC(116) Using 4 workers of 8 for evacuation
[11.547s][info][gc,phases   ] GC(116)   Pre Evacuate Collection Set: 0.2ms
[11.547s][info][gc,phases   ] GC(116)   Merge Heap Roots: 0.1ms
[11.547s][info][gc,phases   ] GC(116)   Evacuate Collection Set: 2.1ms
[11.547s][info][gc,phases   ] GC(116)   Post Evacuate Collection Set: 0.3ms
[11.547s][info][gc,phases   ] GC(116)   Other: 0.3ms
[11.547s][info][gc,heap     ] GC(116) Eden regions: 19->0(19)
[11.547s][info][gc,heap     ] GC(116) Survivor regions: 3->3(3)
[11.547s][info][gc,heap     ] GC(116) Old regions: 15->20
[11.547s][info][gc,heap     ] GC(116) Archive regions: 0->0
[11.547s][info][gc,heap     ] GC(116) Humongous regions: 0->0
[11.547s][info][gc,metaspace] GC(116) Metaspace: 164K(384K)->164K(384K) NonClass: 156K(256K)->156K(256K) Class: 8K(128K)->8K(128K)
[11.547s][info][gc          ] GC(116) Pause Young (Concurrent Start) (G1 Preventive Collection) 36M->22M(45M) 3.236ms
[11.547s][info][gc,cpu      ] GC(116) User=0.00s Sys=0.00s Real=0.00s
[11.547s][info][gc          ] GC(117) Concurrent Mark Cycle
[11.547s][info][gc,marking  ] GC(117) Concurrent Clear Claimed Marks
[11.547s][info][gc,marking  ] GC(117) Concurrent Clear Claimed Marks 0.031ms
[11.547s][info][gc,marking  ] GC(117) Concurrent Scan Root Regions
[11.547s][info][gc,marking  ] GC(117) Concurrent Scan Root Regions 0.102ms
[11.547s][info][gc,marking  ] GC(117) Concurrent Mark
[11.547s][info][gc,marking  ] GC(117) Concurrent Mark From Roots
[11.547s][info][gc,task     ] GC(117) Using 2 workers of 2 for marking
[11.549s][info][gc,marking  ] GC(117) Concurrent Mark From Roots 1.100ms
[11.549s][info][gc,marking  ] GC(117) Concurrent Preclean
[11.549s][info][gc,marking  ] GC(117) Concurrent Preclean 0.116ms
[11.549s][info][gc,start    ] GC(117) Pause Remark
[11.549s][info][gc          ] GC(117) Pause Remark 23M->15M(45M) 0.549ms
[11.550s][info][gc,cpu      ] GC(117) User=0.00s Sys=0.00s Real=0.00s
[11.550s][info][gc,marking  ] GC(117) Concurrent Mark 2.115ms
[11.550s][info][gc,marking  ] GC(117) Concurrent Rebuild Remembered Sets
[11.550s][info][gc,marking  ] GC(117) Concurrent Rebuild Remembered Sets 0.575ms
[11.550s][info][gc,start    ] GC(117) Pause Cleanup
[11.550s][info][gc          ] GC(117) Pause Cleanup 15M->15M(45M) 0.149ms
[11.551s][info][gc,cpu      ] GC(117) User=0.00s Sys=0.00s Real=0.00s
[11.551s][info][gc,marking  ] GC(117) Concurrent Cleanup for Next Mark
[11.551s][info][gc,marking  ] GC(117) Concurrent Cleanup for Next Mark 0.182ms
[11.551s][info][gc          ] GC(117) Concurrent Mark Cycle 3.634ms
[11.642s][info][gc,start    ] GC(118) Pause Young (Prepare Mixed) (G1 Evacuation Pause)
[11.642s][info][gc,task     ] GC(118) Using 4 workers of 8 for evacuation
[11.643s][info][gc,phases   ] GC(118)   Pre Evacuate Collection Set: 0.1ms
[11.643s][info][gc,phases   ] GC(118)   Merge Heap Roots: 0.1ms
[11.643s][info][gc,phases   ] GC(118)   Evacuate Collection Set: 0.4ms
[11.643s][info][gc,phases   ] GC(118)   Post Evacuate Collection Set: 0.6ms
[11.643s][info][gc,phases   ] GC(118)   Other: 0.2ms
[11.643s][info][gc,heap     ] GC(118) Eden regions: 19->0(21)
[11.644s][info][gc,heap     ] GC(118) Survivor regions: 3->1(3)
[11.644s][info][gc,heap     ] GC(118) Old regions: 12->12
[11.644s][info][gc,heap     ] GC(118) Archive regions: 0->0
[11.644s][info][gc,heap     ] GC(118) Humongous regions: 0->0
[11.644s][info][gc,metaspace] GC(118) Metaspace: 164K(384K)->164K(384K) NonClass: 156K(256K)->156K(256K) Class: 8K(128K)->8K(128K)
[11.644s][info][gc          ] GC(118) Pause Young (Prepare Mixed) (G1 Evacuation Pause) 33M->12M(45M) 1.771ms
[11.644s][info][gc,cpu      ] GC(118) User=0.00s Sys=0.00s Real=0.00s
[11.694s][info][gc,start    ] GC(119) Pause Young (Mixed) (G1 Evacuation Pause)
[11.694s][info][gc,task     ] GC(119) Using 4 workers of 8 for evacuation
[11.696s][info][gc,phases   ] GC(119)   Pre Evacuate Collection Set: 0.1ms
[11.696s][info][gc,phases   ] GC(119)   Merge Heap Roots: 0.1ms
[11.696s][info][gc,phases   ] GC(119)   Evacuate Collection Set: 1.3ms
[11.696s][info][gc,phases   ] GC(119)   Post Evacuate Collection Set: 0.3ms
[11.696s][info][gc,phases   ] GC(119)   Other: 0.3ms
[11.696s][info][gc,heap     ] GC(119) Eden regions: 21->0(19)
[11.696s][info][gc,heap     ] GC(119) Survivor regions: 1->3(3)
[11.696s][info][gc,heap     ] GC(119) Old regions: 12->14
[11.696s][info][gc,heap     ] GC(119) Archive regions: 0->0
[11.696s][info][gc,heap     ] GC(119) Humongous regions: 0->0
[11.696s][info][gc,metaspace] GC(119) Metaspace: 164K(384K)->164K(384K) NonClass: 156K(256K)->156K(256K) Class: 8K(128K)->8K(128K)
[11.696s][info][gc          ] GC(119) Pause Young (Mixed) (G1 Evacuation Pause) 33M->16M(45M) 2.327ms
[11.696s][info][gc,cpu      ] GC(119) User=0.00s Sys=0.00s Real=0.00s
[11.702s][info][gc,heap,exit] Heap
[11.702s][info][gc,heap,exit]  garbage-first heap   total 46080K, used 19904K [0x00000000fc000000, 0x0000000100000000)
[11.702s][info][gc,heap,exit]   region size 1024K, 6 young (6144K), 3 survivors (3072K)
[11.702s][info][gc,heap,exit]  Metaspace       used 167K, committed 384K, reserved 1056768K
[11.702s][info][gc,heap,exit]   class space    used 9K, committed 128K, reserved 1048576K
