[0.017s][info][gc] Using G1
[0.020s][info][gc,init] Version: 17.0.1+12-LTS-39 (release)
[0.020s][info][gc,init] CPUs: 8 total, 8 available
[0.020s][info][gc,init] Memory: 16124M
[0.020s][info][gc,init] Large Page Support: Disabled
[0.020s][info][gc,init] NUMA Support: Disabled
[0.020s][info][gc,init] Compressed Oops: Enabled (32-bit)
[0.020s][info][gc,init] Heap Region Size: 1M
[0.020s][info][gc,init] Heap Min Capacity: 8M
[0.020s][info][gc,init] Heap Initial Capacity: 64M
[0.020s][info][gc,init] Heap Max Capacity: 64M
[0.020s][info][gc,init] Pre-touch: Disabled
[0.020s][info][gc,init] Parallel Workers: 8
[0.021s][info][gc,init] Concurrent Workers: 2
[0.021s][info][gc,init] Concurrent Refinement Workers: 8
[0.021s][info][gc,init] Periodic GC: Disabled
[0.022s][info][gc,metaspace] CDS archive(s) mapped at: [0x0000000800000000-0x0000000800bc0000-0x0000000800bc0000), size 12320768, SharedBaseAddress: 0x0000000800000000, ArchiveRelocationMode: 0.
[0.023s][info][gc,metaspace] Compressed class space mapped at: 0x0000000800c00000-0x0000000840c00000, reserved size: 1073741824
[0.023s][info][gc,metaspace] Narrow klass base: 0x0000000800000000, Narrow klass shift: 0, Narrow klass range: 0x100000000
[0.210s][info][gc,start    ] GC(0) Pause Young (Normal) (G1 Evacuation Pause)
[0.211s][info][gc,task     ] GC(0) Using 4 workers of 8 for evacuation
[0.214s][info][gc,phases   ] GC(0)   Pre Evacuate Collection Set: 0.1ms
[0.214s][info][gc,phases   ] GC(0)   Merge Heap Roots: 0.1ms
[0.214s][info][gc,phases   ] GC(0)   Evacuate Collection Set: 2.3ms
[0.214s][info][gc,phases   ] GC(0)   Post Evacuate Collection Set: 0.6ms
[0.214s][info][gc,phases   ] GC(0)   Other: 0.7ms
[0.214s][info][gc,heap     ] GC(0) Eden regions: 23->0(27)
[0.214s][info][gc,heap     ] GC(0) Survivor regions: 0->3(3)
[0.214s][info][gc,heap     ] GC(0) Old regions: 0->3
[0.214s][info][gc,heap     ] GC(0) Archive regions: 0->0
[0.214s][info][gc,heap     ] GC(0) Humongous regions: 0->0
[0.214s][info][gc,metaspace] GC(0) Metaspace: 157K(384K)->157K(384K) NonClass: 149K(256K)->149K(256K) Class: 8K(128K)->8K(128K)
[0.214s][info][gc          ] GC(0) Pause Young (Normal) (G1 Evacuation Pause) 22M->5M(64M) 3.987ms
[0.214s][info][gc,cpu      ] GC(0) User=0.00s Sys=0.00s Real=0.00s
[0.298s][info][gc,start    ] GC(1) Pause Young (Normal) (G1 Evacuation Pause)
[0.298s][info][gc,task     ] GC(1) Using 4 workers of 8 for evacuation
[0.304s][info][gc,phases   ] GC(1)   Pre Evacuate Collection Set: 0.1ms
[0.304s][info][gc,phases   ] GC(1)   Merge Heap Roots: 0.1ms
[0.304s][info][gc,phases   ] GC(1)   Evacuate Collection Set: 4.2ms
[0.304s][info][gc,phases   ] GC(1)   Post Evacuate Collection Set: 0.6ms
[0.304s][info][gc,phases   ] GC(1)   Other: 0.2ms
[0.304s][info][gc,heap     ] GC(1) Eden regions: 27->0(32)
[0.304s][info][gc,heap     ] GC(1) Survivor regions: 3->4(4)
[0.304s][info][gc,heap     ] GC(1) Old regions: 3->6
[0.304s][info][gc,heap     ] GC(1) Archive regions: 0->0
[0.304s][info][gc,heap     ] GC(1) Humongous regions: 0->0
[0.304s][info][gc,metaspace] GC(1) Metaspace: 157K(384K)->157K(384K) NonClass: 149K(256K)->149K(256K) Class: 8K(128K)->8K(128K)
[0.304s][info][gc          ] GC(1) Pause Young (Normal) (G1 Evacuation Pause) 32M->9M(64M) 5.682ms
[0.304s][info][gc,cpu      ] GC(1) User=0.00s Sys=0.00s Real=0.01s
[0.450s][info][gc,start    ] GC(2) Pause Young (Normal) (G1 Evacuation Pause)
[0.450s][info][gc,task     ] GC(2) Using 4 workers of 8 for evacuation
[0.456s][info][gc,phases   ] GC(2)   Pre Evacuate Collection Set: 0.2ms
[0.456s][info][gc,phases   ] GC(2)   Merge Heap Roots: 0.2ms
[0.456s][info][gc,phases   ] GC(2)   Evacuate Collection Set: 4.0ms
[0.456s][info][gc,phases   ] GC(2)   Post Evacuate Collection Set: 1.0ms
[0.456s][info][gc,phases   ] GC(2)   Other: 0.4ms
[0.456s][info][gc,heap     ] GC(2) Eden regions: 32->0(32)
[0.456s][info][gc,heap     ] GC(2) Survivor regions: 4->5(5)
[0.456s][info][gc,heap     ] GC(2) Old regions: 6->6
[0.456s][info][gc,heap     ] GC(2) Archive regions: 0->0
[0.456s][info][gc,heap     ] GC(2) Humongous regions: 0->0
[0.457s][info][gc,metaspace] GC(2) Metaspace: 157K(384K)->157K(384K) NonClass: 149K(256K)->149K(256K) Class: 8K(128K)->8K(128K)
[0.457s][info][gc          ] GC(2) Pause Young (Normal) (G1 Evacuation Pause) 41M->9M(64M) 6.707ms
[0.457s][info][gc,cpu      ] GC(2) User=0.00s Sys=0.00s Real=0.01s
[0.597s][info][gc,start    ] GC(3) Pause Young (Normal) (G1 Evacuation Pause)
[0.597s][info][gc,task     ] GC(3) Using 4 workers of 8 for evacuation
[0.599s][info][gc,phases   ] GC(3)   Pre Evacuate Collection Set: 0.2ms
[0.599s][info][gc,phases   ] GC(3)   Merge Heap Roots: 0.2ms
[0.599s][info][gc,phases   ] GC(3)   Evacuate Collection Set: 1.0ms
[0.600s][info][gc,phases   ] GC(3)   Post Evacuate Collection Set: 0.9ms
[0.600s][info][gc,phases   ] GC(3)   Other: 0.4ms
[0.600s][info][gc,heap     ] GC(3) Eden regions: 32->0(34)
[0.600s][info][gc,heap     ] GC(3) Survivor regions: 5->4(5)
[0.600s][info][gc,heap     ] GC(3) Old regions: 6->6
[0.600s][info][gc,heap     ] GC(3) Archive regions: 0->0
[0.600s][info][gc,heap     ] GC(3) Humongous regions: 0->0
[0.600s][info][gc,metaspace] GC(3) Metaspace: 157K(384K)->157K(384K) NonClass: 149K(256K)->149K(256K) Class: 8K(128K)->8K(128K)
[0.600s][info][gc          ] GC(3) Pause Young (Normal) (G1 Evacuation Pause) 41M->8M(64M) 3.204ms
[0.600s][info][gc,cpu      ] GC(3) User=0.00s Sys=0.00s Real=0.00s
[0.699s][info][gc,start    ] GC(4) Pause Young (Normal) (G1 Evacuation Pause)
[0.699s][info][gc,task     ] GC(4) Using 4 workers of 8 for evacuation
[0.702s][info][gc,phases   ] GC(4)   Pre Evacuate Collection Set: 0.2ms
[0.702s][info][gc,phases   ] GC(4)   Merge Heap Roots: 0.1ms
[0.702s][info][gc,phases   ] GC(4)   Evacuate Collection Set: 1.0ms
[0.702s][info][gc,phases   ] GC(4)   Post Evacuate Collection Set: 0.9ms
[0.702s][info][gc,phases   ] GC(4)   Other: 0.5ms
[0.702s][info][gc,heap     ] GC(4) Eden regions: 34->0(35)
[0.702s][info][gc,heap     ] GC(4) Survivor regions: 4->3(5)
[0.702s][info][gc,heap     ] GC(4) Old regions: 6->6
[0.702s][info][gc,heap     ] GC(4) Archive regions: 0->0
[0.702s][info][gc,heap     ] GC(4) Humongous regions: 0->0
[0.702s][info][gc,metaspace] GC(4) Metaspace: 157K(384K)->157K(384K) NonClass: 149K(256K)->149K(256K) Class: 8K(128K)->8K(128K)
[0.702s][info][gc          ] GC(4) Pause Young (Normal) (G1 Evacuation Pause) 42M->8M(64M) 3.321ms
[0.702s][info][gc,cpu      ] GC(4) User=0.00s Sys=0.02s Real=0.00s
[0.850s][info][gc,start    ] GC(5) Pause Young (Normal) (G1 Evacuation Pause)
[0.850s][info][gc,task     ] GC(5) Using 4 workers of 8 for evacuation
[0.853s][info][gc,phases   ] GC(5)   Pre Evacuate Collection Set: 0.2ms
[0.854s][info][gc,phases   ] GC(5)   Merge Heap Roots: 0.2ms
[0.854s][info][gc,phases   ] GC(5)   Evacuate Collection Set: 2.3ms
[0.854s][info][gc,phases   ] GC(5)   Post Evacuate Collection Set: 0.8ms
[0.854s][info][gc,phases   ] GC(5)   Other: 0.4ms
[0.854s][info][gc,heap     ] GC(5) Eden regions: 35->0(33)
[0.854s][info][gc,heap     ] GC(5) Survivor regions: 3->5(5)
[0.854s][info][gc,heap     ] GC(5) Old regions: 6->6
[0.854s][info][gc,heap     ] GC(5) Archive regions: 0->0
[0.854s][info][gc,heap     ] GC(5) Humongous regions: 0->0
[0.854s][info][gc,metaspace] GC(5) Metaspace: 157K(384K)->157K(384K) NonClass: 149K(256K)->149K(256K) Class: 8K(128K)->8K(128K)
[0.854s][info][gc          ] GC(5) Pause Young (Normal) (G1 Evacuation Pause) 43M->10M(64M) 4.350ms
[0.854s][info][gc,cpu      ] GC(5) User=0.00s Sys=0.00s Real=0.00s
[0.998s][info][gc,start    ] GC(6) Pause Young (Normal) (G1 Evacuation Pause)
[0.998s][info][gc,task     ] GC(6) Using 4 workers of 8 for evacuation
[1.000s][info][gc,phases   ] GC(6)   Pre Evacuate Collection Set: 0.2ms
[1.000s][info][gc,phases   ] GC(6)   Merge Heap Roots: 0.2ms
[1.000s][info][gc,phases   ] GC(6)   Evacuate Collection Set: 0.7ms
[1.000s][info][gc,phases   ] GC(6)   Post Evacuate Collection Set: 0.7ms
[1.000s][info][gc,phases   ] GC(6)   Other: 0.3ms
[1.000s][info][gc,heap     ] GC(6) Eden regions: 33->0(34)
[1.001s][info][gc,heap     ] GC(6) Survivor regions: 5->4(5)
[1.001s][info][gc,heap     ] GC(6) Old regions: 6->6
[1.001s][info][gc,heap     ] GC(6) Archive regions: 0->0
[1.001s][info][gc,heap     ] GC(6) Humongous regions: 0->0
[1.001s][info][gc,metaspace] GC(6) Metaspace: 157K(384K)->157K(384K) NonClass: 149K(256K)->149K(256K) Class: 8K(128K)->8K(128K)
[1.001s][info][gc          ] GC(6) Pause Young (Normal) (G1 Evacuation Pause) 43M->8M(64M) 2.981ms
[1.001s][info][gc,cpu      ] GC(6) User=0.00s Sys=0.00s Real=0.00s
[1.097s][info][gc,start    ] GC(7) Pause Young (Normal) (G1 Evacuation Pause)
[1.098s][info][gc,task     ] GC(7) Using 4 workers of 8 for evacuation
[1.100s][info][gc,phases   ] GC(7)   Pre Evacuate Collection Set: 0.2ms
[1.100s][info][gc,phases   ] GC(7)   Merge Heap Roots: 0.2ms
[1.100s][info][gc,phases   ] GC(7)   Evacuate Collection Set: 0.8ms
[1.100s][info][gc,phases   ] GC(7)   Post Evacuate Collection Set: 0.6ms
[1.100s][info][gc,phases   ] GC(7)   Other: 0.4ms
[1.100s][info][gc,heap     ] GC(7) Eden regions: 34->0(33)
[1.100s][info][gc,heap     ] GC(7) Survivor regions: 4->5(5)
[1.100s][info][gc,heap     ] GC(7) Old regions: 6->6
[1.100s][info][gc,heap     ] GC(7) Archive regions: 0->0
[1.100s][info][gc,heap     ] GC(7) Humongous regions: 0->0
[1.100s][info][gc,metaspace] GC(7) Metaspace: 157K(384K)->157K(384K) NonClass: 149K(256K)->149K(256K) Class: 8K(128K)->8K(128K)
[1.100s][info][gc          ] GC(7) Pause Young (Normal) (G1 Evacuation Pause) 42M->9M(64M) 2.958ms
[1.101s][info][gc,cpu      ] GC(7) User=0.00s Sys=0.00s Real=0.00s
[1.245s][info][gc,start    ] GC(8) Pause Young (Normal) (G1 Evacuation Pause)
[1.245s][info][gc,task     ] GC(8) Using 4 workers of 8 for evacuation
[1.247s][info][gc,phases   ] GC(8)   Pre Evacuate Collection Set: 0.2ms
[1.247s][info][gc,phases   ] GC(8)   Merge Heap Roots: 0.2ms
[1.247s][info][gc,phases   ] GC(8)   Evacuate Collection Set: 0.7ms
[1.247s][info][gc,phases   ] GC(8)   Post Evacuate Collection Set: 0.9ms
[1.247s][info][gc,phases   ] GC(8)   Other: 0.4ms
[1.247s][info][gc,heap     ] GC(8) Eden regions: 33->0(35)
[1.248s][info][gc,heap     ] GC(8) Survivor regions: 5->3(5)
[1.248s][info][gc,heap     ] GC(8) Old regions: 6->6
[1.248s][info][gc,heap     ] GC(8) Archive regions: 0->0
[1.248s][info][gc,heap     ] GC(8) Humongous regions: 0->0
[1.248s][info][gc,metaspace] GC(8) Metaspace: 157K(384K)->157K(384K) NonClass: 149K(256K)->149K(256K) Class: 8K(128K)->8K(128K)
[1.248s][info][gc          ] GC(8) Pause Young (Normal) (G1 Evacuation Pause) 42M->7M(64M) 2.955ms
[1.248s][info][gc,cpu      ] GC(8) User=0.06s Sys=0.00s Real=0.00s
[1.395s][info][gc,start    ] GC(9) Pause Young (Normal) (G1 Evacuation Pause)
[1.395s][info][gc,task     ] GC(9) Using 4 workers of 8 for evacuation
[1.397s][info][gc,phases   ] GC(9)   Pre Evacuate Collection Set: 0.2ms
[1.397s][info][gc,phases   ] GC(9)   Merge Heap Roots: 0.1ms
[1.397s][info][gc,phases   ] GC(9)   Evacuate Collection Set: 0.7ms
[1.397s][info][gc,phases   ] GC(9)   Post Evacuate Collection Set: 0.8ms
[1.397s][info][gc,phases   ] GC(9)   Other: 0.3ms
[1.397s][info][gc,heap     ] GC(9) Eden regions: 35->0(34)
[1.397s][info][gc,heap     ] GC(9) Survivor regions: 3->4(5)
[1.397s][info][gc,heap     ] GC(9) Old regions: 6->6
[1.397s][info][gc,heap     ] GC(9) Archive regions: 0->0
[1.397s][info][gc,heap     ] GC(9) Humongous regions: 0->0
[1.397s][info][gc,metaspace] GC(9) Metaspace: 157K(384K)->157K(384K) NonClass: 149K(256K)->149K(256K) Class: 8K(128K)->8K(128K)
[1.398s][info][gc          ] GC(9) Pause Young (Normal) (G1 Evacuation Pause) 42M->8M(64M) 2.627ms
[1.398s][info][gc,cpu      ] GC(9) User=0.00s Sys=0.00s Real=0.00s
[1.497s][info][gc,start    ] GC(10) Pause Young (Normal) (G1 Evacuation Pause)
[1.497s][info][gc,task     ] GC(10) Using 4 workers of 8 for evacuation
[1.500s][info][gc,phases   ] GC(10)   Pre Evacuate Collection Set: 0.2ms
[1.500s][info][gc,phases   ] GC(10)   Merge Heap Roots: 0.2ms
[1.500s][info][gc,phases   ] GC(10)   Evacuate Collection Set: 0.8ms
[1.500s][info][gc,phases   ] GC(10)   Post Evacuate Collection Set: 0.8ms
[1.500s][info][gc,phases   ] GC(10)   Other: 0.4ms
[1.500s][info][gc,heap     ] GC(10) Eden regions: 34->0(33)
[1.500s][info][gc,heap     ] GC(10) Survivor regions: 4->5(5)
[1.500s][info][gc,heap     ] GC(10) Old regions: 6->6
[1.500s][info][gc,heap     ] GC(10) Archive regions: 0->0
[1.500s][info][gc,heap     ] GC(10) Humongous regions: 0->0
[1.500s][info][gc,metaspace] GC(10) Metaspace: 157K(384K)->157K(384K) NonClass: 149K(256K)->149K(256K) Class: 8K(128K)->8K(128K)
[1.500s][info][gc          ] GC(10) Pause Young (Normal) (G1 Evacuation Pause) 42M->9M(64M) 3.092ms
[1.501s][info][gc,cpu      ] GC(10) User=0.00s Sys=0.00s Real=0.00s
[1.648s][info][gc,start    ] GC(11) Pause Young (Normal) (G1 Evacuation Pause)
[1.648s][info][gc,task     ] GC(11) Using 4 workers of 8 for evacuation
[1.649s][info][gc,phases   ] GC(11)   Pre Evacuate Collection Set: 0.1ms
[1.650s][info][gc,phases   ] GC(11)   Merge Heap Roots: 0.1ms
[1.650s][info][gc,phases   ] GC(11)   Evacuate Collection Set: 0.5ms
[1.650s][info][gc,phases   ] GC(11)   Post Evacuate Collection Set: 0.6ms
[1.650s][info][gc,phases   ] GC(11)   Other: 0.4ms
[1.650s][info][gc,heap     ] GC(11) Eden regions: 33->0(35)
[1.650s][info][gc,heap     ] GC(11) Survivor regions: 5->3(5)
[1.650s][info][gc,heap     ] GC(11) Old regions: 6->6
[1.650s][info][gc,heap     ] GC(11) Archive regions: 0->0
[1.650s][info][gc,heap     ] GC(11) Humongous regions: 0->0
[1.650s][info][gc,metaspace] GC(11) Metaspace: 157K(384K)->157K(384K) NonClass: 149K(256K)->149K(256K) Class: 8K(128K)->8K(128K)
[1.650s][info][gc          ] GC(11) Pause Young (Normal) (G1 Evacuation Pause) 42M->7M(64M) 2.336ms
[1.650s][info][gc,cpu      ] GC(11) User=0.00s Sys=0.00s Real=0.00s
[1.796s][info][gc,start    ] GC(12) Pause Young (Normal) (G1 Evacuation Pause)
[1.796s][info][gc,task     ] GC(12) Using 4 workers of 8 for evacuation
[1.799s][info][gc,phases   ] GC(12)   Pre Evacuate Collection Set: 0.2ms
[1.799s][info][gc,phases   ] GC(12)   Merge Heap Roots: 0.2ms
[1.799s][info][gc,phases   ] GC(12)   Evacuate Collection Set: 1.0ms
[1.799s][info][gc,phases   ] GC(12)   Post Evacuate Collection Set: 1.0ms
[1.799s][info][gc,phases   ] GC(12)   Other: 0.4ms
[1.799s][info][gc,heap     ] GC(12) Eden regions: 35->0(33)
[1.799s][info][gc,heap     ] GC(12) Survivor regions: 3->5(5)
[1.799s][info][gc,heap     ] GC(12) Old regions: 6->6
[1.799s][info][gc,heap     ] GC(12) Archive regions: 0->0
[1.799s][info][gc,heap     ] GC(12) Humongous regions: 0->0
[1.799s][info][gc,metaspace] GC(12) Metaspace: 157K(384K)->157K(384K) NonClass: 149K(256K)->149K(256K) Class: 8K(128K)->8K(128K)
[1.799s][info][gc          ] GC(12) Pause Young (Normal) (G1 Evacuation Pause) 42M->9M(64M) 3.291ms
[1.799s][info][gc,cpu      ] GC(12) User=0.00s Sys=0.00s Real=0.00s
[1.897s][info][gc,start    ] GC(13) Pause Young (Normal) (G1 Evacuation Pause)
[1.897s][info][gc,task     ] GC(13) Using 4 workers of 8 for evacuation
[1.899s][info][gc,phases   ] GC(13)   Pre Evacuate Collection Set: 0.2ms
[1.899s][info][gc,phases   ] GC(13)   Merge Heap Roots: 0.2ms
[1.899s][info][gc,phases   ] GC(13)   Evacuate Collection Set: 0.8ms
[1.899s][info][gc,phases   ] GC(13)   Post Evacuate Collection Set: 0.7ms
[1.899s][info][gc,phases   ] GC(13)   Other: 0.3ms
[1.899s][info][gc,heap     ] GC(13) Eden regions: 33->0(34)
[1.899s][info][gc,heap     ] GC(13) Survivor regions: 5->4(5)
[1.899s][info][gc,heap     ] GC(13) Old regions: 6->6
[1.899s][info][gc,heap     ] GC(13) Archive regions: 0->0
[1.900s][info][gc,heap     ] GC(13) Humongous regions: 0->0
[1.900s][info][gc,metaspace] GC(13) Metaspace: 157K(384K)->157K(384K) NonClass: 149K(256K)->149K(256K) Class: 8K(128K)->8K(128K)
[1.900s][info][gc          ] GC(13) Pause Young (Normal) (G1 Evacuation Pause) 42M->8M(64M) 2.680ms
[1.900s][info][gc,cpu      ] GC(13) User=0.00s Sys=0.00s Real=0.00s
[2.048s][info][gc,start    ] GC(14) Pause Young (Normal) (G1 Evacuation Pause)
[2.048s][info][gc,task     ] GC(14) Using 4 workers of 8 for evacuation
[2.050s][info][gc,phases   ] GC(14)   Pre Evacuate Collection Set: 0.2ms
[2.050s][info][gc,phases   ] GC(14)   Merge Heap Roots: 0.2ms
[2.050s][info][gc,phases   ] GC(14)   Evacuate Collection Set: 0.8ms
[2.050s][info][gc,phases   ] GC(14)   Post Evacuate Collection Set: 0.7ms
[2.050s][info][gc,phases   ] GC(14)   Other: 0.5ms
[2.050s][info][gc,heap     ] GC(14) Eden regions: 34->0(33)
[2.050s][info][gc,heap     ] GC(14) Survivor regions: 4->5(5)
[2.050s][info][gc,heap     ] GC(14) Old regions: 6->6
[2.050s][info][gc,heap     ] GC(14) Archive regions: 0->0
[2.050s][info][gc,heap     ] GC(14) Humongous regions: 0->0
[2.050s][info][gc,metaspace] GC(14) Metaspace: 157K(384K)->157K(384K) NonClass: 149K(256K)->149K(256K) Class: 8K(128K)->8K(128K)
[2.051s][info][gc          ] GC(14) Pause Young (Normal) (G1 Evacuation Pause) 42M->9M(64M) 2.920ms
[2.051s][info][gc,cpu      ] GC(14) User=0.00s Sys=0.00s Real=0.00s
[2.195s][info][gc,start    ] GC(15) Pause Young (Normal) (G1 Evacuation Pause)
[2.195s][info][gc,task     ] GC(15) Using 4 workers of 8 for evacuation
[2.197s][info][gc,phases   ] GC(15)   Pre Evacuate Collection Set: 0.2ms
[2.197s][info][gc,phases   ] GC(15)   Merge Heap Roots: 0.2ms
[2.197s][info][gc,phases   ] GC(15)   Evacuate Collection Set: 0.5ms
[2.197s][info][gc,phases   ] GC(15)   Post Evacuate Collection Set: 0.7ms
[2.197s][info][gc,phases   ] GC(15)   Other: 0.3ms
[2.197s][info][gc,heap     ] GC(15) Eden regions: 33->0(35)
[2.197s][info][gc,heap     ] GC(15) Survivor regions: 5->3(5)
[2.197s][info][gc,heap     ] GC(15) Old regions: 6->6
[2.197s][info][gc,heap     ] GC(15) Archive regions: 0->0
[2.197s][info][gc,heap     ] GC(15) Humongous regions: 0->0
[2.197s][info][gc,metaspace] GC(15) Metaspace: 157K(384K)->157K(384K) NonClass: 149K(256K)->149K(256K) Class: 8K(128K)->8K(128K)
[2.197s][info][gc          ] GC(15) Pause Young (Normal) (G1 Evacuation Pause) 42M->7M(64M) 2.406ms
[2.197s][info][gc,cpu      ] GC(15) User=0.00s Sys=0.00s Real=0.00s
[2.297s][info][gc,start    ] GC(16) Pause Young (Normal) (G1 Evacuation Pause)
[2.297s][info][gc,task     ] GC(16) Using 4 workers of 8 for evacuation
[2.299s][info][gc,phases   ] GC(16)   Pre Evacuate Collection Set: 0.2ms
[2.300s][info][gc,phases   ] GC(16)   Merge Heap Roots: 0.2ms
[2.300s][info][gc,phases   ] GC(16)   Evacuate Collection Set: 0.9ms
[2.300s][info][gc,phases   ] GC(16)   Post Evacuate Collection Set: 0.7ms
[2.300s][info][gc,phases   ] GC(16)   Other: 0.4ms
[2.300s][info][gc,heap     ] GC(16) Eden regions: 35->0(33)
[2.300s][info][gc,heap     ] GC(16) Survivor regions: 3->5(5)
[2.300s][info][gc,heap     ] GC(16) Old regions: 6->6
[2.300s][info][gc,heap     ] GC(16) Archive regions: 0->0
[2.300s][info][gc,heap     ] GC(16) Humongous regions: 0->0
[2.300s][info][gc,metaspace] GC(16) Metaspace: 157K(384K)->157K(384K) NonClass: 149K(256K)->149K(256K) Class: 8K(128K)->8K(128K)
[2.300s][info][gc          ] GC(16) Pause Young (Normal) (G1 Evacuation Pause) 42M->9M(64M) 2.819ms
[2.300s][info][gc,cpu      ] GC(16) User=0.00s Sys=0.00s Real=0.00s
[2.446s][info][gc,start    ] GC(17) Pause Young (Normal) (G1 Evacuation Pause)
[2.446s][info][gc,task     ] GC(17) Using 4 workers of 8 for evacuation
[2.448s][info][gc,phases   ] GC(17)   Pre Evacuate Collection Set: 0.2ms
[2.448s][info][gc,phases   ] GC(17)   Merge Heap Roots: 0.2ms
[2.448s][info][gc,phases   ] GC(17)   Evacuate Collection Set: 0.8ms
[2.448s][info][gc,phases   ] GC(17)   Post Evacuate Collection Set: 0.8ms
[2.448s][info][gc,phases   ] GC(17)   Other: 0.3ms
[2.448s][info][gc,heap     ] GC(17) Eden regions: 33->0(35)
[2.448s][info][gc,heap     ] GC(17) Survivor regions: 5->3(5)
[2.448s][info][gc,heap     ] GC(17) Old regions: 6->6
[2.448s][info][gc,heap     ] GC(17) Archive regions: 0->0
[2.448s][info][gc,heap     ] GC(17) Humongous regions: 0->0
[2.448s][info][gc,metaspace] GC(17) Metaspace: 158K(384K)->158K(384K) NonClass: 149K(256K)->149K(256K) Class: 8K(128K)->8K(128K)
[2.448s][info][gc          ] GC(17) Pause Young (Normal) (G1 Evacuation Pause) 42M->8M(64M) 2.823ms
[2.449s][info][gc,cpu      ] GC(17) User=0.00s Sys=0.00s Real=0.00s
[2.597s][info][gc,start    ] GC(18) Pause Young (Normal) (G1 Evacuation Pause)
[2.597s][info][gc,task     ] GC(18) Using 4 workers of 8 for evacuation
[2.599s][info][gc,phases   ] GC(18)   Pre Evacuate Collection Set: 0.2ms
[2.599s][info][gc,phases   ] GC(18)   Merge Heap Roots: 0.2ms
[2.599s][info][gc,phases   ] GC(18)   Evacuate Collection Set: 1.0ms
[2.599s][info][gc,phases   ] GC(18)   Post Evacuate Collection Set: 0.9ms
[2.599s][info][gc,phases   ] GC(18)   Other: 0.3ms
[2.600s][info][gc,heap     ] GC(18) Eden regions: 35->0(33)
[2.600s][info][gc,heap     ] GC(18) Survivor regions: 3->5(5)
[2.600s][info][gc,heap     ] GC(18) Old regions: 6->6
[2.600s][info][gc,heap     ] GC(18) Archive regions: 0->0
[2.600s][info][gc,heap     ] GC(18) Humongous regions: 0->0
[2.600s][info][gc,metaspace] GC(18) Metaspace: 158K(384K)->158K(384K) NonClass: 149K(256K)->149K(256K) Class: 8K(128K)->8K(128K)
[2.600s][info][gc          ] GC(18) Pause Young (Normal) (G1 Evacuation Pause) 43M->10M(64M) 3.079ms
[2.600s][info][gc,cpu      ] GC(18) User=0.00s Sys=0.00s Real=0.00s
[2.698s][info][gc,start    ] GC(19) Pause Young (Normal) (G1 Evacuation Pause)
[2.698s][info][gc,task     ] GC(19) Using 4 workers of 8 for evacuation
[2.701s][info][gc,phases   ] GC(19)   Pre Evacuate Collection Set: 0.2ms
[2.701s][info][gc,phases   ] GC(19)   Merge Heap Roots: 0.2ms
[2.701s][info][gc,phases   ] GC(19)   Evacuate Collection Set: 0.7ms
[2.701s][info][gc,phases   ] GC(19)   Post Evacuate Collection Set: 0.9ms
[2.701s][info][gc,phases   ] GC(19)   Other: 0.3ms
[2.701s][info][gc,heap     ] GC(19) Eden regions: 33->0(34)
[2.701s][info][gc,heap     ] GC(19) Survivor regions: 5->4(5)
[2.701s][info][gc,heap     ] GC(19) Old regions: 6->6
[2.701s][info][gc,heap     ] GC(19) Archive regions: 0->0
[2.701s][info][gc,heap     ] GC(19) Humongous regions: 0->0
[2.701s][info][gc,metaspace] GC(19) Metaspace: 158K(384K)->158K(384K) NonClass: 149K(256K)->149K(256K) Class: 8K(128K)->8K(128K)
[2.701s][info][gc          ] GC(19) Pause Young (Normal) (G1 Evacuation Pause) 43M->8M(64M) 2.855ms
[2.701s][info][gc,cpu      ] GC(19) User=0.06s Sys=0.00s Real=0.00s
[2.847s][info][gc,start    ] GC(20) Pause Young (Normal) (G1 Evacuation Pause)
[2.847s][info][gc,task     ] GC(20) Using 4 workers of 8 for evacuation
[2.849s][info][gc,phases   ] GC(20)   Pre Evacuate Collection Set: 0.2ms
[2.849s][info][gc,phases   ] GC(20)   Merge Heap Roots: 0.2ms
[2.849s][info][gc,phases   ] GC(20)   Evacuate Collection Set: 0.7ms
[2.849s][info][gc,phases   ] GC(20)   Post Evacuate Collection Set: 0.8ms
[2.849s][info][gc,phases   ] GC(20)   Other: 0.3ms
[2.849s][info][gc,heap     ] GC(20) Eden regions: 34->0(33)
[2.849s][info][gc,heap     ] GC(20) Survivor regions: 4->5(5)
[2.849s][info][gc,heap     ] GC(20) Old regions: 6->6
[2.849s][info][gc,heap     ] GC(20) Archive regions: 0->0
[2.849s][info][gc,heap     ] GC(20) Humongous regions: 0->0
[2.849s][info][gc,metaspace] GC(20) Metaspace: 160K(384K)->160K(384K) NonClass: 151K(256K)->151K(256K) Class: 8K(128K)->8K(128K)
[2.849s][info][gc          ] GC(20) Pause Young (Normal) (G1 Evacuation Pause) 42M->9M(64M) 2.604ms
[2.849s][info][gc,cpu      ] GC(20) User=0.00s Sys=0.00s Real=0.00s
[2.996s][info][gc,start    ] GC(21) Pause Young (Normal) (G1 Evacuation Pause)
[2.996s][info][gc,task     ] GC(21) Using 4 workers of 8 for evacuation
[2.998s][info][gc,phases   ] GC(21)   Pre Evacuate Collection Set: 0.2ms
[2.998s][info][gc,phases   ] GC(21)   Merge Heap Roots: 0.2ms
[2.998s][info][gc,phases   ] GC(21)   Evacuate Collection Set: 0.6ms
[2.998s][info][gc,phases   ] GC(21)   Post Evacuate Collection Set: 0.8ms
[2.998s][info][gc,phases   ] GC(21)   Other: 0.3ms
[2.998s][info][gc,heap     ] GC(21) Eden regions: 33->0(34)
[2.998s][info][gc,heap     ] GC(21) Survivor regions: 5->4(5)
[2.998s][info][gc,heap     ] GC(21) Old regions: 6->6
[2.998s][info][gc,heap     ] GC(21) Archive regions: 0->0
[2.998s][info][gc,heap     ] GC(21) Humongous regions: 0->0
[2.998s][info][gc,metaspace] GC(21) Metaspace: 160K(384K)->160K(384K) NonClass: 151K(256K)->151K(256K) Class: 8K(128K)->8K(128K)
[2.999s][info][gc          ] GC(21) Pause Young (Normal) (G1 Evacuation Pause) 42M->8M(64M) 2.580ms
[2.999s][info][gc,cpu      ] GC(21) User=0.00s Sys=0.00s Real=0.00s
[3.097s][info][gc,start    ] GC(22) Pause Young (Normal) (G1 Evacuation Pause)
[3.097s][info][gc,task     ] GC(22) Using 4 workers of 8 for evacuation
[3.099s][info][gc,phases   ] GC(22)   Pre Evacuate Collection Set: 0.2ms
[3.099s][info][gc,phases   ] GC(22)   Merge Heap Roots: 0.2ms
[3.099s][info][gc,phases   ] GC(22)   Evacuate Collection Set: 0.7ms
[3.100s][info][gc,phases   ] GC(22)   Post Evacuate Collection Set: 0.8ms
[3.100s][info][gc,phases   ] GC(22)   Other: 0.3ms
[3.100s][info][gc,heap     ] GC(22) Eden regions: 34->0(35)
[3.100s][info][gc,heap     ] GC(22) Survivor regions: 4->3(5)
[3.100s][info][gc,heap     ] GC(22) Old regions: 6->6
[3.100s][info][gc,heap     ] GC(22) Archive regions: 0->0
[3.100s][info][gc,heap     ] GC(22) Humongous regions: 0->0
[3.100s][info][gc,metaspace] GC(22) Metaspace: 160K(384K)->160K(384K) NonClass: 151K(256K)->151K(256K) Class: 8K(128K)->8K(128K)
[3.100s][info][gc          ] GC(22) Pause Young (Normal) (G1 Evacuation Pause) 42M->8M(64M) 2.542ms
[3.100s][info][gc,cpu      ] GC(22) User=0.00s Sys=0.00s Real=0.00s
[3.247s][info][gc,start    ] GC(23) Pause Young (Normal) (G1 Evacuation Pause)
[3.247s][info][gc,task     ] GC(23) Using 4 workers of 8 for evacuation
[3.249s][info][gc,phases   ] GC(23)   Pre Evacuate Collection Set: 0.2ms
[3.250s][info][gc,phases   ] GC(23)   Merge Heap Roots: 0.2ms
[3.250s][info][gc,phases   ] GC(23)   Evacuate Collection Set: 0.7ms
[3.250s][info][gc,phases   ] GC(23)   Post Evacuate Collection Set: 0.9ms
[3.250s][info][gc,phases   ] GC(23)   Other: 0.3ms
[3.250s][info][gc,heap     ] GC(23) Eden regions: 35->0(34)
[3.250s][info][gc,heap     ] GC(23) Survivor regions: 3->4(5)
[3.250s][info][gc,heap     ] GC(23) Old regions: 6->6
[3.250s][info][gc,heap     ] GC(23) Archive regions: 0->0
[3.250s][info][gc,heap     ] GC(23) Humongous regions: 0->0
[3.250s][info][gc,metaspace] GC(23) Metaspace: 160K(384K)->160K(384K) NonClass: 151K(256K)->151K(256K) Class: 8K(128K)->8K(128K)
[3.250s][info][gc          ] GC(23) Pause Young (Normal) (G1 Evacuation Pause) 43M->9M(64M) 2.852ms
[3.250s][info][gc,cpu      ] GC(23) User=0.00s Sys=0.00s Real=0.00s
[3.396s][info][gc,start    ] GC(24) Pause Young (Normal) (G1 Evacuation Pause)
[3.396s][info][gc,task     ] GC(24) Using 4 workers of 8 for evacuation
[3.398s][info][gc,phases   ] GC(24)   Pre Evacuate Collection Set: 0.2ms
[3.398s][info][gc,phases   ] GC(24)   Merge Heap Roots: 0.2ms
[3.398s][info][gc,phases   ] GC(24)   Evacuate Collection Set: 0.6ms
[3.398s][info][gc,phases   ] GC(24)   Post Evacuate Collection Set: 0.8ms
[3.398s][info][gc,phases   ] GC(24)   Other: 0.3ms
[3.398s][info][gc,heap     ] GC(24) Eden regions: 34->0(34)
[3.398s][info][gc,heap     ] GC(24) Survivor regions: 4->4(5)
[3.398s][info][gc,heap     ] GC(24) Old regions: 6->6
[3.398s][info][gc,heap     ] GC(24) Archive regions: 0->0
[3.398s][info][gc,heap     ] GC(24) Humongous regions: 0->0
[3.398s][info][gc,metaspace] GC(24) Metaspace: 160K(384K)->160K(384K) NonClass: 151K(256K)->151K(256K) Class: 8K(128K)->8K(128K)
[3.398s][info][gc          ] GC(24) Pause Young (Normal) (G1 Evacuation Pause) 43M->9M(64M) 2.439ms
[3.399s][info][gc,cpu      ] GC(24) User=0.00s Sys=0.00s Real=0.00s
[3.498s][info][gc,start    ] GC(25) Pause Young (Normal) (G1 Evacuation Pause)
[3.498s][info][gc,task     ] GC(25) Using 4 workers of 8 for evacuation
[3.500s][info][gc,phases   ] GC(25)   Pre Evacuate Collection Set: 0.2ms
[3.500s][info][gc,phases   ] GC(25)   Merge Heap Roots: 0.2ms
[3.500s][info][gc,phases   ] GC(25)   Evacuate Collection Set: 0.9ms
[3.500s][info][gc,phases   ] GC(25)   Post Evacuate Collection Set: 0.8ms
[3.500s][info][gc,phases   ] GC(25)   Other: 0.3ms
[3.500s][info][gc,heap     ] GC(25) Eden regions: 34->0(33)
[3.501s][info][gc,heap     ] GC(25) Survivor regions: 4->5(5)
[3.501s][info][gc,heap     ] GC(25) Old regions: 6->6
[3.501s][info][gc,heap     ] GC(25) Archive regions: 0->0
[3.501s][info][gc,heap     ] GC(25) Humongous regions: 0->0
[3.501s][info][gc,metaspace] GC(25) Metaspace: 160K(384K)->160K(384K) NonClass: 152K(256K)->152K(256K) Class: 8K(128K)->8K(128K)
[3.501s][info][gc          ] GC(25) Pause Young (Normal) (G1 Evacuation Pause) 43M->10M(64M) 2.905ms
[3.501s][info][gc,cpu      ] GC(25) User=0.00s Sys=0.00s Real=0.00s
[3.645s][info][gc,start    ] GC(26) Pause Young (Normal) (G1 Evacuation Pause)
[3.646s][info][gc,task     ] GC(26) Using 4 workers of 8 for evacuation
[3.647s][info][gc,phases   ] GC(26)   Pre Evacuate Collection Set: 0.1ms
[3.647s][info][gc,phases   ] GC(26)   Merge Heap Roots: 0.1ms
[3.647s][info][gc,phases   ] GC(26)   Evacuate Collection Set: 0.8ms
[3.647s][info][gc,phases   ] GC(26)   Post Evacuate Collection Set: 0.6ms
[3.648s][info][gc,phases   ] GC(26)   Other: 0.3ms
[3.648s][info][gc,heap     ] GC(26) Eden regions: 33->0(34)
[3.648s][info][gc,heap     ] GC(26) Survivor regions: 5->4(5)
[3.648s][info][gc,heap     ] GC(26) Old regions: 6->6
[3.648s][info][gc,heap     ] GC(26) Archive regions: 0->0
[3.648s][info][gc,heap     ] GC(26) Humongous regions: 0->0
[3.648s][info][gc,metaspace] GC(26) Metaspace: 160K(384K)->160K(384K) NonClass: 152K(256K)->152K(256K) Class: 8K(128K)->8K(128K)
[3.648s][info][gc          ] GC(26) Pause Young (Normal) (G1 Evacuation Pause) 43M->8M(64M) 2.316ms
[3.648s][info][gc,cpu      ] GC(26) User=0.00s Sys=0.00s Real=0.00s
[3.795s][info][gc,start    ] GC(27) Pause Young (Normal) (G1 Evacuation Pause)
[3.795s][info][gc,task     ] GC(27) Using 4 workers of 8 for evacuation
[3.798s][info][gc,phases   ] GC(27)   Pre Evacuate Collection Set: 0.2ms
[3.798s][info][gc,phases   ] GC(27)   Merge Heap Roots: 0.1ms
[3.798s][info][gc,phases   ] GC(27)   Evacuate Collection Set: 1.7ms
[3.798s][info][gc,phases   ] GC(27)   Post Evacuate Collection Set: 0.8ms
[3.798s][info][gc,phases   ] GC(27)   Other: 0.5ms
[3.798s][info][gc,heap     ] GC(27) Eden regions: 34->0(33)
[3.798s][info][gc,heap     ] GC(27) Survivor regions: 4->5(5)
[3.798s][info][gc,heap     ] GC(27) Old regions: 6->6
[3.798s][info][gc,heap     ] GC(27) Archive regions: 0->0
[3.798s][info][gc,heap     ] GC(27) Humongous regions: 0->0
[3.798s][info][gc,metaspace] GC(27) Metaspace: 160K(384K)->160K(384K) NonClass: 152K(256K)->152K(256K) Class: 8K(128K)->8K(128K)
[3.799s][info][gc          ] GC(27) Pause Young (Normal) (G1 Evacuation Pause) 42M->9M(64M) 3.752ms
[3.799s][info][gc,cpu      ] GC(27) User=0.00s Sys=0.00s Real=0.00s
[3.898s][info][gc,start    ] GC(28) Pause Young (Normal) (G1 Evacuation Pause)
[3.898s][info][gc,task     ] GC(28) Using 4 workers of 8 for evacuation
[3.900s][info][gc,phases   ] GC(28)   Pre Evacuate Collection Set: 0.2ms
[3.901s][info][gc,phases   ] GC(28)   Merge Heap Roots: 0.2ms
[3.901s][info][gc,phases   ] GC(28)   Evacuate Collection Set: 1.1ms
[3.901s][info][gc,phases   ] GC(28)   Post Evacuate Collection Set: 0.7ms
[3.901s][info][gc,phases   ] GC(28)   Other: 0.4ms
[3.901s][info][gc,heap     ] GC(28) Eden regions: 33->0(35)
[3.901s][info][gc,heap     ] GC(28) Survivor regions: 5->3(5)
[3.901s][info][gc,heap     ] GC(28) Old regions: 6->6
[3.901s][info][gc,heap     ] GC(28) Archive regions: 0->0
[3.901s][info][gc,heap     ] GC(28) Humongous regions: 0->0
[3.901s][info][gc,metaspace] GC(28) Metaspace: 160K(384K)->160K(384K) NonClass: 152K(256K)->152K(256K) Class: 8K(128K)->8K(128K)
[3.901s][info][gc          ] GC(28) Pause Young (Normal) (G1 Evacuation Pause) 42M->8M(64M) 3.082ms
[3.901s][info][gc,cpu      ] GC(28) User=0.00s Sys=0.00s Real=0.00s
[4.047s][info][gc,start    ] GC(29) Pause Young (Normal) (G1 Evacuation Pause)
[4.047s][info][gc,task     ] GC(29) Using 4 workers of 8 for evacuation
[4.049s][info][gc,phases   ] GC(29)   Pre Evacuate Collection Set: 0.1ms
[4.049s][info][gc,phases   ] GC(29)   Merge Heap Roots: 0.1ms
[4.049s][info][gc,phases   ] GC(29)   Evacuate Collection Set: 0.9ms
[4.049s][info][gc,phases   ] GC(29)   Post Evacuate Collection Set: 0.7ms
[4.049s][info][gc,phases   ] GC(29)   Other: 0.3ms
[4.050s][info][gc,heap     ] GC(29) Eden regions: 35->0(33)
[4.050s][info][gc,heap     ] GC(29) Survivor regions: 3->5(5)
[4.050s][info][gc,heap     ] GC(29) Old regions: 6->6
[4.050s][info][gc,heap     ] GC(29) Archive regions: 0->0
[4.050s][info][gc,heap     ] GC(29) Humongous regions: 0->0
[4.050s][info][gc,metaspace] GC(29) Metaspace: 160K(384K)->160K(384K) NonClass: 152K(256K)->152K(256K) Class: 8K(128K)->8K(128K)
[4.050s][info][gc          ] GC(29) Pause Young (Normal) (G1 Evacuation Pause) 43M->10M(64M) 2.797ms
[4.050s][info][gc,cpu      ] GC(29) User=0.00s Sys=0.00s Real=0.00s
[4.196s][info][gc,start    ] GC(30) Pause Young (Normal) (G1 Evacuation Pause)
[4.196s][info][gc,task     ] GC(30) Using 4 workers of 8 for evacuation
[4.198s][info][gc,phases   ] GC(30)   Pre Evacuate Collection Set: 0.2ms
[4.198s][info][gc,phases   ] GC(30)   Merge Heap Roots: 0.2ms
[4.198s][info][gc,phases   ] GC(30)   Evacuate Collection Set: 1.0ms
[4.198s][info][gc,phases   ] GC(30)   Post Evacuate Collection Set: 0.5ms
[4.198s][info][gc,phases   ] GC(30)   Other: 0.3ms
[4.198s][info][gc,heap     ] GC(30) Eden regions: 33->0(35)
[4.198s][info][gc,heap     ] GC(30) Survivor regions: 5->3(5)
[4.198s][info][gc,heap     ] GC(30) Old regions: 6->6
[4.198s][info][gc,heap     ] GC(30) Archive regions: 0->0
[4.198s][info][gc,heap     ] GC(30) Humongous regions: 0->0
[4.198s][info][gc,metaspace] GC(30) Metaspace: 160K(384K)->160K(384K) NonClass: 152K(256K)->152K(256K) Class: 8K(128K)->8K(128K)
[4.198s][info][gc          ] GC(30) Pause Young (Normal) (G1 Evacuation Pause) 43M->8M(64M) 2.615ms
[4.198s][info][gc,cpu      ] GC(30) User=0.00s Sys=0.00s Real=0.00s
[4.297s][info][gc,start    ] GC(31) Pause Young (Normal) (G1 Evacuation Pause)
[4.297s][info][gc,task     ] GC(31) Using 4 workers of 8 for evacuation
[4.298s][info][gc,phases   ] GC(31)   Pre Evacuate Collection Set: 0.1ms
[4.298s][info][gc,phases   ] GC(31)   Merge Heap Roots: 0.1ms
[4.298s][info][gc,phases   ] GC(31)   Evacuate Collection Set: 0.8ms
[4.298s][info][gc,phases   ] GC(31)   Post Evacuate Collection Set: 0.6ms
[4.299s][info][gc,phases   ] GC(31)   Other: 0.3ms
[4.299s][info][gc,heap     ] GC(31) Eden regions: 35->0(33)
[4.299s][info][gc,heap     ] GC(31) Survivor regions: 3->5(5)
[4.299s][info][gc,heap     ] GC(31) Old regions: 6->6
[4.299s][info][gc,heap     ] GC(31) Archive regions: 0->0
[4.299s][info][gc,heap     ] GC(31) Humongous regions: 0->0
[4.299s][info][gc,metaspace] GC(31) Metaspace: 160K(384K)->160K(384K) NonClass: 152K(256K)->152K(256K) Class: 8K(128K)->8K(128K)
[4.299s][info][gc          ] GC(31) Pause Young (Normal) (G1 Evacuation Pause) 43M->10M(64M) 2.197ms
[4.299s][info][gc,cpu      ] GC(31) User=0.00s Sys=0.00s Real=0.00s
[4.445s][info][gc,start    ] GC(32) Pause Young (Normal) (G1 Evacuation Pause)
[4.446s][info][gc,task     ] GC(32) Using 4 workers of 8 for evacuation
[4.448s][info][gc,phases   ] GC(32)   Pre Evacuate Collection Set: 0.1ms
[4.448s][info][gc,phases   ] GC(32)   Merge Heap Roots: 0.2ms
[4.448s][info][gc,phases   ] GC(32)   Evacuate Collection Set: 1.3ms
[4.448s][info][gc,phases   ] GC(32)   Post Evacuate Collection Set: 0.9ms
[4.448s][info][gc,phases   ] GC(32)   Other: 0.6ms
[4.448s][info][gc,heap     ] GC(32) Eden regions: 33->0(34)
[4.449s][info][gc,heap     ] GC(32) Survivor regions: 5->4(5)
[4.449s][info][gc,heap     ] GC(32) Old regions: 6->6
[4.449s][info][gc,heap     ] GC(32) Archive regions: 0->0
[4.449s][info][gc,heap     ] GC(32) Humongous regions: 0->0
[4.449s][info][gc,metaspace] GC(32) Metaspace: 161K(384K)->161K(384K) NonClass: 152K(256K)->152K(256K) Class: 8K(128K)->8K(128K)
[4.449s][info][gc          ] GC(32) Pause Young (Normal) (G1 Evacuation Pause) 43M->9M(64M) 3.431ms
[4.449s][info][gc,cpu      ] GC(32) User=0.00s Sys=0.00s Real=0.00s
[4.596s][info][gc,start    ] GC(33) Pause Young (Normal) (G1 Evacuation Pause)
[4.597s][info][gc,task     ] GC(33) Using 4 workers of 8 for evacuation
[4.599s][info][gc,phases   ] GC(33)   Pre Evacuate Collection Set: 0.2ms
[4.599s][info][gc,phases   ] GC(33)   Merge Heap Roots: 0.2ms
[4.599s][info][gc,phases   ] GC(33)   Evacuate Collection Set: 0.8ms
[4.599s][info][gc,phases   ] GC(33)   Post Evacuate Collection Set: 0.8ms
[4.599s][info][gc,phases   ] GC(33)   Other: 0.4ms
[4.599s][info][gc,heap     ] GC(33) Eden regions: 34->0(33)
[4.599s][info][gc,heap     ] GC(33) Survivor regions: 4->5(5)
[4.599s][info][gc,heap     ] GC(33) Old regions: 6->6
[4.599s][info][gc,heap     ] GC(33) Archive regions: 0->0
[4.599s][info][gc,heap     ] GC(33) Humongous regions: 0->0
[4.599s][info][gc,metaspace] GC(33) Metaspace: 161K(384K)->161K(384K) NonClass: 152K(256K)->152K(256K) Class: 8K(128K)->8K(128K)
[4.599s][info][gc          ] GC(33) Pause Young (Normal) (G1 Evacuation Pause) 43M->10M(64M) 2.909ms
[4.599s][info][gc,cpu      ] GC(33) User=0.00s Sys=0.00s Real=0.00s
[4.703s][info][gc,start    ] GC(34) Pause Young (Normal) (G1 Evacuation Pause)
[4.703s][info][gc,task     ] GC(34) Using 4 workers of 8 for evacuation
[4.705s][info][gc,phases   ] GC(34)   Pre Evacuate Collection Set: 0.1ms
[4.705s][info][gc,phases   ] GC(34)   Merge Heap Roots: 0.1ms
[4.705s][info][gc,phases   ] GC(34)   Evacuate Collection Set: 0.6ms
[4.705s][info][gc,phases   ] GC(34)   Post Evacuate Collection Set: 0.5ms
[4.705s][info][gc,phases   ] GC(34)   Other: 0.4ms
[4.705s][info][gc,heap     ] GC(34) Eden regions: 33->0(35)
[4.705s][info][gc,heap     ] GC(34) Survivor regions: 5->3(5)
[4.705s][info][gc,heap     ] GC(34) Old regions: 6->6
[4.706s][info][gc,heap     ] GC(34) Archive regions: 0->0
[4.706s][info][gc,heap     ] GC(34) Humongous regions: 0->0
[4.706s][info][gc,metaspace] GC(34) Metaspace: 161K(384K)->161K(384K) NonClass: 152K(256K)->152K(256K) Class: 8K(128K)->8K(128K)
[4.706s][info][gc          ] GC(34) Pause Young (Normal) (G1 Evacuation Pause) 43M->8M(64M) 2.514ms
[4.706s][info][gc,cpu      ] GC(34) User=0.00s Sys=0.00s Real=0.00s
[4.847s][info][gc,start    ] GC(35) Pause Young (Normal) (G1 Evacuation Pause)
[4.847s][info][gc,task     ] GC(35) Using 4 workers of 8 for evacuation
[4.849s][info][gc,phases   ] GC(35)   Pre Evacuate Collection Set: 0.2ms
[4.850s][info][gc,phases   ] GC(35)   Merge Heap Roots: 0.2ms
[4.850s][info][gc,phases   ] GC(35)   Evacuate Collection Set: 1.1ms
[4.850s][info][gc,phases   ] GC(35)   Post Evacuate Collection Set: 0.9ms
[4.850s][info][gc,phases   ] GC(35)   Other: 0.3ms
[4.850s][info][gc,heap     ] GC(35) Eden regions: 35->0(33)
[4.850s][info][gc,heap     ] GC(35) Survivor regions: 3->5(5)
[4.850s][info][gc,heap     ] GC(35) Old regions: 6->6
[4.850s][info][gc,heap     ] GC(35) Archive regions: 0->0
[4.850s][info][gc,heap     ] GC(35) Humongous regions: 0->0
[4.850s][info][gc,metaspace] GC(35) Metaspace: 161K(384K)->161K(384K) NonClass: 152K(256K)->152K(256K) Class: 8K(128K)->8K(128K)
[4.850s][info][gc          ] GC(35) Pause Young (Normal) (G1 Evacuation Pause) 43M->10M(64M) 3.217ms
[4.850s][info][gc,cpu      ] GC(35) User=0.00s Sys=0.00s Real=0.00s
[4.997s][info][gc,start    ] GC(36) Pause Young (Normal) (G1 Evacuation Pause)
[4.997s][info][gc,task     ] GC(36) Using 4 workers of 8 for evacuation
[4.999s][info][gc,phases   ] GC(36)   Pre Evacuate Collection Set: 0.1ms
[5.000s][info][gc,phases   ] GC(36)   Merge Heap Roots: 0.1ms
[5.000s][info][gc,phases   ] GC(36)   Evacuate Collection Set: 0.9ms
[5.000s][info][gc,phases   ] GC(36)   Post Evacuate Collection Set: 0.7ms
[5.000s][info][gc,phases   ] GC(36)   Other: 0.5ms
[5.000s][info][gc,heap     ] GC(36) Eden regions: 33->0(34)
[5.000s][info][gc,heap     ] GC(36) Survivor regions: 5->4(5)
[5.000s][info][gc,heap     ] GC(36) Old regions: 6->6
[5.000s][info][gc,heap     ] GC(36) Archive regions: 0->0
[5.000s][info][gc,heap     ] GC(36) Humongous regions: 0->0
[5.000s][info][gc,metaspace] GC(36) Metaspace: 161K(384K)->161K(384K) NonClass: 152K(256K)->152K(256K) Class: 8K(128K)->8K(128K)
[5.000s][info][gc          ] GC(36) Pause Young (Normal) (G1 Evacuation Pause) 43M->9M(64M) 3.038ms
[5.000s][info][gc,cpu      ] GC(36) User=0.00s Sys=0.00s Real=0.00s
[5.097s][info][gc,start    ] GC(37) Pause Young (Normal) (G1 Evacuation Pause)
[5.098s][info][gc,task     ] GC(37) Using 4 workers of 8 for evacuation
[5.100s][info][gc,phases   ] GC(37)   Pre Evacuate Collection Set: 0.2ms
[5.100s][info][gc,phases   ] GC(37)   Merge Heap Roots: 0.3ms
[5.100s][info][gc,phases   ] GC(37)   Evacuate Collection Set: 0.8ms
[5.100s][info][gc,phases   ] GC(37)   Post Evacuate Collection Set: 0.8ms
[5.100s][info][gc,phases   ] GC(37)   Other: 0.4ms
[5.100s][info][gc,heap     ] GC(37) Eden regions: 34->0(33)
[5.100s][info][gc,heap     ] GC(37) Survivor regions: 4->5(5)
[5.100s][info][gc,heap     ] GC(37) Old regions: 6->6
[5.100s][info][gc,heap     ] GC(37) Archive regions: 0->0
[5.100s][info][gc,heap     ] GC(37) Humongous regions: 0->0
[5.100s][info][gc,metaspace] GC(37) Metaspace: 161K(384K)->161K(384K) NonClass: 152K(256K)->152K(256K) Class: 8K(128K)->8K(128K)
[5.100s][info][gc          ] GC(37) Pause Young (Normal) (G1 Evacuation Pause) 42M->9M(64M) 2.997ms
[5.101s][info][gc,cpu      ] GC(37) User=0.00s Sys=0.00s Real=0.00s
[5.245s][info][gc,start    ] GC(38) Pause Young (Normal) (G1 Evacuation Pause)
[5.245s][info][gc,task     ] GC(38) Using 4 workers of 8 for evacuation
[5.247s][info][gc,phases   ] GC(38)   Pre Evacuate Collection Set: 0.2ms
[5.248s][info][gc,phases   ] GC(38)   Merge Heap Roots: 0.2ms
[5.248s][info][gc,phases   ] GC(38)   Evacuate Collection Set: 0.8ms
[5.248s][info][gc,phases   ] GC(38)   Post Evacuate Collection Set: 1.0ms
[5.248s][info][gc,phases   ] GC(38)   Other: 0.3ms
[5.248s][info][gc,heap     ] GC(38) Eden regions: 33->0(35)
[5.248s][info][gc,heap     ] GC(38) Survivor regions: 5->3(5)
[5.248s][info][gc,heap     ] GC(38) Old regions: 6->6
[5.248s][info][gc,heap     ] GC(38) Archive regions: 0->0
[5.248s][info][gc,heap     ] GC(38) Humongous regions: 0->0
[5.248s][info][gc,metaspace] GC(38) Metaspace: 161K(384K)->161K(384K) NonClass: 152K(256K)->152K(256K) Class: 8K(128K)->8K(128K)
[5.248s][info][gc          ] GC(38) Pause Young (Normal) (G1 Evacuation Pause) 42M->8M(64M) 3.015ms
[5.248s][info][gc,cpu      ] GC(38) User=0.06s Sys=0.00s Real=0.00s
[5.397s][info][gc,start    ] GC(39) Pause Young (Normal) (G1 Evacuation Pause)
[5.397s][info][gc,task     ] GC(39) Using 4 workers of 8 for evacuation
[5.399s][info][gc,phases   ] GC(39)   Pre Evacuate Collection Set: 0.2ms
[5.399s][info][gc,phases   ] GC(39)   Merge Heap Roots: 0.1ms
[5.399s][info][gc,phases   ] GC(39)   Evacuate Collection Set: 0.8ms
[5.399s][info][gc,phases   ] GC(39)   Post Evacuate Collection Set: 0.7ms
[5.399s][info][gc,phases   ] GC(39)   Other: 0.3ms
[5.399s][info][gc,heap     ] GC(39) Eden regions: 35->0(34)
[5.399s][info][gc,heap     ] GC(39) Survivor regions: 3->4(5)
[5.399s][info][gc,heap     ] GC(39) Old regions: 6->6
[5.399s][info][gc,heap     ] GC(39) Archive regions: 0->0
[5.399s][info][gc,heap     ] GC(39) Humongous regions: 0->0
[5.399s][info][gc,metaspace] GC(39) Metaspace: 161K(384K)->161K(384K) NonClass: 152K(256K)->152K(256K) Class: 8K(128K)->8K(128K)
[5.399s][info][gc          ] GC(39) Pause Young (Normal) (G1 Evacuation Pause) 43M->8M(64M) 2.675ms
[5.399s][info][gc,cpu      ] GC(39) User=0.00s Sys=0.00s Real=0.00s
[5.498s][info][gc,start    ] GC(40) Pause Young (Normal) (G1 Evacuation Pause)
[5.499s][info][gc,task     ] GC(40) Using 4 workers of 8 for evacuation
[5.501s][info][gc,phases   ] GC(40)   Pre Evacuate Collection Set: 0.2ms
[5.501s][info][gc,phases   ] GC(40)   Merge Heap Roots: 0.2ms
[5.501s][info][gc,phases   ] GC(40)   Evacuate Collection Set: 0.8ms
[5.501s][info][gc,phases   ] GC(40)   Post Evacuate Collection Set: 0.9ms
[5.501s][info][gc,phases   ] GC(40)   Other: 0.4ms
[5.501s][info][gc,heap     ] GC(40) Eden regions: 34->0(34)
[5.501s][info][gc,heap     ] GC(40) Survivor regions: 4->4(5)
[5.501s][info][gc,heap     ] GC(40) Old regions: 6->6
[5.501s][info][gc,heap     ] GC(40) Archive regions: 0->0
[5.501s][info][gc,heap     ] GC(40) Humongous regions: 0->0
[5.501s][info][gc,metaspace] GC(40) Metaspace: 161K(384K)->161K(384K) NonClass: 152K(256K)->152K(256K) Class: 8K(128K)->8K(128K)
[5.501s][info][gc          ] GC(40) Pause Young (Normal) (G1 Evacuation Pause) 42M->9M(64M) 2.945ms
[5.502s][info][gc,cpu      ] GC(40) User=0.00s Sys=0.00s Real=0.00s
[5.648s][info][gc,start    ] GC(41) Pause Young (Normal) (G1 Evacuation Pause)
[5.648s][info][gc,task     ] GC(41) Using 4 workers of 8 for evacuation
[5.650s][info][gc,phases   ] GC(41)   Pre Evacuate Collection Set: 0.2ms
[5.650s][info][gc,phases   ] GC(41)   Merge Heap Roots: 0.2ms
[5.650s][info][gc,phases   ] GC(41)   Evacuate Collection Set: 0.7ms
[5.650s][info][gc,phases   ] GC(41)   Post Evacuate Collection Set: 0.8ms
[5.650s][info][gc,phases   ] GC(41)   Other: 0.3ms
[5.651s][info][gc,heap     ] GC(41) Eden regions: 34->0(34)
[5.651s][info][gc,heap     ] GC(41) Survivor regions: 4->4(5)
[5.651s][info][gc,heap     ] GC(41) Old regions: 6->6
[5.651s][info][gc,heap     ] GC(41) Archive regions: 0->0
[5.651s][info][gc,heap     ] GC(41) Humongous regions: 0->0
[5.651s][info][gc,metaspace] GC(41) Metaspace: 161K(384K)->161K(384K) NonClass: 152K(256K)->152K(256K) Class: 8K(128K)->8K(128K)
[5.651s][info][gc          ] GC(41) Pause Young (Normal) (G1 Evacuation Pause) 43M->9M(64M) 2.611ms
[5.651s][info][gc,cpu      ] GC(41) User=0.00s Sys=0.00s Real=0.00s
[5.796s][info][gc,start    ] GC(42) Pause Young (Normal) (G1 Evacuation Pause)
[5.796s][info][gc,task     ] GC(42) Using 4 workers of 8 for evacuation
[5.799s][info][gc,phases   ] GC(42)   Pre Evacuate Collection Set: 0.2ms
[5.799s][info][gc,phases   ] GC(42)   Merge Heap Roots: 0.2ms
[5.799s][info][gc,phases   ] GC(42)   Evacuate Collection Set: 0.8ms
[5.799s][info][gc,phases   ] GC(42)   Post Evacuate Collection Set: 1.0ms
[5.799s][info][gc,phases   ] GC(42)   Other: 0.3ms
[5.799s][info][gc,heap     ] GC(42) Eden regions: 34->0(33)
[5.799s][info][gc,heap     ] GC(42) Survivor regions: 4->5(5)
[5.799s][info][gc,heap     ] GC(42) Old regions: 6->6
[5.799s][info][gc,heap     ] GC(42) Archive regions: 0->0
[5.799s][info][gc,heap     ] GC(42) Humongous regions: 0->0
[5.799s][info][gc,metaspace] GC(42) Metaspace: 161K(384K)->161K(384K) NonClass: 152K(256K)->152K(256K) Class: 8K(128K)->8K(128K)
[5.799s][info][gc          ] GC(42) Pause Young (Normal) (G1 Evacuation Pause) 43M->10M(64M) 2.985ms
[5.799s][info][gc,cpu      ] GC(42) User=0.00s Sys=0.00s Real=0.00s
[5.896s][info][gc,start    ] GC(43) Pause Young (Normal) (G1 Evacuation Pause)
[5.896s][info][gc,task     ] GC(43) Using 4 workers of 8 for evacuation
[5.898s][info][gc,phases   ] GC(43)   Pre Evacuate Collection Set: 0.2ms
[5.898s][info][gc,phases   ] GC(43)   Merge Heap Roots: 0.2ms
[5.898s][info][gc,phases   ] GC(43)   Evacuate Collection Set: 0.7ms
[5.898s][info][gc,phases   ] GC(43)   Post Evacuate Collection Set: 0.9ms
[5.898s][info][gc,phases   ] GC(43)   Other: 0.3ms
[5.898s][info][gc,heap     ] GC(43) Eden regions: 33->0(34)
[5.898s][info][gc,heap     ] GC(43) Survivor regions: 5->4(5)
[5.898s][info][gc,heap     ] GC(43) Old regions: 6->6
[5.898s][info][gc,heap     ] GC(43) Archive regions: 0->0
[5.898s][info][gc,heap     ] GC(43) Humongous regions: 0->0
[5.898s][info][gc,metaspace] GC(43) Metaspace: 161K(384K)->161K(384K) NonClass: 152K(256K)->152K(256K) Class: 8K(128K)->8K(128K)
[5.899s][info][gc          ] GC(43) Pause Young (Normal) (G1 Evacuation Pause) 43M->9M(64M) 2.766ms
[5.899s][info][gc,cpu      ] GC(43) User=0.00s Sys=0.00s Real=0.00s
[6.046s][info][gc,start    ] GC(44) Pause Young (Normal) (G1 Evacuation Pause)
[6.046s][info][gc,task     ] GC(44) Using 4 workers of 8 for evacuation
[6.049s][info][gc,phases   ] GC(44)   Pre Evacuate Collection Set: 0.2ms
[6.049s][info][gc,phases   ] GC(44)   Merge Heap Roots: 0.2ms
[6.049s][info][gc,phases   ] GC(44)   Evacuate Collection Set: 1.2ms
[6.049s][info][gc,phases   ] GC(44)   Post Evacuate Collection Set: 0.8ms
[6.049s][info][gc,phases   ] GC(44)   Other: 0.4ms
[6.049s][info][gc,heap     ] GC(44) Eden regions: 34->0(33)
[6.049s][info][gc,heap     ] GC(44) Survivor regions: 4->5(5)
[6.049s][info][gc,heap     ] GC(44) Old regions: 6->6
[6.049s][info][gc,heap     ] GC(44) Archive regions: 0->0
[6.049s][info][gc,heap     ] GC(44) Humongous regions: 0->0
[6.049s][info][gc,metaspace] GC(44) Metaspace: 161K(384K)->161K(384K) NonClass: 152K(256K)->152K(256K) Class: 8K(128K)->8K(128K)
[6.049s][info][gc          ] GC(44) Pause Young (Normal) (G1 Evacuation Pause) 42M->9M(64M) 3.270ms
[6.049s][info][gc,cpu      ] GC(44) User=0.00s Sys=0.00s Real=0.00s
[6.195s][info][gc,start    ] GC(45) Pause Young (Normal) (G1 Evacuation Pause)
[6.196s][info][gc,task     ] GC(45) Using 4 workers of 8 for evacuation
[6.197s][info][gc,phases   ] GC(45)   Pre Evacuate Collection Set: 0.2ms
[6.197s][info][gc,phases   ] GC(45)   Merge Heap Roots: 0.1ms
[6.197s][info][gc,phases   ] GC(45)   Evacuate Collection Set: 0.4ms
[6.197s][info][gc,phases   ] GC(45)   Post Evacuate Collection Set: 0.6ms
[6.197s][info][gc,phases   ] GC(45)   Other: 0.2ms
[6.197s][info][gc,heap     ] GC(45) Eden regions: 33->0(35)
[6.197s][info][gc,heap     ] GC(45) Survivor regions: 5->3(5)
[6.197s][info][gc,heap     ] GC(45) Old regions: 6->6
[6.197s][info][gc,heap     ] GC(45) Archive regions: 0->0
[6.197s][info][gc,heap     ] GC(45) Humongous regions: 0->0
[6.197s][info][gc,metaspace] GC(45) Metaspace: 161K(384K)->161K(384K) NonClass: 152K(256K)->152K(256K) Class: 8K(128K)->8K(128K)
[6.197s][info][gc          ] GC(45) Pause Young (Normal) (G1 Evacuation Pause) 42M->7M(64M) 1.696ms
[6.197s][info][gc,cpu      ] GC(45) User=0.00s Sys=0.00s Real=0.00s
[6.307s][info][gc,start    ] GC(46) Pause Young (Normal) (G1 Evacuation Pause)
[6.307s][info][gc,task     ] GC(46) Using 4 workers of 8 for evacuation
[6.308s][info][gc,phases   ] GC(46)   Pre Evacuate Collection Set: 0.1ms
[6.308s][info][gc,phases   ] GC(46)   Merge Heap Roots: 0.1ms
[6.308s][info][gc,phases   ] GC(46)   Evacuate Collection Set: 0.5ms
[6.308s][info][gc,phases   ] GC(46)   Post Evacuate Collection Set: 0.5ms
[6.308s][info][gc,phases   ] GC(46)   Other: 0.2ms
[6.308s][info][gc,heap     ] GC(46) Eden regions: 35->0(33)
[6.309s][info][gc,heap     ] GC(46) Survivor regions: 3->5(5)
[6.309s][info][gc,heap     ] GC(46) Old regions: 6->6
[6.309s][info][gc,heap     ] GC(46) Archive regions: 0->0
[6.309s][info][gc,heap     ] GC(46) Humongous regions: 0->0
[6.309s][info][gc,metaspace] GC(46) Metaspace: 161K(384K)->161K(384K) NonClass: 152K(256K)->152K(256K) Class: 8K(128K)->8K(128K)
[6.309s][info][gc          ] GC(46) Pause Young (Normal) (G1 Evacuation Pause) 42M->9M(64M) 1.726ms
[6.309s][info][gc,cpu      ] GC(46) User=0.00s Sys=0.00s Real=0.00s
[6.447s][info][gc,start    ] GC(47) Pause Young (Normal) (G1 Evacuation Pause)
[6.448s][info][gc,task     ] GC(47) Using 4 workers of 8 for evacuation
[6.450s][info][gc,phases   ] GC(47)   Pre Evacuate Collection Set: 0.2ms
[6.450s][info][gc,phases   ] GC(47)   Merge Heap Roots: 0.2ms
[6.450s][info][gc,phases   ] GC(47)   Evacuate Collection Set: 0.7ms
[6.450s][info][gc,phases   ] GC(47)   Post Evacuate Collection Set: 0.8ms
[6.450s][info][gc,phases   ] GC(47)   Other: 0.3ms
[6.450s][info][gc,heap     ] GC(47) Eden regions: 33->0(35)
[6.450s][info][gc,heap     ] GC(47) Survivor regions: 5->3(5)
[6.450s][info][gc,heap     ] GC(47) Old regions: 6->6
[6.450s][info][gc,heap     ] GC(47) Archive regions: 0->0
[6.450s][info][gc,heap     ] GC(47) Humongous regions: 0->0
[6.450s][info][gc,metaspace] GC(47) Metaspace: 161K(384K)->161K(384K) NonClass: 152K(256K)->152K(256K) Class: 8K(128K)->8K(128K)
[6.450s][info][gc          ] GC(47) Pause Young (Normal) (G1 Evacuation Pause) 42M->8M(64M) 2.731ms
[6.450s][info][gc,cpu      ] GC(47) User=0.00s Sys=0.02s Real=0.00s
[6.597s][info][gc,start    ] GC(48) Pause Young (Normal) (G1 Evacuation Pause)
[6.598s][info][gc,task     ] GC(48) Using 4 workers of 8 for evacuation
[6.600s][info][gc,phases   ] GC(48)   Pre Evacuate Collection Set: 0.2ms
[6.600s][info][gc,phases   ] GC(48)   Merge Heap Roots: 0.2ms
[6.600s][info][gc,phases   ] GC(48)   Evacuate Collection Set: 1.1ms
[6.600s][info][gc,phases   ] GC(48)   Post Evacuate Collection Set: 0.9ms
[6.600s][info][gc,phases   ] GC(48)   Other: 0.4ms
[6.600s][info][gc,heap     ] GC(48) Eden regions: 35->0(33)
[6.600s][info][gc,heap     ] GC(48) Survivor regions: 3->5(5)
[6.600s][info][gc,heap     ] GC(48) Old regions: 6->6
[6.601s][info][gc,heap     ] GC(48) Archive regions: 0->0
[6.601s][info][gc,heap     ] GC(48) Humongous regions: 0->0
[6.601s][info][gc,metaspace] GC(48) Metaspace: 161K(384K)->161K(384K) NonClass: 152K(256K)->152K(256K) Class: 8K(128K)->8K(128K)
[6.601s][info][gc          ] GC(48) Pause Young (Normal) (G1 Evacuation Pause) 43M->10M(64M) 3.255ms
[6.601s][info][gc,cpu      ] GC(48) User=0.00s Sys=0.00s Real=0.00s
[6.696s][info][gc,start    ] GC(49) Pause Young (Normal) (G1 Evacuation Pause)
[6.697s][info][gc,task     ] GC(49) Using 4 workers of 8 for evacuation
[6.699s][info][gc,phases   ] GC(49)   Pre Evacuate Collection Set: 0.2ms
[6.699s][info][gc,phases   ] GC(49)   Merge Heap Roots: 0.2ms
[6.699s][info][gc,phases   ] GC(49)   Evacuate Collection Set: 0.8ms
[6.699s][info][gc,phases   ] GC(49)   Post Evacuate Collection Set: 0.8ms
[6.699s][info][gc,phases   ] GC(49)   Other: 0.3ms
[6.699s][info][gc,heap     ] GC(49) Eden regions: 33->0(34)
[6.699s][info][gc,heap     ] GC(49) Survivor regions: 5->4(5)
[6.699s][info][gc,heap     ] GC(49) Old regions: 6->6
[6.699s][info][gc,heap     ] GC(49) Archive regions: 0->0
[6.699s][info][gc,heap     ] GC(49) Humongous regions: 0->0
[6.699s][info][gc,metaspace] GC(49) Metaspace: 161K(384K)->161K(384K) NonClass: 152K(256K)->152K(256K) Class: 8K(128K)->8K(128K)
[6.699s][info][gc          ] GC(49) Pause Young (Normal) (G1 Evacuation Pause) 43M->9M(64M) 2.816ms
[6.699s][info][gc,cpu      ] GC(49) User=0.00s Sys=0.02s Real=0.00s
[6.848s][info][gc,start    ] GC(50) Pause Young (Normal) (G1 Evacuation Pause)
[6.849s][info][gc,task     ] GC(50) Using 4 workers of 8 for evacuation
[6.851s][info][gc,phases   ] GC(50)   Pre Evacuate Collection Set: 0.2ms
[6.851s][info][gc,phases   ] GC(50)   Merge Heap Roots: 0.2ms
[6.851s][info][gc,phases   ] GC(50)   Evacuate Collection Set: 1.0ms
[6.851s][info][gc,phases   ] GC(50)   Post Evacuate Collection Set: 0.9ms
[6.851s][info][gc,phases   ] GC(50)   Other: 0.3ms
[6.851s][info][gc,heap     ] GC(50) Eden regions: 34->0(33)
[6.851s][info][gc,heap     ] GC(50) Survivor regions: 4->5(5)
[6.851s][info][gc,heap     ] GC(50) Old regions: 6->6
[6.851s][info][gc,heap     ] GC(50) Archive regions: 0->0
[6.851s][info][gc,heap     ] GC(50) Humongous regions: 0->0
[6.851s][info][gc,metaspace] GC(50) Metaspace: 161K(384K)->161K(384K) NonClass: 152K(256K)->152K(256K) Class: 8K(128K)->8K(128K)
[6.852s][info][gc          ] GC(50) Pause Young (Normal) (G1 Evacuation Pause) 43M->9M(64M) 3.152ms
[6.852s][info][gc,cpu      ] GC(50) User=0.00s Sys=0.00s Real=0.00s
[6.996s][info][gc,start    ] GC(51) Pause Young (Normal) (G1 Evacuation Pause)
[6.996s][info][gc,task     ] GC(51) Using 4 workers of 8 for evacuation
[6.998s][info][gc,phases   ] GC(51)   Pre Evacuate Collection Set: 0.2ms
[6.998s][info][gc,phases   ] GC(51)   Merge Heap Roots: 0.2ms
[6.998s][info][gc,phases   ] GC(51)   Evacuate Collection Set: 0.5ms
[6.998s][info][gc,phases   ] GC(51)   Post Evacuate Collection Set: 0.9ms
[6.998s][info][gc,phases   ] GC(51)   Other: 0.3ms
[6.998s][info][gc,heap     ] GC(51) Eden regions: 33->0(35)
[6.998s][info][gc,heap     ] GC(51) Survivor regions: 5->3(5)
[6.998s][info][gc,heap     ] GC(51) Old regions: 6->6
[6.998s][info][gc,heap     ] GC(51) Archive regions: 0->0
[6.998s][info][gc,heap     ] GC(51) Humongous regions: 0->0
[6.999s][info][gc,metaspace] GC(51) Metaspace: 164K(384K)->164K(384K) NonClass: 155K(256K)->155K(256K) Class: 8K(128K)->8K(128K)
[6.999s][info][gc          ] GC(51) Pause Young (Normal) (G1 Evacuation Pause) 42M->8M(64M) 2.850ms
[6.999s][info][gc,cpu      ] GC(51) User=0.06s Sys=0.00s Real=0.00s
[7.097s][info][gc,start    ] GC(52) Pause Young (Normal) (G1 Evacuation Pause)
[7.098s][info][gc,task     ] GC(52) Using 4 workers of 8 for evacuation
[7.100s][info][gc,phases   ] GC(52)   Pre Evacuate Collection Set: 0.2ms
[7.100s][info][gc,phases   ] GC(52)   Merge Heap Roots: 0.2ms
[7.100s][info][gc,phases   ] GC(52)   Evacuate Collection Set: 0.7ms
[7.100s][info][gc,phases   ] GC(52)   Post Evacuate Collection Set: 0.8ms
[7.100s][info][gc,phases   ] GC(52)   Other: 0.3ms
[7.100s][info][gc,heap     ] GC(52) Eden regions: 35->0(33)
[7.100s][info][gc,heap     ] GC(52) Survivor regions: 3->5(5)
[7.100s][info][gc,heap     ] GC(52) Old regions: 6->6
[7.100s][info][gc,heap     ] GC(52) Archive regions: 0->0
[7.100s][info][gc,heap     ] GC(52) Humongous regions: 0->0
[7.100s][info][gc,metaspace] GC(52) Metaspace: 164K(384K)->164K(384K) NonClass: 155K(256K)->155K(256K) Class: 8K(128K)->8K(128K)
[7.100s][info][gc          ] GC(52) Pause Young (Normal) (G1 Evacuation Pause) 43M->10M(64M) 2.715ms
[7.100s][info][gc,cpu      ] GC(52) User=0.00s Sys=0.00s Real=0.00s
[7.246s][info][gc,start    ] GC(53) Pause Young (Normal) (G1 Evacuation Pause)
[7.246s][info][gc,task     ] GC(53) Using 4 workers of 8 for evacuation
[7.248s][info][gc,phases   ] GC(53)   Pre Evacuate Collection Set: 0.2ms
[7.248s][info][gc,phases   ] GC(53)   Merge Heap Roots: 0.2ms
[7.248s][info][gc,phases   ] GC(53)   Evacuate Collection Set: 0.5ms
[7.248s][info][gc,phases   ] GC(53)   Post Evacuate Collection Set: 0.6ms
[7.248s][info][gc,phases   ] GC(53)   Other: 0.3ms
[7.248s][info][gc,heap     ] GC(53) Eden regions: 33->0(35)
[7.248s][info][gc,heap     ] GC(53) Survivor regions: 5->3(5)
[7.248s][info][gc,heap     ] GC(53) Old regions: 6->6
[7.248s][info][gc,heap     ] GC(53) Archive regions: 0->0
[7.248s][info][gc,heap     ] GC(53) Humongous regions: 0->0
[7.248s][info][gc,metaspace] GC(53) Metaspace: 164K(384K)->164K(384K) NonClass: 155K(256K)->155K(256K) Class: 8K(128K)->8K(128K)
[7.248s][info][gc          ] GC(53) Pause Young (Normal) (G1 Evacuation Pause) 43M->8M(64M) 2.101ms
[7.248s][info][gc,cpu      ] GC(53) User=0.00s Sys=0.00s Real=0.00s
[7.397s][info][gc,start    ] GC(54) Pause Young (Normal) (G1 Evacuation Pause)
[7.397s][info][gc,task     ] GC(54) Using 4 workers of 8 for evacuation
[7.399s][info][gc,phases   ] GC(54)   Pre Evacuate Collection Set: 0.2ms
[7.399s][info][gc,phases   ] GC(54)   Merge Heap Roots: 0.2ms
[7.399s][info][gc,phases   ] GC(54)   Evacuate Collection Set: 1.0ms
[7.399s][info][gc,phases   ] GC(54)   Post Evacuate Collection Set: 0.9ms
[7.399s][info][gc,phases   ] GC(54)   Other: 0.3ms
[7.399s][info][gc,heap     ] GC(54) Eden regions: 35->0(34)
[7.399s][info][gc,heap     ] GC(54) Survivor regions: 3->4(5)
[7.400s][info][gc,heap     ] GC(54) Old regions: 6->6
[7.400s][info][gc,heap     ] GC(54) Archive regions: 0->0
[7.400s][info][gc,heap     ] GC(54) Humongous regions: 0->0
[7.400s][info][gc,metaspace] GC(54) Metaspace: 164K(384K)->164K(384K) NonClass: 155K(256K)->155K(256K) Class: 8K(128K)->8K(128K)
[7.400s][info][gc          ] GC(54) Pause Young (Normal) (G1 Evacuation Pause) 43M->9M(64M) 3.176ms
[7.400s][info][gc,cpu      ] GC(54) User=0.00s Sys=0.00s Real=0.00s
[7.497s][info][gc,start    ] GC(55) Pause Young (Normal) (G1 Evacuation Pause)
[7.497s][info][gc,task     ] GC(55) Using 4 workers of 8 for evacuation
[7.500s][info][gc,phases   ] GC(55)   Pre Evacuate Collection Set: 0.1ms
[7.500s][info][gc,phases   ] GC(55)   Merge Heap Roots: 0.1ms
[7.500s][info][gc,phases   ] GC(55)   Evacuate Collection Set: 1.6ms
[7.500s][info][gc,phases   ] GC(55)   Post Evacuate Collection Set: 1.0ms
[7.500s][info][gc,phases   ] GC(55)   Other: 0.4ms
[7.500s][info][gc,heap     ] GC(55) Eden regions: 34->0(33)
[7.500s][info][gc,heap     ] GC(55) Survivor regions: 4->5(5)
[7.500s][info][gc,heap     ] GC(55) Old regions: 6->6
[7.500s][info][gc,heap     ] GC(55) Archive regions: 0->0
[7.500s][info][gc,heap     ] GC(55) Humongous regions: 0->0
[7.500s][info][gc,metaspace] GC(55) Metaspace: 164K(384K)->164K(384K) NonClass: 155K(256K)->155K(256K) Class: 8K(128K)->8K(128K)
[7.500s][info][gc          ] GC(55) Pause Young (Normal) (G1 Evacuation Pause) 43M->10M(64M) 3.662ms
[7.501s][info][gc,cpu      ] GC(55) User=0.00s Sys=0.00s Real=0.00s
[7.648s][info][gc,start    ] GC(56) Pause Young (Normal) (G1 Evacuation Pause)
[7.648s][info][gc,task     ] GC(56) Using 4 workers of 8 for evacuation
[7.650s][info][gc,phases   ] GC(56)   Pre Evacuate Collection Set: 0.2ms
[7.650s][info][gc,phases   ] GC(56)   Merge Heap Roots: 0.2ms
[7.650s][info][gc,phases   ] GC(56)   Evacuate Collection Set: 0.5ms
[7.650s][info][gc,phases   ] GC(56)   Post Evacuate Collection Set: 0.9ms
[7.650s][info][gc,phases   ] GC(56)   Other: 0.3ms
[7.650s][info][gc,heap     ] GC(56) Eden regions: 33->0(35)
[7.650s][info][gc,heap     ] GC(56) Survivor regions: 5->3(5)
[7.650s][info][gc,heap     ] GC(56) Old regions: 6->6
[7.650s][info][gc,heap     ] GC(56) Archive regions: 0->0
[7.650s][info][gc,heap     ] GC(56) Humongous regions: 0->0
[7.651s][info][gc,metaspace] GC(56) Metaspace: 164K(384K)->164K(384K) NonClass: 155K(256K)->155K(256K) Class: 8K(128K)->8K(128K)
[7.651s][info][gc          ] GC(56) Pause Young (Normal) (G1 Evacuation Pause) 43M->8M(64M) 2.553ms
[7.651s][info][gc,cpu      ] GC(56) User=0.00s Sys=0.00s Real=0.00s
[7.797s][info][gc,start    ] GC(57) Pause Young (Normal) (G1 Evacuation Pause)
[7.797s][info][gc,task     ] GC(57) Using 4 workers of 8 for evacuation
[7.799s][info][gc,phases   ] GC(57)   Pre Evacuate Collection Set: 0.2ms
[7.799s][info][gc,phases   ] GC(57)   Merge Heap Roots: 0.2ms
[7.799s][info][gc,phases   ] GC(57)   Evacuate Collection Set: 0.9ms
[7.799s][info][gc,phases   ] GC(57)   Post Evacuate Collection Set: 0.7ms
[7.799s][info][gc,phases   ] GC(57)   Other: 0.3ms
[7.799s][info][gc,heap     ] GC(57) Eden regions: 35->0(33)
[7.799s][info][gc,heap     ] GC(57) Survivor regions: 3->5(5)
[7.799s][info][gc,heap     ] GC(57) Old regions: 6->6
[7.799s][info][gc,heap     ] GC(57) Archive regions: 0->0
[7.799s][info][gc,heap     ] GC(57) Humongous regions: 0->0
[7.799s][info][gc,metaspace] GC(57) Metaspace: 164K(384K)->164K(384K) NonClass: 155K(256K)->155K(256K) Class: 8K(128K)->8K(128K)
[7.799s][info][gc          ] GC(57) Pause Young (Normal) (G1 Evacuation Pause) 43M->10M(64M) 2.839ms
[7.800s][info][gc,cpu      ] GC(57) User=0.00s Sys=0.00s Real=0.00s
[7.897s][info][gc,start    ] GC(58) Pause Young (Normal) (G1 Evacuation Pause)
[7.897s][info][gc,task     ] GC(58) Using 4 workers of 8 for evacuation
[7.900s][info][gc,phases   ] GC(58)   Pre Evacuate Collection Set: 0.2ms
[7.900s][info][gc,phases   ] GC(58)   Merge Heap Roots: 0.1ms
[7.900s][info][gc,phases   ] GC(58)   Evacuate Collection Set: 1.2ms
[7.900s][info][gc,phases   ] GC(58)   Post Evacuate Collection Set: 0.7ms
[7.900s][info][gc,phases   ] GC(58)   Other: 0.3ms
[7.900s][info][gc,heap     ] GC(58) Eden regions: 33->0(34)
[7.900s][info][gc,heap     ] GC(58) Survivor regions: 5->4(5)
[7.900s][info][gc,heap     ] GC(58) Old regions: 6->6
[7.900s][info][gc,heap     ] GC(58) Archive regions: 0->0
[7.900s][info][gc,heap     ] GC(58) Humongous regions: 0->0
[7.900s][info][gc,metaspace] GC(58) Metaspace: 164K(384K)->164K(384K) NonClass: 155K(256K)->155K(256K) Class: 8K(128K)->8K(128K)
[7.900s][info][gc          ] GC(58) Pause Young (Normal) (G1 Evacuation Pause) 43M->9M(64M) 3.004ms
[7.900s][info][gc,cpu      ] GC(58) User=0.00s Sys=0.00s Real=0.00s
[8.046s][info][gc,start    ] GC(59) Pause Young (Normal) (G1 Evacuation Pause)
[8.046s][info][gc,task     ] GC(59) Using 4 workers of 8 for evacuation
[8.048s][info][gc,phases   ] GC(59)   Pre Evacuate Collection Set: 0.1ms
[8.048s][info][gc,phases   ] GC(59)   Merge Heap Roots: 0.1ms
[8.048s][info][gc,phases   ] GC(59)   Evacuate Collection Set: 0.5ms
[8.048s][info][gc,phases   ] GC(59)   Post Evacuate Collection Set: 0.6ms
[8.048s][info][gc,phases   ] GC(59)   Other: 0.2ms
[8.048s][info][gc,heap     ] GC(59) Eden regions: 34->0(33)
[8.048s][info][gc,heap     ] GC(59) Survivor regions: 4->5(5)
[8.048s][info][gc,heap     ] GC(59) Old regions: 6->6
[8.048s][info][gc,heap     ] GC(59) Archive regions: 0->0
[8.048s][info][gc,heap     ] GC(59) Humongous regions: 0->0
[8.048s][info][gc,metaspace] GC(59) Metaspace: 164K(384K)->164K(384K) NonClass: 155K(256K)->155K(256K) Class: 8K(128K)->8K(128K)
[8.048s][info][gc          ] GC(59) Pause Young (Normal) (G1 Evacuation Pause) 43M->10M(64M) 1.980ms
[8.048s][info][gc,cpu      ] GC(59) User=0.00s Sys=0.00s Real=0.00s
[8.195s][info][gc,start    ] GC(60) Pause Young (Normal) (G1 Evacuation Pause)
[8.195s][info][gc,task     ] GC(60) Using 4 workers of 8 for evacuation
[8.197s][info][gc,phases   ] GC(60)   Pre Evacuate Collection Set: 0.2ms
[8.197s][info][gc,phases   ] GC(60)   Merge Heap Roots: 0.2ms
[8.197s][info][gc,phases   ] GC(60)   Evacuate Collection Set: 0.6ms
[8.197s][info][gc,phases   ] GC(60)   Post Evacuate Collection Set: 0.8ms
[8.197s][info][gc,phases   ] GC(60)   Other: 0.3ms
[8.197s][info][gc,heap     ] GC(60) Eden regions: 33->0(35)
[8.197s][info][gc,heap     ] GC(60) Survivor regions: 5->3(5)
[8.197s][info][gc,heap     ] GC(60) Old regions: 6->6
[8.197s][info][gc,heap     ] GC(60) Archive regions: 0->0
[8.197s][info][gc,heap     ] GC(60) Humongous regions: 0->0
[8.197s][info][gc,metaspace] GC(60) Metaspace: 164K(384K)->164K(384K) NonClass: 155K(256K)->155K(256K) Class: 8K(128K)->8K(128K)
[8.197s][info][gc          ] GC(60) Pause Young (Normal) (G1 Evacuation Pause) 43M->8M(64M) 2.522ms
[8.198s][info][gc,cpu      ] GC(60) User=0.00s Sys=0.00s Real=0.00s
[8.297s][info][gc,start    ] GC(61) Pause Young (Normal) (G1 Evacuation Pause)
[8.297s][info][gc,task     ] GC(61) Using 4 workers of 8 for evacuation
[8.300s][info][gc,phases   ] GC(61)   Pre Evacuate Collection Set: 0.2ms
[8.300s][info][gc,phases   ] GC(61)   Merge Heap Roots: 0.2ms
[8.300s][info][gc,phases   ] GC(61)   Evacuate Collection Set: 0.9ms
[8.300s][info][gc,phases   ] GC(61)   Post Evacuate Collection Set: 0.8ms
[8.300s][info][gc,phases   ] GC(61)   Other: 0.3ms
[8.300s][info][gc,heap     ] GC(61) Eden regions: 35->0(33)
[8.300s][info][gc,heap     ] GC(61) Survivor regions: 3->5(5)
[8.300s][info][gc,heap     ] GC(61) Old regions: 6->6
[8.300s][info][gc,heap     ] GC(61) Archive regions: 0->0
[8.300s][info][gc,heap     ] GC(61) Humongous regions: 0->0
[8.300s][info][gc,metaspace] GC(61) Metaspace: 164K(384K)->164K(384K) NonClass: 155K(256K)->155K(256K) Class: 8K(128K)->8K(128K)
[8.300s][info][gc          ] GC(61) Pause Young (Normal) (G1 Evacuation Pause) 43M->10M(64M) 2.930ms
[8.300s][info][gc,cpu      ] GC(61) User=0.00s Sys=0.00s Real=0.00s
[8.448s][info][gc,start    ] GC(62) Pause Young (Normal) (G1 Evacuation Pause)
[8.448s][info][gc,task     ] GC(62) Using 4 workers of 8 for evacuation
[8.450s][info][gc,phases   ] GC(62)   Pre Evacuate Collection Set: 0.2ms
[8.450s][info][gc,phases   ] GC(62)   Merge Heap Roots: 0.2ms
[8.450s][info][gc,phases   ] GC(62)   Evacuate Collection Set: 0.7ms
[8.450s][info][gc,phases   ] GC(62)   Post Evacuate Collection Set: 0.8ms
[8.450s][info][gc,phases   ] GC(62)   Other: 0.3ms
[8.450s][info][gc,heap     ] GC(62) Eden regions: 33->0(34)
[8.450s][info][gc,heap     ] GC(62) Survivor regions: 5->4(5)
[8.450s][info][gc,heap     ] GC(62) Old regions: 6->6
[8.450s][info][gc,heap     ] GC(62) Archive regions: 0->0
[8.450s][info][gc,heap     ] GC(62) Humongous regions: 0->0
[8.450s][info][gc,metaspace] GC(62) Metaspace: 164K(384K)->164K(384K) NonClass: 155K(256K)->155K(256K) Class: 8K(128K)->8K(128K)
[8.451s][info][gc          ] GC(62) Pause Young (Normal) (G1 Evacuation Pause) 43M->9M(64M) 2.648ms
[8.451s][info][gc,cpu      ] GC(62) User=0.02s Sys=0.00s Real=0.00s
[8.596s][info][gc,start    ] GC(63) Pause Young (Normal) (G1 Evacuation Pause)
[8.596s][info][gc,task     ] GC(63) Using 4 workers of 8 for evacuation
[8.599s][info][gc,phases   ] GC(63)   Pre Evacuate Collection Set: 0.2ms
[8.599s][info][gc,phases   ] GC(63)   Merge Heap Roots: 0.2ms
[8.599s][info][gc,phases   ] GC(63)   Evacuate Collection Set: 0.8ms
[8.599s][info][gc,phases   ] GC(63)   Post Evacuate Collection Set: 0.8ms
[8.599s][info][gc,phases   ] GC(63)   Other: 0.3ms
[8.599s][info][gc,heap     ] GC(63) Eden regions: 34->0(33)
[8.599s][info][gc,heap     ] GC(63) Survivor regions: 4->5(5)
[8.599s][info][gc,heap     ] GC(63) Old regions: 6->6
[8.599s][info][gc,heap     ] GC(63) Archive regions: 0->0
[8.599s][info][gc,heap     ] GC(63) Humongous regions: 0->0
[8.599s][info][gc,metaspace] GC(63) Metaspace: 164K(384K)->164K(384K) NonClass: 155K(256K)->155K(256K) Class: 8K(128K)->8K(128K)
[8.599s][info][gc          ] GC(63) Pause Young (Normal) (G1 Evacuation Pause) 42M->9M(64M) 2.659ms
[8.599s][info][gc,cpu      ] GC(63) User=0.00s Sys=0.00s Real=0.00s
[8.698s][info][gc,start    ] GC(64) Pause Young (Normal) (G1 Evacuation Pause)
[8.698s][info][gc,task     ] GC(64) Using 4 workers of 8 for evacuation
[8.700s][info][gc,phases   ] GC(64)   Pre Evacuate Collection Set: 0.3ms
[8.701s][info][gc,phases   ] GC(64)   Merge Heap Roots: 0.2ms
[8.701s][info][gc,phases   ] GC(64)   Evacuate Collection Set: 0.5ms
[8.701s][info][gc,phases   ] GC(64)   Post Evacuate Collection Set: 0.8ms
[8.701s][info][gc,phases   ] GC(64)   Other: 0.3ms
[8.701s][info][gc,heap     ] GC(64) Eden regions: 33->0(35)
[8.701s][info][gc,heap     ] GC(64) Survivor regions: 5->3(5)
[8.701s][info][gc,heap     ] GC(64) Old regions: 6->6
[8.701s][info][gc,heap     ] GC(64) Archive regions: 0->0
[8.701s][info][gc,heap     ] GC(64) Humongous regions: 0->0
[8.701s][info][gc,metaspace] GC(64) Metaspace: 164K(384K)->164K(384K) NonClass: 155K(256K)->155K(256K) Class: 8K(128K)->8K(128K)
[8.701s][info][gc          ] GC(64) Pause Young (Normal) (G1 Evacuation Pause) 42M->8M(64M) 2.631ms
[8.701s][info][gc,cpu      ] GC(64) User=0.06s Sys=0.00s Real=0.00s
[8.849s][info][gc,start    ] GC(65) Pause Young (Normal) (G1 Evacuation Pause)
[8.849s][info][gc,task     ] GC(65) Using 4 workers of 8 for evacuation
[8.851s][info][gc,phases   ] GC(65)   Pre Evacuate Collection Set: 0.2ms
[8.851s][info][gc,phases   ] GC(65)   Merge Heap Roots: 0.2ms
[8.851s][info][gc,phases   ] GC(65)   Evacuate Collection Set: 0.9ms
[8.851s][info][gc,phases   ] GC(65)   Post Evacuate Collection Set: 0.8ms
[8.851s][info][gc,phases   ] GC(65)   Other: 0.3ms
[8.851s][info][gc,heap     ] GC(65) Eden regions: 35->0(33)
[8.851s][info][gc,heap     ] GC(65) Survivor regions: 3->5(5)
[8.851s][info][gc,heap     ] GC(65) Old regions: 6->6
[8.851s][info][gc,heap     ] GC(65) Archive regions: 0->0
[8.852s][info][gc,heap     ] GC(65) Humongous regions: 0->0
[8.852s][info][gc,metaspace] GC(65) Metaspace: 164K(384K)->164K(384K) NonClass: 155K(256K)->155K(256K) Class: 8K(128K)->8K(128K)
[8.852s][info][gc          ] GC(65) Pause Young (Normal) (G1 Evacuation Pause) 43M->10M(64M) 2.857ms
[8.852s][info][gc,cpu      ] GC(65) User=0.00s Sys=0.00s Real=0.00s
[8.996s][info][gc,start    ] GC(66) Pause Young (Normal) (G1 Evacuation Pause)
[8.996s][info][gc,task     ] GC(66) Using 4 workers of 8 for evacuation
[8.998s][info][gc,phases   ] GC(66)   Pre Evacuate Collection Set: 0.4ms
[8.998s][info][gc,phases   ] GC(66)   Merge Heap Roots: 0.2ms
[8.998s][info][gc,phases   ] GC(66)   Evacuate Collection Set: 0.8ms
[8.998s][info][gc,phases   ] GC(66)   Post Evacuate Collection Set: 0.8ms
[8.998s][info][gc,phases   ] GC(66)   Other: 0.3ms
[8.998s][info][gc,heap     ] GC(66) Eden regions: 33->0(34)
[8.998s][info][gc,heap     ] GC(66) Survivor regions: 5->4(5)
[8.998s][info][gc,heap     ] GC(66) Old regions: 6->6
[8.999s][info][gc,heap     ] GC(66) Archive regions: 0->0
[8.999s][info][gc,heap     ] GC(66) Humongous regions: 0->0
[8.999s][info][gc,metaspace] GC(66) Metaspace: 164K(384K)->164K(384K) NonClass: 155K(256K)->155K(256K) Class: 8K(128K)->8K(128K)
[8.999s][info][gc          ] GC(66) Pause Young (Normal) (G1 Evacuation Pause) 43M->9M(64M) 2.994ms
[8.999s][info][gc,cpu      ] GC(66) User=0.03s Sys=0.00s Real=0.00s
[9.096s][info][gc,start    ] GC(67) Pause Young (Normal) (G1 Evacuation Pause)
[9.096s][info][gc,task     ] GC(67) Using 4 workers of 8 for evacuation
[9.099s][info][gc,phases   ] GC(67)   Pre Evacuate Collection Set: 0.2ms
[9.099s][info][gc,phases   ] GC(67)   Merge Heap Roots: 0.2ms
[9.099s][info][gc,phases   ] GC(67)   Evacuate Collection Set: 1.4ms
[9.099s][info][gc,phases   ] GC(67)   Post Evacuate Collection Set: 0.6ms
[9.099s][info][gc,phases   ] GC(67)   Other: 0.3ms
[9.099s][info][gc,heap     ] GC(67) Eden regions: 34->0(33)
[9.099s][info][gc,heap     ] GC(67) Survivor regions: 4->5(5)
[9.099s][info][gc,heap     ] GC(67) Old regions: 6->6
[9.099s][info][gc,heap     ] GC(67) Archive regions: 0->0
[9.099s][info][gc,heap     ] GC(67) Humongous regions: 0->0
[9.099s][info][gc,metaspace] GC(67) Metaspace: 164K(384K)->164K(384K) NonClass: 155K(256K)->155K(256K) Class: 8K(128K)->8K(128K)
[9.100s][info][gc          ] GC(67) Pause Young (Normal) (G1 Evacuation Pause) 43M->10M(64M) 3.374ms
[9.100s][info][gc,cpu      ] GC(67) User=0.00s Sys=0.00s Real=0.00s
[9.246s][info][gc,start    ] GC(68) Pause Young (Normal) (G1 Evacuation Pause)
[9.246s][info][gc,task     ] GC(68) Using 4 workers of 8 for evacuation
[9.247s][info][gc,phases   ] GC(68)   Pre Evacuate Collection Set: 0.2ms
[9.247s][info][gc,phases   ] GC(68)   Merge Heap Roots: 0.1ms
[9.247s][info][gc,phases   ] GC(68)   Evacuate Collection Set: 0.3ms
[9.247s][info][gc,phases   ] GC(68)   Post Evacuate Collection Set: 0.5ms
[9.247s][info][gc,phases   ] GC(68)   Other: 0.2ms
[9.247s][info][gc,heap     ] GC(68) Eden regions: 33->0(35)
[9.247s][info][gc,heap     ] GC(68) Survivor regions: 5->3(5)
[9.247s][info][gc,heap     ] GC(68) Old regions: 6->6
[9.247s][info][gc,heap     ] GC(68) Archive regions: 0->0
[9.247s][info][gc,heap     ] GC(68) Humongous regions: 0->0
[9.248s][info][gc,metaspace] GC(68) Metaspace: 164K(384K)->164K(384K) NonClass: 155K(256K)->155K(256K) Class: 8K(128K)->8K(128K)
[9.248s][info][gc          ] GC(68) Pause Young (Normal) (G1 Evacuation Pause) 43M->8M(64M) 1.529ms
[9.248s][info][gc,cpu      ] GC(68) User=0.00s Sys=0.00s Real=0.00s
[9.396s][info][gc,start    ] GC(69) Pause Young (Normal) (G1 Evacuation Pause)
[9.396s][info][gc,task     ] GC(69) Using 4 workers of 8 for evacuation
[9.398s][info][gc,phases   ] GC(69)   Pre Evacuate Collection Set: 0.1ms
[9.398s][info][gc,phases   ] GC(69)   Merge Heap Roots: 0.1ms
[9.398s][info][gc,phases   ] GC(69)   Evacuate Collection Set: 0.7ms
[9.398s][info][gc,phases   ] GC(69)   Post Evacuate Collection Set: 0.5ms
[9.398s][info][gc,phases   ] GC(69)   Other: 0.5ms
[9.398s][info][gc,heap     ] GC(69) Eden regions: 35->0(34)
[9.398s][info][gc,heap     ] GC(69) Survivor regions: 3->4(5)
[9.398s][info][gc,heap     ] GC(69) Old regions: 6->6
[9.398s][info][gc,heap     ] GC(69) Archive regions: 0->0
[9.398s][info][gc,heap     ] GC(69) Humongous regions: 0->0
[9.398s][info][gc,metaspace] GC(69) Metaspace: 164K(384K)->164K(384K) NonClass: 156K(256K)->156K(256K) Class: 8K(128K)->8K(128K)
[9.398s][info][gc          ] GC(69) Pause Young (Normal) (G1 Evacuation Pause) 42M->8M(64M) 2.533ms
[9.399s][info][gc,cpu      ] GC(69) User=0.00s Sys=0.00s Real=0.00s
[9.497s][info][gc,start    ] GC(70) Pause Young (Normal) (G1 Evacuation Pause)
[9.497s][info][gc,task     ] GC(70) Using 4 workers of 8 for evacuation
[9.500s][info][gc,phases   ] GC(70)   Pre Evacuate Collection Set: 0.2ms
[9.500s][info][gc,phases   ] GC(70)   Merge Heap Roots: 0.1ms
[9.500s][info][gc,phases   ] GC(70)   Evacuate Collection Set: 1.2ms
[9.500s][info][gc,phases   ] GC(70)   Post Evacuate Collection Set: 0.7ms
[9.500s][info][gc,phases   ] GC(70)   Other: 0.3ms
[9.500s][info][gc,heap     ] GC(70) Eden regions: 34->0(33)
[9.500s][info][gc,heap     ] GC(70) Survivor regions: 4->5(5)
[9.500s][info][gc,heap     ] GC(70) Old regions: 6->6
[9.500s][info][gc,heap     ] GC(70) Archive regions: 0->0
[9.500s][info][gc,heap     ] GC(70) Humongous regions: 0->0
[9.500s][info][gc,metaspace] GC(70) Metaspace: 164K(384K)->164K(384K) NonClass: 156K(256K)->156K(256K) Class: 8K(128K)->8K(128K)
[9.500s][info][gc          ] GC(70) Pause Young (Normal) (G1 Evacuation Pause) 42M->9M(64M) 3.096ms
[9.500s][info][gc,cpu      ] GC(70) User=0.00s Sys=0.00s Real=0.00s
[9.645s][info][gc,start    ] GC(71) Pause Young (Normal) (G1 Evacuation Pause)
[9.645s][info][gc,task     ] GC(71) Using 4 workers of 8 for evacuation
[9.647s][info][gc,phases   ] GC(71)   Pre Evacuate Collection Set: 0.2ms
[9.647s][info][gc,phases   ] GC(71)   Merge Heap Roots: 0.1ms
[9.647s][info][gc,phases   ] GC(71)   Evacuate Collection Set: 0.6ms
[9.647s][info][gc,phases   ] GC(71)   Post Evacuate Collection Set: 0.6ms
[9.647s][info][gc,phases   ] GC(71)   Other: 0.4ms
[9.647s][info][gc,heap     ] GC(71) Eden regions: 33->0(35)
[9.647s][info][gc,heap     ] GC(71) Survivor regions: 5->3(5)
[9.647s][info][gc,heap     ] GC(71) Old regions: 6->6
[9.648s][info][gc,heap     ] GC(71) Archive regions: 0->0
[9.648s][info][gc,heap     ] GC(71) Humongous regions: 0->0
[9.648s][info][gc,metaspace] GC(71) Metaspace: 164K(384K)->164K(384K) NonClass: 156K(256K)->156K(256K) Class: 8K(128K)->8K(128K)
[9.648s][info][gc          ] GC(71) Pause Young (Normal) (G1 Evacuation Pause) 42M->8M(64M) 2.344ms
[9.648s][info][gc,cpu      ] GC(71) User=0.00s Sys=0.00s Real=0.00s
[9.796s][info][gc,start    ] GC(72) Pause Young (Normal) (G1 Evacuation Pause)
[9.796s][info][gc,task     ] GC(72) Using 4 workers of 8 for evacuation
[9.799s][info][gc,phases   ] GC(72)   Pre Evacuate Collection Set: 0.2ms
[9.799s][info][gc,phases   ] GC(72)   Merge Heap Roots: 0.2ms
[9.799s][info][gc,phases   ] GC(72)   Evacuate Collection Set: 1.0ms
[9.799s][info][gc,phases   ] GC(72)   Post Evacuate Collection Set: 1.0ms
[9.799s][info][gc,phases   ] GC(72)   Other: 0.3ms
[9.799s][info][gc,heap     ] GC(72) Eden regions: 35->0(33)
[9.799s][info][gc,heap     ] GC(72) Survivor regions: 3->5(5)
[9.799s][info][gc,heap     ] GC(72) Old regions: 6->6
[9.799s][info][gc,heap     ] GC(72) Archive regions: 0->0
[9.799s][info][gc,heap     ] GC(72) Humongous regions: 0->0
[9.799s][info][gc,metaspace] GC(72) Metaspace: 164K(384K)->164K(384K) NonClass: 156K(256K)->156K(256K) Class: 8K(128K)->8K(128K)
[9.799s][info][gc          ] GC(72) Pause Young (Normal) (G1 Evacuation Pause) 43M->10M(64M) 3.300ms
[9.799s][info][gc,cpu      ] GC(72) User=0.00s Sys=0.00s Real=0.00s
[9.897s][info][gc,start    ] GC(73) Pause Young (Normal) (G1 Evacuation Pause)
[9.897s][info][gc,task     ] GC(73) Using 4 workers of 8 for evacuation
[9.898s][info][gc,phases   ] GC(73)   Pre Evacuate Collection Set: 0.1ms
[9.898s][info][gc,phases   ] GC(73)   Merge Heap Roots: 0.1ms
[9.898s][info][gc,phases   ] GC(73)   Evacuate Collection Set: 0.5ms
[9.899s][info][gc,phases   ] GC(73)   Post Evacuate Collection Set: 0.4ms
[9.899s][info][gc,phases   ] GC(73)   Other: 0.4ms
[9.899s][info][gc,heap     ] GC(73) Eden regions: 33->0(35)
[9.899s][info][gc,heap     ] GC(73) Survivor regions: 5->3(5)
[9.899s][info][gc,heap     ] GC(73) Old regions: 6->6
[9.899s][info][gc,heap     ] GC(73) Archive regions: 0->0
[9.899s][info][gc,heap     ] GC(73) Humongous regions: 0->0
[9.899s][info][gc,metaspace] GC(73) Metaspace: 164K(384K)->164K(384K) NonClass: 156K(256K)->156K(256K) Class: 8K(128K)->8K(128K)
[9.899s][info][gc          ] GC(73) Pause Young (Normal) (G1 Evacuation Pause) 43M->8M(64M) 1.768ms
[9.899s][info][gc,cpu      ] GC(73) User=0.00s Sys=0.00s Real=0.00s
[10.047s][info][gc,start    ] GC(74) Pause Young (Normal) (G1 Evacuation Pause)
[10.048s][info][gc,task     ] GC(74) Using 4 workers of 8 for evacuation
[10.050s][info][gc,phases   ] GC(74)   Pre Evacuate Collection Set: 0.1ms
[10.050s][info][gc,phases   ] GC(74)   Merge Heap Roots: 0.1ms
[10.050s][info][gc,phases   ] GC(74)   Evacuate Collection Set: 0.9ms
[10.050s][info][gc,phases   ] GC(74)   Post Evacuate Collection Set: 0.7ms
[10.050s][info][gc,phases   ] GC(74)   Other: 0.3ms
[10.050s][info][gc,heap     ] GC(74) Eden regions: 35->0(33)
[10.050s][info][gc,heap     ] GC(74) Survivor regions: 3->5(5)
[10.050s][info][gc,heap     ] GC(74) Old regions: 6->6
[10.050s][info][gc,heap     ] GC(74) Archive regions: 0->0
[10.050s][info][gc,heap     ] GC(74) Humongous regions: 0->0
[10.050s][info][gc,metaspace] GC(74) Metaspace: 164K(384K)->164K(384K) NonClass: 156K(256K)->156K(256K) Class: 8K(128K)->8K(128K)
[10.050s][info][gc          ] GC(74) Pause Young (Normal) (G1 Evacuation Pause) 43M->10M(64M) 2.776ms
[10.050s][info][gc,cpu      ] GC(74) User=0.00s Sys=0.00s Real=0.00s
[10.194s][info][gc,start    ] GC(75) Pause Young (Normal) (G1 Evacuation Pause)
[10.195s][info][gc,task     ] GC(75) Using 4 workers of 8 for evacuation
[10.197s][info][gc,phases   ] GC(75)   Pre Evacuate Collection Set: 0.2ms
[10.197s][info][gc,phases   ] GC(75)   Merge Heap Roots: 0.2ms
[10.197s][info][gc,phases   ] GC(75)   Evacuate Collection Set: 0.6ms
[10.197s][info][gc,phases   ] GC(75)   Post Evacuate Collection Set: 0.8ms
[10.197s][info][gc,phases   ] GC(75)   Other: 0.3ms
[10.197s][info][gc,heap     ] GC(75) Eden regions: 33->0(34)
[10.197s][info][gc,heap     ] GC(75) Survivor regions: 5->4(5)
[10.197s][info][gc,heap     ] GC(75) Old regions: 6->6
[10.197s][info][gc,heap     ] GC(75) Archive regions: 0->0
[10.197s][info][gc,heap     ] GC(75) Humongous regions: 0->0
[10.197s][info][gc,metaspace] GC(75) Metaspace: 164K(384K)->164K(384K) NonClass: 156K(256K)->156K(256K) Class: 8K(128K)->8K(128K)
[10.197s][info][gc          ] GC(75) Pause Young (Normal) (G1 Evacuation Pause) 43M->9M(64M) 2.593ms
[10.197s][info][gc,cpu      ] GC(75) User=0.00s Sys=0.00s Real=0.00s
[10.297s][info][gc,start    ] GC(76) Pause Young (Normal) (G1 Evacuation Pause)
[10.297s][info][gc,task     ] GC(76) Using 4 workers of 8 for evacuation
[10.299s][info][gc,phases   ] GC(76)   Pre Evacuate Collection Set: 0.2ms
[10.299s][info][gc,phases   ] GC(76)   Merge Heap Roots: 0.2ms
[10.299s][info][gc,phases   ] GC(76)   Evacuate Collection Set: 1.1ms
[10.300s][info][gc,phases   ] GC(76)   Post Evacuate Collection Set: 0.7ms
[10.300s][info][gc,phases   ] GC(76)   Other: 0.3ms
[10.300s][info][gc,heap     ] GC(76) Eden regions: 34->0(33)
[10.300s][info][gc,heap     ] GC(76) Survivor regions: 4->5(5)
[10.300s][info][gc,heap     ] GC(76) Old regions: 6->6
[10.300s][info][gc,heap     ] GC(76) Archive regions: 0->0
[10.300s][info][gc,heap     ] GC(76) Humongous regions: 0->0
[10.300s][info][gc,metaspace] GC(76) Metaspace: 164K(384K)->164K(384K) NonClass: 156K(256K)->156K(256K) Class: 8K(128K)->8K(128K)
[10.300s][info][gc          ] GC(76) Pause Young (Normal) (G1 Evacuation Pause) 43M->9M(64M) 3.029ms
[10.300s][info][gc,cpu      ] GC(76) User=0.00s Sys=0.00s Real=0.00s
[10.448s][info][gc,start    ] GC(77) Pause Young (Normal) (G1 Evacuation Pause)
[10.448s][info][gc,task     ] GC(77) Using 4 workers of 8 for evacuation
[10.450s][info][gc,phases   ] GC(77)   Pre Evacuate Collection Set: 0.2ms
[10.450s][info][gc,phases   ] GC(77)   Merge Heap Roots: 0.2ms
[10.450s][info][gc,phases   ] GC(77)   Evacuate Collection Set: 0.5ms
[10.450s][info][gc,phases   ] GC(77)   Post Evacuate Collection Set: 0.8ms
[10.450s][info][gc,phases   ] GC(77)   Other: 0.3ms
[10.450s][info][gc,heap     ] GC(77) Eden regions: 33->0(34)
[10.450s][info][gc,heap     ] GC(77) Survivor regions: 5->4(5)
[10.450s][info][gc,heap     ] GC(77) Old regions: 6->6
[10.450s][info][gc,heap     ] GC(77) Archive regions: 0->0
[10.450s][info][gc,heap     ] GC(77) Humongous regions: 0->0
[10.451s][info][gc,metaspace] GC(77) Metaspace: 164K(384K)->164K(384K) NonClass: 156K(256K)->156K(256K) Class: 8K(128K)->8K(128K)
[10.451s][info][gc          ] GC(77) Pause Young (Normal) (G1 Evacuation Pause) 42M->8M(64M) 2.282ms
[10.451s][info][gc,cpu      ] GC(77) User=0.06s Sys=0.00s Real=0.00s
[10.596s][info][gc,start    ] GC(78) Pause Young (Normal) (G1 Evacuation Pause)
[10.596s][info][gc,task     ] GC(78) Using 4 workers of 8 for evacuation
[10.598s][info][gc,phases   ] GC(78)   Pre Evacuate Collection Set: 0.2ms
[10.599s][info][gc,phases   ] GC(78)   Merge Heap Roots: 0.1ms
[10.599s][info][gc,phases   ] GC(78)   Evacuate Collection Set: 1.1ms
[10.599s][info][gc,phases   ] GC(78)   Post Evacuate Collection Set: 0.5ms
[10.599s][info][gc,phases   ] GC(78)   Other: 0.4ms
[10.599s][info][gc,heap     ] GC(78) Eden regions: 34->0(34)
[10.599s][info][gc,heap     ] GC(78) Survivor regions: 4->4(5)
[10.599s][info][gc,heap     ] GC(78) Old regions: 6->6
[10.599s][info][gc,heap     ] GC(78) Archive regions: 0->0
[10.599s][info][gc,heap     ] GC(78) Humongous regions: 0->0
[10.599s][info][gc,metaspace] GC(78) Metaspace: 164K(384K)->164K(384K) NonClass: 156K(256K)->156K(256K) Class: 8K(128K)->8K(128K)
[10.599s][info][gc          ] GC(78) Pause Young (Normal) (G1 Evacuation Pause) 42M->9M(64M) 2.726ms
[10.599s][info][gc,cpu      ] GC(78) User=0.00s Sys=0.00s Real=0.00s
[10.697s][info][gc,start    ] GC(79) Pause Young (Normal) (G1 Evacuation Pause)
[10.697s][info][gc,task     ] GC(79) Using 4 workers of 8 for evacuation
[10.699s][info][gc,phases   ] GC(79)   Pre Evacuate Collection Set: 0.1ms
[10.699s][info][gc,phases   ] GC(79)   Merge Heap Roots: 0.1ms
[10.699s][info][gc,phases   ] GC(79)   Evacuate Collection Set: 0.7ms
[10.699s][info][gc,phases   ] GC(79)   Post Evacuate Collection Set: 0.7ms
[10.699s][info][gc,phases   ] GC(79)   Other: 0.3ms
[10.699s][info][gc,heap     ] GC(79) Eden regions: 34->0(35)
[10.699s][info][gc,heap     ] GC(79) Survivor regions: 4->3(5)
[10.699s][info][gc,heap     ] GC(79) Old regions: 6->6
[10.699s][info][gc,heap     ] GC(79) Archive regions: 0->0
[10.699s][info][gc,heap     ] GC(79) Humongous regions: 0->0
[10.699s][info][gc,metaspace] GC(79) Metaspace: 164K(384K)->164K(384K) NonClass: 156K(256K)->156K(256K) Class: 8K(128K)->8K(128K)
[10.699s][info][gc          ] GC(79) Pause Young (Normal) (G1 Evacuation Pause) 43M->8M(64M) 2.356ms
[10.700s][info][gc,cpu      ] GC(79) User=0.02s Sys=0.00s Real=0.00s
[10.846s][info][gc,start    ] GC(80) Pause Young (Normal) (G1 Evacuation Pause)
[10.846s][info][gc,task     ] GC(80) Using 4 workers of 8 for evacuation
[10.849s][info][gc,phases   ] GC(80)   Pre Evacuate Collection Set: 0.2ms
[10.849s][info][gc,phases   ] GC(80)   Merge Heap Roots: 0.2ms
[10.849s][info][gc,phases   ] GC(80)   Evacuate Collection Set: 0.9ms
[10.849s][info][gc,phases   ] GC(80)   Post Evacuate Collection Set: 0.8ms
[10.849s][info][gc,phases   ] GC(80)   Other: 0.3ms
[10.849s][info][gc,heap     ] GC(80) Eden regions: 35->0(33)
[10.849s][info][gc,heap     ] GC(80) Survivor regions: 3->5(5)
[10.849s][info][gc,heap     ] GC(80) Old regions: 6->6
[10.849s][info][gc,heap     ] GC(80) Archive regions: 0->0
[10.849s][info][gc,heap     ] GC(80) Humongous regions: 0->0
[10.849s][info][gc,metaspace] GC(80) Metaspace: 164K(384K)->164K(384K) NonClass: 156K(256K)->156K(256K) Class: 8K(128K)->8K(128K)
[10.849s][info][gc          ] GC(80) Pause Young (Normal) (G1 Evacuation Pause) 43M->10M(64M) 3.013ms
[10.849s][info][gc,cpu      ] GC(80) User=0.00s Sys=0.00s Real=0.00s
[10.996s][info][gc,start    ] GC(81) Pause Young (Normal) (G1 Evacuation Pause)
[10.996s][info][gc,task     ] GC(81) Using 4 workers of 8 for evacuation
[10.998s][info][gc,phases   ] GC(81)   Pre Evacuate Collection Set: 0.2ms
[10.998s][info][gc,phases   ] GC(81)   Merge Heap Roots: 0.2ms
[10.998s][info][gc,phases   ] GC(81)   Evacuate Collection Set: 0.6ms
[10.998s][info][gc,phases   ] GC(81)   Post Evacuate Collection Set: 0.8ms
[10.998s][info][gc,phases   ] GC(81)   Other: 0.3ms
[10.998s][info][gc,heap     ] GC(81) Eden regions: 33->0(34)
[10.998s][info][gc,heap     ] GC(81) Survivor regions: 5->4(5)
[10.998s][info][gc,heap     ] GC(81) Old regions: 6->6
[10.998s][info][gc,heap     ] GC(81) Archive regions: 0->0
[10.998s][info][gc,heap     ] GC(81) Humongous regions: 0->0
[10.998s][info][gc,metaspace] GC(81) Metaspace: 164K(384K)->164K(384K) NonClass: 156K(256K)->156K(256K) Class: 8K(128K)->8K(128K)
[10.998s][info][gc          ] GC(81) Pause Young (Normal) (G1 Evacuation Pause) 43M->9M(64M) 2.623ms
[10.998s][info][gc,cpu      ] GC(81) User=0.06s Sys=0.00s Real=0.00s
[11.098s][info][gc,start    ] GC(82) Pause Young (Normal) (G1 Evacuation Pause)
[11.098s][info][gc,task     ] GC(82) Using 4 workers of 8 for evacuation
[11.101s][info][gc,phases   ] GC(82)   Pre Evacuate Collection Set: 0.1ms
[11.101s][info][gc,phases   ] GC(82)   Merge Heap Roots: 0.1ms
[11.101s][info][gc,phases   ] GC(82)   Evacuate Collection Set: 1.5ms
[11.101s][info][gc,phases   ] GC(82)   Post Evacuate Collection Set: 0.8ms
[11.101s][info][gc,phases   ] GC(82)   Other: 0.4ms
[11.101s][info][gc,heap     ] GC(82) Eden regions: 34->0(33)
[11.101s][info][gc,heap     ] GC(82) Survivor regions: 4->5(5)
[11.101s][info][gc,heap     ] GC(82) Old regions: 6->6
[11.101s][info][gc,heap     ] GC(82) Archive regions: 0->0
[11.101s][info][gc,heap     ] GC(82) Humongous regions: 0->0
[11.101s][info][gc,metaspace] GC(82) Metaspace: 164K(384K)->164K(384K) NonClass: 156K(256K)->156K(256K) Class: 8K(128K)->8K(128K)
[11.101s][info][gc          ] GC(82) Pause Young (Normal) (G1 Evacuation Pause) 43M->10M(64M) 3.583ms
[11.102s][info][gc,cpu      ] GC(82) User=0.00s Sys=0.00s Real=0.00s
[11.247s][info][gc,start    ] GC(83) Pause Young (Normal) (G1 Evacuation Pause)
[11.247s][info][gc,task     ] GC(83) Using 4 workers of 8 for evacuation
[11.249s][info][gc,phases   ] GC(83)   Pre Evacuate Collection Set: 0.2ms
[11.249s][info][gc,phases   ] GC(83)   Merge Heap Roots: 0.1ms
[11.249s][info][gc,phases   ] GC(83)   Evacuate Collection Set: 1.1ms
[11.249s][info][gc,phases   ] GC(83)   Post Evacuate Collection Set: 0.5ms
[11.249s][info][gc,phases   ] GC(83)   Other: 0.4ms
[11.249s][info][gc,heap     ] GC(83) Eden regions: 33->0(34)
[11.249s][info][gc,heap     ] GC(83) Survivor regions: 5->4(5)
[11.249s][info][gc,heap     ] GC(83) Old regions: 6->6
[11.249s][info][gc,heap     ] GC(83) Archive regions: 0->0
[11.249s][info][gc,heap     ] GC(83) Humongous regions: 0->0
[11.249s][info][gc,metaspace] GC(83) Metaspace: 164K(384K)->164K(384K) NonClass: 156K(256K)->156K(256K) Class: 8K(128K)->8K(128K)
[11.249s][info][gc          ] GC(83) Pause Young (Normal) (G1 Evacuation Pause) 43M->8M(64M) 2.775ms
[11.249s][info][gc,cpu      ] GC(83) User=0.00s Sys=0.00s Real=0.00s
[11.394s][info][gc,start    ] GC(84) Pause Young (Normal) (G1 Evacuation Pause)
[11.395s][info][gc,task     ] GC(84) Using 4 workers of 8 for evacuation
[11.396s][info][gc,phases   ] GC(84)   Pre Evacuate Collection Set: 0.2ms
[11.396s][info][gc,phases   ] GC(84)   Merge Heap Roots: 0.2ms
[11.396s][info][gc,phases   ] GC(84)   Evacuate Collection Set: 0.6ms
[11.397s][info][gc,phases   ] GC(84)   Post Evacuate Collection Set: 0.7ms
[11.397s][info][gc,phases   ] GC(84)   Other: 0.3ms
[11.397s][info][gc,heap     ] GC(84) Eden regions: 34->0(35)
[11.397s][info][gc,heap     ] GC(84) Survivor regions: 4->3(5)
[11.397s][info][gc,heap     ] GC(84) Old regions: 6->6
[11.397s][info][gc,heap     ] GC(84) Archive regions: 0->0
[11.397s][info][gc,heap     ] GC(84) Humongous regions: 0->0
[11.397s][info][gc,metaspace] GC(84) Metaspace: 164K(384K)->164K(384K) NonClass: 156K(256K)->156K(256K) Class: 8K(128K)->8K(128K)
[11.397s][info][gc          ] GC(84) Pause Young (Normal) (G1 Evacuation Pause) 42M->8M(64M) 2.425ms
[11.397s][info][gc,cpu      ] GC(84) User=0.00s Sys=0.00s Real=0.00s
[11.498s][info][gc,start    ] GC(85) Pause Young (Normal) (G1 Evacuation Pause)
[11.498s][info][gc,task     ] GC(85) Using 4 workers of 8 for evacuation
[11.500s][info][gc,phases   ] GC(85)   Pre Evacuate Collection Set: 0.2ms
[11.500s][info][gc,phases   ] GC(85)   Merge Heap Roots: 0.2ms
[11.501s][info][gc,phases   ] GC(85)   Evacuate Collection Set: 1.1ms
[11.501s][info][gc,phases   ] GC(85)   Post Evacuate Collection Set: 0.9ms
[11.501s][info][gc,phases   ] GC(85)   Other: 0.3ms
[11.501s][info][gc,heap     ] GC(85) Eden regions: 35->0(33)
[11.501s][info][gc,heap     ] GC(85) Survivor regions: 3->5(5)
[11.501s][info][gc,heap     ] GC(85) Old regions: 6->6
[11.501s][info][gc,heap     ] GC(85) Archive regions: 0->0
[11.501s][info][gc,heap     ] GC(85) Humongous regions: 0->0
[11.501s][info][gc,metaspace] GC(85) Metaspace: 164K(384K)->164K(384K) NonClass: 156K(256K)->156K(256K) Class: 8K(128K)->8K(128K)
[11.501s][info][gc          ] GC(85) Pause Young (Normal) (G1 Evacuation Pause) 43M->10M(64M) 3.135ms
[11.501s][info][gc,cpu      ] GC(85) User=0.00s Sys=0.00s Real=0.00s
[11.646s][info][gc,start    ] GC(86) Pause Young (Normal) (G1 Evacuation Pause)
[11.646s][info][gc,task     ] GC(86) Using 4 workers of 8 for evacuation
[11.649s][info][gc,phases   ] GC(86)   Pre Evacuate Collection Set: 0.2ms
[11.649s][info][gc,phases   ] GC(86)   Merge Heap Roots: 0.2ms
[11.649s][info][gc,phases   ] GC(86)   Evacuate Collection Set: 0.7ms
[11.649s][info][gc,phases   ] GC(86)   Post Evacuate Collection Set: 0.8ms
[11.649s][info][gc,phases   ] GC(86)   Other: 0.4ms
[11.649s][info][gc,heap     ] GC(86) Eden regions: 33->0(35)
[11.649s][info][gc,heap     ] GC(86) Survivor regions: 5->3(5)
[11.649s][info][gc,heap     ] GC(86) Old regions: 6->6
[11.649s][info][gc,heap     ] GC(86) Archive regions: 0->0
[11.649s][info][gc,heap     ] GC(86) Humongous regions: 0->0
[11.649s][info][gc,metaspace] GC(86) Metaspace: 164K(384K)->164K(384K) NonClass: 156K(256K)->156K(256K) Class: 8K(128K)->8K(128K)
[11.649s][info][gc          ] GC(86) Pause Young (Normal) (G1 Evacuation Pause) 43M->8M(64M) 2.701ms
[11.649s][info][gc,cpu      ] GC(86) User=0.00s Sys=0.00s Real=0.00s
[11.795s][info][gc,start    ] GC(87) Pause Young (Normal) (G1 Evacuation Pause)
[11.796s][info][gc,task     ] GC(87) Using 4 workers of 8 for evacuation
[11.798s][info][gc,phases   ] GC(87)   Pre Evacuate Collection Set: 0.1ms
[11.798s][info][gc,phases   ] GC(87)   Merge Heap Roots: 0.1ms
[11.798s][info][gc,phases   ] GC(87)   Evacuate Collection Set: 1.3ms
[11.798s][info][gc,phases   ] GC(87)   Post Evacuate Collection Set: 0.5ms
[11.798s][info][gc,phases   ] GC(87)   Other: 0.3ms
[11.798s][info][gc,heap     ] GC(87) Eden regions: 35->0(33)
[11.798s][info][gc,heap     ] GC(87) Survivor regions: 3->5(5)
[11.798s][info][gc,heap     ] GC(87) Old regions: 6->6
[11.798s][info][gc,heap     ] GC(87) Archive regions: 0->0
[11.798s][info][gc,heap     ] GC(87) Humongous regions: 0->0
[11.798s][info][gc,metaspace] GC(87) Metaspace: 164K(384K)->164K(384K) NonClass: 156K(256K)->156K(256K) Class: 8K(128K)->8K(128K)
[11.798s][info][gc          ] GC(87) Pause Young (Normal) (G1 Evacuation Pause) 43M->10M(64M) 2.529ms
[11.798s][info][gc,cpu      ] GC(87) User=0.00s Sys=0.00s Real=0.00s
[11.898s][info][gc,start    ] GC(88) Pause Young (Normal) (G1 Evacuation Pause)
[11.898s][info][gc,task     ] GC(88) Using 4 workers of 8 for evacuation
[11.900s][info][gc,phases   ] GC(88)   Pre Evacuate Collection Set: 0.1ms
[11.900s][info][gc,phases   ] GC(88)   Merge Heap Roots: 0.1ms
[11.900s][info][gc,phases   ] GC(88)   Evacuate Collection Set: 1.2ms
[11.900s][info][gc,phases   ] GC(88)   Post Evacuate Collection Set: 0.5ms
[11.900s][info][gc,phases   ] GC(88)   Other: 0.5ms
[11.900s][info][gc,heap     ] GC(88) Eden regions: 33->0(34)
[11.900s][info][gc,heap     ] GC(88) Survivor regions: 5->4(5)
[11.900s][info][gc,heap     ] GC(88) Old regions: 6->6
[11.900s][info][gc,heap     ] GC(88) Archive regions: 0->0
[11.900s][info][gc,heap     ] GC(88) Humongous regions: 0->0
[11.900s][info][gc,metaspace] GC(88) Metaspace: 164K(384K)->164K(384K) NonClass: 156K(256K)->156K(256K) Class: 8K(128K)->8K(128K)
[11.901s][info][gc          ] GC(88) Pause Young (Normal) (G1 Evacuation Pause) 43M->9M(64M) 2.902ms
[11.901s][info][gc,cpu      ] GC(88) User=0.00s Sys=0.00s Real=0.00s
[12.046s][info][gc,start    ] GC(89) Pause Young (Normal) (G1 Evacuation Pause)
[12.046s][info][gc,task     ] GC(89) Using 4 workers of 8 for evacuation
[12.048s][info][gc,phases   ] GC(89)   Pre Evacuate Collection Set: 0.2ms
[12.049s][info][gc,phases   ] GC(89)   Merge Heap Roots: 0.2ms
[12.049s][info][gc,phases   ] GC(89)   Evacuate Collection Set: 1.1ms
[12.049s][info][gc,phases   ] GC(89)   Post Evacuate Collection Set: 0.8ms
[12.049s][info][gc,phases   ] GC(89)   Other: 0.3ms
[12.049s][info][gc,heap     ] GC(89) Eden regions: 34->0(33)
[12.049s][info][gc,heap     ] GC(89) Survivor regions: 4->5(5)
[12.049s][info][gc,heap     ] GC(89) Old regions: 6->6
[12.049s][info][gc,heap     ] GC(89) Archive regions: 0->0
[12.049s][info][gc,heap     ] GC(89) Humongous regions: 0->0
[12.049s][info][gc,metaspace] GC(89) Metaspace: 164K(384K)->164K(384K) NonClass: 156K(256K)->156K(256K) Class: 8K(128K)->8K(128K)
[12.049s][info][gc          ] GC(89) Pause Young (Normal) (G1 Evacuation Pause) 43M->10M(64M) 3.143ms
[12.049s][info][gc,cpu      ] GC(89) User=0.00s Sys=0.00s Real=0.00s
[12.196s][info][gc,start    ] GC(90) Pause Young (Normal) (G1 Evacuation Pause)
[12.196s][info][gc,task     ] GC(90) Using 4 workers of 8 for evacuation
[12.198s][info][gc,phases   ] GC(90)   Pre Evacuate Collection Set: 0.2ms
[12.198s][info][gc,phases   ] GC(90)   Merge Heap Roots: 0.2ms
[12.198s][info][gc,phases   ] GC(90)   Evacuate Collection Set: 0.7ms
[12.198s][info][gc,phases   ] GC(90)   Post Evacuate Collection Set: 0.8ms
[12.198s][info][gc,phases   ] GC(90)   Other: 0.3ms
[12.198s][info][gc,heap     ] GC(90) Eden regions: 33->0(35)
[12.198s][info][gc,heap     ] GC(90) Survivor regions: 5->3(5)
[12.198s][info][gc,heap     ] GC(90) Old regions: 6->6
[12.198s][info][gc,heap     ] GC(90) Archive regions: 0->0
[12.199s][info][gc,heap     ] GC(90) Humongous regions: 0->0
[12.199s][info][gc,metaspace] GC(90) Metaspace: 164K(384K)->164K(384K) NonClass: 156K(256K)->156K(256K) Class: 8K(128K)->8K(128K)
[12.199s][info][gc          ] GC(90) Pause Young (Normal) (G1 Evacuation Pause) 43M->8M(64M) 2.625ms
[12.199s][info][gc,cpu      ] GC(90) User=0.00s Sys=0.00s Real=0.00s
[12.297s][info][gc,start    ] GC(91) Pause Young (Normal) (G1 Evacuation Pause)
[12.298s][info][gc,task     ] GC(91) Using 4 workers of 8 for evacuation
[12.300s][info][gc,phases   ] GC(91)   Pre Evacuate Collection Set: 0.1ms
[12.301s][info][gc,phases   ] GC(91)   Merge Heap Roots: 0.1ms
[12.301s][info][gc,phases   ] GC(91)   Evacuate Collection Set: 1.3ms
[12.301s][info][gc,phases   ] GC(91)   Post Evacuate Collection Set: 0.8ms
[12.301s][info][gc,phases   ] GC(91)   Other: 0.8ms
[12.301s][info][gc,heap     ] GC(91) Eden regions: 35->0(33)
[12.301s][info][gc,heap     ] GC(91) Survivor regions: 3->5(5)
[12.301s][info][gc,heap     ] GC(91) Old regions: 6->6
[12.301s][info][gc,heap     ] GC(91) Archive regions: 0->0
[12.301s][info][gc,heap     ] GC(91) Humongous regions: 0->0
[12.301s][info][gc,metaspace] GC(91) Metaspace: 164K(384K)->164K(384K) NonClass: 156K(256K)->156K(256K) Class: 8K(128K)->8K(128K)
[12.301s][info][gc          ] GC(91) Pause Young (Normal) (G1 Evacuation Pause) 43M->10M(64M) 3.578ms
[12.301s][info][gc,cpu      ] GC(91) User=0.00s Sys=0.00s Real=0.00s
[12.445s][info][gc,start    ] GC(92) Pause Young (Normal) (G1 Evacuation Pause)
[12.445s][info][gc,task     ] GC(92) Using 4 workers of 8 for evacuation
[12.448s][info][gc,phases   ] GC(92)   Pre Evacuate Collection Set: 0.2ms
[12.448s][info][gc,phases   ] GC(92)   Merge Heap Roots: 0.2ms
[12.448s][info][gc,phases   ] GC(92)   Evacuate Collection Set: 1.2ms
[12.448s][info][gc,phases   ] GC(92)   Post Evacuate Collection Set: 0.8ms
[12.448s][info][gc,phases   ] GC(92)   Other: 0.4ms
[12.448s][info][gc,heap     ] GC(92) Eden regions: 33->0(34)
[12.448s][info][gc,heap     ] GC(92) Survivor regions: 5->4(5)
[12.448s][info][gc,heap     ] GC(92) Old regions: 6->6
[12.448s][info][gc,heap     ] GC(92) Archive regions: 0->0
[12.448s][info][gc,heap     ] GC(92) Humongous regions: 0->0
[12.449s][info][gc,metaspace] GC(92) Metaspace: 164K(384K)->164K(384K) NonClass: 156K(256K)->156K(256K) Class: 8K(128K)->8K(128K)
[12.449s][info][gc          ] GC(92) Pause Young (Normal) (G1 Evacuation Pause) 43M->9M(64M) 3.236ms
[12.449s][info][gc,cpu      ] GC(92) User=0.00s Sys=0.00s Real=0.00s
[12.595s][info][gc,start    ] GC(93) Pause Young (Normal) (G1 Evacuation Pause)
[12.596s][info][gc,task     ] GC(93) Using 4 workers of 8 for evacuation
[12.598s][info][gc,phases   ] GC(93)   Pre Evacuate Collection Set: 0.2ms
[12.598s][info][gc,phases   ] GC(93)   Merge Heap Roots: 0.2ms
[12.598s][info][gc,phases   ] GC(93)   Evacuate Collection Set: 1.1ms
[12.598s][info][gc,phases   ] GC(93)   Post Evacuate Collection Set: 0.8ms
[12.598s][info][gc,phases   ] GC(93)   Other: 0.3ms
[12.598s][info][gc,heap     ] GC(93) Eden regions: 34->0(33)
[12.598s][info][gc,heap     ] GC(93) Survivor regions: 4->5(5)
[12.598s][info][gc,heap     ] GC(93) Old regions: 6->7
[12.598s][info][gc,heap     ] GC(93) Archive regions: 0->0
[12.598s][info][gc,heap     ] GC(93) Humongous regions: 0->0
[12.599s][info][gc,metaspace] GC(93) Metaspace: 164K(384K)->164K(384K) NonClass: 156K(256K)->156K(256K) Class: 8K(128K)->8K(128K)
[12.599s][info][gc          ] GC(93) Pause Young (Normal) (G1 Evacuation Pause) 43M->10M(64M) 3.234ms
[12.599s][info][gc,cpu      ] GC(93) User=0.00s Sys=0.00s Real=0.00s
[12.697s][info][gc,start    ] GC(94) Pause Young (Normal) (G1 Evacuation Pause)
[12.698s][info][gc,task     ] GC(94) Using 4 workers of 8 for evacuation
[12.699s][info][gc,phases   ] GC(94)   Pre Evacuate Collection Set: 0.1ms
[12.699s][info][gc,phases   ] GC(94)   Merge Heap Roots: 0.1ms
[12.699s][info][gc,phases   ] GC(94)   Evacuate Collection Set: 0.6ms
[12.699s][info][gc,phases   ] GC(94)   Post Evacuate Collection Set: 0.6ms
[12.699s][info][gc,phases   ] GC(94)   Other: 0.4ms
[12.700s][info][gc,heap     ] GC(94) Eden regions: 33->0(35)
[12.700s][info][gc,heap     ] GC(94) Survivor regions: 5->3(5)
[12.700s][info][gc,heap     ] GC(94) Old regions: 7->7
[12.700s][info][gc,heap     ] GC(94) Archive regions: 0->0
[12.700s][info][gc,heap     ] GC(94) Humongous regions: 0->0
[12.700s][info][gc,metaspace] GC(94) Metaspace: 164K(384K)->164K(384K) NonClass: 156K(256K)->156K(256K) Class: 8K(128K)->8K(128K)
[12.700s][info][gc          ] GC(94) Pause Young (Normal) (G1 Evacuation Pause) 43M->8M(64M) 2.310ms
[12.700s][info][gc,cpu      ] GC(94) User=0.02s Sys=0.00s Real=0.00s
[12.846s][info][gc,start    ] GC(95) Pause Young (Normal) (G1 Evacuation Pause)
[12.846s][info][gc,task     ] GC(95) Using 4 workers of 8 for evacuation
[12.849s][info][gc,phases   ] GC(95)   Pre Evacuate Collection Set: 0.2ms
[12.849s][info][gc,phases   ] GC(95)   Merge Heap Roots: 0.2ms
[12.849s][info][gc,phases   ] GC(95)   Evacuate Collection Set: 1.6ms
[12.849s][info][gc,phases   ] GC(95)   Post Evacuate Collection Set: 0.8ms
[12.850s][info][gc,phases   ] GC(95)   Other: 0.3ms
[12.850s][info][gc,heap     ] GC(95) Eden regions: 35->0(33)
[12.850s][info][gc,heap     ] GC(95) Survivor regions: 3->5(5)
[12.850s][info][gc,heap     ] GC(95) Old regions: 7->7
[12.850s][info][gc,heap     ] GC(95) Archive regions: 0->0
[12.850s][info][gc,heap     ] GC(95) Humongous regions: 0->0
[12.850s][info][gc,metaspace] GC(95) Metaspace: 164K(384K)->164K(384K) NonClass: 156K(256K)->156K(256K) Class: 8K(128K)->8K(128K)
[12.850s][info][gc          ] GC(95) Pause Young (Normal) (G1 Evacuation Pause) 43M->10M(64M) 3.618ms
[12.850s][info][gc,cpu      ] GC(95) User=0.00s Sys=0.00s Real=0.00s
[12.994s][info][gc,start    ] GC(96) Pause Young (Normal) (G1 Evacuation Pause)
[12.994s][info][gc,task     ] GC(96) Using 4 workers of 8 for evacuation
[12.995s][info][gc,phases   ] GC(96)   Pre Evacuate Collection Set: 0.2ms
[12.995s][info][gc,phases   ] GC(96)   Merge Heap Roots: 0.1ms
[12.995s][info][gc,phases   ] GC(96)   Evacuate Collection Set: 0.3ms
[12.995s][info][gc,phases   ] GC(96)   Post Evacuate Collection Set: 0.5ms
[12.995s][info][gc,phases   ] GC(96)   Other: 0.2ms
[12.995s][info][gc,heap     ] GC(96) Eden regions: 33->0(34)
[12.995s][info][gc,heap     ] GC(96) Survivor regions: 5->4(5)
[12.995s][info][gc,heap     ] GC(96) Old regions: 7->7
[12.995s][info][gc,heap     ] GC(96) Archive regions: 0->0
[12.995s][info][gc,heap     ] GC(96) Humongous regions: 0->0
[12.995s][info][gc,metaspace] GC(96) Metaspace: 164K(384K)->164K(384K) NonClass: 156K(256K)->156K(256K) Class: 8K(128K)->8K(128K)
[12.995s][info][gc          ] GC(96) Pause Young (Normal) (G1 Evacuation Pause) 43M->9M(64M) 1.515ms
[12.995s][info][gc,cpu      ] GC(96) User=0.00s Sys=0.00s Real=0.00s
[13.098s][info][gc,start    ] GC(97) Pause Young (Normal) (G1 Evacuation Pause)
[13.098s][info][gc,task     ] GC(97) Using 4 workers of 8 for evacuation
[13.100s][info][gc,phases   ] GC(97)   Pre Evacuate Collection Set: 0.2ms
[13.101s][info][gc,phases   ] GC(97)   Merge Heap Roots: 0.2ms
[13.101s][info][gc,phases   ] GC(97)   Evacuate Collection Set: 1.0ms
[13.101s][info][gc,phases   ] GC(97)   Post Evacuate Collection Set: 0.6ms
[13.101s][info][gc,phases   ] GC(97)   Other: 0.4ms
[13.101s][info][gc,heap     ] GC(97) Eden regions: 34->0(34)
[13.101s][info][gc,heap     ] GC(97) Survivor regions: 4->4(5)
[13.101s][info][gc,heap     ] GC(97) Old regions: 7->7
[13.101s][info][gc,heap     ] GC(97) Archive regions: 0->0
[13.101s][info][gc,heap     ] GC(97) Humongous regions: 0->0
[13.101s][info][gc,metaspace] GC(97) Metaspace: 164K(384K)->164K(384K) NonClass: 156K(256K)->156K(256K) Class: 8K(128K)->8K(128K)
[13.101s][info][gc          ] GC(97) Pause Young (Normal) (G1 Evacuation Pause) 43M->9M(64M) 2.674ms
[13.101s][info][gc,cpu      ] GC(97) User=0.00s Sys=0.00s Real=0.00s
[13.245s][info][gc,start    ] GC(98) Pause Young (Normal) (G1 Evacuation Pause)
[13.245s][info][gc,task     ] GC(98) Using 4 workers of 8 for evacuation
[13.246s][info][gc,phases   ] GC(98)   Pre Evacuate Collection Set: 0.1ms
[13.246s][info][gc,phases   ] GC(98)   Merge Heap Roots: 0.1ms
[13.247s][info][gc,phases   ] GC(98)   Evacuate Collection Set: 0.9ms
[13.247s][info][gc,phases   ] GC(98)   Post Evacuate Collection Set: 0.5ms
[13.247s][info][gc,phases   ] GC(98)   Other: 0.2ms
[13.247s][info][gc,heap     ] GC(98) Eden regions: 34->0(34)
[13.247s][info][gc,heap     ] GC(98) Survivor regions: 4->4(5)
[13.247s][info][gc,heap     ] GC(98) Old regions: 7->7
[13.247s][info][gc,heap     ] GC(98) Archive regions: 0->0
[13.247s][info][gc,heap     ] GC(98) Humongous regions: 0->0
[13.247s][info][gc,metaspace] GC(98) Metaspace: 164K(384K)->164K(384K) NonClass: 156K(256K)->156K(256K) Class: 8K(128K)->8K(128K)
[13.247s][info][gc          ] GC(98) Pause Young (Normal) (G1 Evacuation Pause) 43M->9M(64M) 2.107ms
[13.247s][info][gc,cpu      ] GC(98) User=0.02s Sys=0.00s Real=0.00s
[13.395s][info][gc,start    ] GC(99) Pause Young (Normal) (G1 Evacuation Pause)
[13.395s][info][gc,task     ] GC(99) Using 4 workers of 8 for evacuation
[13.397s][info][gc,phases   ] GC(99)   Pre Evacuate Collection Set: 0.1ms
[13.397s][info][gc,phases   ] GC(99)   Merge Heap Roots: 0.2ms
[13.397s][info][gc,phases   ] GC(99)   Evacuate Collection Set: 0.8ms
[13.397s][info][gc,phases   ] GC(99)   Post Evacuate Collection Set: 0.6ms
[13.397s][info][gc,phases   ] GC(99)   Other: 0.3ms
[13.397s][info][gc,heap     ] GC(99) Eden regions: 34->0(34)
[13.397s][info][gc,heap     ] GC(99) Survivor regions: 4->4(5)
[13.397s][info][gc,heap     ] GC(99) Old regions: 7->7
[13.397s][info][gc,heap     ] GC(99) Archive regions: 0->0
[13.397s][info][gc,heap     ] GC(99) Humongous regions: 0->0
[13.397s][info][gc,metaspace] GC(99) Metaspace: 164K(384K)->164K(384K) NonClass: 156K(256K)->156K(256K) Class: 8K(128K)->8K(128K)
[13.397s][info][gc          ] GC(99) Pause Young (Normal) (G1 Evacuation Pause) 43M->9M(64M) 2.259ms
[13.398s][info][gc,cpu      ] GC(99) User=0.00s Sys=0.00s Real=0.00s
[13.500s][info][gc,start    ] GC(100) Pause Young (Normal) (G1 Evacuation Pause)
[13.500s][info][gc,task     ] GC(100) Using 4 workers of 8 for evacuation
[13.502s][info][gc,phases   ] GC(100)   Pre Evacuate Collection Set: 0.2ms
[13.502s][info][gc,phases   ] GC(100)   Merge Heap Roots: 0.2ms
[13.502s][info][gc,phases   ] GC(100)   Evacuate Collection Set: 1.1ms
[13.502s][info][gc,phases   ] GC(100)   Post Evacuate Collection Set: 0.6ms
[13.502s][info][gc,phases   ] GC(100)   Other: 0.3ms
[13.502s][info][gc,heap     ] GC(100) Eden regions: 34->0(33)
[13.502s][info][gc,heap     ] GC(100) Survivor regions: 4->5(5)
[13.502s][info][gc,heap     ] GC(100) Old regions: 7->7
[13.502s][info][gc,heap     ] GC(100) Archive regions: 0->0
[13.503s][info][gc,heap     ] GC(100) Humongous regions: 0->0
[13.503s][info][gc,metaspace] GC(100) Metaspace: 164K(384K)->164K(384K) NonClass: 156K(256K)->156K(256K) Class: 8K(128K)->8K(128K)
[13.503s][info][gc          ] GC(100) Pause Young (Normal) (G1 Evacuation Pause) 43M->10M(64M) 2.692ms
[13.503s][info][gc,cpu      ] GC(100) User=0.00s Sys=0.00s Real=0.00s
[13.646s][info][gc,start    ] GC(101) Pause Young (Normal) (G1 Evacuation Pause)
[13.646s][info][gc,task     ] GC(101) Using 4 workers of 8 for evacuation
[13.648s][info][gc,phases   ] GC(101)   Pre Evacuate Collection Set: 0.3ms
[13.648s][info][gc,phases   ] GC(101)   Merge Heap Roots: 0.2ms
[13.648s][info][gc,phases   ] GC(101)   Evacuate Collection Set: 0.6ms
[13.648s][info][gc,phases   ] GC(101)   Post Evacuate Collection Set: 0.5ms
[13.648s][info][gc,phases   ] GC(101)   Other: 0.3ms
[13.648s][info][gc,heap     ] GC(101) Eden regions: 33->0(35)
[13.648s][info][gc,heap     ] GC(101) Survivor regions: 5->3(5)
[13.648s][info][gc,heap     ] GC(101) Old regions: 7->7
[13.648s][info][gc,heap     ] GC(101) Archive regions: 0->0
[13.648s][info][gc,heap     ] GC(101) Humongous regions: 0->0
[13.648s][info][gc,metaspace] GC(101) Metaspace: 164K(384K)->164K(384K) NonClass: 156K(256K)->156K(256K) Class: 8K(128K)->8K(128K)
[13.648s][info][gc          ] GC(101) Pause Young (Normal) (G1 Evacuation Pause) 43M->8M(64M) 2.102ms
[13.648s][info][gc,cpu      ] GC(101) User=0.00s Sys=0.00s Real=0.00s
[13.797s][info][gc,start    ] GC(102) Pause Young (Normal) (G1 Evacuation Pause)
[13.797s][info][gc,task     ] GC(102) Using 4 workers of 8 for evacuation
[13.799s][info][gc,phases   ] GC(102)   Pre Evacuate Collection Set: 0.1ms
[13.799s][info][gc,phases   ] GC(102)   Merge Heap Roots: 0.1ms
[13.799s][info][gc,phases   ] GC(102)   Evacuate Collection Set: 0.8ms
[13.799s][info][gc,phases   ] GC(102)   Post Evacuate Collection Set: 0.7ms
[13.799s][info][gc,phases   ] GC(102)   Other: 0.3ms
[13.799s][info][gc,heap     ] GC(102) Eden regions: 35->0(33)
[13.799s][info][gc,heap     ] GC(102) Survivor regions: 3->5(5)
[13.799s][info][gc,heap     ] GC(102) Old regions: 7->7
[13.799s][info][gc,heap     ] GC(102) Archive regions: 0->0
[13.799s][info][gc,heap     ] GC(102) Humongous regions: 0->0
[13.799s][info][gc,metaspace] GC(102) Metaspace: 164K(384K)->164K(384K) NonClass: 156K(256K)->156K(256K) Class: 8K(128K)->8K(128K)
[13.800s][info][gc          ] GC(102) Pause Young (Normal) (G1 Evacuation Pause) 43M->10M(64M) 2.496ms
[13.800s][info][gc,cpu      ] GC(102) User=0.00s Sys=0.00s Real=0.00s
[13.897s][info][gc,start    ] GC(103) Pause Young (Normal) (G1 Evacuation Pause)
[13.897s][info][gc,task     ] GC(103) Using 4 workers of 8 for evacuation
[13.898s][info][gc,phases   ] GC(103)   Pre Evacuate Collection Set: 0.1ms
[13.898s][info][gc,phases   ] GC(103)   Merge Heap Roots: 0.1ms
[13.898s][info][gc,phases   ] GC(103)   Evacuate Collection Set: 0.7ms
[13.898s][info][gc,phases   ] GC(103)   Post Evacuate Collection Set: 0.5ms
[13.899s][info][gc,phases   ] GC(103)   Other: 0.3ms
[13.899s][info][gc,heap     ] GC(103) Eden regions: 33->0(34)
[13.899s][info][gc,heap     ] GC(103) Survivor regions: 5->4(5)
[13.899s][info][gc,heap     ] GC(103) Old regions: 7->7
[13.899s][info][gc,heap     ] GC(103) Archive regions: 0->0
[13.899s][info][gc,heap     ] GC(103) Humongous regions: 0->0
[13.899s][info][gc,metaspace] GC(103) Metaspace: 164K(384K)->164K(384K) NonClass: 156K(256K)->156K(256K) Class: 8K(128K)->8K(128K)
[13.899s][info][gc          ] GC(103) Pause Young (Normal) (G1 Evacuation Pause) 43M->9M(64M) 2.157ms
[13.899s][info][gc,cpu      ] GC(103) User=0.00s Sys=0.00s Real=0.00s
[14.045s][info][gc,start    ] GC(104) Pause Young (Normal) (G1 Evacuation Pause)
[14.045s][info][gc,task     ] GC(104) Using 4 workers of 8 for evacuation
[14.047s][info][gc,phases   ] GC(104)   Pre Evacuate Collection Set: 0.2ms
[14.047s][info][gc,phases   ] GC(104)   Merge Heap Roots: 0.2ms
[14.047s][info][gc,phases   ] GC(104)   Evacuate Collection Set: 0.8ms
[14.047s][info][gc,phases   ] GC(104)   Post Evacuate Collection Set: 0.6ms
[14.047s][info][gc,phases   ] GC(104)   Other: 0.4ms
[14.047s][info][gc,heap     ] GC(104) Eden regions: 34->0(34)
[14.047s][info][gc,heap     ] GC(104) Survivor regions: 4->4(5)
[14.047s][info][gc,heap     ] GC(104) Old regions: 7->7
[14.047s][info][gc,heap     ] GC(104) Archive regions: 0->0
[14.047s][info][gc,heap     ] GC(104) Humongous regions: 0->0
[14.047s][info][gc,metaspace] GC(104) Metaspace: 164K(384K)->164K(384K) NonClass: 156K(256K)->156K(256K) Class: 8K(128K)->8K(128K)
[14.047s][info][gc          ] GC(104) Pause Young (Normal) (G1 Evacuation Pause) 43M->10M(64M) 2.525ms
[14.047s][info][gc,cpu      ] GC(104) User=0.00s Sys=0.00s Real=0.00s
[14.195s][info][gc,start    ] GC(105) Pause Young (Normal) (G1 Evacuation Pause)
[14.196s][info][gc,task     ] GC(105) Using 4 workers of 8 for evacuation
[14.198s][info][gc,phases   ] GC(105)   Pre Evacuate Collection Set: 0.1ms
[14.198s][info][gc,phases   ] GC(105)   Merge Heap Roots: 0.1ms
[14.199s][info][gc,phases   ] GC(105)   Evacuate Collection Set: 1.8ms
[14.199s][info][gc,phases   ] GC(105)   Post Evacuate Collection Set: 0.5ms
[14.199s][info][gc,phases   ] GC(105)   Other: 0.4ms
[14.199s][info][gc,heap     ] GC(105) Eden regions: 34->0(34)
[14.199s][info][gc,heap     ] GC(105) Survivor regions: 4->4(5)
[14.199s][info][gc,heap     ] GC(105) Old regions: 7->7
[14.199s][info][gc,heap     ] GC(105) Archive regions: 0->0
[14.199s][info][gc,heap     ] GC(105) Humongous regions: 0->0
[14.199s][info][gc,metaspace] GC(105) Metaspace: 164K(384K)->164K(384K) NonClass: 156K(256K)->156K(256K) Class: 8K(128K)->8K(128K)
[14.199s][info][gc          ] GC(105) Pause Young (Normal) (G1 Evacuation Pause) 43M->9M(64M) 3.460ms
[14.199s][info][gc,cpu      ] GC(105) User=0.00s Sys=0.00s Real=0.00s
[14.300s][info][gc,start    ] GC(106) Pause Young (Normal) (G1 Evacuation Pause)
[14.301s][info][gc,task     ] GC(106) Using 4 workers of 8 for evacuation
[14.304s][info][gc,phases   ] GC(106)   Pre Evacuate Collection Set: 0.2ms
[14.304s][info][gc,phases   ] GC(106)   Merge Heap Roots: 0.2ms
[14.304s][info][gc,phases   ] GC(106)   Evacuate Collection Set: 2.0ms
[14.304s][info][gc,phases   ] GC(106)   Post Evacuate Collection Set: 0.8ms
[14.304s][info][gc,phases   ] GC(106)   Other: 0.8ms
[14.305s][info][gc,heap     ] GC(106) Eden regions: 34->0(33)
[14.305s][info][gc,heap     ] GC(106) Survivor regions: 4->5(5)
[14.305s][info][gc,heap     ] GC(106) Old regions: 7->7
[14.305s][info][gc,heap     ] GC(106) Archive regions: 0->0
[14.305s][info][gc,heap     ] GC(106) Humongous regions: 0->0
[14.305s][info][gc,metaspace] GC(106) Metaspace: 164K(384K)->164K(384K) NonClass: 156K(256K)->156K(256K) Class: 8K(128K)->8K(128K)
[14.305s][info][gc          ] GC(106) Pause Young (Normal) (G1 Evacuation Pause) 43M->10M(64M) 4.734ms
[14.305s][info][gc,cpu      ] GC(106) User=0.00s Sys=0.00s Real=0.00s
[14.445s][info][gc,start    ] GC(107) Pause Young (Normal) (G1 Evacuation Pause)
[14.446s][info][gc,task     ] GC(107) Using 4 workers of 8 for evacuation
[14.447s][info][gc,phases   ] GC(107)   Pre Evacuate Collection Set: 0.1ms
[14.447s][info][gc,phases   ] GC(107)   Merge Heap Roots: 0.1ms
[14.447s][info][gc,phases   ] GC(107)   Evacuate Collection Set: 0.4ms
[14.447s][info][gc,phases   ] GC(107)   Post Evacuate Collection Set: 0.5ms
[14.447s][info][gc,phases   ] GC(107)   Other: 0.3ms
[14.447s][info][gc,heap     ] GC(107) Eden regions: 33->0(35)
[14.447s][info][gc,heap     ] GC(107) Survivor regions: 5->3(5)
[14.447s][info][gc,heap     ] GC(107) Old regions: 7->7
[14.447s][info][gc,heap     ] GC(107) Archive regions: 0->0
[14.447s][info][gc,heap     ] GC(107) Humongous regions: 0->0
[14.447s][info][gc,metaspace] GC(107) Metaspace: 164K(384K)->164K(384K) NonClass: 156K(256K)->156K(256K) Class: 8K(128K)->8K(128K)
[14.447s][info][gc          ] GC(107) Pause Young (Normal) (G1 Evacuation Pause) 43M->8M(64M) 1.782ms
[14.447s][info][gc,cpu      ] GC(107) User=0.00s Sys=0.00s Real=0.00s
[14.597s][info][gc,start    ] GC(108) Pause Young (Normal) (G1 Evacuation Pause)
[14.597s][info][gc,task     ] GC(108) Using 4 workers of 8 for evacuation
[14.600s][info][gc,phases   ] GC(108)   Pre Evacuate Collection Set: 0.2ms
[14.600s][info][gc,phases   ] GC(108)   Merge Heap Roots: 0.1ms
[14.600s][info][gc,phases   ] GC(108)   Evacuate Collection Set: 1.7ms
[14.600s][info][gc,phases   ] GC(108)   Post Evacuate Collection Set: 0.7ms
[14.600s][info][gc,phases   ] GC(108)   Other: 0.5ms
[14.600s][info][gc,heap     ] GC(108) Eden regions: 35->0(33)
[14.601s][info][gc,heap     ] GC(108) Survivor regions: 3->5(5)
[14.601s][info][gc,heap     ] GC(108) Old regions: 7->7
[14.601s][info][gc,heap     ] GC(108) Archive regions: 0->0
[14.601s][info][gc,heap     ] GC(108) Humongous regions: 0->0
[14.601s][info][gc,metaspace] GC(108) Metaspace: 164K(384K)->164K(384K) NonClass: 156K(256K)->156K(256K) Class: 8K(128K)->8K(128K)
[14.601s][info][gc          ] GC(108) Pause Young (Normal) (G1 Evacuation Pause) 43M->10M(64M) 3.920ms
[14.601s][info][gc,cpu      ] GC(108) User=0.00s Sys=0.00s Real=0.00s
[14.703s][info][gc,start    ] GC(109) Pause Young (Normal) (G1 Evacuation Pause)
[14.703s][info][gc,task     ] GC(109) Using 4 workers of 8 for evacuation
[14.706s][info][gc,phases   ] GC(109)   Pre Evacuate Collection Set: 0.2ms
[14.706s][info][gc,phases   ] GC(109)   Merge Heap Roots: 0.1ms
[14.706s][info][gc,phases   ] GC(109)   Evacuate Collection Set: 1.4ms
[14.706s][info][gc,phases   ] GC(109)   Post Evacuate Collection Set: 0.7ms
[14.706s][info][gc,phases   ] GC(109)   Other: 0.5ms
[14.706s][info][gc,heap     ] GC(109) Eden regions: 33->0(35)
[14.706s][info][gc,heap     ] GC(109) Survivor regions: 5->3(5)
[14.707s][info][gc,heap     ] GC(109) Old regions: 7->7
[14.707s][info][gc,heap     ] GC(109) Archive regions: 0->0
[14.707s][info][gc,heap     ] GC(109) Humongous regions: 0->0
[14.707s][info][gc,metaspace] GC(109) Metaspace: 164K(384K)->164K(384K) NonClass: 156K(256K)->156K(256K) Class: 8K(128K)->8K(128K)
[14.707s][info][gc          ] GC(109) Pause Young (Normal) (G1 Evacuation Pause) 43M->9M(64M) 3.642ms
[14.707s][info][gc,cpu      ] GC(109) User=0.00s Sys=0.00s Real=0.01s
[14.850s][info][gc,start    ] GC(110) Pause Young (Normal) (G1 Evacuation Pause)
[14.850s][info][gc,task     ] GC(110) Using 4 workers of 8 for evacuation
[14.852s][info][gc,phases   ] GC(110)   Pre Evacuate Collection Set: 0.1ms
[14.853s][info][gc,phases   ] GC(110)   Merge Heap Roots: 0.2ms
[14.853s][info][gc,phases   ] GC(110)   Evacuate Collection Set: 0.8ms
[14.853s][info][gc,phases   ] GC(110)   Post Evacuate Collection Set: 0.7ms
[14.853s][info][gc,phases   ] GC(110)   Other: 0.3ms
[14.853s][info][gc,heap     ] GC(110) Eden regions: 35->0(33)
[14.853s][info][gc,heap     ] GC(110) Survivor regions: 3->5(5)
[14.853s][info][gc,heap     ] GC(110) Old regions: 7->7
[14.853s][info][gc,heap     ] GC(110) Archive regions: 0->0
[14.853s][info][gc,heap     ] GC(110) Humongous regions: 0->0
[14.853s][info][gc,metaspace] GC(110) Metaspace: 164K(384K)->164K(384K) NonClass: 156K(256K)->156K(256K) Class: 8K(128K)->8K(128K)
[14.853s][info][gc          ] GC(110) Pause Young (Normal) (G1 Evacuation Pause) 44M->11M(64M) 2.577ms
[14.853s][info][gc,cpu      ] GC(110) User=0.00s Sys=0.00s Real=0.00s
[14.996s][info][gc,start    ] GC(111) Pause Young (Normal) (G1 Evacuation Pause)
[14.996s][info][gc,task     ] GC(111) Using 4 workers of 8 for evacuation
[14.998s][info][gc,phases   ] GC(111)   Pre Evacuate Collection Set: 0.1ms
[14.998s][info][gc,phases   ] GC(111)   Merge Heap Roots: 0.1ms
[14.998s][info][gc,phases   ] GC(111)   Evacuate Collection Set: 0.8ms
[14.998s][info][gc,phases   ] GC(111)   Post Evacuate Collection Set: 0.6ms
[14.999s][info][gc,phases   ] GC(111)   Other: 0.5ms
[14.999s][info][gc,heap     ] GC(111) Eden regions: 33->0(34)
[14.999s][info][gc,heap     ] GC(111) Survivor regions: 5->4(5)
[14.999s][info][gc,heap     ] GC(111) Old regions: 7->7
[14.999s][info][gc,heap     ] GC(111) Archive regions: 0->0
[14.999s][info][gc,heap     ] GC(111) Humongous regions: 0->0
[14.999s][info][gc,metaspace] GC(111) Metaspace: 164K(384K)->164K(384K) NonClass: 156K(256K)->156K(256K) Class: 8K(128K)->8K(128K)
[14.999s][info][gc          ] GC(111) Pause Young (Normal) (G1 Evacuation Pause) 44M->10M(64M) 2.869ms
[14.999s][info][gc,cpu      ] GC(111) User=0.00s Sys=0.00s Real=0.00s
[15.106s][info][gc,start    ] GC(112) Pause Young (Normal) (G1 Evacuation Pause)
[15.106s][info][gc,task     ] GC(112) Using 4 workers of 8 for evacuation
[15.109s][info][gc,phases   ] GC(112)   Pre Evacuate Collection Set: 0.2ms
[15.109s][info][gc,phases   ] GC(112)   Merge Heap Roots: 0.1ms
[15.109s][info][gc,phases   ] GC(112)   Evacuate Collection Set: 1.6ms
[15.110s][info][gc,phases   ] GC(112)   Post Evacuate Collection Set: 0.7ms
[15.110s][info][gc,phases   ] GC(112)   Other: 0.7ms
[15.110s][info][gc,heap     ] GC(112) Eden regions: 34->0(34)
[15.110s][info][gc,heap     ] GC(112) Survivor regions: 4->4(5)
[15.110s][info][gc,heap     ] GC(112) Old regions: 7->7
[15.110s][info][gc,heap     ] GC(112) Archive regions: 0->0
[15.110s][info][gc,heap     ] GC(112) Humongous regions: 0->0
[15.110s][info][gc,metaspace] GC(112) Metaspace: 164K(384K)->164K(384K) NonClass: 156K(256K)->156K(256K) Class: 8K(128K)->8K(128K)
[15.110s][info][gc          ] GC(112) Pause Young (Normal) (G1 Evacuation Pause) 43M->9M(64M) 3.789ms
[15.110s][info][gc,cpu      ] GC(112) User=0.00s Sys=0.00s Real=0.00s
[15.246s][info][gc,start    ] GC(113) Pause Young (Normal) (G1 Evacuation Pause)
[15.246s][info][gc,task     ] GC(113) Using 4 workers of 8 for evacuation
[15.248s][info][gc,phases   ] GC(113)   Pre Evacuate Collection Set: 0.1ms
[15.248s][info][gc,phases   ] GC(113)   Merge Heap Roots: 0.1ms
[15.248s][info][gc,phases   ] GC(113)   Evacuate Collection Set: 0.8ms
[15.248s][info][gc,phases   ] GC(113)   Post Evacuate Collection Set: 0.5ms
[15.248s][info][gc,phases   ] GC(113)   Other: 0.3ms
[15.248s][info][gc,heap     ] GC(113) Eden regions: 34->0(34)
[15.248s][info][gc,heap     ] GC(113) Survivor regions: 4->4(5)
[15.248s][info][gc,heap     ] GC(113) Old regions: 7->7
[15.248s][info][gc,heap     ] GC(113) Archive regions: 0->0
[15.248s][info][gc,heap     ] GC(113) Humongous regions: 0->0
[15.248s][info][gc,metaspace] GC(113) Metaspace: 164K(384K)->164K(384K) NonClass: 156K(256K)->156K(256K) Class: 8K(128K)->8K(128K)
[15.248s][info][gc          ] GC(113) Pause Young (Normal) (G1 Evacuation Pause) 43M->9M(64M) 2.297ms
[15.248s][info][gc,cpu      ] GC(113) User=0.02s Sys=0.00s Real=0.00s
[15.395s][info][gc,start    ] GC(114) Pause Young (Normal) (G1 Evacuation Pause)
[15.395s][info][gc,task     ] GC(114) Using 4 workers of 8 for evacuation
[15.397s][info][gc,phases   ] GC(114)   Pre Evacuate Collection Set: 0.2ms
[15.397s][info][gc,phases   ] GC(114)   Merge Heap Roots: 0.1ms
[15.397s][info][gc,phases   ] GC(114)   Evacuate Collection Set: 0.8ms
[15.398s][info][gc,phases   ] GC(114)   Post Evacuate Collection Set: 0.6ms
[15.398s][info][gc,phases   ] GC(114)   Other: 0.6ms
[15.398s][info][gc,heap     ] GC(114) Eden regions: 34->0(34)
[15.398s][info][gc,heap     ] GC(114) Survivor regions: 4->4(5)
[15.398s][info][gc,heap     ] GC(114) Old regions: 7->7
[15.398s][info][gc,heap     ] GC(114) Archive regions: 0->0
[15.398s][info][gc,heap     ] GC(114) Humongous regions: 0->0
[15.398s][info][gc,metaspace] GC(114) Metaspace: 164K(384K)->164K(384K) NonClass: 156K(256K)->156K(256K) Class: 8K(128K)->8K(128K)
[15.398s][info][gc          ] GC(114) Pause Young (Normal) (G1 Evacuation Pause) 43M->9M(64M) 2.983ms
[15.398s][info][gc,cpu      ] GC(114) User=0.00s Sys=0.00s Real=0.00s
[15.499s][info][gc,start    ] GC(115) Pause Young (Normal) (G1 Evacuation Pause)
[15.499s][info][gc,task     ] GC(115) Using 4 workers of 8 for evacuation
[15.502s][info][gc,phases   ] GC(115)   Pre Evacuate Collection Set: 0.2ms
[15.502s][info][gc,phases   ] GC(115)   Merge Heap Roots: 0.1ms
[15.502s][info][gc,phases   ] GC(115)   Evacuate Collection Set: 1.1ms
[15.502s][info][gc,phases   ] GC(115)   Post Evacuate Collection Set: 0.6ms
[15.502s][info][gc,phases   ] GC(115)   Other: 0.7ms
[15.502s][info][gc,heap     ] GC(115) Eden regions: 34->0(33)
[15.502s][info][gc,heap     ] GC(115) Survivor regions: 4->5(5)
[15.502s][info][gc,heap     ] GC(115) Old regions: 7->7
[15.502s][info][gc,heap     ] GC(115) Archive regions: 0->0
[15.502s][info][gc,heap     ] GC(115) Humongous regions: 0->0
[15.502s][info][gc,metaspace] GC(115) Metaspace: 164K(384K)->164K(384K) NonClass: 156K(256K)->156K(256K) Class: 8K(128K)->8K(128K)
[15.502s][info][gc          ] GC(115) Pause Young (Normal) (G1 Evacuation Pause) 43M->10M(64M) 3.243ms
[15.502s][info][gc,cpu      ] GC(115) User=0.00s Sys=0.00s Real=0.00s
[15.646s][info][gc,start    ] GC(116) Pause Young (Normal) (G1 Evacuation Pause)
[15.646s][info][gc,task     ] GC(116) Using 4 workers of 8 for evacuation
[15.648s][info][gc,phases   ] GC(116)   Pre Evacuate Collection Set: 0.1ms
[15.648s][info][gc,phases   ] GC(116)   Merge Heap Roots: 0.1ms
[15.648s][info][gc,phases   ] GC(116)   Evacuate Collection Set: 1.0ms
[15.648s][info][gc,phases   ] GC(116)   Post Evacuate Collection Set: 0.5ms
[15.648s][info][gc,phases   ] GC(116)   Other: 0.4ms
[15.648s][info][gc,heap     ] GC(116) Eden regions: 33->0(35)
[15.648s][info][gc,heap     ] GC(116) Survivor regions: 5->3(5)
[15.648s][info][gc,heap     ] GC(116) Old regions: 7->7
[15.648s][info][gc,heap     ] GC(116) Archive regions: 0->0
[15.648s][info][gc,heap     ] GC(116) Humongous regions: 0->0
[15.648s][info][gc,metaspace] GC(116) Metaspace: 164K(384K)->164K(384K) NonClass: 156K(256K)->156K(256K) Class: 8K(128K)->8K(128K)
[15.648s][info][gc          ] GC(116) Pause Young (Normal) (G1 Evacuation Pause) 43M->9M(64M) 2.704ms
[15.648s][info][gc,cpu      ] GC(116) User=0.00s Sys=0.00s Real=0.00s
[15.797s][info][gc,start    ] GC(117) Pause Young (Normal) (G1 Evacuation Pause)
[15.797s][info][gc,task     ] GC(117) Using 4 workers of 8 for evacuation
[15.798s][info][gc,phases   ] GC(117)   Pre Evacuate Collection Set: 0.1ms
[15.798s][info][gc,phases   ] GC(117)   Merge Heap Roots: 0.0ms
[15.798s][info][gc,phases   ] GC(117)   Evacuate Collection Set: 0.9ms
[15.798s][info][gc,phases   ] GC(117)   Post Evacuate Collection Set: 0.3ms
[15.798s][info][gc,phases   ] GC(117)   Other: 0.3ms
[15.798s][info][gc,heap     ] GC(117) Eden regions: 35->0(33)
[15.798s][info][gc,heap     ] GC(117) Survivor regions: 3->5(5)
[15.798s][info][gc,heap     ] GC(117) Old regions: 7->7
[15.798s][info][gc,heap     ] GC(117) Archive regions: 0->0
[15.798s][info][gc,heap     ] GC(117) Humongous regions: 0->0
[15.798s][info][gc,metaspace] GC(117) Metaspace: 164K(384K)->164K(384K) NonClass: 156K(256K)->156K(256K) Class: 8K(128K)->8K(128K)
[15.798s][info][gc          ] GC(117) Pause Young (Normal) (G1 Evacuation Pause) 44M->11M(64M) 1.853ms
[15.798s][info][gc,cpu      ] GC(117) User=0.00s Sys=0.00s Real=0.00s
[15.895s][info][gc,start    ] GC(118) Pause Young (Normal) (G1 Evacuation Pause)
[15.895s][info][gc,task     ] GC(118) Using 4 workers of 8 for evacuation
[15.897s][info][gc,phases   ] GC(118)   Pre Evacuate Collection Set: 0.1ms
[15.897s][info][gc,phases   ] GC(118)   Merge Heap Roots: 0.0ms
[15.897s][info][gc,phases   ] GC(118)   Evacuate Collection Set: 1.1ms
[15.897s][info][gc,phases   ] GC(118)   Post Evacuate Collection Set: 0.3ms
[15.897s][info][gc,phases   ] GC(118)   Other: 0.3ms
[15.897s][info][gc,heap     ] GC(118) Eden regions: 33->0(34)
[15.897s][info][gc,heap     ] GC(118) Survivor regions: 5->4(5)
[15.897s][info][gc,heap     ] GC(118) Old regions: 7->7
[15.897s][info][gc,heap     ] GC(118) Archive regions: 0->0
[15.897s][info][gc,heap     ] GC(118) Humongous regions: 0->0
[15.897s][info][gc,metaspace] GC(118) Metaspace: 164K(384K)->164K(384K) NonClass: 156K(256K)->156K(256K) Class: 8K(128K)->8K(128K)
[15.897s][info][gc          ] GC(118) Pause Young (Normal) (G1 Evacuation Pause) 44M->9M(64M) 2.531ms
[15.897s][info][gc,cpu      ] GC(118) User=0.00s Sys=0.00s Real=0.00s
[16.045s][info][gc,start    ] GC(119) Pause Young (Normal) (G1 Evacuation Pause)
[16.045s][info][gc,task     ] GC(119) Using 4 workers of 8 for evacuation
[16.047s][info][gc,phases   ] GC(119)   Pre Evacuate Collection Set: 0.1ms
[16.047s][info][gc,phases   ] GC(119)   Merge Heap Roots: 0.1ms
[16.047s][info][gc,phases   ] GC(119)   Evacuate Collection Set: 0.8ms
[16.047s][info][gc,phases   ] GC(119)   Post Evacuate Collection Set: 0.5ms
[16.047s][info][gc,phases   ] GC(119)   Other: 0.3ms
[16.047s][info][gc,heap     ] GC(119) Eden regions: 34->0(33)
[16.047s][info][gc,heap     ] GC(119) Survivor regions: 4->5(5)
[16.047s][info][gc,heap     ] GC(119) Old regions: 7->7
[16.047s][info][gc,heap     ] GC(119) Archive regions: 0->0
[16.047s][info][gc,heap     ] GC(119) Humongous regions: 0->0
[16.047s][info][gc,metaspace] GC(119) Metaspace: 164K(384K)->164K(384K) NonClass: 156K(256K)->156K(256K) Class: 8K(128K)->8K(128K)
[16.047s][info][gc          ] GC(119) Pause Young (Normal) (G1 Evacuation Pause) 43M->10M(64M) 2.295ms
[16.047s][info][gc,cpu      ] GC(119) User=0.00s Sys=0.00s Real=0.00s
[16.196s][info][gc,start    ] GC(120) Pause Young (Normal) (G1 Evacuation Pause)
[16.196s][info][gc,task     ] GC(120) Using 4 workers of 8 for evacuation
[16.197s][info][gc,phases   ] GC(120)   Pre Evacuate Collection Set: 0.1ms
[16.198s][info][gc,phases   ] GC(120)   Merge Heap Roots: 0.2ms
[16.198s][info][gc,phases   ] GC(120)   Evacuate Collection Set: 0.7ms
[16.198s][info][gc,phases   ] GC(120)   Post Evacuate Collection Set: 0.6ms
[16.198s][info][gc,phases   ] GC(120)   Other: 0.4ms
[16.198s][info][gc,heap     ] GC(120) Eden regions: 33->0(35)
[16.198s][info][gc,heap     ] GC(120) Survivor regions: 5->3(5)
[16.198s][info][gc,heap     ] GC(120) Old regions: 7->7
[16.198s][info][gc,heap     ] GC(120) Archive regions: 0->0
[16.198s][info][gc,heap     ] GC(120) Humongous regions: 0->0
[16.198s][info][gc,metaspace] GC(120) Metaspace: 164K(384K)->164K(384K) NonClass: 156K(256K)->156K(256K) Class: 8K(128K)->8K(128K)
[16.198s][info][gc          ] GC(120) Pause Young (Normal) (G1 Evacuation Pause) 43M->8M(64M) 2.816ms
[16.198s][info][gc,cpu      ] GC(120) User=0.00s Sys=0.00s Real=0.00s
[16.298s][info][gc,start    ] GC(121) Pause Young (Normal) (G1 Evacuation Pause)
[16.298s][info][gc,task     ] GC(121) Using 4 workers of 8 for evacuation
[16.301s][info][gc,phases   ] GC(121)   Pre Evacuate Collection Set: 0.1ms
[16.301s][info][gc,phases   ] GC(121)   Merge Heap Roots: 0.2ms
[16.301s][info][gc,phases   ] GC(121)   Evacuate Collection Set: 1.2ms
[16.301s][info][gc,phases   ] GC(121)   Post Evacuate Collection Set: 0.8ms
[16.301s][info][gc,phases   ] GC(121)   Other: 0.4ms
[16.301s][info][gc,heap     ] GC(121) Eden regions: 35->0(33)
[16.301s][info][gc,heap     ] GC(121) Survivor regions: 3->5(5)
[16.301s][info][gc,heap     ] GC(121) Old regions: 7->7
[16.302s][info][gc,heap     ] GC(121) Archive regions: 0->0
[16.302s][info][gc,heap     ] GC(121) Humongous regions: 0->0
[16.302s][info][gc,metaspace] GC(121) Metaspace: 164K(384K)->164K(384K) NonClass: 156K(256K)->156K(256K) Class: 8K(128K)->8K(128K)
[16.302s][info][gc          ] GC(121) Pause Young (Normal) (G1 Evacuation Pause) 43M->10M(64M) 3.459ms
[16.302s][info][gc,cpu      ] GC(121) User=0.00s Sys=0.00s Real=0.00s
[16.446s][info][gc,start    ] GC(122) Pause Young (Normal) (G1 Evacuation Pause)
[16.446s][info][gc,task     ] GC(122) Using 4 workers of 8 for evacuation
[16.448s][info][gc,phases   ] GC(122)   Pre Evacuate Collection Set: 0.2ms
[16.448s][info][gc,phases   ] GC(122)   Merge Heap Roots: 0.2ms
[16.448s][info][gc,phases   ] GC(122)   Evacuate Collection Set: 0.8ms
[16.448s][info][gc,phases   ] GC(122)   Post Evacuate Collection Set: 0.7ms
[16.448s][info][gc,phases   ] GC(122)   Other: 0.4ms
[16.448s][info][gc,heap     ] GC(122) Eden regions: 33->0(34)
[16.448s][info][gc,heap     ] GC(122) Survivor regions: 5->4(5)
[16.448s][info][gc,heap     ] GC(122) Old regions: 7->7
[16.448s][info][gc,heap     ] GC(122) Archive regions: 0->0
[16.448s][info][gc,heap     ] GC(122) Humongous regions: 0->0
[16.448s][info][gc,metaspace] GC(122) Metaspace: 164K(384K)->164K(384K) NonClass: 156K(256K)->156K(256K) Class: 8K(128K)->8K(128K)
[16.448s][info][gc          ] GC(122) Pause Young (Normal) (G1 Evacuation Pause) 43M->9M(64M) 2.734ms
[16.448s][info][gc,cpu      ] GC(122) User=0.00s Sys=0.00s Real=0.00s
[16.596s][info][gc,start    ] GC(123) Pause Young (Normal) (G1 Evacuation Pause)
[16.596s][info][gc,task     ] GC(123) Using 4 workers of 8 for evacuation
[16.598s][info][gc,phases   ] GC(123)   Pre Evacuate Collection Set: 0.1ms
[16.598s][info][gc,phases   ] GC(123)   Merge Heap Roots: 0.2ms
[16.598s][info][gc,phases   ] GC(123)   Evacuate Collection Set: 0.9ms
[16.598s][info][gc,phases   ] GC(123)   Post Evacuate Collection Set: 0.6ms
[16.598s][info][gc,phases   ] GC(123)   Other: 0.4ms
[16.598s][info][gc,heap     ] GC(123) Eden regions: 34->0(33)
[16.598s][info][gc,heap     ] GC(123) Survivor regions: 4->5(5)
[16.598s][info][gc,heap     ] GC(123) Old regions: 7->7
[16.598s][info][gc,heap     ] GC(123) Archive regions: 0->0
[16.598s][info][gc,heap     ] GC(123) Humongous regions: 0->0
[16.599s][info][gc,metaspace] GC(123) Metaspace: 164K(384K)->164K(384K) NonClass: 156K(256K)->156K(256K) Class: 8K(128K)->8K(128K)
[16.599s][info][gc          ] GC(123) Pause Young (Normal) (G1 Evacuation Pause) 43M->10M(64M) 3.143ms
[16.599s][info][gc,cpu      ] GC(123) User=0.00s Sys=0.00s Real=0.00s
[16.696s][info][gc,start    ] GC(124) Pause Young (Normal) (G1 Evacuation Pause)
[16.696s][info][gc,task     ] GC(124) Using 4 workers of 8 for evacuation
[16.698s][info][gc,phases   ] GC(124)   Pre Evacuate Collection Set: 0.1ms
[16.698s][info][gc,phases   ] GC(124)   Merge Heap Roots: 0.2ms
[16.698s][info][gc,phases   ] GC(124)   Evacuate Collection Set: 0.6ms
[16.698s][info][gc,phases   ] GC(124)   Post Evacuate Collection Set: 0.7ms
[16.698s][info][gc,phases   ] GC(124)   Other: 0.4ms
[16.699s][info][gc,heap     ] GC(124) Eden regions: 33->0(35)
[16.699s][info][gc,heap     ] GC(124) Survivor regions: 5->3(5)
[16.699s][info][gc,heap     ] GC(124) Old regions: 7->7
[16.699s][info][gc,heap     ] GC(124) Archive regions: 0->0
[16.699s][info][gc,heap     ] GC(124) Humongous regions: 0->0
[16.699s][info][gc,metaspace] GC(124) Metaspace: 164K(384K)->164K(384K) NonClass: 156K(256K)->156K(256K) Class: 8K(128K)->8K(128K)
[16.699s][info][gc          ] GC(124) Pause Young (Normal) (G1 Evacuation Pause) 43M->8M(64M) 2.483ms
[16.699s][info][gc,cpu      ] GC(124) User=0.00s Sys=0.00s Real=0.00s
[16.846s][info][gc,start    ] GC(125) Pause Young (Normal) (G1 Evacuation Pause)
[16.846s][info][gc,task     ] GC(125) Using 4 workers of 8 for evacuation
[16.848s][info][gc,phases   ] GC(125)   Pre Evacuate Collection Set: 0.1ms
[16.848s][info][gc,phases   ] GC(125)   Merge Heap Roots: 0.1ms
[16.848s][info][gc,phases   ] GC(125)   Evacuate Collection Set: 1.0ms
[16.849s][info][gc,phases   ] GC(125)   Post Evacuate Collection Set: 0.6ms
[16.849s][info][gc,phases   ] GC(125)   Other: 0.4ms
[16.849s][info][gc,heap     ] GC(125) Eden regions: 35->0(33)
[16.849s][info][gc,heap     ] GC(125) Survivor regions: 3->5(5)
[16.849s][info][gc,heap     ] GC(125) Old regions: 7->7
[16.849s][info][gc,heap     ] GC(125) Archive regions: 0->0
[16.849s][info][gc,heap     ] GC(125) Humongous regions: 0->0
[16.849s][info][gc,metaspace] GC(125) Metaspace: 164K(384K)->164K(384K) NonClass: 156K(256K)->156K(256K) Class: 8K(128K)->8K(128K)
[16.849s][info][gc          ] GC(125) Pause Young (Normal) (G1 Evacuation Pause) 43M->10M(64M) 3.108ms
[16.849s][info][gc,cpu      ] GC(125) User=0.00s Sys=0.00s Real=0.00s
[16.995s][info][gc,start    ] GC(126) Pause Young (Normal) (G1 Evacuation Pause)
[16.995s][info][gc,task     ] GC(126) Using 4 workers of 8 for evacuation
[16.997s][info][gc,phases   ] GC(126)   Pre Evacuate Collection Set: 0.2ms
[16.997s][info][gc,phases   ] GC(126)   Merge Heap Roots: 0.2ms
[16.997s][info][gc,phases   ] GC(126)   Evacuate Collection Set: 0.9ms
[16.997s][info][gc,phases   ] GC(126)   Post Evacuate Collection Set: 0.8ms
[16.998s][info][gc,phases   ] GC(126)   Other: 0.4ms
[16.998s][info][gc,heap     ] GC(126) Eden regions: 33->0(34)
[16.998s][info][gc,heap     ] GC(126) Survivor regions: 5->4(5)
[16.998s][info][gc,heap     ] GC(126) Old regions: 7->7
[16.998s][info][gc,heap     ] GC(126) Archive regions: 0->0
[16.998s][info][gc,heap     ] GC(126) Humongous regions: 0->0
[16.998s][info][gc,metaspace] GC(126) Metaspace: 164K(384K)->164K(384K) NonClass: 156K(256K)->156K(256K) Class: 8K(128K)->8K(128K)
[16.998s][info][gc          ] GC(126) Pause Young (Normal) (G1 Evacuation Pause) 43M->9M(64M) 2.874ms
[16.998s][info][gc,cpu      ] GC(126) User=0.00s Sys=0.00s Real=0.00s
[17.096s][info][gc,start    ] GC(127) Pause Young (Normal) (G1 Evacuation Pause)
[17.096s][info][gc,task     ] GC(127) Using 4 workers of 8 for evacuation
[17.098s][info][gc,phases   ] GC(127)   Pre Evacuate Collection Set: 0.1ms
[17.098s][info][gc,phases   ] GC(127)   Merge Heap Roots: 0.1ms
[17.098s][info][gc,phases   ] GC(127)   Evacuate Collection Set: 0.5ms
[17.098s][info][gc,phases   ] GC(127)   Post Evacuate Collection Set: 0.4ms
[17.098s][info][gc,phases   ] GC(127)   Other: 0.2ms
[17.098s][info][gc,heap     ] GC(127) Eden regions: 34->0(33)
[17.098s][info][gc,heap     ] GC(127) Survivor regions: 4->5(5)
[17.098s][info][gc,heap     ] GC(127) Old regions: 7->7
[17.098s][info][gc,heap     ] GC(127) Archive regions: 0->0
[17.098s][info][gc,heap     ] GC(127) Humongous regions: 0->0
[17.098s][info][gc,metaspace] GC(127) Metaspace: 164K(384K)->164K(384K) NonClass: 156K(256K)->156K(256K) Class: 8K(128K)->8K(128K)
[17.098s][info][gc          ] GC(127) Pause Young (Normal) (G1 Evacuation Pause) 43M->10M(64M) 1.625ms
[17.098s][info][gc,cpu      ] GC(127) User=0.00s Sys=0.00s Real=0.00s
[17.245s][info][gc,start    ] GC(128) Pause Young (Normal) (G1 Evacuation Pause)
[17.245s][info][gc,task     ] GC(128) Using 4 workers of 8 for evacuation
[17.246s][info][gc,phases   ] GC(128)   Pre Evacuate Collection Set: 0.1ms
[17.247s][info][gc,phases   ] GC(128)   Merge Heap Roots: 0.1ms
[17.247s][info][gc,phases   ] GC(128)   Evacuate Collection Set: 0.4ms
[17.247s][info][gc,phases   ] GC(128)   Post Evacuate Collection Set: 0.4ms
[17.247s][info][gc,phases   ] GC(128)   Other: 0.2ms
[17.247s][info][gc,heap     ] GC(128) Eden regions: 33->0(35)
[17.247s][info][gc,heap     ] GC(128) Survivor regions: 5->3(5)
[17.247s][info][gc,heap     ] GC(128) Old regions: 7->7
[17.247s][info][gc,heap     ] GC(128) Archive regions: 0->0
[17.247s][info][gc,heap     ] GC(128) Humongous regions: 0->0
[17.247s][info][gc,metaspace] GC(128) Metaspace: 165K(384K)->165K(384K) NonClass: 156K(256K)->156K(256K) Class: 8K(128K)->8K(128K)
[17.247s][info][gc          ] GC(128) Pause Young (Normal) (G1 Evacuation Pause) 43M->8M(64M) 1.677ms
[17.247s][info][gc,cpu      ] GC(128) User=0.06s Sys=0.00s Real=0.00s
[17.395s][info][gc,start    ] GC(129) Pause Young (Normal) (G1 Evacuation Pause)
[17.395s][info][gc,task     ] GC(129) Using 4 workers of 8 for evacuation
[17.397s][info][gc,phases   ] GC(129)   Pre Evacuate Collection Set: 0.1ms
[17.398s][info][gc,phases   ] GC(129)   Merge Heap Roots: 0.2ms
[17.398s][info][gc,phases   ] GC(129)   Evacuate Collection Set: 0.6ms
[17.398s][info][gc,phases   ] GC(129)   Post Evacuate Collection Set: 0.8ms
[17.398s][info][gc,phases   ] GC(129)   Other: 0.3ms
[17.398s][info][gc,heap     ] GC(129) Eden regions: 35->0(35)
[17.398s][info][gc,heap     ] GC(129) Survivor regions: 3->3(5)
[17.398s][info][gc,heap     ] GC(129) Old regions: 7->7
[17.398s][info][gc,heap     ] GC(129) Archive regions: 0->0
[17.398s][info][gc,heap     ] GC(129) Humongous regions: 0->0
[17.398s][info][gc,metaspace] GC(129) Metaspace: 165K(384K)->165K(384K) NonClass: 156K(256K)->156K(256K) Class: 8K(128K)->8K(128K)
[17.398s][info][gc          ] GC(129) Pause Young (Normal) (G1 Evacuation Pause) 43M->9M(64M) 2.607ms
[17.398s][info][gc,cpu      ] GC(129) User=0.00s Sys=0.00s Real=0.00s
[17.500s][info][gc,start    ] GC(130) Pause Young (Normal) (G1 Evacuation Pause)
[17.500s][info][gc,task     ] GC(130) Using 4 workers of 8 for evacuation
[17.502s][info][gc,phases   ] GC(130)   Pre Evacuate Collection Set: 0.1ms
[17.502s][info][gc,phases   ] GC(130)   Merge Heap Roots: 0.1ms
[17.502s][info][gc,phases   ] GC(130)   Evacuate Collection Set: 1.2ms
[17.502s][info][gc,phases   ] GC(130)   Post Evacuate Collection Set: 0.6ms
[17.502s][info][gc,phases   ] GC(130)   Other: 0.3ms
[17.502s][info][gc,heap     ] GC(130) Eden regions: 35->0(33)
[17.502s][info][gc,heap     ] GC(130) Survivor regions: 3->5(5)
[17.502s][info][gc,heap     ] GC(130) Old regions: 7->7
[17.502s][info][gc,heap     ] GC(130) Archive regions: 0->0
[17.502s][info][gc,heap     ] GC(130) Humongous regions: 0->0
[17.503s][info][gc,metaspace] GC(130) Metaspace: 165K(384K)->165K(384K) NonClass: 156K(256K)->156K(256K) Class: 8K(128K)->8K(128K)
[17.503s][info][gc          ] GC(130) Pause Young (Normal) (G1 Evacuation Pause) 44M->11M(64M) 2.943ms
[17.503s][info][gc,cpu      ] GC(130) User=0.00s Sys=0.00s Real=0.00s
[17.645s][info][gc,start    ] GC(131) Pause Young (Normal) (G1 Evacuation Pause)
[17.645s][info][gc,task     ] GC(131) Using 4 workers of 8 for evacuation
[17.647s][info][gc,phases   ] GC(131)   Pre Evacuate Collection Set: 0.1ms
[17.647s][info][gc,phases   ] GC(131)   Merge Heap Roots: 0.2ms
[17.647s][info][gc,phases   ] GC(131)   Evacuate Collection Set: 0.7ms
[17.647s][info][gc,phases   ] GC(131)   Post Evacuate Collection Set: 0.7ms
[17.647s][info][gc,phases   ] GC(131)   Other: 0.3ms
[17.647s][info][gc,heap     ] GC(131) Eden regions: 33->0(34)
[17.647s][info][gc,heap     ] GC(131) Survivor regions: 5->4(5)
[17.647s][info][gc,heap     ] GC(131) Old regions: 7->7
[17.647s][info][gc,heap     ] GC(131) Archive regions: 0->0
[17.647s][info][gc,heap     ] GC(131) Humongous regions: 0->0
[17.647s][info][gc,metaspace] GC(131) Metaspace: 165K(384K)->165K(384K) NonClass: 156K(256K)->156K(256K) Class: 8K(128K)->8K(128K)
[17.648s][info][gc          ] GC(131) Pause Young (Normal) (G1 Evacuation Pause) 43M->9M(64M) 2.775ms
[17.648s][info][gc,cpu      ] GC(131) User=0.00s Sys=0.00s Real=0.00s
[17.795s][info][gc,start    ] GC(132) Pause Young (Normal) (G1 Evacuation Pause)
[17.795s][info][gc,task     ] GC(132) Using 4 workers of 8 for evacuation
[17.798s][info][gc,phases   ] GC(132)   Pre Evacuate Collection Set: 0.1ms
[17.798s][info][gc,phases   ] GC(132)   Merge Heap Roots: 0.1ms
[17.798s][info][gc,phases   ] GC(132)   Evacuate Collection Set: 1.4ms
[17.798s][info][gc,phases   ] GC(132)   Post Evacuate Collection Set: 0.4ms
[17.798s][info][gc,phases   ] GC(132)   Other: 0.3ms
[17.798s][info][gc,heap     ] GC(132) Eden regions: 34->0(33)
[17.798s][info][gc,heap     ] GC(132) Survivor regions: 4->5(5)
[17.798s][info][gc,heap     ] GC(132) Old regions: 7->7
[17.798s][info][gc,heap     ] GC(132) Archive regions: 0->0
[17.798s][info][gc,heap     ] GC(132) Humongous regions: 0->0
[17.798s][info][gc,metaspace] GC(132) Metaspace: 165K(384K)->165K(384K) NonClass: 156K(256K)->156K(256K) Class: 8K(128K)->8K(128K)
[17.798s][info][gc          ] GC(132) Pause Young (Normal) (G1 Evacuation Pause) 43M->10M(64M) 3.095ms
[17.799s][info][gc,cpu      ] GC(132) User=0.00s Sys=0.00s Real=0.00s
[17.902s][info][gc,start    ] GC(133) Pause Young (Normal) (G1 Evacuation Pause)
[17.903s][info][gc,task     ] GC(133) Using 4 workers of 8 for evacuation
[17.906s][info][gc,phases   ] GC(133)   Pre Evacuate Collection Set: 0.2ms
[17.906s][info][gc,phases   ] GC(133)   Merge Heap Roots: 0.1ms
[17.906s][info][gc,phases   ] GC(133)   Evacuate Collection Set: 1.7ms
[17.906s][info][gc,phases   ] GC(133)   Post Evacuate Collection Set: 0.7ms
[17.906s][info][gc,phases   ] GC(133)   Other: 0.7ms
[17.906s][info][gc,heap     ] GC(133) Eden regions: 33->0(34)
[17.907s][info][gc,heap     ] GC(133) Survivor regions: 5->4(5)
[17.907s][info][gc,heap     ] GC(133) Old regions: 7->7
[17.907s][info][gc,heap     ] GC(133) Archive regions: 0->0
[17.907s][info][gc,heap     ] GC(133) Humongous regions: 0->0
[17.907s][info][gc,metaspace] GC(133) Metaspace: 165K(384K)->165K(384K) NonClass: 156K(256K)->156K(256K) Class: 8K(128K)->8K(128K)
[17.907s][info][gc          ] GC(133) Pause Young (Normal) (G1 Evacuation Pause) 43M->9M(64M) 4.712ms
[17.907s][info][gc,cpu      ] GC(133) User=0.00s Sys=0.00s Real=0.00s
[18.046s][info][gc,start    ] GC(134) Pause Young (Normal) (G1 Evacuation Pause)
[18.046s][info][gc,task     ] GC(134) Using 4 workers of 8 for evacuation
[18.048s][info][gc,phases   ] GC(134)   Pre Evacuate Collection Set: 0.1ms
[18.048s][info][gc,phases   ] GC(134)   Merge Heap Roots: 0.1ms
[18.048s][info][gc,phases   ] GC(134)   Evacuate Collection Set: 1.1ms
[18.048s][info][gc,phases   ] GC(134)   Post Evacuate Collection Set: 0.3ms
[18.048s][info][gc,phases   ] GC(134)   Other: 0.3ms
[18.048s][info][gc,heap     ] GC(134) Eden regions: 34->0(33)
[18.048s][info][gc,heap     ] GC(134) Survivor regions: 4->5(5)
[18.048s][info][gc,heap     ] GC(134) Old regions: 7->7
[18.048s][info][gc,heap     ] GC(134) Archive regions: 0->0
[18.049s][info][gc,heap     ] GC(134) Humongous regions: 0->0
[18.049s][info][gc,metaspace] GC(134) Metaspace: 165K(384K)->165K(384K) NonClass: 156K(256K)->156K(256K) Class: 8K(128K)->8K(128K)
[18.049s][info][gc          ] GC(134) Pause Young (Normal) (G1 Evacuation Pause) 43M->10M(64M) 2.318ms
[18.049s][info][gc,cpu      ] GC(134) User=0.00s Sys=0.00s Real=0.00s
[18.196s][info][gc,start    ] GC(135) Pause Young (Normal) (G1 Evacuation Pause)
[18.196s][info][gc,task     ] GC(135) Using 4 workers of 8 for evacuation
[18.198s][info][gc,phases   ] GC(135)   Pre Evacuate Collection Set: 0.3ms
[18.199s][info][gc,phases   ] GC(135)   Merge Heap Roots: 0.1ms
[18.199s][info][gc,phases   ] GC(135)   Evacuate Collection Set: 1.1ms
[18.199s][info][gc,phases   ] GC(135)   Post Evacuate Collection Set: 0.5ms
[18.199s][info][gc,phases   ] GC(135)   Other: 0.5ms
[18.199s][info][gc,heap     ] GC(135) Eden regions: 33->0(36)
[18.199s][info][gc,heap     ] GC(135) Survivor regions: 5->2(5)
[18.199s][info][gc,heap     ] GC(135) Old regions: 7->7
[18.199s][info][gc,heap     ] GC(135) Archive regions: 0->0
[18.199s][info][gc,heap     ] GC(135) Humongous regions: 0->0
[18.199s][info][gc,metaspace] GC(135) Metaspace: 165K(384K)->165K(384K) NonClass: 156K(256K)->156K(256K) Class: 8K(128K)->8K(128K)
[18.199s][info][gc          ] GC(135) Pause Young (Normal) (G1 Evacuation Pause) 43M->8M(64M) 3.102ms
[18.199s][info][gc,cpu      ] GC(135) User=0.02s Sys=0.00s Real=0.00s
[18.300s][info][gc,start    ] GC(136) Pause Young (Normal) (G1 Evacuation Pause)
[18.300s][info][gc,task     ] GC(136) Using 4 workers of 8 for evacuation
[18.304s][info][gc,phases   ] GC(136)   Pre Evacuate Collection Set: 0.1ms
[18.304s][info][gc,phases   ] GC(136)   Merge Heap Roots: 0.1ms
[18.305s][info][gc,phases   ] GC(136)   Evacuate Collection Set: 2.7ms
[18.305s][info][gc,phases   ] GC(136)   Post Evacuate Collection Set: 0.7ms
[18.305s][info][gc,phases   ] GC(136)   Other: 0.5ms
[18.305s][info][gc,heap     ] GC(136) Eden regions: 36->0(33)
[18.305s][info][gc,heap     ] GC(136) Survivor regions: 2->5(5)
[18.305s][info][gc,heap     ] GC(136) Old regions: 7->7
[18.305s][info][gc,heap     ] GC(136) Archive regions: 0->0
[18.305s][info][gc,heap     ] GC(136) Humongous regions: 0->0
[18.305s][info][gc,metaspace] GC(136) Metaspace: 165K(384K)->165K(384K) NonClass: 156K(256K)->156K(256K) Class: 8K(128K)->8K(128K)
[18.305s][info][gc          ] GC(136) Pause Young (Normal) (G1 Evacuation Pause) 44M->11M(64M) 5.604ms
[18.306s][info][gc,cpu      ] GC(136) User=0.00s Sys=0.00s Real=0.01s
[18.445s][info][gc,start    ] GC(137) Pause Young (Normal) (G1 Evacuation Pause)
[18.445s][info][gc,task     ] GC(137) Using 4 workers of 8 for evacuation
[18.447s][info][gc,phases   ] GC(137)   Pre Evacuate Collection Set: 0.1ms
[18.447s][info][gc,phases   ] GC(137)   Merge Heap Roots: 0.1ms
[18.447s][info][gc,phases   ] GC(137)   Evacuate Collection Set: 0.5ms
[18.447s][info][gc,phases   ] GC(137)   Post Evacuate Collection Set: 0.6ms
[18.447s][info][gc,phases   ] GC(137)   Other: 0.3ms
[18.447s][info][gc,heap     ] GC(137) Eden regions: 33->0(34)
[18.447s][info][gc,heap     ] GC(137) Survivor regions: 5->4(5)
[18.447s][info][gc,heap     ] GC(137) Old regions: 7->7
[18.447s][info][gc,heap     ] GC(137) Archive regions: 0->0
[18.447s][info][gc,heap     ] GC(137) Humongous regions: 0->0
[18.447s][info][gc,metaspace] GC(137) Metaspace: 165K(384K)->165K(384K) NonClass: 156K(256K)->156K(256K) Class: 8K(128K)->8K(128K)
[18.447s][info][gc          ] GC(137) Pause Young (Normal) (G1 Evacuation Pause) 44M->10M(64M) 2.067ms
[18.447s][info][gc,cpu      ] GC(137) User=0.00s Sys=0.00s Real=0.00s
[18.594s][info][gc,start    ] GC(138) Pause Young (Normal) (G1 Evacuation Pause)
[18.595s][info][gc,task     ] GC(138) Using 4 workers of 8 for evacuation
[18.596s][info][gc,phases   ] GC(138)   Pre Evacuate Collection Set: 0.2ms
[18.597s][info][gc,phases   ] GC(138)   Merge Heap Roots: 0.1ms
[18.597s][info][gc,phases   ] GC(138)   Evacuate Collection Set: 0.8ms
[18.597s][info][gc,phases   ] GC(138)   Post Evacuate Collection Set: 0.7ms
[18.597s][info][gc,phases   ] GC(138)   Other: 0.3ms
[18.597s][info][gc,heap     ] GC(138) Eden regions: 34->0(33)
[18.597s][info][gc,heap     ] GC(138) Survivor regions: 4->5(5)
[18.597s][info][gc,heap     ] GC(138) Old regions: 7->7
[18.597s][info][gc,heap     ] GC(138) Archive regions: 0->0
[18.597s][info][gc,heap     ] GC(138) Humongous regions: 0->0
[18.597s][info][gc,metaspace] GC(138) Metaspace: 165K(384K)->165K(384K) NonClass: 156K(256K)->156K(256K) Class: 8K(128K)->8K(128K)
[18.597s][info][gc          ] GC(138) Pause Young (Normal) (G1 Evacuation Pause) 44M->11M(64M) 2.628ms
[18.597s][info][gc,cpu      ] GC(138) User=0.00s Sys=0.00s Real=0.00s
[18.698s][info][gc,start    ] GC(139) Pause Young (Normal) (G1 Evacuation Pause)
[18.698s][info][gc,task     ] GC(139) Using 4 workers of 8 for evacuation
[18.700s][info][gc,phases   ] GC(139)   Pre Evacuate Collection Set: 0.2ms
[18.700s][info][gc,phases   ] GC(139)   Merge Heap Roots: 0.1ms
[18.700s][info][gc,phases   ] GC(139)   Evacuate Collection Set: 0.7ms
[18.700s][info][gc,phases   ] GC(139)   Post Evacuate Collection Set: 0.7ms
[18.700s][info][gc,phases   ] GC(139)   Other: 0.4ms
[18.700s][info][gc,heap     ] GC(139) Eden regions: 33->0(34)
[18.700s][info][gc,heap     ] GC(139) Survivor regions: 5->4(5)
[18.700s][info][gc,heap     ] GC(139) Old regions: 7->7
[18.700s][info][gc,heap     ] GC(139) Archive regions: 0->0
[18.700s][info][gc,heap     ] GC(139) Humongous regions: 0->0
[18.700s][info][gc,metaspace] GC(139) Metaspace: 165K(384K)->165K(384K) NonClass: 156K(256K)->156K(256K) Class: 8K(128K)->8K(128K)
[18.700s][info][gc          ] GC(139) Pause Young (Normal) (G1 Evacuation Pause) 43M->9M(64M) 2.804ms
[18.701s][info][gc,cpu      ] GC(139) User=0.02s Sys=0.02s Real=0.00s
[18.849s][info][gc,start    ] GC(140) Pause Young (Normal) (G1 Evacuation Pause)
[18.849s][info][gc,task     ] GC(140) Using 4 workers of 8 for evacuation
[18.851s][info][gc,phases   ] GC(140)   Pre Evacuate Collection Set: 0.1ms
[18.851s][info][gc,phases   ] GC(140)   Merge Heap Roots: 0.1ms
[18.851s][info][gc,phases   ] GC(140)   Evacuate Collection Set: 1.2ms
[18.851s][info][gc,phases   ] GC(140)   Post Evacuate Collection Set: 0.4ms
[18.851s][info][gc,phases   ] GC(140)   Other: 0.3ms
[18.851s][info][gc,heap     ] GC(140) Eden regions: 34->0(33)
[18.851s][info][gc,heap     ] GC(140) Survivor regions: 4->5(5)
[18.851s][info][gc,heap     ] GC(140) Old regions: 7->7
[18.851s][info][gc,heap     ] GC(140) Archive regions: 0->0
[18.851s][info][gc,heap     ] GC(140) Humongous regions: 0->0
[18.851s][info][gc,metaspace] GC(140) Metaspace: 165K(384K)->165K(384K) NonClass: 156K(256K)->156K(256K) Class: 8K(128K)->8K(128K)
[18.851s][info][gc          ] GC(140) Pause Young (Normal) (G1 Evacuation Pause) 43M->10M(64M) 2.390ms
[18.852s][info][gc,cpu      ] GC(140) User=0.00s Sys=0.00s Real=0.00s
[18.996s][info][gc,start    ] GC(141) Pause Young (Normal) (G1 Evacuation Pause)
[18.997s][info][gc,task     ] GC(141) Using 4 workers of 8 for evacuation
[18.999s][info][gc,phases   ] GC(141)   Pre Evacuate Collection Set: 0.2ms
[18.999s][info][gc,phases   ] GC(141)   Merge Heap Roots: 0.2ms
[18.999s][info][gc,phases   ] GC(141)   Evacuate Collection Set: 0.8ms
[18.999s][info][gc,phases   ] GC(141)   Post Evacuate Collection Set: 0.7ms
[18.999s][info][gc,phases   ] GC(141)   Other: 0.4ms
[18.999s][info][gc,heap     ] GC(141) Eden regions: 33->0(35)
[18.999s][info][gc,heap     ] GC(141) Survivor regions: 5->3(5)
[18.999s][info][gc,heap     ] GC(141) Old regions: 7->7
[18.999s][info][gc,heap     ] GC(141) Archive regions: 0->0
[18.999s][info][gc,heap     ] GC(141) Humongous regions: 0->0
[18.999s][info][gc,metaspace] GC(141) Metaspace: 165K(384K)->165K(384K) NonClass: 156K(256K)->156K(256K) Class: 8K(128K)->8K(128K)
[18.999s][info][gc          ] GC(141) Pause Young (Normal) (G1 Evacuation Pause) 43M->8M(64M) 3.004ms
[19.000s][info][gc,cpu      ] GC(141) User=0.00s Sys=0.00s Real=0.00s
[19.098s][info][gc,start    ] GC(142) Pause Young (Normal) (G1 Evacuation Pause)
[19.098s][info][gc,task     ] GC(142) Using 4 workers of 8 for evacuation
[19.101s][info][gc,phases   ] GC(142)   Pre Evacuate Collection Set: 0.2ms
[19.101s][info][gc,phases   ] GC(142)   Merge Heap Roots: 0.2ms
[19.101s][info][gc,phases   ] GC(142)   Evacuate Collection Set: 1.0ms
[19.101s][info][gc,phases   ] GC(142)   Post Evacuate Collection Set: 0.7ms
[19.101s][info][gc,phases   ] GC(142)   Other: 0.4ms
[19.101s][info][gc,heap     ] GC(142) Eden regions: 35->0(33)
[19.101s][info][gc,heap     ] GC(142) Survivor regions: 3->5(5)
[19.101s][info][gc,heap     ] GC(142) Old regions: 7->7
[19.101s][info][gc,heap     ] GC(142) Archive regions: 0->0
[19.101s][info][gc,heap     ] GC(142) Humongous regions: 0->0
[19.101s][info][gc,metaspace] GC(142) Metaspace: 165K(384K)->165K(384K) NonClass: 156K(256K)->156K(256K) Class: 8K(128K)->8K(128K)
[19.101s][info][gc          ] GC(142) Pause Young (Normal) (G1 Evacuation Pause) 43M->10M(64M) 3.128ms
[19.101s][info][gc,cpu      ] GC(142) User=0.00s Sys=0.00s Real=0.00s
[19.253s][info][gc,start    ] GC(143) Pause Young (Normal) (G1 Evacuation Pause)
[19.253s][info][gc,task     ] GC(143) Using 4 workers of 8 for evacuation
[19.255s][info][gc,phases   ] GC(143)   Pre Evacuate Collection Set: 0.1ms
[19.255s][info][gc,phases   ] GC(143)   Merge Heap Roots: 0.1ms
[19.255s][info][gc,phases   ] GC(143)   Evacuate Collection Set: 0.6ms
[19.255s][info][gc,phases   ] GC(143)   Post Evacuate Collection Set: 0.7ms
[19.255s][info][gc,phases   ] GC(143)   Other: 0.4ms
[19.255s][info][gc,heap     ] GC(143) Eden regions: 33->0(35)
[19.255s][info][gc,heap     ] GC(143) Survivor regions: 5->3(5)
[19.255s][info][gc,heap     ] GC(143) Old regions: 7->7
[19.256s][info][gc,heap     ] GC(143) Archive regions: 0->0
[19.256s][info][gc,heap     ] GC(143) Humongous regions: 0->0
[19.256s][info][gc,metaspace] GC(143) Metaspace: 165K(384K)->165K(384K) NonClass: 156K(256K)->156K(256K) Class: 8K(128K)->8K(128K)
[19.256s][info][gc          ] GC(143) Pause Young (Normal) (G1 Evacuation Pause) 43M->9M(64M) 2.422ms
[19.256s][info][gc,cpu      ] GC(143) User=0.00s Sys=0.00s Real=0.00s
[19.397s][info][gc,start    ] GC(144) Pause Young (Normal) (G1 Evacuation Pause)
[19.397s][info][gc,task     ] GC(144) Using 4 workers of 8 for evacuation
[19.398s][info][gc,phases   ] GC(144)   Pre Evacuate Collection Set: 0.2ms
[19.399s][info][gc,phases   ] GC(144)   Merge Heap Roots: 0.1ms
[19.399s][info][gc,phases   ] GC(144)   Evacuate Collection Set: 0.7ms
[19.399s][info][gc,phases   ] GC(144)   Post Evacuate Collection Set: 0.6ms
[19.399s][info][gc,phases   ] GC(144)   Other: 0.4ms
[19.399s][info][gc,heap     ] GC(144) Eden regions: 35->0(34)
[19.399s][info][gc,heap     ] GC(144) Survivor regions: 3->4(5)
[19.399s][info][gc,heap     ] GC(144) Old regions: 7->7
[19.399s][info][gc,heap     ] GC(144) Archive regions: 0->0
[19.399s][info][gc,heap     ] GC(144) Humongous regions: 0->0
[19.399s][info][gc,metaspace] GC(144) Metaspace: 165K(384K)->165K(384K) NonClass: 156K(256K)->156K(256K) Class: 8K(128K)->8K(128K)
[19.399s][info][gc          ] GC(144) Pause Young (Normal) (G1 Evacuation Pause) 43M->9M(64M) 2.458ms
[19.399s][info][gc,cpu      ] GC(144) User=0.00s Sys=0.00s Real=0.00s
[19.498s][info][gc,start    ] GC(145) Pause Young (Normal) (G1 Evacuation Pause)
[19.498s][info][gc,task     ] GC(145) Using 4 workers of 8 for evacuation
[19.500s][info][gc,phases   ] GC(145)   Pre Evacuate Collection Set: 0.3ms
[19.500s][info][gc,phases   ] GC(145)   Merge Heap Roots: 0.2ms
[19.500s][info][gc,phases   ] GC(145)   Evacuate Collection Set: 0.9ms
[19.500s][info][gc,phases   ] GC(145)   Post Evacuate Collection Set: 0.7ms
[19.500s][info][gc,phases   ] GC(145)   Other: 0.4ms
[19.501s][info][gc,heap     ] GC(145) Eden regions: 34->0(33)
[19.501s][info][gc,heap     ] GC(145) Survivor regions: 4->5(5)
[19.501s][info][gc,heap     ] GC(145) Old regions: 7->7
[19.501s][info][gc,heap     ] GC(145) Archive regions: 0->0
[19.501s][info][gc,heap     ] GC(145) Humongous regions: 0->0
[19.501s][info][gc,metaspace] GC(145) Metaspace: 165K(384K)->165K(384K) NonClass: 156K(256K)->156K(256K) Class: 8K(128K)->8K(128K)
[19.501s][info][gc          ] GC(145) Pause Young (Normal) (G1 Evacuation Pause) 43M->10M(64M) 3.244ms
[19.501s][info][gc,cpu      ] GC(145) User=0.00s Sys=0.00s Real=0.00s
[19.647s][info][gc,start    ] GC(146) Pause Young (Normal) (G1 Evacuation Pause)
[19.647s][info][gc,task     ] GC(146) Using 4 workers of 8 for evacuation
[19.648s][info][gc,phases   ] GC(146)   Pre Evacuate Collection Set: 0.1ms
[19.649s][info][gc,phases   ] GC(146)   Merge Heap Roots: 0.2ms
[19.649s][info][gc,phases   ] GC(146)   Evacuate Collection Set: 0.5ms
[19.649s][info][gc,phases   ] GC(146)   Post Evacuate Collection Set: 0.7ms
[19.649s][info][gc,phases   ] GC(146)   Other: 0.4ms
[19.649s][info][gc,heap     ] GC(146) Eden regions: 33->0(35)
[19.649s][info][gc,heap     ] GC(146) Survivor regions: 5->3(5)
[19.649s][info][gc,heap     ] GC(146) Old regions: 7->7
[19.649s][info][gc,heap     ] GC(146) Archive regions: 0->0
[19.649s][info][gc,heap     ] GC(146) Humongous regions: 0->0
[19.649s][info][gc,metaspace] GC(146) Metaspace: 165K(384K)->165K(384K) NonClass: 156K(256K)->156K(256K) Class: 8K(128K)->8K(128K)
[19.649s][info][gc          ] GC(146) Pause Young (Normal) (G1 Evacuation Pause) 43M->8M(64M) 2.333ms
[19.649s][info][gc,cpu      ] GC(146) User=0.00s Sys=0.00s Real=0.00s
[19.796s][info][gc,start    ] GC(147) Pause Young (Normal) (G1 Evacuation Pause)
[19.796s][info][gc,task     ] GC(147) Using 4 workers of 8 for evacuation
[19.798s][info][gc,phases   ] GC(147)   Pre Evacuate Collection Set: 0.1ms
[19.798s][info][gc,phases   ] GC(147)   Merge Heap Roots: 0.1ms
[19.798s][info][gc,phases   ] GC(147)   Evacuate Collection Set: 0.8ms
[19.798s][info][gc,phases   ] GC(147)   Post Evacuate Collection Set: 0.4ms
[19.798s][info][gc,phases   ] GC(147)   Other: 0.3ms
[19.798s][info][gc,heap     ] GC(147) Eden regions: 35->0(33)
[19.798s][info][gc,heap     ] GC(147) Survivor regions: 3->5(5)
[19.798s][info][gc,heap     ] GC(147) Old regions: 7->7
[19.798s][info][gc,heap     ] GC(147) Archive regions: 0->0
[19.798s][info][gc,heap     ] GC(147) Humongous regions: 0->0
[19.798s][info][gc,metaspace] GC(147) Metaspace: 165K(384K)->165K(384K) NonClass: 156K(256K)->156K(256K) Class: 8K(128K)->8K(128K)
[19.798s][info][gc          ] GC(147) Pause Young (Normal) (G1 Evacuation Pause) 43M->10M(64M) 2.189ms
[19.798s][info][gc,cpu      ] GC(147) User=0.00s Sys=0.00s Real=0.00s
[19.897s][info][gc,start    ] GC(148) Pause Young (Normal) (G1 Evacuation Pause)
[19.897s][info][gc,task     ] GC(148) Using 4 workers of 8 for evacuation
[19.899s][info][gc,phases   ] GC(148)   Pre Evacuate Collection Set: 0.1ms
[19.899s][info][gc,phases   ] GC(148)   Merge Heap Roots: 0.1ms
[19.899s][info][gc,phases   ] GC(148)   Evacuate Collection Set: 0.6ms
[19.899s][info][gc,phases   ] GC(148)   Post Evacuate Collection Set: 0.6ms
[19.899s][info][gc,phases   ] GC(148)   Other: 0.3ms
[19.899s][info][gc,heap     ] GC(148) Eden regions: 33->0(34)
[19.899s][info][gc,heap     ] GC(148) Survivor regions: 5->4(5)
[19.899s][info][gc,heap     ] GC(148) Old regions: 7->7
[19.899s][info][gc,heap     ] GC(148) Archive regions: 0->0
[19.899s][info][gc,heap     ] GC(148) Humongous regions: 0->0
[19.899s][info][gc,metaspace] GC(148) Metaspace: 165K(384K)->165K(384K) NonClass: 156K(256K)->156K(256K) Class: 8K(128K)->8K(128K)
[19.899s][info][gc          ] GC(148) Pause Young (Normal) (G1 Evacuation Pause) 43M->9M(64M) 2.308ms
[19.899s][info][gc,cpu      ] GC(148) User=0.00s Sys=0.00s Real=0.00s
[20.046s][info][gc,start    ] GC(149) Pause Young (Normal) (G1 Evacuation Pause)
[20.046s][info][gc,task     ] GC(149) Using 4 workers of 8 for evacuation
[20.048s][info][gc,phases   ] GC(149)   Pre Evacuate Collection Set: 0.1ms
[20.048s][info][gc,phases   ] GC(149)   Merge Heap Roots: 0.1ms
[20.048s][info][gc,phases   ] GC(149)   Evacuate Collection Set: 0.8ms
[20.048s][info][gc,phases   ] GC(149)   Post Evacuate Collection Set: 0.7ms
[20.048s][info][gc,phases   ] GC(149)   Other: 0.3ms
[20.048s][info][gc,heap     ] GC(149) Eden regions: 34->0(33)
[20.048s][info][gc,heap     ] GC(149) Survivor regions: 4->5(5)
[20.048s][info][gc,heap     ] GC(149) Old regions: 7->7
[20.048s][info][gc,heap     ] GC(149) Archive regions: 0->0
[20.048s][info][gc,heap     ] GC(149) Humongous regions: 0->0
[20.049s][info][gc,metaspace] GC(149) Metaspace: 165K(384K)->165K(384K) NonClass: 156K(256K)->156K(256K) Class: 8K(128K)->8K(128K)
[20.049s][info][gc          ] GC(149) Pause Young (Normal) (G1 Evacuation Pause) 43M->10M(64M) 2.784ms
[20.049s][info][gc,cpu      ] GC(149) User=0.00s Sys=0.00s Real=0.00s
[20.196s][info][gc,start    ] GC(150) Pause Young (Normal) (G1 Evacuation Pause)
[20.196s][info][gc,task     ] GC(150) Using 4 workers of 8 for evacuation
[20.198s][info][gc,phases   ] GC(150)   Pre Evacuate Collection Set: 0.1ms
[20.198s][info][gc,phases   ] GC(150)   Merge Heap Roots: 0.1ms
[20.198s][info][gc,phases   ] GC(150)   Evacuate Collection Set: 0.6ms
[20.198s][info][gc,phases   ] GC(150)   Post Evacuate Collection Set: 0.6ms
[20.198s][info][gc,phases   ] GC(150)   Other: 0.4ms
[20.198s][info][gc,heap     ] GC(150) Eden regions: 33->0(35)
[20.198s][info][gc,heap     ] GC(150) Survivor regions: 5->3(5)
[20.198s][info][gc,heap     ] GC(150) Old regions: 7->7
[20.198s][info][gc,heap     ] GC(150) Archive regions: 0->0
[20.198s][info][gc,heap     ] GC(150) Humongous regions: 0->0
[20.198s][info][gc,metaspace] GC(150) Metaspace: 165K(384K)->165K(384K) NonClass: 156K(256K)->156K(256K) Class: 8K(128K)->8K(128K)
[20.198s][info][gc          ] GC(150) Pause Young (Normal) (G1 Evacuation Pause) 43M->8M(64M) 2.295ms
[20.198s][info][gc,cpu      ] GC(150) User=0.00s Sys=0.00s Real=0.00s
[20.297s][info][gc,start    ] GC(151) Pause Young (Normal) (G1 Evacuation Pause)
[20.297s][info][gc,task     ] GC(151) Using 4 workers of 8 for evacuation
[20.299s][info][gc,phases   ] GC(151)   Pre Evacuate Collection Set: 0.2ms
[20.299s][info][gc,phases   ] GC(151)   Merge Heap Roots: 0.1ms
[20.299s][info][gc,phases   ] GC(151)   Evacuate Collection Set: 0.8ms
[20.299s][info][gc,phases   ] GC(151)   Post Evacuate Collection Set: 0.6ms
[20.299s][info][gc,phases   ] GC(151)   Other: 0.4ms
[20.299s][info][gc,heap     ] GC(151) Eden regions: 35->0(33)
[20.300s][info][gc,heap     ] GC(151) Survivor regions: 3->5(5)
[20.300s][info][gc,heap     ] GC(151) Old regions: 7->7
[20.300s][info][gc,heap     ] GC(151) Archive regions: 0->0
[20.300s][info][gc,heap     ] GC(151) Humongous regions: 0->0
[20.300s][info][gc,metaspace] GC(151) Metaspace: 165K(384K)->165K(384K) NonClass: 156K(256K)->156K(256K) Class: 8K(128K)->8K(128K)
[20.300s][info][gc          ] GC(151) Pause Young (Normal) (G1 Evacuation Pause) 43M->10M(64M) 2.771ms
[20.300s][info][gc,cpu      ] GC(151) User=0.00s Sys=0.00s Real=0.00s
[20.446s][info][gc,start    ] GC(152) Pause Young (Normal) (G1 Evacuation Pause)
[20.446s][info][gc,task     ] GC(152) Using 4 workers of 8 for evacuation
[20.447s][info][gc,phases   ] GC(152)   Pre Evacuate Collection Set: 0.2ms
[20.447s][info][gc,phases   ] GC(152)   Merge Heap Roots: 0.1ms
[20.447s][info][gc,phases   ] GC(152)   Evacuate Collection Set: 0.6ms
[20.447s][info][gc,phases   ] GC(152)   Post Evacuate Collection Set: 0.7ms
[20.448s][info][gc,phases   ] GC(152)   Other: 0.3ms
[20.448s][info][gc,heap     ] GC(152) Eden regions: 33->0(35)
[20.448s][info][gc,heap     ] GC(152) Survivor regions: 5->3(5)
[20.448s][info][gc,heap     ] GC(152) Old regions: 7->7
[20.448s][info][gc,heap     ] GC(152) Archive regions: 0->0
[20.448s][info][gc,heap     ] GC(152) Humongous regions: 0->0
[20.448s][info][gc,metaspace] GC(152) Metaspace: 165K(384K)->165K(384K) NonClass: 156K(256K)->156K(256K) Class: 8K(128K)->8K(128K)
[20.448s][info][gc          ] GC(152) Pause Young (Normal) (G1 Evacuation Pause) 43M->9M(64M) 2.280ms
[20.448s][info][gc,cpu      ] GC(152) User=0.00s Sys=0.00s Real=0.00s
[20.596s][info][gc,start    ] GC(153) Pause Young (Normal) (G1 Evacuation Pause)
[20.596s][info][gc,task     ] GC(153) Using 4 workers of 8 for evacuation
[20.598s][info][gc,phases   ] GC(153)   Pre Evacuate Collection Set: 0.2ms
[20.598s][info][gc,phases   ] GC(153)   Merge Heap Roots: 0.2ms
[20.598s][info][gc,phases   ] GC(153)   Evacuate Collection Set: 1.0ms
[20.598s][info][gc,phases   ] GC(153)   Post Evacuate Collection Set: 0.8ms
[20.598s][info][gc,phases   ] GC(153)   Other: 0.4ms
[20.599s][info][gc,heap     ] GC(153) Eden regions: 35->0(33)
[20.599s][info][gc,heap     ] GC(153) Survivor regions: 3->5(5)
[20.599s][info][gc,heap     ] GC(153) Old regions: 7->7
[20.599s][info][gc,heap     ] GC(153) Archive regions: 0->0
[20.599s][info][gc,heap     ] GC(153) Humongous regions: 0->0
[20.599s][info][gc,metaspace] GC(153) Metaspace: 165K(384K)->165K(384K) NonClass: 156K(256K)->156K(256K) Class: 8K(128K)->8K(128K)
[20.599s][info][gc          ] GC(153) Pause Young (Normal) (G1 Evacuation Pause) 44M->11M(64M) 2.990ms
[20.599s][info][gc,cpu      ] GC(153) User=0.00s Sys=0.00s Real=0.00s
[20.697s][info][gc,start    ] GC(154) Pause Young (Normal) (G1 Evacuation Pause)
[20.697s][info][gc,task     ] GC(154) Using 4 workers of 8 for evacuation
[20.699s][info][gc,phases   ] GC(154)   Pre Evacuate Collection Set: 0.2ms
[20.699s][info][gc,phases   ] GC(154)   Merge Heap Roots: 0.2ms
[20.699s][info][gc,phases   ] GC(154)   Evacuate Collection Set: 0.8ms
[20.699s][info][gc,phases   ] GC(154)   Post Evacuate Collection Set: 0.7ms
[20.699s][info][gc,phases   ] GC(154)   Other: 0.4ms
[20.700s][info][gc,heap     ] GC(154) Eden regions: 33->0(34)
[20.700s][info][gc,heap     ] GC(154) Survivor regions: 5->4(5)
[20.700s][info][gc,heap     ] GC(154) Old regions: 7->7
[20.700s][info][gc,heap     ] GC(154) Archive regions: 0->0
[20.700s][info][gc,heap     ] GC(154) Humongous regions: 0->0
[20.700s][info][gc,metaspace] GC(154) Metaspace: 165K(384K)->165K(384K) NonClass: 156K(256K)->156K(256K) Class: 8K(128K)->8K(128K)
[20.700s][info][gc          ] GC(154) Pause Young (Normal) (G1 Evacuation Pause) 44M->9M(64M) 3.016ms
[20.700s][info][gc,cpu      ] GC(154) User=0.00s Sys=0.00s Real=0.00s
[20.845s][info][gc,start    ] GC(155) Pause Young (Normal) (G1 Evacuation Pause)
[20.845s][info][gc,task     ] GC(155) Using 4 workers of 8 for evacuation
[20.847s][info][gc,phases   ] GC(155)   Pre Evacuate Collection Set: 0.2ms
[20.847s][info][gc,phases   ] GC(155)   Merge Heap Roots: 0.2ms
[20.847s][info][gc,phases   ] GC(155)   Evacuate Collection Set: 0.9ms
[20.847s][info][gc,phases   ] GC(155)   Post Evacuate Collection Set: 0.6ms
[20.848s][info][gc,phases   ] GC(155)   Other: 0.3ms
[20.848s][info][gc,heap     ] GC(155) Eden regions: 34->0(33)
[20.848s][info][gc,heap     ] GC(155) Survivor regions: 4->5(5)
[20.848s][info][gc,heap     ] GC(155) Old regions: 7->7
[20.848s][info][gc,heap     ] GC(155) Archive regions: 0->0
[20.848s][info][gc,heap     ] GC(155) Humongous regions: 0->0
[20.848s][info][gc,metaspace] GC(155) Metaspace: 165K(384K)->165K(384K) NonClass: 156K(256K)->156K(256K) Class: 8K(128K)->8K(128K)
[20.848s][info][gc          ] GC(155) Pause Young (Normal) (G1 Evacuation Pause) 43M->10M(64M) 2.696ms
[20.848s][info][gc,cpu      ] GC(155) User=0.00s Sys=0.00s Real=0.00s
[20.995s][info][gc,start    ] GC(156) Pause Young (Normal) (G1 Evacuation Pause)
[20.995s][info][gc,task     ] GC(156) Using 4 workers of 8 for evacuation
[20.997s][info][gc,phases   ] GC(156)   Pre Evacuate Collection Set: 0.2ms
[20.997s][info][gc,phases   ] GC(156)   Merge Heap Roots: 0.2ms
[20.997s][info][gc,phases   ] GC(156)   Evacuate Collection Set: 0.7ms
[20.997s][info][gc,phases   ] GC(156)   Post Evacuate Collection Set: 0.7ms
[20.997s][info][gc,phases   ] GC(156)   Other: 0.3ms
[20.997s][info][gc,heap     ] GC(156) Eden regions: 33->0(34)
[20.997s][info][gc,heap     ] GC(156) Survivor regions: 5->4(5)
[20.997s][info][gc,heap     ] GC(156) Old regions: 7->7
[20.997s][info][gc,heap     ] GC(156) Archive regions: 0->0
[20.997s][info][gc,heap     ] GC(156) Humongous regions: 0->0
[20.997s][info][gc,metaspace] GC(156) Metaspace: 165K(384K)->165K(384K) NonClass: 156K(256K)->156K(256K) Class: 8K(128K)->8K(128K)
[20.997s][info][gc          ] GC(156) Pause Young (Normal) (G1 Evacuation Pause) 43M->9M(64M) 2.481ms
[20.997s][info][gc,cpu      ] GC(156) User=0.00s Sys=0.00s Real=0.00s
[21.097s][info][gc,start    ] GC(157) Pause Young (Normal) (G1 Evacuation Pause)
[21.097s][info][gc,task     ] GC(157) Using 4 workers of 8 for evacuation
[21.099s][info][gc,phases   ] GC(157)   Pre Evacuate Collection Set: 0.2ms
[21.100s][info][gc,phases   ] GC(157)   Merge Heap Roots: 0.2ms
[21.100s][info][gc,phases   ] GC(157)   Evacuate Collection Set: 0.9ms
[21.100s][info][gc,phases   ] GC(157)   Post Evacuate Collection Set: 0.8ms
[21.100s][info][gc,phases   ] GC(157)   Other: 0.4ms
[21.100s][info][gc,heap     ] GC(157) Eden regions: 34->0(33)
[21.100s][info][gc,heap     ] GC(157) Survivor regions: 4->5(5)
[21.100s][info][gc,heap     ] GC(157) Old regions: 7->7
[21.100s][info][gc,heap     ] GC(157) Archive regions: 0->0
[21.100s][info][gc,heap     ] GC(157) Humongous regions: 0->0
[21.100s][info][gc,metaspace] GC(157) Metaspace: 165K(384K)->165K(384K) NonClass: 156K(256K)->156K(256K) Class: 8K(128K)->8K(128K)
[21.100s][info][gc          ] GC(157) Pause Young (Normal) (G1 Evacuation Pause) 43M->10M(64M) 3.055ms
[21.100s][info][gc,cpu      ] GC(157) User=0.00s Sys=0.00s Real=0.00s
[21.247s][info][gc,start    ] GC(158) Pause Young (Normal) (G1 Evacuation Pause)
[21.247s][info][gc,task     ] GC(158) Using 4 workers of 8 for evacuation
[21.249s][info][gc,phases   ] GC(158)   Pre Evacuate Collection Set: 0.2ms
[21.249s][info][gc,phases   ] GC(158)   Merge Heap Roots: 0.1ms
[21.249s][info][gc,phases   ] GC(158)   Evacuate Collection Set: 0.5ms
[21.249s][info][gc,phases   ] GC(158)   Post Evacuate Collection Set: 0.6ms
[21.249s][info][gc,phases   ] GC(158)   Other: 0.4ms
[21.249s][info][gc,heap     ] GC(158) Eden regions: 33->0(36)
[21.249s][info][gc,heap     ] GC(158) Survivor regions: 5->2(5)
[21.249s][info][gc,heap     ] GC(158) Old regions: 7->7
[21.249s][info][gc,heap     ] GC(158) Archive regions: 0->0
[21.249s][info][gc,heap     ] GC(158) Humongous regions: 0->0
[21.249s][info][gc,metaspace] GC(158) Metaspace: 165K(384K)->165K(384K) NonClass: 156K(256K)->156K(256K) Class: 8K(128K)->8K(128K)
[21.249s][info][gc          ] GC(158) Pause Young (Normal) (G1 Evacuation Pause) 43M->8M(64M) 2.367ms
[21.250s][info][gc,cpu      ] GC(158) User=0.00s Sys=0.00s Real=0.00s
[21.397s][info][gc,start    ] GC(159) Pause Young (Normal) (G1 Evacuation Pause)
[21.397s][info][gc,task     ] GC(159) Using 4 workers of 8 for evacuation
[21.399s][info][gc,phases   ] GC(159)   Pre Evacuate Collection Set: 0.2ms
[21.399s][info][gc,phases   ] GC(159)   Merge Heap Roots: 0.2ms
[21.399s][info][gc,phases   ] GC(159)   Evacuate Collection Set: 0.8ms
[21.399s][info][gc,phases   ] GC(159)   Post Evacuate Collection Set: 0.6ms
[21.399s][info][gc,phases   ] GC(159)   Other: 0.3ms
[21.399s][info][gc,heap     ] GC(159) Eden regions: 36->0(34)
[21.399s][info][gc,heap     ] GC(159) Survivor regions: 2->4(5)
[21.399s][info][gc,heap     ] GC(159) Old regions: 7->7
[21.399s][info][gc,heap     ] GC(159) Archive regions: 0->0
[21.399s][info][gc,heap     ] GC(159) Humongous regions: 0->0
[21.399s][info][gc,metaspace] GC(159) Metaspace: 165K(384K)->165K(384K) NonClass: 156K(256K)->156K(256K) Class: 8K(128K)->8K(128K)
[21.399s][info][gc          ] GC(159) Pause Young (Normal) (G1 Evacuation Pause) 44M->10M(64M) 2.413ms
[21.399s][info][gc,cpu      ] GC(159) User=0.00s Sys=0.00s Real=0.00s
[21.498s][info][gc,start    ] GC(160) Pause Young (Normal) (G1 Evacuation Pause)
[21.498s][info][gc,task     ] GC(160) Using 4 workers of 8 for evacuation
[21.501s][info][gc,phases   ] GC(160)   Pre Evacuate Collection Set: 0.2ms
[21.501s][info][gc,phases   ] GC(160)   Merge Heap Roots: 0.2ms
[21.501s][info][gc,phases   ] GC(160)   Evacuate Collection Set: 1.0ms
[21.501s][info][gc,phases   ] GC(160)   Post Evacuate Collection Set: 0.8ms
[21.501s][info][gc,phases   ] GC(160)   Other: 0.4ms
[21.501s][info][gc,heap     ] GC(160) Eden regions: 34->0(33)
[21.501s][info][gc,heap     ] GC(160) Survivor regions: 4->5(5)
[21.501s][info][gc,heap     ] GC(160) Old regions: 7->7
[21.501s][info][gc,heap     ] GC(160) Archive regions: 0->0
[21.501s][info][gc,heap     ] GC(160) Humongous regions: 0->0
[21.501s][info][gc,metaspace] GC(160) Metaspace: 165K(384K)->165K(384K) NonClass: 156K(256K)->156K(256K) Class: 8K(128K)->8K(128K)
[21.502s][info][gc          ] GC(160) Pause Young (Normal) (G1 Evacuation Pause) 44M->11M(64M) 3.245ms
[21.502s][info][gc,cpu      ] GC(160) User=0.00s Sys=0.00s Real=0.01s
[21.648s][info][gc,start    ] GC(161) Pause Young (Normal) (G1 Evacuation Pause)
[21.648s][info][gc,task     ] GC(161) Using 4 workers of 8 for evacuation
[21.650s][info][gc,phases   ] GC(161)   Pre Evacuate Collection Set: 0.2ms
[21.650s][info][gc,phases   ] GC(161)   Merge Heap Roots: 0.2ms
[21.650s][info][gc,phases   ] GC(161)   Evacuate Collection Set: 0.9ms
[21.650s][info][gc,phases   ] GC(161)   Post Evacuate Collection Set: 0.8ms
[21.650s][info][gc,phases   ] GC(161)   Other: 0.3ms
[21.650s][info][gc,heap     ] GC(161) Eden regions: 33->0(34)
[21.650s][info][gc,heap     ] GC(161) Survivor regions: 5->4(5)
[21.650s][info][gc,heap     ] GC(161) Old regions: 7->7
[21.650s][info][gc,heap     ] GC(161) Archive regions: 0->0
[21.651s][info][gc,heap     ] GC(161) Humongous regions: 0->0
[21.651s][info][gc,metaspace] GC(161) Metaspace: 165K(384K)->165K(384K) NonClass: 156K(256K)->156K(256K) Class: 8K(128K)->8K(128K)
[21.651s][info][gc          ] GC(161) Pause Young (Normal) (G1 Evacuation Pause) 44M->9M(64M) 3.057ms
[21.651s][info][gc,cpu      ] GC(161) User=0.00s Sys=0.00s Real=0.00s
[21.797s][info][gc,start    ] GC(162) Pause Young (Normal) (G1 Evacuation Pause)
[21.798s][info][gc,task     ] GC(162) Using 4 workers of 8 for evacuation
[21.800s][info][gc,phases   ] GC(162)   Pre Evacuate Collection Set: 0.2ms
[21.800s][info][gc,phases   ] GC(162)   Merge Heap Roots: 0.2ms
[21.800s][info][gc,phases   ] GC(162)   Evacuate Collection Set: 0.9ms
[21.800s][info][gc,phases   ] GC(162)   Post Evacuate Collection Set: 0.7ms
[21.800s][info][gc,phases   ] GC(162)   Other: 0.3ms
[21.800s][info][gc,heap     ] GC(162) Eden regions: 34->0(33)
[21.800s][info][gc,heap     ] GC(162) Survivor regions: 4->5(5)
[21.800s][info][gc,heap     ] GC(162) Old regions: 7->7
[21.800s][info][gc,heap     ] GC(162) Archive regions: 0->0
[21.800s][info][gc,heap     ] GC(162) Humongous regions: 0->0
[21.800s][info][gc,metaspace] GC(162) Metaspace: 165K(384K)->165K(384K) NonClass: 156K(256K)->156K(256K) Class: 8K(128K)->8K(128K)
[21.800s][info][gc          ] GC(162) Pause Young (Normal) (G1 Evacuation Pause) 43M->10M(64M) 2.734ms
[21.800s][info][gc,cpu      ] GC(162) User=0.00s Sys=0.00s Real=0.00s
[21.897s][info][gc,start    ] GC(163) Pause Young (Normal) (G1 Evacuation Pause)
[21.897s][info][gc,task     ] GC(163) Using 4 workers of 8 for evacuation
[21.899s][info][gc,phases   ] GC(163)   Pre Evacuate Collection Set: 0.1ms
[21.899s][info][gc,phases   ] GC(163)   Merge Heap Roots: 0.1ms
[21.899s][info][gc,phases   ] GC(163)   Evacuate Collection Set: 0.6ms
[21.899s][info][gc,phases   ] GC(163)   Post Evacuate Collection Set: 0.7ms
[21.899s][info][gc,phases   ] GC(163)   Other: 0.3ms
[21.899s][info][gc,heap     ] GC(163) Eden regions: 33->0(35)
[21.899s][info][gc,heap     ] GC(163) Survivor regions: 5->3(5)
[21.899s][info][gc,heap     ] GC(163) Old regions: 7->7
[21.899s][info][gc,heap     ] GC(163) Archive regions: 0->0
[21.899s][info][gc,heap     ] GC(163) Humongous regions: 0->0
[21.900s][info][gc,metaspace] GC(163) Metaspace: 165K(384K)->165K(384K) NonClass: 156K(256K)->156K(256K) Class: 8K(128K)->8K(128K)
[21.900s][info][gc          ] GC(163) Pause Young (Normal) (G1 Evacuation Pause) 43M->9M(64M) 2.435ms
[21.900s][info][gc,cpu      ] GC(163) User=0.00s Sys=0.00s Real=0.00s
[22.046s][info][gc,start    ] GC(164) Pause Young (Normal) (G1 Evacuation Pause)
[22.046s][info][gc,task     ] GC(164) Using 4 workers of 8 for evacuation
[22.048s][info][gc,phases   ] GC(164)   Pre Evacuate Collection Set: 0.1ms
[22.048s][info][gc,phases   ] GC(164)   Merge Heap Roots: 0.2ms
[22.048s][info][gc,phases   ] GC(164)   Evacuate Collection Set: 0.9ms
[22.048s][info][gc,phases   ] GC(164)   Post Evacuate Collection Set: 0.6ms
[22.048s][info][gc,phases   ] GC(164)   Other: 0.3ms
[22.048s][info][gc,heap     ] GC(164) Eden regions: 35->0(33)
[22.048s][info][gc,heap     ] GC(164) Survivor regions: 3->5(5)
[22.048s][info][gc,heap     ] GC(164) Old regions: 7->7
[22.048s][info][gc,heap     ] GC(164) Archive regions: 0->0
[22.048s][info][gc,heap     ] GC(164) Humongous regions: 0->0
[22.048s][info][gc,metaspace] GC(164) Metaspace: 165K(384K)->165K(384K) NonClass: 156K(256K)->156K(256K) Class: 8K(128K)->8K(128K)
[22.048s][info][gc          ] GC(164) Pause Young (Normal) (G1 Evacuation Pause) 44M->11M(64M) 2.548ms
[22.049s][info][gc,cpu      ] GC(164) User=0.00s Sys=0.00s Real=0.00s
[22.194s][info][gc,start    ] GC(165) Pause Young (Normal) (G1 Evacuation Pause)
[22.194s][info][gc,task     ] GC(165) Using 4 workers of 8 for evacuation
[22.196s][info][gc,phases   ] GC(165)   Pre Evacuate Collection Set: 0.2ms
[22.196s][info][gc,phases   ] GC(165)   Merge Heap Roots: 0.2ms
[22.196s][info][gc,phases   ] GC(165)   Evacuate Collection Set: 0.6ms
[22.196s][info][gc,phases   ] GC(165)   Post Evacuate Collection Set: 0.6ms
[22.196s][info][gc,phases   ] GC(165)   Other: 0.3ms
[22.196s][info][gc,heap     ] GC(165) Eden regions: 33->0(35)
[22.196s][info][gc,heap     ] GC(165) Survivor regions: 5->3(5)
[22.196s][info][gc,heap     ] GC(165) Old regions: 7->7
[22.196s][info][gc,heap     ] GC(165) Archive regions: 0->0
[22.196s][info][gc,heap     ] GC(165) Humongous regions: 0->0
[22.196s][info][gc,metaspace] GC(165) Metaspace: 165K(384K)->165K(384K) NonClass: 156K(256K)->156K(256K) Class: 8K(128K)->8K(128K)
[22.196s][info][gc          ] GC(165) Pause Young (Normal) (G1 Evacuation Pause) 43M->9M(64M) 2.341ms
[22.197s][info][gc,cpu      ] GC(165) User=0.00s Sys=0.00s Real=0.00s
[22.297s][info][gc,start    ] GC(166) Pause Young (Normal) (G1 Evacuation Pause)
[22.297s][info][gc,task     ] GC(166) Using 4 workers of 8 for evacuation
[22.300s][info][gc,phases   ] GC(166)   Pre Evacuate Collection Set: 0.2ms
[22.300s][info][gc,phases   ] GC(166)   Merge Heap Roots: 0.1ms
[22.300s][info][gc,phases   ] GC(166)   Evacuate Collection Set: 0.9ms
[22.300s][info][gc,phases   ] GC(166)   Post Evacuate Collection Set: 0.7ms
[22.300s][info][gc,phases   ] GC(166)   Other: 0.4ms
[22.300s][info][gc,heap     ] GC(166) Eden regions: 35->0(33)
[22.300s][info][gc,heap     ] GC(166) Survivor regions: 3->5(5)
[22.300s][info][gc,heap     ] GC(166) Old regions: 7->7
[22.300s][info][gc,heap     ] GC(166) Archive regions: 0->0
[22.300s][info][gc,heap     ] GC(166) Humongous regions: 0->0
[22.300s][info][gc,metaspace] GC(166) Metaspace: 165K(384K)->165K(384K) NonClass: 156K(256K)->156K(256K) Class: 8K(128K)->8K(128K)
[22.300s][info][gc          ] GC(166) Pause Young (Normal) (G1 Evacuation Pause) 44M->11M(64M) 2.961ms
[22.300s][info][gc,cpu      ] GC(166) User=0.00s Sys=0.00s Real=0.01s
[22.448s][info][gc,start    ] GC(167) Pause Young (Normal) (G1 Evacuation Pause)
[22.448s][info][gc,task     ] GC(167) Using 4 workers of 8 for evacuation
[22.451s][info][gc,phases   ] GC(167)   Pre Evacuate Collection Set: 0.2ms
[22.451s][info][gc,phases   ] GC(167)   Merge Heap Roots: 0.2ms
[22.451s][info][gc,phases   ] GC(167)   Evacuate Collection Set: 1.1ms
[22.451s][info][gc,phases   ] GC(167)   Post Evacuate Collection Set: 0.7ms
[22.451s][info][gc,phases   ] GC(167)   Other: 0.4ms
[22.451s][info][gc,heap     ] GC(167) Eden regions: 33->0(34)
[22.451s][info][gc,heap     ] GC(167) Survivor regions: 5->4(5)
[22.451s][info][gc,heap     ] GC(167) Old regions: 7->7
[22.451s][info][gc,heap     ] GC(167) Archive regions: 0->0
[22.451s][info][gc,heap     ] GC(167) Humongous regions: 0->0
[22.451s][info][gc,metaspace] GC(167) Metaspace: 165K(384K)->165K(384K) NonClass: 156K(256K)->156K(256K) Class: 8K(128K)->8K(128K)
[22.451s][info][gc          ] GC(167) Pause Young (Normal) (G1 Evacuation Pause) 44M->10M(64M) 3.214ms
[22.451s][info][gc,cpu      ] GC(167) User=0.02s Sys=0.00s Real=0.00s
[22.596s][info][gc,start    ] GC(168) Pause Young (Normal) (G1 Evacuation Pause)
[22.596s][info][gc,task     ] GC(168) Using 4 workers of 8 for evacuation
[22.598s][info][gc,phases   ] GC(168)   Pre Evacuate Collection Set: 0.2ms
[22.598s][info][gc,phases   ] GC(168)   Merge Heap Roots: 0.2ms
[22.598s][info][gc,phases   ] GC(168)   Evacuate Collection Set: 0.9ms
[22.598s][info][gc,phases   ] GC(168)   Post Evacuate Collection Set: 0.7ms
[22.599s][info][gc,phases   ] GC(168)   Other: 0.3ms
[22.599s][info][gc,heap     ] GC(168) Eden regions: 34->0(33)
[22.599s][info][gc,heap     ] GC(168) Survivor regions: 4->5(5)
[22.599s][info][gc,heap     ] GC(168) Old regions: 7->7
[22.599s][info][gc,heap     ] GC(168) Archive regions: 0->0
[22.599s][info][gc,heap     ] GC(168) Humongous regions: 0->0
[22.599s][info][gc,metaspace] GC(168) Metaspace: 165K(384K)->165K(384K) NonClass: 156K(256K)->156K(256K) Class: 8K(128K)->8K(128K)
[22.599s][info][gc          ] GC(168) Pause Young (Normal) (G1 Evacuation Pause) 44M->11M(64M) 2.615ms
[22.599s][info][gc,cpu      ] GC(168) User=0.00s Sys=0.00s Real=0.00s
[22.696s][info][gc,start    ] GC(169) Pause Young (Normal) (G1 Evacuation Pause)
[22.696s][info][gc,task     ] GC(169) Using 4 workers of 8 for evacuation
[22.698s][info][gc,phases   ] GC(169)   Pre Evacuate Collection Set: 0.2ms
[22.699s][info][gc,phases   ] GC(169)   Merge Heap Roots: 0.2ms
[22.699s][info][gc,phases   ] GC(169)   Evacuate Collection Set: 0.7ms
[22.699s][info][gc,phases   ] GC(169)   Post Evacuate Collection Set: 0.8ms
[22.699s][info][gc,phases   ] GC(169)   Other: 0.4ms
[22.699s][info][gc,heap     ] GC(169) Eden regions: 33->0(35)
[22.699s][info][gc,heap     ] GC(169) Survivor regions: 5->3(5)
[22.699s][info][gc,heap     ] GC(169) Old regions: 7->7
[22.699s][info][gc,heap     ] GC(169) Archive regions: 0->0
[22.699s][info][gc,heap     ] GC(169) Humongous regions: 0->0
[22.699s][info][gc,metaspace] GC(169) Metaspace: 165K(384K)->165K(384K) NonClass: 156K(256K)->156K(256K) Class: 8K(128K)->8K(128K)
[22.699s][info][gc          ] GC(169) Pause Young (Normal) (G1 Evacuation Pause) 44M->9M(64M) 2.975ms
[22.699s][info][gc,cpu      ] GC(169) User=0.00s Sys=0.00s Real=0.00s
[22.845s][info][gc,start    ] GC(170) Pause Young (Normal) (G1 Evacuation Pause)
[22.846s][info][gc,task     ] GC(170) Using 4 workers of 8 for evacuation
[22.848s][info][gc,phases   ] GC(170)   Pre Evacuate Collection Set: 0.2ms
[22.848s][info][gc,phases   ] GC(170)   Merge Heap Roots: 0.2ms
[22.848s][info][gc,phases   ] GC(170)   Evacuate Collection Set: 1.0ms
[22.848s][info][gc,phases   ] GC(170)   Post Evacuate Collection Set: 0.6ms
[22.848s][info][gc,phases   ] GC(170)   Other: 0.4ms
[22.848s][info][gc,heap     ] GC(170) Eden regions: 35->0(33)
[22.848s][info][gc,heap     ] GC(170) Survivor regions: 3->5(5)
[22.848s][info][gc,heap     ] GC(170) Old regions: 7->7
[22.848s][info][gc,heap     ] GC(170) Archive regions: 0->0
[22.848s][info][gc,heap     ] GC(170) Humongous regions: 0->0
[22.848s][info][gc,metaspace] GC(170) Metaspace: 165K(384K)->165K(384K) NonClass: 156K(256K)->156K(256K) Class: 8K(128K)->8K(128K)
[22.848s][info][gc          ] GC(170) Pause Young (Normal) (G1 Evacuation Pause) 44M->11M(64M) 2.845ms
[22.848s][info][gc,cpu      ] GC(170) User=0.00s Sys=0.00s Real=0.00s
[22.995s][info][gc,start    ] GC(171) Pause Young (Normal) (G1 Evacuation Pause)
[22.995s][info][gc,task     ] GC(171) Using 4 workers of 8 for evacuation
[22.997s][info][gc,phases   ] GC(171)   Pre Evacuate Collection Set: 0.2ms
[22.997s][info][gc,phases   ] GC(171)   Merge Heap Roots: 0.1ms
[22.997s][info][gc,phases   ] GC(171)   Evacuate Collection Set: 0.7ms
[22.997s][info][gc,phases   ] GC(171)   Post Evacuate Collection Set: 0.6ms
[22.998s][info][gc,phases   ] GC(171)   Other: 0.4ms
[22.998s][info][gc,heap     ] GC(171) Eden regions: 33->0(34)
[22.998s][info][gc,heap     ] GC(171) Survivor regions: 5->4(5)
[22.998s][info][gc,heap     ] GC(171) Old regions: 7->7
[22.998s][info][gc,heap     ] GC(171) Archive regions: 0->0
[22.998s][info][gc,heap     ] GC(171) Humongous regions: 0->0
[22.998s][info][gc,metaspace] GC(171) Metaspace: 165K(384K)->165K(384K) NonClass: 156K(256K)->156K(256K) Class: 8K(128K)->8K(128K)
[22.998s][info][gc          ] GC(171) Pause Young (Normal) (G1 Evacuation Pause) 44M->10M(64M) 2.729ms
[22.998s][info][gc,cpu      ] GC(171) User=0.00s Sys=0.00s Real=0.00s
[23.098s][info][gc,start    ] GC(172) Pause Young (Normal) (G1 Evacuation Pause)
[23.099s][info][gc,task     ] GC(172) Using 4 workers of 8 for evacuation
[23.101s][info][gc,phases   ] GC(172)   Pre Evacuate Collection Set: 0.2ms
[23.101s][info][gc,phases   ] GC(172)   Merge Heap Roots: 0.2ms
[23.101s][info][gc,phases   ] GC(172)   Evacuate Collection Set: 0.8ms
[23.101s][info][gc,phases   ] GC(172)   Post Evacuate Collection Set: 0.7ms
[23.101s][info][gc,phases   ] GC(172)   Other: 0.3ms
[23.101s][info][gc,heap     ] GC(172) Eden regions: 34->0(33)
[23.101s][info][gc,heap     ] GC(172) Survivor regions: 4->5(5)
[23.101s][info][gc,heap     ] GC(172) Old regions: 7->7
[23.101s][info][gc,heap     ] GC(172) Archive regions: 0->0
[23.101s][info][gc,heap     ] GC(172) Humongous regions: 0->0
[23.101s][info][gc,metaspace] GC(172) Metaspace: 165K(384K)->165K(384K) NonClass: 156K(256K)->156K(256K) Class: 8K(128K)->8K(128K)
[23.101s][info][gc          ] GC(172) Pause Young (Normal) (G1 Evacuation Pause) 44M->10M(64M) 2.645ms
[23.101s][info][gc,cpu      ] GC(172) User=0.00s Sys=0.00s Real=0.00s
[23.247s][info][gc,start    ] GC(173) Pause Young (Normal) (G1 Evacuation Pause)
[23.247s][info][gc,task     ] GC(173) Using 4 workers of 8 for evacuation
[23.249s][info][gc,phases   ] GC(173)   Pre Evacuate Collection Set: 0.2ms
[23.249s][info][gc,phases   ] GC(173)   Merge Heap Roots: 0.1ms
[23.249s][info][gc,phases   ] GC(173)   Evacuate Collection Set: 0.7ms
[23.249s][info][gc,phases   ] GC(173)   Post Evacuate Collection Set: 0.6ms
[23.249s][info][gc,phases   ] GC(173)   Other: 0.3ms
[23.249s][info][gc,heap     ] GC(173) Eden regions: 33->0(35)
[23.249s][info][gc,heap     ] GC(173) Survivor regions: 5->3(5)
[23.249s][info][gc,heap     ] GC(173) Old regions: 7->7
[23.249s][info][gc,heap     ] GC(173) Archive regions: 0->0
[23.249s][info][gc,heap     ] GC(173) Humongous regions: 0->0
[23.249s][info][gc,metaspace] GC(173) Metaspace: 165K(384K)->165K(384K) NonClass: 156K(256K)->156K(256K) Class: 8K(128K)->8K(128K)
[23.249s][info][gc          ] GC(173) Pause Young (Normal) (G1 Evacuation Pause) 43M->9M(64M) 2.456ms
[23.249s][info][gc,cpu      ] GC(173) User=0.00s Sys=0.00s Real=0.00s
[23.396s][info][gc,start    ] GC(174) Pause Young (Normal) (G1 Evacuation Pause)
[23.396s][info][gc,task     ] GC(174) Using 4 workers of 8 for evacuation
[23.398s][info][gc,phases   ] GC(174)   Pre Evacuate Collection Set: 0.2ms
[23.398s][info][gc,phases   ] GC(174)   Merge Heap Roots: 0.2ms
[23.398s][info][gc,phases   ] GC(174)   Evacuate Collection Set: 0.6ms
[23.398s][info][gc,phases   ] GC(174)   Post Evacuate Collection Set: 0.6ms
[23.398s][info][gc,phases   ] GC(174)   Other: 0.3ms
[23.398s][info][gc,heap     ] GC(174) Eden regions: 35->0(34)
[23.398s][info][gc,heap     ] GC(174) Survivor regions: 3->4(5)
[23.398s][info][gc,heap     ] GC(174) Old regions: 7->7
[23.398s][info][gc,heap     ] GC(174) Archive regions: 0->0
[23.398s][info][gc,heap     ] GC(174) Humongous regions: 0->0
[23.398s][info][gc,metaspace] GC(174) Metaspace: 165K(384K)->165K(384K) NonClass: 156K(256K)->156K(256K) Class: 8K(128K)->8K(128K)
[23.398s][info][gc          ] GC(174) Pause Young (Normal) (G1 Evacuation Pause) 44M->9M(64M) 2.247ms
[23.398s][info][gc,cpu      ] GC(174) User=0.00s Sys=0.00s Real=0.00s
[23.498s][info][gc,start    ] GC(175) Pause Young (Normal) (G1 Evacuation Pause)
[23.498s][info][gc,task     ] GC(175) Using 4 workers of 8 for evacuation
[23.500s][info][gc,phases   ] GC(175)   Pre Evacuate Collection Set: 0.2ms
[23.500s][info][gc,phases   ] GC(175)   Merge Heap Roots: 0.2ms
[23.500s][info][gc,phases   ] GC(175)   Evacuate Collection Set: 0.8ms
[23.500s][info][gc,phases   ] GC(175)   Post Evacuate Collection Set: 0.7ms
[23.500s][info][gc,phases   ] GC(175)   Other: 0.3ms
[23.500s][info][gc,heap     ] GC(175) Eden regions: 34->0(33)
[23.500s][info][gc,heap     ] GC(175) Survivor regions: 4->5(5)
[23.500s][info][gc,heap     ] GC(175) Old regions: 7->7
[23.500s][info][gc,heap     ] GC(175) Archive regions: 0->0
[23.500s][info][gc,heap     ] GC(175) Humongous regions: 0->0
[23.500s][info][gc,metaspace] GC(175) Metaspace: 165K(384K)->165K(384K) NonClass: 156K(256K)->156K(256K) Class: 8K(128K)->8K(128K)
[23.500s][info][gc          ] GC(175) Pause Young (Normal) (G1 Evacuation Pause) 43M->10M(64M) 2.576ms
[23.500s][info][gc,cpu      ] GC(175) User=0.00s Sys=0.00s Real=0.00s
[23.647s][info][gc,start    ] GC(176) Pause Young (Normal) (G1 Evacuation Pause)
[23.648s][info][gc,task     ] GC(176) Using 4 workers of 8 for evacuation
[23.649s][info][gc,phases   ] GC(176)   Pre Evacuate Collection Set: 0.1ms
[23.649s][info][gc,phases   ] GC(176)   Merge Heap Roots: 0.1ms
[23.649s][info][gc,phases   ] GC(176)   Evacuate Collection Set: 0.5ms
[23.649s][info][gc,phases   ] GC(176)   Post Evacuate Collection Set: 0.5ms
[23.649s][info][gc,phases   ] GC(176)   Other: 0.3ms
[23.649s][info][gc,heap     ] GC(176) Eden regions: 33->0(35)
[23.649s][info][gc,heap     ] GC(176) Survivor regions: 5->3(5)
[23.649s][info][gc,heap     ] GC(176) Old regions: 7->7
[23.649s][info][gc,heap     ] GC(176) Archive regions: 0->0
[23.649s][info][gc,heap     ] GC(176) Humongous regions: 0->0
[23.649s][info][gc,metaspace] GC(176) Metaspace: 165K(384K)->165K(384K) NonClass: 156K(256K)->156K(256K) Class: 8K(128K)->8K(128K)
[23.649s][info][gc          ] GC(176) Pause Young (Normal) (G1 Evacuation Pause) 43M->9M(64M) 1.966ms
[23.650s][info][gc,cpu      ] GC(176) User=0.00s Sys=0.00s Real=0.00s
[23.796s][info][gc,start    ] GC(177) Pause Young (Normal) (G1 Evacuation Pause)
[23.796s][info][gc,task     ] GC(177) Using 4 workers of 8 for evacuation
[23.798s][info][gc,phases   ] GC(177)   Pre Evacuate Collection Set: 0.2ms
[23.798s][info][gc,phases   ] GC(177)   Merge Heap Roots: 0.2ms
[23.798s][info][gc,phases   ] GC(177)   Evacuate Collection Set: 0.9ms
[23.799s][info][gc,phases   ] GC(177)   Post Evacuate Collection Set: 0.7ms
[23.799s][info][gc,phases   ] GC(177)   Other: 0.3ms
[23.799s][info][gc,heap     ] GC(177) Eden regions: 35->0(33)
[23.799s][info][gc,heap     ] GC(177) Survivor regions: 3->5(5)
[23.799s][info][gc,heap     ] GC(177) Old regions: 7->7
[23.799s][info][gc,heap     ] GC(177) Archive regions: 0->0
[23.799s][info][gc,heap     ] GC(177) Humongous regions: 0->0
[23.799s][info][gc,metaspace] GC(177) Metaspace: 165K(384K)->165K(384K) NonClass: 156K(256K)->156K(256K) Class: 8K(128K)->8K(128K)
[23.799s][info][gc          ] GC(177) Pause Young (Normal) (G1 Evacuation Pause) 44M->10M(64M) 3.133ms
[23.799s][info][gc,cpu      ] GC(177) User=0.00s Sys=0.00s Real=0.00s
[23.898s][info][gc,start    ] GC(178) Pause Young (Normal) (G1 Evacuation Pause)
[23.898s][info][gc,task     ] GC(178) Using 4 workers of 8 for evacuation
[23.900s][info][gc,phases   ] GC(178)   Pre Evacuate Collection Set: 0.1ms
[23.900s][info][gc,phases   ] GC(178)   Merge Heap Roots: 0.1ms
[23.900s][info][gc,phases   ] GC(178)   Evacuate Collection Set: 0.6ms
[23.900s][info][gc,phases   ] GC(178)   Post Evacuate Collection Set: 0.5ms
[23.900s][info][gc,phases   ] GC(178)   Other: 0.3ms
[23.900s][info][gc,heap     ] GC(178) Eden regions: 33->0(34)
[23.900s][info][gc,heap     ] GC(178) Survivor regions: 5->4(5)
[23.900s][info][gc,heap     ] GC(178) Old regions: 7->7
[23.900s][info][gc,heap     ] GC(178) Archive regions: 0->0
[23.900s][info][gc,heap     ] GC(178) Humongous regions: 0->0
[23.900s][info][gc,metaspace] GC(178) Metaspace: 165K(384K)->165K(384K) NonClass: 156K(256K)->156K(256K) Class: 8K(128K)->8K(128K)
[23.900s][info][gc          ] GC(178) Pause Young (Normal) (G1 Evacuation Pause) 43M->9M(64M) 2.054ms
[23.900s][info][gc,cpu      ] GC(178) User=0.00s Sys=0.00s Real=0.00s
[24.047s][info][gc,start    ] GC(179) Pause Young (Normal) (G1 Evacuation Pause)
[24.047s][info][gc,task     ] GC(179) Using 4 workers of 8 for evacuation
[24.049s][info][gc,phases   ] GC(179)   Pre Evacuate Collection Set: 0.1ms
[24.049s][info][gc,phases   ] GC(179)   Merge Heap Roots: 0.1ms
[24.049s][info][gc,phases   ] GC(179)   Evacuate Collection Set: 0.7ms
[24.049s][info][gc,phases   ] GC(179)   Post Evacuate Collection Set: 0.6ms
[24.049s][info][gc,phases   ] GC(179)   Other: 0.3ms
[24.049s][info][gc,heap     ] GC(179) Eden regions: 34->0(33)
[24.049s][info][gc,heap     ] GC(179) Survivor regions: 4->5(5)
[24.049s][info][gc,heap     ] GC(179) Old regions: 7->7
[24.049s][info][gc,heap     ] GC(179) Archive regions: 0->0
[24.049s][info][gc,heap     ] GC(179) Humongous regions: 0->0
[24.049s][info][gc,metaspace] GC(179) Metaspace: 165K(384K)->165K(384K) NonClass: 156K(256K)->156K(256K) Class: 8K(128K)->8K(128K)
[24.049s][info][gc          ] GC(179) Pause Young (Normal) (G1 Evacuation Pause) 43M->10M(64M) 2.451ms
[24.049s][info][gc,cpu      ] GC(179) User=0.00s Sys=0.00s Real=0.00s
[24.195s][info][gc,start    ] GC(180) Pause Young (Normal) (G1 Evacuation Pause)
[24.195s][info][gc,task     ] GC(180) Using 4 workers of 8 for evacuation
[24.196s][info][gc,phases   ] GC(180)   Pre Evacuate Collection Set: 0.2ms
[24.197s][info][gc,phases   ] GC(180)   Merge Heap Roots: 0.1ms
[24.197s][info][gc,phases   ] GC(180)   Evacuate Collection Set: 0.5ms
[24.197s][info][gc,phases   ] GC(180)   Post Evacuate Collection Set: 0.6ms
[24.197s][info][gc,phases   ] GC(180)   Other: 0.4ms
[24.197s][info][gc,heap     ] GC(180) Eden regions: 33->0(35)
[24.197s][info][gc,heap     ] GC(180) Survivor regions: 5->3(5)
[24.197s][info][gc,heap     ] GC(180) Old regions: 7->7
[24.197s][info][gc,heap     ] GC(180) Archive regions: 0->0
[24.197s][info][gc,heap     ] GC(180) Humongous regions: 0->0
[24.197s][info][gc,metaspace] GC(180) Metaspace: 165K(384K)->165K(384K) NonClass: 156K(256K)->156K(256K) Class: 8K(128K)->8K(128K)
[24.197s][info][gc          ] GC(180) Pause Young (Normal) (G1 Evacuation Pause) 43M->8M(64M) 2.420ms
[24.197s][info][gc,cpu      ] GC(180) User=0.00s Sys=0.00s Real=0.00s
[24.298s][info][gc,start    ] GC(181) Pause Young (Normal) (G1 Evacuation Pause)
[24.298s][info][gc,task     ] GC(181) Using 4 workers of 8 for evacuation
[24.300s][info][gc,phases   ] GC(181)   Pre Evacuate Collection Set: 0.1ms
[24.300s][info][gc,phases   ] GC(181)   Merge Heap Roots: 0.1ms
[24.300s][info][gc,phases   ] GC(181)   Evacuate Collection Set: 0.8ms
[24.300s][info][gc,phases   ] GC(181)   Post Evacuate Collection Set: 0.6ms
[24.300s][info][gc,phases   ] GC(181)   Other: 0.4ms
[24.300s][info][gc,heap     ] GC(181) Eden regions: 35->0(34)
[24.300s][info][gc,heap     ] GC(181) Survivor regions: 3->4(5)
[24.300s][info][gc,heap     ] GC(181) Old regions: 7->7
[24.300s][info][gc,heap     ] GC(181) Archive regions: 0->0
[24.301s][info][gc,heap     ] GC(181) Humongous regions: 0->0
[24.301s][info][gc,metaspace] GC(181) Metaspace: 165K(384K)->165K(384K) NonClass: 156K(256K)->156K(256K) Class: 8K(128K)->8K(128K)
[24.301s][info][gc          ] GC(181) Pause Young (Normal) (G1 Evacuation Pause) 43M->10M(64M) 3.083ms
[24.301s][info][gc,cpu      ] GC(181) User=0.00s Sys=0.00s Real=0.00s
[24.445s][info][gc,start    ] GC(182) Pause Young (Normal) (G1 Evacuation Pause)
[24.445s][info][gc,task     ] GC(182) Using 4 workers of 8 for evacuation
[24.447s][info][gc,phases   ] GC(182)   Pre Evacuate Collection Set: 0.2ms
[24.447s][info][gc,phases   ] GC(182)   Merge Heap Roots: 0.1ms
[24.447s][info][gc,phases   ] GC(182)   Evacuate Collection Set: 0.8ms
[24.447s][info][gc,phases   ] GC(182)   Post Evacuate Collection Set: 0.5ms
[24.447s][info][gc,phases   ] GC(182)   Other: 0.3ms
[24.447s][info][gc,heap     ] GC(182) Eden regions: 34->0(34)
[24.448s][info][gc,heap     ] GC(182) Survivor regions: 4->4(5)
[24.448s][info][gc,heap     ] GC(182) Old regions: 7->7
[24.448s][info][gc,heap     ] GC(182) Archive regions: 0->0
[24.448s][info][gc,heap     ] GC(182) Humongous regions: 0->0
[24.448s][info][gc,metaspace] GC(182) Metaspace: 165K(384K)->165K(384K) NonClass: 156K(256K)->156K(256K) Class: 8K(128K)->8K(128K)
[24.448s][info][gc          ] GC(182) Pause Young (Normal) (G1 Evacuation Pause) 44M->10M(64M) 2.555ms
[24.448s][info][gc,cpu      ] GC(182) User=0.00s Sys=0.00s Real=0.00s
[24.596s][info][gc,start    ] GC(183) Pause Young (Normal) (G1 Evacuation Pause)
[24.596s][info][gc,task     ] GC(183) Using 4 workers of 8 for evacuation
[24.598s][info][gc,phases   ] GC(183)   Pre Evacuate Collection Set: 0.2ms
[24.598s][info][gc,phases   ] GC(183)   Merge Heap Roots: 0.2ms
[24.598s][info][gc,phases   ] GC(183)   Evacuate Collection Set: 1.2ms
[24.598s][info][gc,phases   ] GC(183)   Post Evacuate Collection Set: 0.6ms
[24.598s][info][gc,phases   ] GC(183)   Other: 0.4ms
[24.598s][info][gc,heap     ] GC(183) Eden regions: 34->0(33)
[24.598s][info][gc,heap     ] GC(183) Survivor regions: 4->5(5)
[24.598s][info][gc,heap     ] GC(183) Old regions: 7->7
[24.598s][info][gc,heap     ] GC(183) Archive regions: 0->0
[24.599s][info][gc,heap     ] GC(183) Humongous regions: 0->0
[24.599s][info][gc,metaspace] GC(183) Metaspace: 165K(384K)->165K(384K) NonClass: 156K(256K)->156K(256K) Class: 8K(128K)->8K(128K)
[24.599s][info][gc          ] GC(183) Pause Young (Normal) (G1 Evacuation Pause) 44M->11M(64M) 3.128ms
[24.599s][info][gc,cpu      ] GC(183) User=0.00s Sys=0.00s Real=0.01s
[24.697s][info][gc,start    ] GC(184) Pause Young (Normal) (G1 Evacuation Pause)
[24.697s][info][gc,task     ] GC(184) Using 4 workers of 8 for evacuation
[24.699s][info][gc,phases   ] GC(184)   Pre Evacuate Collection Set: 0.2ms
[24.699s][info][gc,phases   ] GC(184)   Merge Heap Roots: 0.2ms
[24.699s][info][gc,phases   ] GC(184)   Evacuate Collection Set: 0.9ms
[24.699s][info][gc,phases   ] GC(184)   Post Evacuate Collection Set: 0.7ms
[24.699s][info][gc,phases   ] GC(184)   Other: 0.4ms
[24.699s][info][gc,heap     ] GC(184) Eden regions: 33->0(34)
[24.699s][info][gc,heap     ] GC(184) Survivor regions: 5->4(5)
[24.699s][info][gc,heap     ] GC(184) Old regions: 7->7
[24.699s][info][gc,heap     ] GC(184) Archive regions: 0->0
[24.699s][info][gc,heap     ] GC(184) Humongous regions: 0->0
[24.699s][info][gc,metaspace] GC(184) Metaspace: 165K(384K)->165K(384K) NonClass: 156K(256K)->156K(256K) Class: 8K(128K)->8K(128K)
[24.700s][info][gc          ] GC(184) Pause Young (Normal) (G1 Evacuation Pause) 44M->9M(64M) 3.186ms
[24.700s][info][gc,cpu      ] GC(184) User=0.00s Sys=0.00s Real=0.00s
[24.848s][info][gc,start    ] GC(185) Pause Young (Normal) (G1 Evacuation Pause)
[24.848s][info][gc,task     ] GC(185) Using 4 workers of 8 for evacuation
[24.850s][info][gc,phases   ] GC(185)   Pre Evacuate Collection Set: 0.1ms
[24.850s][info][gc,phases   ] GC(185)   Merge Heap Roots: 0.2ms
[24.850s][info][gc,phases   ] GC(185)   Evacuate Collection Set: 0.8ms
[24.850s][info][gc,phases   ] GC(185)   Post Evacuate Collection Set: 0.7ms
[24.850s][info][gc,phases   ] GC(185)   Other: 0.4ms
[24.850s][info][gc,heap     ] GC(185) Eden regions: 34->0(33)
[24.850s][info][gc,heap     ] GC(185) Survivor regions: 4->5(5)
[24.850s][info][gc,heap     ] GC(185) Old regions: 7->7
[24.850s][info][gc,heap     ] GC(185) Archive regions: 0->0
[24.850s][info][gc,heap     ] GC(185) Humongous regions: 0->0
[24.850s][info][gc,metaspace] GC(185) Metaspace: 165K(384K)->165K(384K) NonClass: 156K(256K)->156K(256K) Class: 8K(128K)->8K(128K)
[24.850s][info][gc          ] GC(185) Pause Young (Normal) (G1 Evacuation Pause) 43M->10M(64M) 2.698ms
[24.850s][info][gc,cpu      ] GC(185) User=0.00s Sys=0.00s Real=0.00s
[24.995s][info][gc,start    ] GC(186) Pause Young (Normal) (G1 Evacuation Pause)
[24.995s][info][gc,task     ] GC(186) Using 4 workers of 8 for evacuation
[24.997s][info][gc,phases   ] GC(186)   Pre Evacuate Collection Set: 0.1ms
[24.997s][info][gc,phases   ] GC(186)   Merge Heap Roots: 0.2ms
[24.997s][info][gc,phases   ] GC(186)   Evacuate Collection Set: 0.8ms
[24.997s][info][gc,phases   ] GC(186)   Post Evacuate Collection Set: 0.7ms
[24.997s][info][gc,phases   ] GC(186)   Other: 0.4ms
[24.997s][info][gc,heap     ] GC(186) Eden regions: 33->0(35)
[24.997s][info][gc,heap     ] GC(186) Survivor regions: 5->3(5)
[24.997s][info][gc,heap     ] GC(186) Old regions: 7->7
[24.997s][info][gc,heap     ] GC(186) Archive regions: 0->0
[24.997s][info][gc,heap     ] GC(186) Humongous regions: 0->0
[24.997s][info][gc,metaspace] GC(186) Metaspace: 165K(384K)->165K(384K) NonClass: 156K(256K)->156K(256K) Class: 8K(128K)->8K(128K)
[24.998s][info][gc          ] GC(186) Pause Young (Normal) (G1 Evacuation Pause) 43M->9M(64M) 2.702ms
[24.998s][info][gc,cpu      ] GC(186) User=0.06s Sys=0.00s Real=0.00s
[25.098s][info][gc,start    ] GC(187) Pause Young (Normal) (G1 Evacuation Pause)
[25.098s][info][gc,task     ] GC(187) Using 4 workers of 8 for evacuation
[25.100s][info][gc,phases   ] GC(187)   Pre Evacuate Collection Set: 0.1ms
[25.100s][info][gc,phases   ] GC(187)   Merge Heap Roots: 0.1ms
[25.100s][info][gc,phases   ] GC(187)   Evacuate Collection Set: 1.2ms
[25.100s][info][gc,phases   ] GC(187)   Post Evacuate Collection Set: 0.5ms
[25.101s][info][gc,phases   ] GC(187)   Other: 0.3ms
[25.101s][info][gc,heap     ] GC(187) Eden regions: 35->0(33)
[25.101s][info][gc,heap     ] GC(187) Survivor regions: 3->5(5)
[25.101s][info][gc,heap     ] GC(187) Old regions: 7->7
[25.101s][info][gc,heap     ] GC(187) Archive regions: 0->0
[25.101s][info][gc,heap     ] GC(187) Humongous regions: 0->0
[25.101s][info][gc,metaspace] GC(187) Metaspace: 165K(384K)->165K(384K) NonClass: 156K(256K)->156K(256K) Class: 8K(128K)->8K(128K)
[25.101s][info][gc          ] GC(187) Pause Young (Normal) (G1 Evacuation Pause) 44M->11M(64M) 2.959ms
[25.101s][info][gc,cpu      ] GC(187) User=0.00s Sys=0.00s Real=0.00s
[25.245s][info][gc,start    ] GC(188) Pause Young (Normal) (G1 Evacuation Pause)
[25.245s][info][gc,task     ] GC(188) Using 4 workers of 8 for evacuation
[25.246s][info][gc,phases   ] GC(188)   Pre Evacuate Collection Set: 0.2ms
[25.247s][info][gc,phases   ] GC(188)   Merge Heap Roots: 0.1ms
[25.247s][info][gc,phases   ] GC(188)   Evacuate Collection Set: 0.5ms
[25.247s][info][gc,phases   ] GC(188)   Post Evacuate Collection Set: 0.6ms
[25.247s][info][gc,phases   ] GC(188)   Other: 0.3ms
[25.247s][info][gc,heap     ] GC(188) Eden regions: 33->0(35)
[25.247s][info][gc,heap     ] GC(188) Survivor regions: 5->3(5)
[25.247s][info][gc,heap     ] GC(188) Old regions: 7->7
[25.247s][info][gc,heap     ] GC(188) Archive regions: 0->0
[25.247s][info][gc,heap     ] GC(188) Humongous regions: 0->0
[25.247s][info][gc,metaspace] GC(188) Metaspace: 165K(384K)->165K(384K) NonClass: 156K(256K)->156K(256K) Class: 8K(128K)->8K(128K)
[25.247s][info][gc          ] GC(188) Pause Young (Normal) (G1 Evacuation Pause) 44M->9M(64M) 2.311ms
[25.247s][info][gc,cpu      ] GC(188) User=0.00s Sys=0.00s Real=0.00s
[25.395s][info][gc,start    ] GC(189) Pause Young (Normal) (G1 Evacuation Pause)
[25.395s][info][gc,task     ] GC(189) Using 4 workers of 8 for evacuation
[25.397s][info][gc,phases   ] GC(189)   Pre Evacuate Collection Set: 0.1ms
[25.397s][info][gc,phases   ] GC(189)   Merge Heap Roots: 0.2ms
[25.397s][info][gc,phases   ] GC(189)   Evacuate Collection Set: 0.9ms
[25.397s][info][gc,phases   ] GC(189)   Post Evacuate Collection Set: 0.5ms
[25.397s][info][gc,phases   ] GC(189)   Other: 0.4ms
[25.397s][info][gc,heap     ] GC(189) Eden regions: 35->0(34)
[25.397s][info][gc,heap     ] GC(189) Survivor regions: 3->4(5)
[25.397s][info][gc,heap     ] GC(189) Old regions: 7->7
[25.397s][info][gc,heap     ] GC(189) Archive regions: 0->0
[25.397s][info][gc,heap     ] GC(189) Humongous regions: 0->0
[25.397s][info][gc,metaspace] GC(189) Metaspace: 165K(384K)->165K(384K) NonClass: 156K(256K)->156K(256K) Class: 8K(128K)->8K(128K)
[25.397s][info][gc          ] GC(189) Pause Young (Normal) (G1 Evacuation Pause) 44M->10M(64M) 2.367ms
[25.397s][info][gc,cpu      ] GC(189) User=0.00s Sys=0.00s Real=0.00s
[25.496s][info][gc,start    ] GC(190) Pause Young (Normal) (G1 Evacuation Pause)
[25.497s][info][gc,task     ] GC(190) Using 4 workers of 8 for evacuation
[25.499s][info][gc,phases   ] GC(190)   Pre Evacuate Collection Set: 0.4ms
[25.499s][info][gc,phases   ] GC(190)   Merge Heap Roots: 0.1ms
[25.499s][info][gc,phases   ] GC(190)   Evacuate Collection Set: 0.8ms
[25.499s][info][gc,phases   ] GC(190)   Post Evacuate Collection Set: 0.6ms
[25.499s][info][gc,phases   ] GC(190)   Other: 0.4ms
[25.499s][info][gc,heap     ] GC(190) Eden regions: 34->0(33)
[25.499s][info][gc,heap     ] GC(190) Survivor regions: 4->5(5)
[25.499s][info][gc,heap     ] GC(190) Old regions: 7->7
[25.499s][info][gc,heap     ] GC(190) Archive regions: 0->0
[25.499s][info][gc,heap     ] GC(190) Humongous regions: 0->0
[25.499s][info][gc,metaspace] GC(190) Metaspace: 165K(384K)->165K(384K) NonClass: 156K(256K)->156K(256K) Class: 8K(128K)->8K(128K)
[25.499s][info][gc          ] GC(190) Pause Young (Normal) (G1 Evacuation Pause) 44M->11M(64M) 2.948ms
[25.499s][info][gc,cpu      ] GC(190) User=0.00s Sys=0.00s Real=0.00s
[25.647s][info][gc,start    ] GC(191) Pause Young (Normal) (G1 Evacuation Pause)
[25.647s][info][gc,task     ] GC(191) Using 4 workers of 8 for evacuation
[25.649s][info][gc,phases   ] GC(191)   Pre Evacuate Collection Set: 0.1ms
[25.649s][info][gc,phases   ] GC(191)   Merge Heap Roots: 0.1ms
[25.649s][info][gc,phases   ] GC(191)   Evacuate Collection Set: 0.4ms
[25.649s][info][gc,phases   ] GC(191)   Post Evacuate Collection Set: 0.5ms
[25.649s][info][gc,phases   ] GC(191)   Other: 0.3ms
[25.649s][info][gc,heap     ] GC(191) Eden regions: 33->0(35)
[25.649s][info][gc,heap     ] GC(191) Survivor regions: 5->3(5)
[25.649s][info][gc,heap     ] GC(191) Old regions: 7->7
[25.649s][info][gc,heap     ] GC(191) Archive regions: 0->0
[25.649s][info][gc,heap     ] GC(191) Humongous regions: 0->0
[25.649s][info][gc,metaspace] GC(191) Metaspace: 165K(384K)->165K(384K) NonClass: 156K(256K)->156K(256K) Class: 8K(128K)->8K(128K)
[25.649s][info][gc          ] GC(191) Pause Young (Normal) (G1 Evacuation Pause) 44M->9M(64M) 1.815ms
[25.649s][info][gc,cpu      ] GC(191) User=0.00s Sys=0.00s Real=0.00s
[25.795s][info][gc,start    ] GC(192) Pause Young (Normal) (G1 Evacuation Pause)
[25.795s][info][gc,task     ] GC(192) Using 4 workers of 8 for evacuation
[25.797s][info][gc,phases   ] GC(192)   Pre Evacuate Collection Set: 0.2ms
[25.798s][info][gc,phases   ] GC(192)   Merge Heap Roots: 0.2ms
[25.798s][info][gc,phases   ] GC(192)   Evacuate Collection Set: 1.0ms
[25.798s][info][gc,phases   ] GC(192)   Post Evacuate Collection Set: 0.7ms
[25.798s][info][gc,phases   ] GC(192)   Other: 0.4ms
[25.798s][info][gc,heap     ] GC(192) Eden regions: 35->0(33)
[25.798s][info][gc,heap     ] GC(192) Survivor regions: 3->5(5)
[25.798s][info][gc,heap     ] GC(192) Old regions: 7->7
[25.798s][info][gc,heap     ] GC(192) Archive regions: 0->0
[25.798s][info][gc,heap     ] GC(192) Humongous regions: 0->0
[25.798s][info][gc,metaspace] GC(192) Metaspace: 165K(384K)->165K(384K) NonClass: 156K(256K)->156K(256K) Class: 8K(128K)->8K(128K)
[25.798s][info][gc          ] GC(192) Pause Young (Normal) (G1 Evacuation Pause) 44M->11M(64M) 3.214ms
[25.798s][info][gc,cpu      ] GC(192) User=0.00s Sys=0.00s Real=0.00s
[25.897s][info][gc,start    ] GC(193) Pause Young (Normal) (G1 Evacuation Pause)
[25.897s][info][gc,task     ] GC(193) Using 4 workers of 8 for evacuation
[25.898s][info][gc,phases   ] GC(193)   Pre Evacuate Collection Set: 0.1ms
[25.898s][info][gc,phases   ] GC(193)   Merge Heap Roots: 0.1ms
[25.898s][info][gc,phases   ] GC(193)   Evacuate Collection Set: 0.5ms
[25.898s][info][gc,phases   ] GC(193)   Post Evacuate Collection Set: 0.6ms
[25.898s][info][gc,phases   ] GC(193)   Other: 0.3ms
[25.898s][info][gc,heap     ] GC(193) Eden regions: 33->0(34)
[25.898s][info][gc,heap     ] GC(193) Survivor regions: 5->4(5)
[25.898s][info][gc,heap     ] GC(193) Old regions: 7->7
[25.899s][info][gc,heap     ] GC(193) Archive regions: 0->0
[25.899s][info][gc,heap     ] GC(193) Humongous regions: 0->0
[25.899s][info][gc,metaspace] GC(193) Metaspace: 165K(384K)->165K(384K) NonClass: 156K(256K)->156K(256K) Class: 8K(128K)->8K(128K)
[25.899s][info][gc          ] GC(193) Pause Young (Normal) (G1 Evacuation Pause) 44M->10M(64M) 2.043ms
[25.899s][info][gc,cpu      ] GC(193) User=0.00s Sys=0.00s Real=0.00s
[26.047s][info][gc,start    ] GC(194) Pause Young (Normal) (G1 Evacuation Pause)
[26.047s][info][gc,task     ] GC(194) Using 4 workers of 8 for evacuation
[26.049s][info][gc,phases   ] GC(194)   Pre Evacuate Collection Set: 0.1ms
[26.049s][info][gc,phases   ] GC(194)   Merge Heap Roots: 0.1ms
[26.049s][info][gc,phases   ] GC(194)   Evacuate Collection Set: 0.8ms
[26.049s][info][gc,phases   ] GC(194)   Post Evacuate Collection Set: 0.6ms
[26.049s][info][gc,phases   ] GC(194)   Other: 0.3ms
[26.049s][info][gc,heap     ] GC(194) Eden regions: 34->0(33)
[26.049s][info][gc,heap     ] GC(194) Survivor regions: 4->5(5)
[26.049s][info][gc,heap     ] GC(194) Old regions: 7->7
[26.049s][info][gc,heap     ] GC(194) Archive regions: 0->0
[26.049s][info][gc,heap     ] GC(194) Humongous regions: 0->0
[26.049s][info][gc,metaspace] GC(194) Metaspace: 165K(384K)->165K(384K) NonClass: 156K(256K)->156K(256K) Class: 8K(128K)->8K(128K)
[26.049s][info][gc          ] GC(194) Pause Young (Normal) (G1 Evacuation Pause) 44M->11M(64M) 2.280ms
[26.049s][info][gc,cpu      ] GC(194) User=0.00s Sys=0.00s Real=0.00s
[26.195s][info][gc,start    ] GC(195) Pause Young (Normal) (G1 Evacuation Pause)
[26.195s][info][gc,task     ] GC(195) Using 4 workers of 8 for evacuation
[26.197s][info][gc,phases   ] GC(195)   Pre Evacuate Collection Set: 0.2ms
[26.197s][info][gc,phases   ] GC(195)   Merge Heap Roots: 0.2ms
[26.197s][info][gc,phases   ] GC(195)   Evacuate Collection Set: 0.8ms
[26.197s][info][gc,phases   ] GC(195)   Post Evacuate Collection Set: 0.6ms
[26.197s][info][gc,phases   ] GC(195)   Other: 0.3ms
[26.197s][info][gc,heap     ] GC(195) Eden regions: 33->0(35)
[26.197s][info][gc,heap     ] GC(195) Survivor regions: 5->3(5)
[26.197s][info][gc,heap     ] GC(195) Old regions: 7->7
[26.197s][info][gc,heap     ] GC(195) Archive regions: 0->0
[26.197s][info][gc,heap     ] GC(195) Humongous regions: 0->0
[26.197s][info][gc,metaspace] GC(195) Metaspace: 165K(384K)->165K(384K) NonClass: 156K(256K)->156K(256K) Class: 8K(128K)->8K(128K)
[26.197s][info][gc          ] GC(195) Pause Young (Normal) (G1 Evacuation Pause) 44M->9M(64M) 2.478ms
[26.197s][info][gc,cpu      ] GC(195) User=0.00s Sys=0.00s Real=0.00s
[26.297s][info][gc,start    ] GC(196) Pause Young (Normal) (G1 Evacuation Pause)
[26.297s][info][gc,task     ] GC(196) Using 4 workers of 8 for evacuation
[26.298s][info][gc,phases   ] GC(196)   Pre Evacuate Collection Set: 0.2ms
[26.299s][info][gc,phases   ] GC(196)   Merge Heap Roots: 0.1ms
[26.299s][info][gc,phases   ] GC(196)   Evacuate Collection Set: 0.8ms
[26.299s][info][gc,phases   ] GC(196)   Post Evacuate Collection Set: 0.6ms
[26.299s][info][gc,phases   ] GC(196)   Other: 0.3ms
[26.299s][info][gc,heap     ] GC(196) Eden regions: 35->0(33)
[26.299s][info][gc,heap     ] GC(196) Survivor regions: 3->5(5)
[26.299s][info][gc,heap     ] GC(196) Old regions: 7->7
[26.299s][info][gc,heap     ] GC(196) Archive regions: 0->0
[26.299s][info][gc,heap     ] GC(196) Humongous regions: 0->0
[26.299s][info][gc,metaspace] GC(196) Metaspace: 165K(384K)->165K(384K) NonClass: 156K(256K)->156K(256K) Class: 8K(128K)->8K(128K)
[26.299s][info][gc          ] GC(196) Pause Young (Normal) (G1 Evacuation Pause) 44M->11M(64M) 2.373ms
[26.299s][info][gc,cpu      ] GC(196) User=0.00s Sys=0.00s Real=0.00s
[26.445s][info][gc,start    ] GC(197) Pause Young (Normal) (G1 Evacuation Pause)
[26.445s][info][gc,task     ] GC(197) Using 4 workers of 8 for evacuation
[26.447s][info][gc,phases   ] GC(197)   Pre Evacuate Collection Set: 0.2ms
[26.447s][info][gc,phases   ] GC(197)   Merge Heap Roots: 0.2ms
[26.447s][info][gc,phases   ] GC(197)   Evacuate Collection Set: 0.6ms
[26.447s][info][gc,phases   ] GC(197)   Post Evacuate Collection Set: 0.7ms
[26.447s][info][gc,phases   ] GC(197)   Other: 0.3ms
[26.447s][info][gc,heap     ] GC(197) Eden regions: 33->0(34)
[26.447s][info][gc,heap     ] GC(197) Survivor regions: 5->4(5)
[26.447s][info][gc,heap     ] GC(197) Old regions: 7->7
[26.447s][info][gc,heap     ] GC(197) Archive regions: 0->0
[26.447s][info][gc,heap     ] GC(197) Humongous regions: 0->0
[26.447s][info][gc,metaspace] GC(197) Metaspace: 165K(384K)->165K(384K) NonClass: 156K(256K)->156K(256K) Class: 8K(128K)->8K(128K)
[26.447s][info][gc          ] GC(197) Pause Young (Normal) (G1 Evacuation Pause) 44M->9M(64M) 2.339ms
[26.447s][info][gc,cpu      ] GC(197) User=0.00s Sys=0.00s Real=0.00s
[26.595s][info][gc,start    ] GC(198) Pause Young (Normal) (G1 Evacuation Pause)
[26.595s][info][gc,task     ] GC(198) Using 4 workers of 8 for evacuation
[26.597s][info][gc,phases   ] GC(198)   Pre Evacuate Collection Set: 0.1ms
[26.597s][info][gc,phases   ] GC(198)   Merge Heap Roots: 0.1ms
[26.597s][info][gc,phases   ] GC(198)   Evacuate Collection Set: 0.7ms
[26.597s][info][gc,phases   ] GC(198)   Post Evacuate Collection Set: 0.6ms
[26.597s][info][gc,phases   ] GC(198)   Other: 0.3ms
[26.597s][info][gc,heap     ] GC(198) Eden regions: 34->0(33)
[26.597s][info][gc,heap     ] GC(198) Survivor regions: 4->5(5)
[26.597s][info][gc,heap     ] GC(198) Old regions: 7->7
[26.597s][info][gc,heap     ] GC(198) Archive regions: 0->0
[26.598s][info][gc,heap     ] GC(198) Humongous regions: 0->0
[26.598s][info][gc,metaspace] GC(198) Metaspace: 165K(384K)->165K(384K) NonClass: 156K(256K)->156K(256K) Class: 8K(128K)->8K(128K)
[26.598s][info][gc          ] GC(198) Pause Young (Normal) (G1 Evacuation Pause) 43M->10M(64M) 2.527ms
[26.598s][info][gc,cpu      ] GC(198) User=0.00s Sys=0.00s Real=0.00s
[26.696s][info][gc,start    ] GC(199) Pause Young (Normal) (G1 Evacuation Pause)
[26.696s][info][gc,task     ] GC(199) Using 4 workers of 8 for evacuation
[26.698s][info][gc,phases   ] GC(199)   Pre Evacuate Collection Set: 0.1ms
[26.698s][info][gc,phases   ] GC(199)   Merge Heap Roots: 0.1ms
[26.698s][info][gc,phases   ] GC(199)   Evacuate Collection Set: 0.8ms
[26.698s][info][gc,phases   ] GC(199)   Post Evacuate Collection Set: 0.6ms
[26.698s][info][gc,phases   ] GC(199)   Other: 0.4ms
[26.698s][info][gc,heap     ] GC(199) Eden regions: 33->0(35)
[26.698s][info][gc,heap     ] GC(199) Survivor regions: 5->3(5)
[26.698s][info][gc,heap     ] GC(199) Old regions: 7->7
[26.698s][info][gc,heap     ] GC(199) Archive regions: 0->0
[26.698s][info][gc,heap     ] GC(199) Humongous regions: 0->0
[26.698s][info][gc,metaspace] GC(199) Metaspace: 165K(384K)->165K(384K) NonClass: 156K(256K)->156K(256K) Class: 8K(128K)->8K(128K)
[26.699s][info][gc          ] GC(199) Pause Young (Normal) (G1 Evacuation Pause) 43M->9M(64M) 2.783ms
[26.699s][info][gc,cpu      ] GC(199) User=0.00s Sys=0.00s Real=0.00s
[26.846s][info][gc,start    ] GC(200) Pause Young (Normal) (G1 Evacuation Pause)
[26.846s][info][gc,task     ] GC(200) Using 4 workers of 8 for evacuation
[26.848s][info][gc,phases   ] GC(200)   Pre Evacuate Collection Set: 0.2ms
[26.848s][info][gc,phases   ] GC(200)   Merge Heap Roots: 0.1ms
[26.849s][info][gc,phases   ] GC(200)   Evacuate Collection Set: 1.1ms
[26.849s][info][gc,phases   ] GC(200)   Post Evacuate Collection Set: 0.8ms
[26.849s][info][gc,phases   ] GC(200)   Other: 0.4ms
[26.849s][info][gc,heap     ] GC(200) Eden regions: 35->0(33)
[26.849s][info][gc,heap     ] GC(200) Survivor regions: 3->5(5)
[26.849s][info][gc,heap     ] GC(200) Old regions: 7->7
[26.849s][info][gc,heap     ] GC(200) Archive regions: 0->0
[26.849s][info][gc,heap     ] GC(200) Humongous regions: 0->0
[26.849s][info][gc,metaspace] GC(200) Metaspace: 165K(384K)->165K(384K) NonClass: 156K(256K)->156K(256K) Class: 8K(128K)->8K(128K)
[26.849s][info][gc          ] GC(200) Pause Young (Normal) (G1 Evacuation Pause) 44M->11M(64M) 3.146ms
[26.849s][info][gc,cpu      ] GC(200) User=0.00s Sys=0.00s Real=0.00s
[26.996s][info][gc,start    ] GC(201) Pause Young (Normal) (G1 Evacuation Pause)
[26.997s][info][gc,task     ] GC(201) Using 4 workers of 8 for evacuation
[26.999s][info][gc,phases   ] GC(201)   Pre Evacuate Collection Set: 0.2ms
[26.999s][info][gc,phases   ] GC(201)   Merge Heap Roots: 0.2ms
[26.999s][info][gc,phases   ] GC(201)   Evacuate Collection Set: 0.8ms
[26.999s][info][gc,phases   ] GC(201)   Post Evacuate Collection Set: 0.7ms
[26.999s][info][gc,phases   ] GC(201)   Other: 0.4ms
[26.999s][info][gc,heap     ] GC(201) Eden regions: 33->0(34)
[26.999s][info][gc,heap     ] GC(201) Survivor regions: 5->4(5)
[26.999s][info][gc,heap     ] GC(201) Old regions: 7->7
[26.999s][info][gc,heap     ] GC(201) Archive regions: 0->0
[26.999s][info][gc,heap     ] GC(201) Humongous regions: 0->0
[26.999s][info][gc,metaspace] GC(201) Metaspace: 165K(384K)->165K(384K) NonClass: 156K(256K)->156K(256K) Class: 8K(128K)->8K(128K)
[26.999s][info][gc          ] GC(201) Pause Young (Normal) (G1 Evacuation Pause) 44M->10M(64M) 2.604ms
[26.999s][info][gc,cpu      ] GC(201) User=0.00s Sys=0.00s Real=0.00s
[27.098s][info][gc,start    ] GC(202) Pause Young (Normal) (G1 Evacuation Pause)
[27.098s][info][gc,task     ] GC(202) Using 4 workers of 8 for evacuation
[27.100s][info][gc,phases   ] GC(202)   Pre Evacuate Collection Set: 0.2ms
[27.100s][info][gc,phases   ] GC(202)   Merge Heap Roots: 0.1ms
[27.100s][info][gc,phases   ] GC(202)   Evacuate Collection Set: 1.1ms
[27.100s][info][gc,phases   ] GC(202)   Post Evacuate Collection Set: 0.5ms
[27.100s][info][gc,phases   ] GC(202)   Other: 0.4ms
[27.100s][info][gc,heap     ] GC(202) Eden regions: 34->0(34)
[27.101s][info][gc,heap     ] GC(202) Survivor regions: 4->4(5)
[27.101s][info][gc,heap     ] GC(202) Old regions: 7->7
[27.101s][info][gc,heap     ] GC(202) Archive regions: 0->0
[27.101s][info][gc,heap     ] GC(202) Humongous regions: 0->0
[27.101s][info][gc,metaspace] GC(202) Metaspace: 165K(384K)->165K(384K) NonClass: 156K(256K)->156K(256K) Class: 8K(128K)->8K(128K)
[27.101s][info][gc          ] GC(202) Pause Young (Normal) (G1 Evacuation Pause) 44M->9M(64M) 2.920ms
[27.101s][info][gc,cpu      ] GC(202) User=0.00s Sys=0.00s Real=0.00s
[27.245s][info][gc,start    ] GC(203) Pause Young (Normal) (G1 Evacuation Pause)
[27.245s][info][gc,task     ] GC(203) Using 4 workers of 8 for evacuation
[27.247s][info][gc,phases   ] GC(203)   Pre Evacuate Collection Set: 0.1ms
[27.248s][info][gc,phases   ] GC(203)   Merge Heap Roots: 0.1ms
[27.248s][info][gc,phases   ] GC(203)   Evacuate Collection Set: 1.1ms
[27.248s][info][gc,phases   ] GC(203)   Post Evacuate Collection Set: 0.5ms
[27.248s][info][gc,phases   ] GC(203)   Other: 0.5ms
[27.248s][info][gc,heap     ] GC(203) Eden regions: 34->0(34)
[27.248s][info][gc,heap     ] GC(203) Survivor regions: 4->4(5)
[27.248s][info][gc,heap     ] GC(203) Old regions: 7->7
[27.248s][info][gc,heap     ] GC(203) Archive regions: 0->0
[27.248s][info][gc,heap     ] GC(203) Humongous regions: 0->0
[27.248s][info][gc,metaspace] GC(203) Metaspace: 165K(384K)->165K(384K) NonClass: 156K(256K)->156K(256K) Class: 8K(128K)->8K(128K)
[27.248s][info][gc          ] GC(203) Pause Young (Normal) (G1 Evacuation Pause) 43M->9M(64M) 2.946ms
[27.248s][info][gc,cpu      ] GC(203) User=0.00s Sys=0.02s Real=0.00s
[27.394s][info][gc,start    ] GC(204) Pause Young (Normal) (G1 Evacuation Pause)
[27.395s][info][gc,task     ] GC(204) Using 4 workers of 8 for evacuation
[27.396s][info][gc,phases   ] GC(204)   Pre Evacuate Collection Set: 0.1ms
[27.396s][info][gc,phases   ] GC(204)   Merge Heap Roots: 0.1ms
[27.396s][info][gc,phases   ] GC(204)   Evacuate Collection Set: 0.5ms
[27.396s][info][gc,phases   ] GC(204)   Post Evacuate Collection Set: 0.4ms
[27.396s][info][gc,phases   ] GC(204)   Other: 0.4ms
[27.396s][info][gc,heap     ] GC(204) Eden regions: 34->0(34)
[27.396s][info][gc,heap     ] GC(204) Survivor regions: 4->4(5)
[27.396s][info][gc,heap     ] GC(204) Old regions: 7->7
[27.396s][info][gc,heap     ] GC(204) Archive regions: 0->0
[27.396s][info][gc,heap     ] GC(204) Humongous regions: 0->0
[27.396s][info][gc,metaspace] GC(204) Metaspace: 165K(384K)->165K(384K) NonClass: 156K(256K)->156K(256K) Class: 8K(128K)->8K(128K)
[27.397s][info][gc          ] GC(204) Pause Young (Normal) (G1 Evacuation Pause) 43M->9M(64M) 2.132ms
[27.397s][info][gc,cpu      ] GC(204) User=0.00s Sys=0.00s Real=0.00s
[27.497s][info][gc,start    ] GC(205) Pause Young (Normal) (G1 Evacuation Pause)
[27.498s][info][gc,task     ] GC(205) Using 4 workers of 8 for evacuation
[27.500s][info][gc,phases   ] GC(205)   Pre Evacuate Collection Set: 0.2ms
[27.500s][info][gc,phases   ] GC(205)   Merge Heap Roots: 0.1ms
[27.500s][info][gc,phases   ] GC(205)   Evacuate Collection Set: 1.4ms
[27.500s][info][gc,phases   ] GC(205)   Post Evacuate Collection Set: 0.7ms
[27.500s][info][gc,phases   ] GC(205)   Other: 0.4ms
[27.500s][info][gc,heap     ] GC(205) Eden regions: 34->0(33)
[27.501s][info][gc,heap     ] GC(205) Survivor regions: 4->5(5)
[27.501s][info][gc,heap     ] GC(205) Old regions: 7->7
[27.501s][info][gc,heap     ] GC(205) Archive regions: 0->0
[27.501s][info][gc,heap     ] GC(205) Humongous regions: 0->0
[27.501s][info][gc,metaspace] GC(205) Metaspace: 165K(384K)->165K(384K) NonClass: 156K(256K)->156K(256K) Class: 8K(128K)->8K(128K)
[27.501s][info][gc          ] GC(205) Pause Young (Normal) (G1 Evacuation Pause) 43M->10M(64M) 3.405ms
[27.501s][info][gc,cpu      ] GC(205) User=0.05s Sys=0.00s Real=0.01s
[27.645s][info][gc,start    ] GC(206) Pause Young (Normal) (G1 Evacuation Pause)
[27.645s][info][gc,task     ] GC(206) Using 4 workers of 8 for evacuation
[27.648s][info][gc,phases   ] GC(206)   Pre Evacuate Collection Set: 0.2ms
[27.648s][info][gc,phases   ] GC(206)   Merge Heap Roots: 0.2ms
[27.648s][info][gc,phases   ] GC(206)   Evacuate Collection Set: 1.2ms
[27.648s][info][gc,phases   ] GC(206)   Post Evacuate Collection Set: 0.6ms
[27.648s][info][gc,phases   ] GC(206)   Other: 0.5ms
[27.648s][info][gc,heap     ] GC(206) Eden regions: 33->0(35)
[27.648s][info][gc,heap     ] GC(206) Survivor regions: 5->3(5)
[27.648s][info][gc,heap     ] GC(206) Old regions: 7->7
[27.648s][info][gc,heap     ] GC(206) Archive regions: 0->0
[27.648s][info][gc,heap     ] GC(206) Humongous regions: 0->0
[27.648s][info][gc,metaspace] GC(206) Metaspace: 165K(384K)->165K(384K) NonClass: 156K(256K)->156K(256K) Class: 8K(128K)->8K(128K)
[27.649s][info][gc          ] GC(206) Pause Young (Normal) (G1 Evacuation Pause) 43M->9M(64M) 3.603ms
[27.649s][info][gc,cpu      ] GC(206) User=0.00s Sys=0.00s Real=0.00s
[27.795s][info][gc,start    ] GC(207) Pause Young (Normal) (G1 Evacuation Pause)
[27.795s][info][gc,task     ] GC(207) Using 4 workers of 8 for evacuation
[27.797s][info][gc,phases   ] GC(207)   Pre Evacuate Collection Set: 0.1ms
[27.797s][info][gc,phases   ] GC(207)   Merge Heap Roots: 0.2ms
[27.797s][info][gc,phases   ] GC(207)   Evacuate Collection Set: 0.7ms
[27.797s][info][gc,phases   ] GC(207)   Post Evacuate Collection Set: 0.6ms
[27.797s][info][gc,phases   ] GC(207)   Other: 0.3ms
[27.797s][info][gc,heap     ] GC(207) Eden regions: 35->0(33)
[27.797s][info][gc,heap     ] GC(207) Survivor regions: 3->5(5)
[27.797s][info][gc,heap     ] GC(207) Old regions: 7->7
[27.797s][info][gc,heap     ] GC(207) Archive regions: 0->0
[27.797s][info][gc,heap     ] GC(207) Humongous regions: 0->0
[27.797s][info][gc,metaspace] GC(207) Metaspace: 165K(384K)->165K(384K) NonClass: 156K(256K)->156K(256K) Class: 8K(128K)->8K(128K)
[27.797s][info][gc          ] GC(207) Pause Young (Normal) (G1 Evacuation Pause) 44M->11M(64M) 2.148ms
[27.797s][info][gc,cpu      ] GC(207) User=0.00s Sys=0.00s Real=0.00s
[27.898s][info][gc,start    ] GC(208) Pause Young (Normal) (G1 Evacuation Pause)
[27.898s][info][gc,task     ] GC(208) Using 4 workers of 8 for evacuation
[27.900s][info][gc,phases   ] GC(208)   Pre Evacuate Collection Set: 0.2ms
[27.900s][info][gc,phases   ] GC(208)   Merge Heap Roots: 0.1ms
[27.900s][info][gc,phases   ] GC(208)   Evacuate Collection Set: 1.2ms
[27.900s][info][gc,phases   ] GC(208)   Post Evacuate Collection Set: 0.7ms
[27.900s][info][gc,phases   ] GC(208)   Other: 0.6ms
[27.901s][info][gc,heap     ] GC(208) Eden regions: 33->0(35)
[27.901s][info][gc,heap     ] GC(208) Survivor regions: 5->3(5)
[27.901s][info][gc,heap     ] GC(208) Old regions: 7->7
[27.901s][info][gc,heap     ] GC(208) Archive regions: 0->0
[27.901s][info][gc,heap     ] GC(208) Humongous regions: 0->0
[27.901s][info][gc,metaspace] GC(208) Metaspace: 165K(384K)->165K(384K) NonClass: 156K(256K)->156K(256K) Class: 8K(128K)->8K(128K)
[27.901s][info][gc          ] GC(208) Pause Young (Normal) (G1 Evacuation Pause) 44M->9M(64M) 3.413ms
[27.901s][info][gc,cpu      ] GC(208) User=0.00s Sys=0.00s Real=0.00s
[28.045s][info][gc,start    ] GC(209) Pause Young (Normal) (G1 Evacuation Pause)
[28.045s][info][gc,task     ] GC(209) Using 4 workers of 8 for evacuation
[28.048s][info][gc,phases   ] GC(209)   Pre Evacuate Collection Set: 0.1ms
[28.048s][info][gc,phases   ] GC(209)   Merge Heap Roots: 0.1ms
[28.048s][info][gc,phases   ] GC(209)   Evacuate Collection Set: 1.5ms
[28.048s][info][gc,phases   ] GC(209)   Post Evacuate Collection Set: 0.7ms
[28.048s][info][gc,phases   ] GC(209)   Other: 0.6ms
[28.048s][info][gc,heap     ] GC(209) Eden regions: 35->0(33)
[28.049s][info][gc,heap     ] GC(209) Survivor regions: 3->5(5)
[28.049s][info][gc,heap     ] GC(209) Old regions: 7->7
[28.049s][info][gc,heap     ] GC(209) Archive regions: 0->0
[28.049s][info][gc,heap     ] GC(209) Humongous regions: 0->0
[28.049s][info][gc,metaspace] GC(209) Metaspace: 165K(384K)->165K(384K) NonClass: 156K(256K)->156K(256K) Class: 8K(128K)->8K(128K)
[28.049s][info][gc          ] GC(209) Pause Young (Normal) (G1 Evacuation Pause) 44M->11M(64M) 3.912ms
[28.049s][info][gc,cpu      ] GC(209) User=0.00s Sys=0.00s Real=0.00s
[28.197s][info][gc,start    ] GC(210) Pause Young (Normal) (G1 Evacuation Pause)
[28.197s][info][gc,task     ] GC(210) Using 4 workers of 8 for evacuation
[28.199s][info][gc,phases   ] GC(210)   Pre Evacuate Collection Set: 0.1ms
[28.200s][info][gc,phases   ] GC(210)   Merge Heap Roots: 0.1ms
[28.200s][info][gc,phases   ] GC(210)   Evacuate Collection Set: 0.8ms
[28.200s][info][gc,phases   ] GC(210)   Post Evacuate Collection Set: 0.8ms
[28.200s][info][gc,phases   ] GC(210)   Other: 0.5ms
[28.200s][info][gc,heap     ] GC(210) Eden regions: 33->0(34)
[28.200s][info][gc,heap     ] GC(210) Survivor regions: 5->4(5)
[28.200s][info][gc,heap     ] GC(210) Old regions: 7->7
[28.200s][info][gc,heap     ] GC(210) Archive regions: 0->0
[28.200s][info][gc,heap     ] GC(210) Humongous regions: 0->0
[28.200s][info][gc,metaspace] GC(210) Metaspace: 165K(384K)->165K(384K) NonClass: 156K(256K)->156K(256K) Class: 8K(128K)->8K(128K)
[28.200s][info][gc          ] GC(210) Pause Young (Normal) (G1 Evacuation Pause) 44M->10M(64M) 2.883ms
[28.200s][info][gc,cpu      ] GC(210) User=0.02s Sys=0.00s Real=0.00s
[28.297s][info][gc,start    ] GC(211) Pause Young (Normal) (G1 Evacuation Pause)
[28.297s][info][gc,task     ] GC(211) Using 4 workers of 8 for evacuation
[28.299s][info][gc,phases   ] GC(211)   Pre Evacuate Collection Set: 0.1ms
[28.299s][info][gc,phases   ] GC(211)   Merge Heap Roots: 0.1ms
[28.299s][info][gc,phases   ] GC(211)   Evacuate Collection Set: 1.0ms
[28.299s][info][gc,phases   ] GC(211)   Post Evacuate Collection Set: 0.6ms
[28.299s][info][gc,phases   ] GC(211)   Other: 0.3ms
[28.299s][info][gc,heap     ] GC(211) Eden regions: 34->0(33)
[28.299s][info][gc,heap     ] GC(211) Survivor regions: 4->5(5)
[28.299s][info][gc,heap     ] GC(211) Old regions: 7->7
[28.299s][info][gc,heap     ] GC(211) Archive regions: 0->0
[28.300s][info][gc,heap     ] GC(211) Humongous regions: 0->0
[28.300s][info][gc,metaspace] GC(211) Metaspace: 165K(384K)->165K(384K) NonClass: 156K(256K)->156K(256K) Class: 8K(128K)->8K(128K)
[28.300s][info][gc          ] GC(211) Pause Young (Normal) (G1 Evacuation Pause) 43M->10M(64M) 2.580ms
[28.300s][info][gc,cpu      ] GC(211) User=0.00s Sys=0.00s Real=0.00s
[28.446s][info][gc,start    ] GC(212) Pause Young (Normal) (G1 Evacuation Pause)
[28.447s][info][gc,task     ] GC(212) Using 4 workers of 8 for evacuation
[28.448s][info][gc,phases   ] GC(212)   Pre Evacuate Collection Set: 0.1ms
[28.449s][info][gc,phases   ] GC(212)   Merge Heap Roots: 0.1ms
[28.449s][info][gc,phases   ] GC(212)   Evacuate Collection Set: 0.7ms
[28.449s][info][gc,phases   ] GC(212)   Post Evacuate Collection Set: 0.7ms
[28.449s][info][gc,phases   ] GC(212)   Other: 0.4ms
[28.449s][info][gc,heap     ] GC(212) Eden regions: 33->0(34)
[28.449s][info][gc,heap     ] GC(212) Survivor regions: 5->4(5)
[28.449s][info][gc,heap     ] GC(212) Old regions: 7->7
[28.449s][info][gc,heap     ] GC(212) Archive regions: 0->0
[28.449s][info][gc,heap     ] GC(212) Humongous regions: 0->0
[28.449s][info][gc,metaspace] GC(212) Metaspace: 165K(384K)->165K(384K) NonClass: 156K(256K)->156K(256K) Class: 8K(128K)->8K(128K)
[28.449s][info][gc          ] GC(212) Pause Young (Normal) (G1 Evacuation Pause) 43M->9M(64M) 2.432ms
[28.449s][info][gc,cpu      ] GC(212) User=0.00s Sys=0.00s Real=0.00s
[28.596s][info][gc,start    ] GC(213) Pause Young (Normal) (G1 Evacuation Pause)
[28.596s][info][gc,task     ] GC(213) Using 4 workers of 8 for evacuation
[28.599s][info][gc,phases   ] GC(213)   Pre Evacuate Collection Set: 0.2ms
[28.599s][info][gc,phases   ] GC(213)   Merge Heap Roots: 0.2ms
[28.599s][info][gc,phases   ] GC(213)   Evacuate Collection Set: 1.4ms
[28.599s][info][gc,phases   ] GC(213)   Post Evacuate Collection Set: 0.8ms
[28.599s][info][gc,phases   ] GC(213)   Other: 0.6ms
[28.599s][info][gc,heap     ] GC(213) Eden regions: 34->0(33)
[28.599s][info][gc,heap     ] GC(213) Survivor regions: 4->5(5)
[28.599s][info][gc,heap     ] GC(213) Old regions: 7->7
[28.599s][info][gc,heap     ] GC(213) Archive regions: 0->0
[28.599s][info][gc,heap     ] GC(213) Humongous regions: 0->0
[28.599s][info][gc,metaspace] GC(213) Metaspace: 165K(384K)->165K(384K) NonClass: 156K(256K)->156K(256K) Class: 8K(128K)->8K(128K)
[28.599s][info][gc          ] GC(213) Pause Young (Normal) (G1 Evacuation Pause) 43M->10M(64M) 3.883ms
[28.600s][info][gc,cpu      ] GC(213) User=0.00s Sys=0.00s Real=0.00s
[28.697s][info][gc,start    ] GC(214) Pause Young (Normal) (G1 Evacuation Pause)
[28.697s][info][gc,task     ] GC(214) Using 4 workers of 8 for evacuation
[28.699s][info][gc,phases   ] GC(214)   Pre Evacuate Collection Set: 0.2ms
[28.699s][info][gc,phases   ] GC(214)   Merge Heap Roots: 0.2ms
[28.699s][info][gc,phases   ] GC(214)   Evacuate Collection Set: 0.6ms
[28.699s][info][gc,phases   ] GC(214)   Post Evacuate Collection Set: 0.7ms
[28.699s][info][gc,phases   ] GC(214)   Other: 0.4ms
[28.700s][info][gc,heap     ] GC(214) Eden regions: 33->0(36)
[28.700s][info][gc,heap     ] GC(214) Survivor regions: 5->2(5)
[28.700s][info][gc,heap     ] GC(214) Old regions: 7->7
[28.700s][info][gc,heap     ] GC(214) Archive regions: 0->0
[28.700s][info][gc,heap     ] GC(214) Humongous regions: 0->0
[28.700s][info][gc,metaspace] GC(214) Metaspace: 165K(384K)->165K(384K) NonClass: 156K(256K)->156K(256K) Class: 8K(128K)->8K(128K)
[28.700s][info][gc          ] GC(214) Pause Young (Normal) (G1 Evacuation Pause) 43M->8M(64M) 2.626ms
[28.700s][info][gc,cpu      ] GC(214) User=0.00s Sys=0.00s Real=0.00s
[28.847s][info][gc,start    ] GC(215) Pause Young (Normal) (G1 Evacuation Pause)
[28.847s][info][gc,task     ] GC(215) Using 4 workers of 8 for evacuation
[28.849s][info][gc,phases   ] GC(215)   Pre Evacuate Collection Set: 0.1ms
[28.849s][info][gc,phases   ] GC(215)   Merge Heap Roots: 0.1ms
[28.849s][info][gc,phases   ] GC(215)   Evacuate Collection Set: 0.6ms
[28.849s][info][gc,phases   ] GC(215)   Post Evacuate Collection Set: 0.5ms
[28.849s][info][gc,phases   ] GC(215)   Other: 0.3ms
[28.849s][info][gc,heap     ] GC(215) Eden regions: 36->0(33)
[28.849s][info][gc,heap     ] GC(215) Survivor regions: 2->5(5)
[28.849s][info][gc,heap     ] GC(215) Old regions: 7->7
[28.849s][info][gc,heap     ] GC(215) Archive regions: 0->0
[28.849s][info][gc,heap     ] GC(215) Humongous regions: 0->0
[28.849s][info][gc,metaspace] GC(215) Metaspace: 165K(384K)->165K(384K) NonClass: 156K(256K)->156K(256K) Class: 8K(128K)->8K(128K)
[28.849s][info][gc          ] GC(215) Pause Young (Normal) (G1 Evacuation Pause) 44M->11M(64M) 1.988ms
[28.849s][info][gc,cpu      ] GC(215) User=0.00s Sys=0.00s Real=0.00s
[29.007s][info][gc,start    ] GC(216) Pause Young (Normal) (G1 Evacuation Pause)
[29.007s][info][gc,task     ] GC(216) Using 4 workers of 8 for evacuation
[29.008s][info][gc,phases   ] GC(216)   Pre Evacuate Collection Set: 0.1ms
[29.008s][info][gc,phases   ] GC(216)   Merge Heap Roots: 0.1ms
[29.008s][info][gc,phases   ] GC(216)   Evacuate Collection Set: 0.5ms
[29.008s][info][gc,phases   ] GC(216)   Post Evacuate Collection Set: 0.4ms
[29.008s][info][gc,phases   ] GC(216)   Other: 0.3ms
[29.008s][info][gc,heap     ] GC(216) Eden regions: 33->0(34)
[29.009s][info][gc,heap     ] GC(216) Survivor regions: 5->4(5)
[29.009s][info][gc,heap     ] GC(216) Old regions: 7->7
[29.009s][info][gc,heap     ] GC(216) Archive regions: 0->0
[29.009s][info][gc,heap     ] GC(216) Humongous regions: 0->0
[29.009s][info][gc,metaspace] GC(216) Metaspace: 165K(384K)->165K(384K) NonClass: 156K(256K)->156K(256K) Class: 8K(128K)->8K(128K)
[29.009s][info][gc          ] GC(216) Pause Young (Normal) (G1 Evacuation Pause) 44M->10M(64M) 1.607ms
[29.009s][info][gc,cpu      ] GC(216) User=0.00s Sys=0.00s Real=0.00s
[29.099s][info][gc,start    ] GC(217) Pause Young (Normal) (G1 Evacuation Pause)
[29.099s][info][gc,task     ] GC(217) Using 4 workers of 8 for evacuation
[29.102s][info][gc,phases   ] GC(217)   Pre Evacuate Collection Set: 0.2ms
[29.102s][info][gc,phases   ] GC(217)   Merge Heap Roots: 0.2ms
[29.102s][info][gc,phases   ] GC(217)   Evacuate Collection Set: 1.3ms
[29.102s][info][gc,phases   ] GC(217)   Post Evacuate Collection Set: 0.6ms
[29.102s][info][gc,phases   ] GC(217)   Other: 0.4ms
[29.102s][info][gc,heap     ] GC(217) Eden regions: 34->0(33)
[29.102s][info][gc,heap     ] GC(217) Survivor regions: 4->5(5)
[29.102s][info][gc,heap     ] GC(217) Old regions: 7->7
[29.102s][info][gc,heap     ] GC(217) Archive regions: 0->0
[29.102s][info][gc,heap     ] GC(217) Humongous regions: 0->0
[29.103s][info][gc,metaspace] GC(217) Metaspace: 165K(384K)->165K(384K) NonClass: 156K(256K)->156K(256K) Class: 8K(128K)->8K(128K)
[29.103s][info][gc          ] GC(217) Pause Young (Normal) (G1 Evacuation Pause) 44M->11M(64M) 3.393ms
[29.103s][info][gc,cpu      ] GC(217) User=0.00s Sys=0.00s Real=0.00s
[29.248s][info][gc,start    ] GC(218) Pause Young (Normal) (G1 Evacuation Pause)
[29.248s][info][gc,task     ] GC(218) Using 4 workers of 8 for evacuation
[29.250s][info][gc,phases   ] GC(218)   Pre Evacuate Collection Set: 0.2ms
[29.250s][info][gc,phases   ] GC(218)   Merge Heap Roots: 0.2ms
[29.250s][info][gc,phases   ] GC(218)   Evacuate Collection Set: 0.9ms
[29.250s][info][gc,phases   ] GC(218)   Post Evacuate Collection Set: 0.8ms
[29.250s][info][gc,phases   ] GC(218)   Other: 0.3ms
[29.250s][info][gc,heap     ] GC(218) Eden regions: 33->0(34)
[29.250s][info][gc,heap     ] GC(218) Survivor regions: 5->4(5)
[29.251s][info][gc,heap     ] GC(218) Old regions: 7->7
[29.251s][info][gc,heap     ] GC(218) Archive regions: 0->0
[29.251s][info][gc,heap     ] GC(218) Humongous regions: 0->0
[29.251s][info][gc,metaspace] GC(218) Metaspace: 165K(384K)->165K(384K) NonClass: 156K(256K)->156K(256K) Class: 8K(128K)->8K(128K)
[29.251s][info][gc          ] GC(218) Pause Young (Normal) (G1 Evacuation Pause) 44M->9M(64M) 3.200ms
[29.251s][info][gc,cpu      ] GC(218) User=0.00s Sys=0.00s Real=0.00s
[29.395s][info][gc,start    ] GC(219) Pause Young (Normal) (G1 Evacuation Pause)
[29.395s][info][gc,task     ] GC(219) Using 4 workers of 8 for evacuation
[29.398s][info][gc,phases   ] GC(219)   Pre Evacuate Collection Set: 0.1ms
[29.398s][info][gc,phases   ] GC(219)   Merge Heap Roots: 0.1ms
[29.398s][info][gc,phases   ] GC(219)   Evacuate Collection Set: 1.4ms
[29.398s][info][gc,phases   ] GC(219)   Post Evacuate Collection Set: 0.7ms
[29.398s][info][gc,phases   ] GC(219)   Other: 0.4ms
[29.399s][info][gc,heap     ] GC(219) Eden regions: 34->0(35)
[29.399s][info][gc,heap     ] GC(219) Survivor regions: 4->3(5)
[29.399s][info][gc,heap     ] GC(219) Old regions: 7->7
[29.399s][info][gc,heap     ] GC(219) Archive regions: 0->0
[29.399s][info][gc,heap     ] GC(219) Humongous regions: 0->0
[29.399s][info][gc,metaspace] GC(219) Metaspace: 165K(384K)->165K(384K) NonClass: 156K(256K)->156K(256K) Class: 8K(128K)->8K(128K)
[29.399s][info][gc          ] GC(219) Pause Young (Normal) (G1 Evacuation Pause) 43M->9M(64M) 3.510ms
[29.399s][info][gc,cpu      ] GC(219) User=0.00s Sys=0.00s Real=0.00s
[29.500s][info][gc,start    ] GC(220) Pause Young (Normal) (G1 Evacuation Pause)
[29.500s][info][gc,task     ] GC(220) Using 4 workers of 8 for evacuation
[29.502s][info][gc,phases   ] GC(220)   Pre Evacuate Collection Set: 0.2ms
[29.502s][info][gc,phases   ] GC(220)   Merge Heap Roots: 0.1ms
[29.502s][info][gc,phases   ] GC(220)   Evacuate Collection Set: 1.4ms
[29.502s][info][gc,phases   ] GC(220)   Post Evacuate Collection Set: 0.7ms
[29.503s][info][gc,phases   ] GC(220)   Other: 0.3ms
[29.503s][info][gc,heap     ] GC(220) Eden regions: 35->0(33)
[29.503s][info][gc,heap     ] GC(220) Survivor regions: 3->5(5)
[29.503s][info][gc,heap     ] GC(220) Old regions: 7->7
[29.503s][info][gc,heap     ] GC(220) Archive regions: 0->0
[29.503s][info][gc,heap     ] GC(220) Humongous regions: 0->0
[29.503s][info][gc,metaspace] GC(220) Metaspace: 165K(384K)->165K(384K) NonClass: 156K(256K)->156K(256K) Class: 8K(128K)->8K(128K)
[29.503s][info][gc          ] GC(220) Pause Young (Normal) (G1 Evacuation Pause) 44M->11M(64M) 3.478ms
[29.503s][info][gc,cpu      ] GC(220) User=0.00s Sys=0.00s Real=0.01s
[29.645s][info][gc,start    ] GC(221) Pause Young (Normal) (G1 Evacuation Pause)
[29.645s][info][gc,task     ] GC(221) Using 4 workers of 8 for evacuation
[29.648s][info][gc,phases   ] GC(221)   Pre Evacuate Collection Set: 0.2ms
[29.648s][info][gc,phases   ] GC(221)   Merge Heap Roots: 0.1ms
[29.648s][info][gc,phases   ] GC(221)   Evacuate Collection Set: 1.3ms
[29.648s][info][gc,phases   ] GC(221)   Post Evacuate Collection Set: 0.7ms
[29.648s][info][gc,phases   ] GC(221)   Other: 0.7ms
[29.648s][info][gc,heap     ] GC(221) Eden regions: 33->0(35)
[29.648s][info][gc,heap     ] GC(221) Survivor regions: 5->3(5)
[29.648s][info][gc,heap     ] GC(221) Old regions: 7->7
[29.648s][info][gc,heap     ] GC(221) Archive regions: 0->0
[29.648s][info][gc,heap     ] GC(221) Humongous regions: 0->0
[29.648s][info][gc,metaspace] GC(221) Metaspace: 165K(384K)->165K(384K) NonClass: 156K(256K)->156K(256K) Class: 8K(128K)->8K(128K)
[29.648s][info][gc          ] GC(221) Pause Young (Normal) (G1 Evacuation Pause) 44M->9M(64M) 3.321ms
[29.649s][info][gc,cpu      ] GC(221) User=0.00s Sys=0.00s Real=0.00s
[29.797s][info][gc,start    ] GC(222) Pause Young (Normal) (G1 Evacuation Pause)
[29.797s][info][gc,task     ] GC(222) Using 4 workers of 8 for evacuation
[29.799s][info][gc,phases   ] GC(222)   Pre Evacuate Collection Set: 0.2ms
[29.800s][info][gc,phases   ] GC(222)   Merge Heap Roots: 0.1ms
[29.800s][info][gc,phases   ] GC(222)   Evacuate Collection Set: 1.2ms
[29.800s][info][gc,phases   ] GC(222)   Post Evacuate Collection Set: 0.7ms
[29.800s][info][gc,phases   ] GC(222)   Other: 0.4ms
[29.800s][info][gc,heap     ] GC(222) Eden regions: 35->0(33)
[29.800s][info][gc,heap     ] GC(222) Survivor regions: 3->5(5)
[29.800s][info][gc,heap     ] GC(222) Old regions: 7->7
[29.800s][info][gc,heap     ] GC(222) Archive regions: 0->0
[29.800s][info][gc,heap     ] GC(222) Humongous regions: 0->0
[29.800s][info][gc,metaspace] GC(222) Metaspace: 165K(384K)->165K(384K) NonClass: 156K(256K)->156K(256K) Class: 8K(128K)->8K(128K)
[29.800s][info][gc          ] GC(222) Pause Young (Normal) (G1 Evacuation Pause) 44M->11M(64M) 3.034ms
[29.800s][info][gc,cpu      ] GC(222) User=0.00s Sys=0.00s Real=0.00s
[29.898s][info][gc,start    ] GC(223) Pause Young (Normal) (G1 Evacuation Pause)
[29.898s][info][gc,task     ] GC(223) Using 4 workers of 8 for evacuation
[29.901s][info][gc,phases   ] GC(223)   Pre Evacuate Collection Set: 0.2ms
[29.901s][info][gc,phases   ] GC(223)   Merge Heap Roots: 0.2ms
[29.901s][info][gc,phases   ] GC(223)   Evacuate Collection Set: 1.2ms
[29.901s][info][gc,phases   ] GC(223)   Post Evacuate Collection Set: 0.6ms
[29.901s][info][gc,phases   ] GC(223)   Other: 0.5ms
[29.901s][info][gc,heap     ] GC(223) Eden regions: 33->0(34)
[29.901s][info][gc,heap     ] GC(223) Survivor regions: 5->4(5)
[29.901s][info][gc,heap     ] GC(223) Old regions: 7->7
[29.901s][info][gc,heap     ] GC(223) Archive regions: 0->0
[29.901s][info][gc,heap     ] GC(223) Humongous regions: 0->0
[29.901s][info][gc,metaspace] GC(223) Metaspace: 165K(384K)->165K(384K) NonClass: 156K(256K)->156K(256K) Class: 8K(128K)->8K(128K)
[29.901s][info][gc          ] GC(223) Pause Young (Normal) (G1 Evacuation Pause) 44M->10M(64M) 3.344ms
[29.901s][info][gc,cpu      ] GC(223) User=0.00s Sys=0.00s Real=0.01s
[30.048s][info][gc,start    ] GC(224) Pause Young (Normal) (G1 Evacuation Pause)
[30.048s][info][gc,task     ] GC(224) Using 4 workers of 8 for evacuation
[30.051s][info][gc,phases   ] GC(224)   Pre Evacuate Collection Set: 0.1ms
[30.051s][info][gc,phases   ] GC(224)   Merge Heap Roots: 0.2ms
[30.051s][info][gc,phases   ] GC(224)   Evacuate Collection Set: 1.3ms
[30.051s][info][gc,phases   ] GC(224)   Post Evacuate Collection Set: 0.6ms
[30.051s][info][gc,phases   ] GC(224)   Other: 0.3ms
[30.051s][info][gc,heap     ] GC(224) Eden regions: 34->0(33)
[30.051s][info][gc,heap     ] GC(224) Survivor regions: 4->5(5)
[30.051s][info][gc,heap     ] GC(224) Old regions: 7->7
[30.051s][info][gc,heap     ] GC(224) Archive regions: 0->0
[30.051s][info][gc,heap     ] GC(224) Humongous regions: 0->0
[30.051s][info][gc,metaspace] GC(224) Metaspace: 165K(384K)->165K(384K) NonClass: 156K(256K)->156K(256K) Class: 8K(128K)->8K(128K)
[30.051s][info][gc          ] GC(224) Pause Young (Normal) (G1 Evacuation Pause) 44M->11M(64M) 2.971ms
[30.051s][info][gc,cpu      ] GC(224) User=0.00s Sys=0.00s Real=0.00s
[30.195s][info][gc,start    ] GC(225) Pause Young (Normal) (G1 Evacuation Pause)
[30.195s][info][gc,task     ] GC(225) Using 4 workers of 8 for evacuation
[30.196s][info][gc,phases   ] GC(225)   Pre Evacuate Collection Set: 0.2ms
[30.196s][info][gc,phases   ] GC(225)   Merge Heap Roots: 0.1ms
[30.197s][info][gc,phases   ] GC(225)   Evacuate Collection Set: 0.6ms
[30.197s][info][gc,phases   ] GC(225)   Post Evacuate Collection Set: 0.6ms
[30.197s][info][gc,phases   ] GC(225)   Other: 0.4ms
[30.197s][info][gc,heap     ] GC(225) Eden regions: 33->0(35)
[30.197s][info][gc,heap     ] GC(225) Survivor regions: 5->3(5)
[30.197s][info][gc,heap     ] GC(225) Old regions: 7->7
[30.197s][info][gc,heap     ] GC(225) Archive regions: 0->0
[30.197s][info][gc,heap     ] GC(225) Humongous regions: 0->0
[30.197s][info][gc,metaspace] GC(225) Metaspace: 165K(384K)->165K(384K) NonClass: 156K(256K)->156K(256K) Class: 8K(128K)->8K(128K)
[30.197s][info][gc          ] GC(225) Pause Young (Normal) (G1 Evacuation Pause) 44M->9M(64M) 2.327ms
[30.197s][info][gc,cpu      ] GC(225) User=0.00s Sys=0.00s Real=0.00s
[30.296s][info][gc,start    ] GC(226) Pause Young (Normal) (G1 Evacuation Pause)
[30.296s][info][gc,task     ] GC(226) Using 4 workers of 8 for evacuation
[30.298s][info][gc,phases   ] GC(226)   Pre Evacuate Collection Set: 0.1ms
[30.298s][info][gc,phases   ] GC(226)   Merge Heap Roots: 0.0ms
[30.298s][info][gc,phases   ] GC(226)   Evacuate Collection Set: 1.5ms
[30.298s][info][gc,phases   ] GC(226)   Post Evacuate Collection Set: 0.4ms
[30.298s][info][gc,phases   ] GC(226)   Other: 0.3ms
[30.299s][info][gc,heap     ] GC(226) Eden regions: 35->0(33)
[30.299s][info][gc,heap     ] GC(226) Survivor regions: 3->5(5)
[30.299s][info][gc,heap     ] GC(226) Old regions: 7->7
[30.299s][info][gc,heap     ] GC(226) Archive regions: 0->0
[30.299s][info][gc,heap     ] GC(226) Humongous regions: 0->0
[30.299s][info][gc,metaspace] GC(226) Metaspace: 165K(384K)->165K(384K) NonClass: 156K(256K)->156K(256K) Class: 8K(128K)->8K(128K)
[30.299s][info][gc          ] GC(226) Pause Young (Normal) (G1 Evacuation Pause) 44M->11M(64M) 2.727ms
[30.299s][info][gc,cpu      ] GC(226) User=0.00s Sys=0.00s Real=0.00s
[30.447s][info][gc,start    ] GC(227) Pause Young (Normal) (G1 Evacuation Pause)
[30.447s][info][gc,task     ] GC(227) Using 4 workers of 8 for evacuation
[30.449s][info][gc,phases   ] GC(227)   Pre Evacuate Collection Set: 0.2ms
[30.449s][info][gc,phases   ] GC(227)   Merge Heap Roots: 0.1ms
[30.449s][info][gc,phases   ] GC(227)   Evacuate Collection Set: 0.8ms
[30.449s][info][gc,phases   ] GC(227)   Post Evacuate Collection Set: 0.7ms
[30.449s][info][gc,phases   ] GC(227)   Other: 0.4ms
[30.449s][info][gc,heap     ] GC(227) Eden regions: 33->0(34)
[30.449s][info][gc,heap     ] GC(227) Survivor regions: 5->4(5)
[30.449s][info][gc,heap     ] GC(227) Old regions: 7->7
[30.449s][info][gc,heap     ] GC(227) Archive regions: 0->0
[30.449s][info][gc,heap     ] GC(227) Humongous regions: 0->0
[30.449s][info][gc,metaspace] GC(227) Metaspace: 165K(384K)->165K(384K) NonClass: 156K(256K)->156K(256K) Class: 8K(128K)->8K(128K)
[30.449s][info][gc          ] GC(227) Pause Young (Normal) (G1 Evacuation Pause) 44M->10M(64M) 2.859ms
[30.450s][info][gc,cpu      ] GC(227) User=0.00s Sys=0.00s Real=0.00s
[30.596s][info][gc,start    ] GC(228) Pause Young (Normal) (G1 Evacuation Pause)
[30.597s][info][gc,task     ] GC(228) Using 4 workers of 8 for evacuation
[30.599s][info][gc,phases   ] GC(228)   Pre Evacuate Collection Set: 0.2ms
[30.599s][info][gc,phases   ] GC(228)   Merge Heap Roots: 0.2ms
[30.599s][info][gc,phases   ] GC(228)   Evacuate Collection Set: 1.0ms
[30.599s][info][gc,phases   ] GC(228)   Post Evacuate Collection Set: 0.6ms
[30.599s][info][gc,phases   ] GC(228)   Other: 0.3ms
[30.599s][info][gc,heap     ] GC(228) Eden regions: 34->0(33)
[30.599s][info][gc,heap     ] GC(228) Survivor regions: 4->5(5)
[30.599s][info][gc,heap     ] GC(228) Old regions: 7->7
[30.599s][info][gc,heap     ] GC(228) Archive regions: 0->0
[30.599s][info][gc,heap     ] GC(228) Humongous regions: 0->0
[30.599s][info][gc,metaspace] GC(228) Metaspace: 165K(384K)->165K(384K) NonClass: 156K(256K)->156K(256K) Class: 8K(128K)->8K(128K)
[30.599s][info][gc          ] GC(228) Pause Young (Normal) (G1 Evacuation Pause) 44M->11M(64M) 2.816ms
[30.599s][info][gc,cpu      ] GC(228) User=0.00s Sys=0.00s Real=0.00s
[30.698s][info][gc,start    ] GC(229) Pause Young (Normal) (G1 Evacuation Pause)
[30.699s][info][gc,task     ] GC(229) Using 4 workers of 8 for evacuation
[30.701s][info][gc,phases   ] GC(229)   Pre Evacuate Collection Set: 0.1ms
[30.701s][info][gc,phases   ] GC(229)   Merge Heap Roots: 0.1ms
[30.701s][info][gc,phases   ] GC(229)   Evacuate Collection Set: 0.8ms
[30.701s][info][gc,phases   ] GC(229)   Post Evacuate Collection Set: 0.7ms
[30.701s][info][gc,phases   ] GC(229)   Other: 0.5ms
[30.701s][info][gc,heap     ] GC(229) Eden regions: 33->0(35)
[30.701s][info][gc,heap     ] GC(229) Survivor regions: 5->3(5)
[30.701s][info][gc,heap     ] GC(229) Old regions: 7->7
[30.701s][info][gc,heap     ] GC(229) Archive regions: 0->0
[30.701s][info][gc,heap     ] GC(229) Humongous regions: 0->0
[30.701s][info][gc,metaspace] GC(229) Metaspace: 165K(384K)->165K(384K) NonClass: 156K(256K)->156K(256K) Class: 8K(128K)->8K(128K)
[30.701s][info][gc          ] GC(229) Pause Young (Normal) (G1 Evacuation Pause) 44M->9M(64M) 2.933ms
[30.701s][info][gc,cpu      ] GC(229) User=0.06s Sys=0.00s Real=0.00s
[30.845s][info][gc,start    ] GC(230) Pause Young (Normal) (G1 Evacuation Pause)
[30.845s][info][gc,task     ] GC(230) Using 4 workers of 8 for evacuation
[30.848s][info][gc,phases   ] GC(230)   Pre Evacuate Collection Set: 0.1ms
[30.848s][info][gc,phases   ] GC(230)   Merge Heap Roots: 0.1ms
[30.848s][info][gc,phases   ] GC(230)   Evacuate Collection Set: 1.8ms
[30.848s][info][gc,phases   ] GC(230)   Post Evacuate Collection Set: 0.4ms
[30.848s][info][gc,phases   ] GC(230)   Other: 0.5ms
[30.848s][info][gc,heap     ] GC(230) Eden regions: 35->0(33)
[30.848s][info][gc,heap     ] GC(230) Survivor regions: 3->5(5)
[30.848s][info][gc,heap     ] GC(230) Old regions: 7->7
[30.848s][info][gc,heap     ] GC(230) Archive regions: 0->0
[30.848s][info][gc,heap     ] GC(230) Humongous regions: 0->0
[30.848s][info][gc,metaspace] GC(230) Metaspace: 165K(384K)->165K(384K) NonClass: 156K(256K)->156K(256K) Class: 8K(128K)->8K(128K)
[30.848s][info][gc          ] GC(230) Pause Young (Normal) (G1 Evacuation Pause) 44M->11M(64M) 3.249ms
[30.848s][info][gc,cpu      ] GC(230) User=0.00s Sys=0.00s Real=0.00s
[30.994s][info][gc,start    ] GC(231) Pause Young (Normal) (G1 Evacuation Pause)
[30.995s][info][gc,task     ] GC(231) Using 4 workers of 8 for evacuation
[30.997s][info][gc,phases   ] GC(231)   Pre Evacuate Collection Set: 0.1ms
[30.997s][info][gc,phases   ] GC(231)   Merge Heap Roots: 0.1ms
[30.997s][info][gc,phases   ] GC(231)   Evacuate Collection Set: 1.1ms
[30.997s][info][gc,phases   ] GC(231)   Post Evacuate Collection Set: 0.4ms
[30.997s][info][gc,phases   ] GC(231)   Other: 0.4ms
[30.997s][info][gc,heap     ] GC(231) Eden regions: 33->0(34)
[30.997s][info][gc,heap     ] GC(231) Survivor regions: 5->4(5)
[30.997s][info][gc,heap     ] GC(231) Old regions: 7->7
[30.997s][info][gc,heap     ] GC(231) Archive regions: 0->0
[30.997s][info][gc,heap     ] GC(231) Humongous regions: 0->0
[30.997s][info][gc,metaspace] GC(231) Metaspace: 165K(384K)->165K(384K) NonClass: 156K(256K)->156K(256K) Class: 8K(128K)->8K(128K)
[30.997s][info][gc          ] GC(231) Pause Young (Normal) (G1 Evacuation Pause) 44M->10M(64M) 2.622ms
[30.997s][info][gc,cpu      ] GC(231) User=0.06s Sys=0.00s Real=0.00s
[31.099s][info][gc,start    ] GC(232) Pause Young (Normal) (G1 Evacuation Pause)
[31.099s][info][gc,task     ] GC(232) Using 4 workers of 8 for evacuation
[31.102s][info][gc,phases   ] GC(232)   Pre Evacuate Collection Set: 0.1ms
[31.102s][info][gc,phases   ] GC(232)   Merge Heap Roots: 0.1ms
[31.102s][info][gc,phases   ] GC(232)   Evacuate Collection Set: 1.6ms
[31.102s][info][gc,phases   ] GC(232)   Post Evacuate Collection Set: 0.8ms
[31.102s][info][gc,phases   ] GC(232)   Other: 0.7ms
[31.102s][info][gc,heap     ] GC(232) Eden regions: 34->0(33)
[31.102s][info][gc,heap     ] GC(232) Survivor regions: 4->5(5)
[31.102s][info][gc,heap     ] GC(232) Old regions: 7->7
[31.102s][info][gc,heap     ] GC(232) Archive regions: 0->0
[31.102s][info][gc,heap     ] GC(232) Humongous regions: 0->0
[31.102s][info][gc,metaspace] GC(232) Metaspace: 165K(384K)->165K(384K) NonClass: 156K(256K)->156K(256K) Class: 8K(128K)->8K(128K)
[31.103s][info][gc          ] GC(232) Pause Young (Normal) (G1 Evacuation Pause) 44M->11M(64M) 3.895ms
[31.103s][info][gc,cpu      ] GC(232) User=0.00s Sys=0.00s Real=0.00s
[31.245s][info][gc,start    ] GC(233) Pause Young (Normal) (G1 Evacuation Pause)
[31.246s][info][gc,task     ] GC(233) Using 4 workers of 8 for evacuation
[31.247s][info][gc,phases   ] GC(233)   Pre Evacuate Collection Set: 0.2ms
[31.247s][info][gc,phases   ] GC(233)   Merge Heap Roots: 0.1ms
[31.248s][info][gc,phases   ] GC(233)   Evacuate Collection Set: 0.6ms
[31.248s][info][gc,phases   ] GC(233)   Post Evacuate Collection Set: 0.6ms
[31.248s][info][gc,phases   ] GC(233)   Other: 0.4ms
[31.248s][info][gc,heap     ] GC(233) Eden regions: 33->0(35)
[31.248s][info][gc,heap     ] GC(233) Survivor regions: 5->3(5)
[31.248s][info][gc,heap     ] GC(233) Old regions: 7->7
[31.248s][info][gc,heap     ] GC(233) Archive regions: 0->0
[31.248s][info][gc,heap     ] GC(233) Humongous regions: 0->0
[31.248s][info][gc,metaspace] GC(233) Metaspace: 165K(384K)->165K(384K) NonClass: 156K(256K)->156K(256K) Class: 8K(128K)->8K(128K)
[31.248s][info][gc          ] GC(233) Pause Young (Normal) (G1 Evacuation Pause) 44M->9M(64M) 2.406ms
[31.248s][info][gc,cpu      ] GC(233) User=0.00s Sys=0.00s Real=0.00s
[31.396s][info][gc,start    ] GC(234) Pause Young (Normal) (G1 Evacuation Pause)
[31.396s][info][gc,task     ] GC(234) Using 4 workers of 8 for evacuation
[31.398s][info][gc,phases   ] GC(234)   Pre Evacuate Collection Set: 0.1ms
[31.398s][info][gc,phases   ] GC(234)   Merge Heap Roots: 0.1ms
[31.398s][info][gc,phases   ] GC(234)   Evacuate Collection Set: 1.2ms
[31.398s][info][gc,phases   ] GC(234)   Post Evacuate Collection Set: 0.6ms
[31.398s][info][gc,phases   ] GC(234)   Other: 0.3ms
[31.398s][info][gc,heap     ] GC(234) Eden regions: 35->0(34)
[31.398s][info][gc,heap     ] GC(234) Survivor regions: 3->4(5)
[31.398s][info][gc,heap     ] GC(234) Old regions: 7->7
[31.398s][info][gc,heap     ] GC(234) Archive regions: 0->0
[31.398s][info][gc,heap     ] GC(234) Humongous regions: 0->0
[31.398s][info][gc,metaspace] GC(234) Metaspace: 165K(384K)->165K(384K) NonClass: 156K(256K)->156K(256K) Class: 8K(128K)->8K(128K)
[31.398s][info][gc          ] GC(234) Pause Young (Normal) (G1 Evacuation Pause) 44M->10M(64M) 2.541ms
[31.398s][info][gc,cpu      ] GC(234) User=0.00s Sys=0.00s Real=0.00s
[31.497s][info][gc,start    ] GC(235) Pause Young (Normal) (G1 Evacuation Pause)
[31.497s][info][gc,task     ] GC(235) Using 4 workers of 8 for evacuation
[31.499s][info][gc,phases   ] GC(235)   Pre Evacuate Collection Set: 0.2ms
[31.499s][info][gc,phases   ] GC(235)   Merge Heap Roots: 0.1ms
[31.499s][info][gc,phases   ] GC(235)   Evacuate Collection Set: 1.2ms
[31.499s][info][gc,phases   ] GC(235)   Post Evacuate Collection Set: 0.5ms
[31.499s][info][gc,phases   ] GC(235)   Other: 0.3ms
[31.499s][info][gc,heap     ] GC(235) Eden regions: 34->0(33)
[31.499s][info][gc,heap     ] GC(235) Survivor regions: 4->5(5)
[31.499s][info][gc,heap     ] GC(235) Old regions: 7->7
[31.499s][info][gc,heap     ] GC(235) Archive regions: 0->0
[31.499s][info][gc,heap     ] GC(235) Humongous regions: 0->0
[31.499s][info][gc,metaspace] GC(235) Metaspace: 165K(384K)->165K(384K) NonClass: 156K(256K)->156K(256K) Class: 8K(128K)->8K(128K)
[31.499s][info][gc          ] GC(235) Pause Young (Normal) (G1 Evacuation Pause) 44M->11M(64M) 2.756ms
[31.499s][info][gc,cpu      ] GC(235) User=0.00s Sys=0.00s Real=0.00s
[31.645s][info][gc,start    ] GC(236) Pause Young (Normal) (G1 Evacuation Pause)
[31.646s][info][gc,task     ] GC(236) Using 4 workers of 8 for evacuation
[31.648s][info][gc,phases   ] GC(236)   Pre Evacuate Collection Set: 0.2ms
[31.648s][info][gc,phases   ] GC(236)   Merge Heap Roots: 0.2ms
[31.648s][info][gc,phases   ] GC(236)   Evacuate Collection Set: 0.5ms
[31.648s][info][gc,phases   ] GC(236)   Post Evacuate Collection Set: 0.9ms
[31.648s][info][gc,phases   ] GC(236)   Other: 0.3ms
[31.648s][info][gc,heap     ] GC(236) Eden regions: 33->0(35)
[31.648s][info][gc,heap     ] GC(236) Survivor regions: 5->3(5)
[31.648s][info][gc,heap     ] GC(236) Old regions: 7->8
[31.648s][info][gc,heap     ] GC(236) Archive regions: 0->0
[31.648s][info][gc,heap     ] GC(236) Humongous regions: 0->0
[31.648s][info][gc,metaspace] GC(236) Metaspace: 165K(384K)->165K(384K) NonClass: 156K(256K)->156K(256K) Class: 8K(128K)->8K(128K)
[31.648s][info][gc          ] GC(236) Pause Young (Normal) (G1 Evacuation Pause) 44M->9M(64M) 2.739ms
[31.648s][info][gc,cpu      ] GC(236) User=0.00s Sys=0.00s Real=0.00s
[31.795s][info][gc,start    ] GC(237) Pause Young (Normal) (G1 Evacuation Pause)
[31.796s][info][gc,task     ] GC(237) Using 4 workers of 8 for evacuation
[31.798s][info][gc,phases   ] GC(237)   Pre Evacuate Collection Set: 0.3ms
[31.798s][info][gc,phases   ] GC(237)   Merge Heap Roots: 0.2ms
[31.798s][info][gc,phases   ] GC(237)   Evacuate Collection Set: 0.9ms
[31.798s][info][gc,phases   ] GC(237)   Post Evacuate Collection Set: 0.9ms
[31.798s][info][gc,phases   ] GC(237)   Other: 0.4ms
[31.798s][info][gc,heap     ] GC(237) Eden regions: 35->0(33)
[31.798s][info][gc,heap     ] GC(237) Survivor regions: 3->5(5)
[31.798s][info][gc,heap     ] GC(237) Old regions: 8->8
[31.798s][info][gc,heap     ] GC(237) Archive regions: 0->0
[31.798s][info][gc,heap     ] GC(237) Humongous regions: 0->0
[31.799s][info][gc,metaspace] GC(237) Metaspace: 165K(384K)->165K(384K) NonClass: 156K(256K)->156K(256K) Class: 8K(128K)->8K(128K)
[31.799s][info][gc          ] GC(237) Pause Young (Normal) (G1 Evacuation Pause) 44M->11M(64M) 3.194ms
[31.799s][info][gc,cpu      ] GC(237) User=0.00s Sys=0.00s Real=0.00s
[31.897s][info][gc,start    ] GC(238) Pause Young (Normal) (G1 Evacuation Pause)
[31.897s][info][gc,task     ] GC(238) Using 4 workers of 8 for evacuation
[31.899s][info][gc,phases   ] GC(238)   Pre Evacuate Collection Set: 0.1ms
[31.899s][info][gc,phases   ] GC(238)   Merge Heap Roots: 0.2ms
[31.899s][info][gc,phases   ] GC(238)   Evacuate Collection Set: 0.8ms
[31.899s][info][gc,phases   ] GC(238)   Post Evacuate Collection Set: 0.7ms
[31.899s][info][gc,phases   ] GC(238)   Other: 0.4ms
[31.899s][info][gc,heap     ] GC(238) Eden regions: 33->0(34)
[31.899s][info][gc,heap     ] GC(238) Survivor regions: 5->4(5)
[31.900s][info][gc,heap     ] GC(238) Old regions: 8->8
[31.900s][info][gc,heap     ] GC(238) Archive regions: 0->0
[31.900s][info][gc,heap     ] GC(238) Humongous regions: 0->0
[31.900s][info][gc,metaspace] GC(238) Metaspace: 165K(384K)->165K(384K) NonClass: 156K(256K)->156K(256K) Class: 8K(128K)->8K(128K)
[31.900s][info][gc          ] GC(238) Pause Young (Normal) (G1 Evacuation Pause) 44M->10M(64M) 2.665ms
[31.900s][info][gc,cpu      ] GC(238) User=0.00s Sys=0.00s Real=0.00s
[32.047s][info][gc,start    ] GC(239) Pause Young (Normal) (G1 Evacuation Pause)
[32.048s][info][gc,task     ] GC(239) Using 4 workers of 8 for evacuation
[32.050s][info][gc,phases   ] GC(239)   Pre Evacuate Collection Set: 0.2ms
[32.050s][info][gc,phases   ] GC(239)   Merge Heap Roots: 0.2ms
[32.050s][info][gc,phases   ] GC(239)   Evacuate Collection Set: 1.1ms
[32.050s][info][gc,phases   ] GC(239)   Post Evacuate Collection Set: 0.9ms
[32.050s][info][gc,phases   ] GC(239)   Other: 0.4ms
[32.050s][info][gc,heap     ] GC(239) Eden regions: 34->0(34)
[32.050s][info][gc,heap     ] GC(239) Survivor regions: 4->4(5)
[32.051s][info][gc,heap     ] GC(239) Old regions: 8->8
[32.051s][info][gc,heap     ] GC(239) Archive regions: 0->0
[32.051s][info][gc,heap     ] GC(239) Humongous regions: 0->0
[32.051s][info][gc,metaspace] GC(239) Metaspace: 165K(384K)->165K(384K) NonClass: 156K(256K)->156K(256K) Class: 8K(128K)->8K(128K)
[32.051s][info][gc          ] GC(239) Pause Young (Normal) (G1 Evacuation Pause) 44M->10M(64M) 3.324ms
[32.051s][info][gc,cpu      ] GC(239) User=0.00s Sys=0.00s Real=0.00s
[32.197s][info][gc,start    ] GC(240) Pause Young (Normal) (G1 Evacuation Pause)
[32.197s][info][gc,task     ] GC(240) Using 4 workers of 8 for evacuation
[32.199s][info][gc,phases   ] GC(240)   Pre Evacuate Collection Set: 0.3ms
[32.199s][info][gc,phases   ] GC(240)   Merge Heap Roots: 0.2ms
[32.199s][info][gc,phases   ] GC(240)   Evacuate Collection Set: 0.7ms
[32.199s][info][gc,phases   ] GC(240)   Post Evacuate Collection Set: 1.0ms
[32.199s][info][gc,phases   ] GC(240)   Other: 0.4ms
[32.199s][info][gc,heap     ] GC(240) Eden regions: 34->0(34)
[32.200s][info][gc,heap     ] GC(240) Survivor regions: 4->4(5)
[32.200s][info][gc,heap     ] GC(240) Old regions: 8->8
[32.200s][info][gc,heap     ] GC(240) Archive regions: 0->0
[32.200s][info][gc,heap     ] GC(240) Humongous regions: 0->0
[32.200s][info][gc,metaspace] GC(240) Metaspace: 165K(384K)->165K(384K) NonClass: 156K(256K)->156K(256K) Class: 8K(128K)->8K(128K)
[32.200s][info][gc          ] GC(240) Pause Young (Normal) (G1 Evacuation Pause) 44M->10M(64M) 3.012ms
[32.200s][info][gc,cpu      ] GC(240) User=0.02s Sys=0.00s Real=0.00s
[32.299s][info][gc,start    ] GC(241) Pause Young (Normal) (G1 Evacuation Pause)
[32.299s][info][gc,task     ] GC(241) Using 4 workers of 8 for evacuation
[32.302s][info][gc,phases   ] GC(241)   Pre Evacuate Collection Set: 0.2ms
[32.302s][info][gc,phases   ] GC(241)   Merge Heap Roots: 0.2ms
[32.302s][info][gc,phases   ] GC(241)   Evacuate Collection Set: 1.7ms
[32.302s][info][gc,phases   ] GC(241)   Post Evacuate Collection Set: 0.9ms
[32.303s][info][gc,phases   ] GC(241)   Other: 0.4ms
[32.303s][info][gc,heap     ] GC(241) Eden regions: 34->0(33)
[32.303s][info][gc,heap     ] GC(241) Survivor regions: 4->5(5)
[32.303s][info][gc,heap     ] GC(241) Old regions: 8->8
[32.303s][info][gc,heap     ] GC(241) Archive regions: 0->0
[32.303s][info][gc,heap     ] GC(241) Humongous regions: 0->0
[32.303s][info][gc,metaspace] GC(241) Metaspace: 165K(384K)->165K(384K) NonClass: 156K(256K)->156K(256K) Class: 8K(128K)->8K(128K)
[32.303s][info][gc          ] GC(241) Pause Young (Normal) (G1 Evacuation Pause) 44M->11M(64M) 4.012ms
[32.303s][info][gc,cpu      ] GC(241) User=0.00s Sys=0.00s Real=0.00s
[32.447s][info][gc,start    ] GC(242) Pause Young (Normal) (G1 Evacuation Pause)
[32.448s][info][gc,task     ] GC(242) Using 4 workers of 8 for evacuation
[32.450s][info][gc,phases   ] GC(242)   Pre Evacuate Collection Set: 0.2ms
[32.450s][info][gc,phases   ] GC(242)   Merge Heap Roots: 0.2ms
[32.450s][info][gc,phases   ] GC(242)   Evacuate Collection Set: 0.7ms
[32.450s][info][gc,phases   ] GC(242)   Post Evacuate Collection Set: 1.0ms
[32.450s][info][gc,phases   ] GC(242)   Other: 0.4ms
[32.450s][info][gc,heap     ] GC(242) Eden regions: 33->0(35)
[32.450s][info][gc,heap     ] GC(242) Survivor regions: 5->3(5)
[32.450s][info][gc,heap     ] GC(242) Old regions: 8->8
[32.450s][info][gc,heap     ] GC(242) Archive regions: 0->0
[32.450s][info][gc,heap     ] GC(242) Humongous regions: 0->0
[32.450s][info][gc,metaspace] GC(242) Metaspace: 165K(384K)->165K(384K) NonClass: 156K(256K)->156K(256K) Class: 8K(128K)->8K(128K)
[32.450s][info][gc          ] GC(242) Pause Young (Normal) (G1 Evacuation Pause) 44M->9M(64M) 2.957ms
[32.451s][info][gc,cpu      ] GC(242) User=0.02s Sys=0.00s Real=0.00s
[32.598s][info][gc,start    ] GC(243) Pause Young (Normal) (G1 Evacuation Pause)
[32.598s][info][gc,task     ] GC(243) Using 4 workers of 8 for evacuation
[32.600s][info][gc,phases   ] GC(243)   Pre Evacuate Collection Set: 0.2ms
[32.600s][info][gc,phases   ] GC(243)   Merge Heap Roots: 0.2ms
[32.601s][info][gc,phases   ] GC(243)   Evacuate Collection Set: 1.2ms
[32.601s][info][gc,phases   ] GC(243)   Post Evacuate Collection Set: 0.7ms
[32.601s][info][gc,phases   ] GC(243)   Other: 0.4ms
[32.601s][info][gc,heap     ] GC(243) Eden regions: 35->0(33)
[32.601s][info][gc,heap     ] GC(243) Survivor regions: 3->5(5)
[32.601s][info][gc,heap     ] GC(243) Old regions: 8->8
[32.601s][info][gc,heap     ] GC(243) Archive regions: 0->0
[32.601s][info][gc,heap     ] GC(243) Humongous regions: 0->0
[32.601s][info][gc,metaspace] GC(243) Metaspace: 165K(384K)->165K(384K) NonClass: 156K(256K)->156K(256K) Class: 8K(128K)->8K(128K)
[32.601s][info][gc          ] GC(243) Pause Young (Normal) (G1 Evacuation Pause) 44M->11M(64M) 3.319ms
[32.601s][info][gc,cpu      ] GC(243) User=0.00s Sys=0.00s Real=0.00s
[32.699s][info][gc,start    ] GC(244) Pause Young (Normal) (G1 Evacuation Pause)
[32.699s][info][gc,task     ] GC(244) Using 4 workers of 8 for evacuation
[32.702s][info][gc,phases   ] GC(244)   Pre Evacuate Collection Set: 0.2ms
[32.702s][info][gc,phases   ] GC(244)   Merge Heap Roots: 0.2ms
[32.702s][info][gc,phases   ] GC(244)   Evacuate Collection Set: 0.9ms
[32.702s][info][gc,phases   ] GC(244)   Post Evacuate Collection Set: 1.2ms
[32.702s][info][gc,phases   ] GC(244)   Other: 0.4ms
[32.702s][info][gc,heap     ] GC(244) Eden regions: 33->0(35)
[32.702s][info][gc,heap     ] GC(244) Survivor regions: 5->3(5)
[32.702s][info][gc,heap     ] GC(244) Old regions: 8->8
[32.702s][info][gc,heap     ] GC(244) Archive regions: 0->0
[32.702s][info][gc,heap     ] GC(244) Humongous regions: 0->0
[32.702s][info][gc,metaspace] GC(244) Metaspace: 165K(384K)->165K(384K) NonClass: 156K(256K)->156K(256K) Class: 8K(128K)->8K(128K)
[32.702s][info][gc          ] GC(244) Pause Young (Normal) (G1 Evacuation Pause) 44M->10M(64M) 3.420ms
[32.702s][info][gc,cpu      ] GC(244) User=0.06s Sys=0.00s Real=0.00s
[32.849s][info][gc,start    ] GC(245) Pause Young (Normal) (G1 Evacuation Pause)
[32.850s][info][gc,task     ] GC(245) Using 4 workers of 8 for evacuation
[32.853s][info][gc,phases   ] GC(245)   Pre Evacuate Collection Set: 0.2ms
[32.853s][info][gc,phases   ] GC(245)   Merge Heap Roots: 0.3ms
[32.853s][info][gc,phases   ] GC(245)   Evacuate Collection Set: 1.5ms
[32.853s][info][gc,phases   ] GC(245)   Post Evacuate Collection Set: 1.0ms
[32.853s][info][gc,phases   ] GC(245)   Other: 0.4ms
[32.853s][info][gc,heap     ] GC(245) Eden regions: 35->0(33)
[32.853s][info][gc,heap     ] GC(245) Survivor regions: 3->5(5)
[32.853s][info][gc,heap     ] GC(245) Old regions: 8->8
[32.853s][info][gc,heap     ] GC(245) Archive regions: 0->0
[32.853s][info][gc,heap     ] GC(245) Humongous regions: 0->0
[32.853s][info][gc,metaspace] GC(245) Metaspace: 165K(384K)->165K(384K) NonClass: 156K(256K)->156K(256K) Class: 8K(128K)->8K(128K)
[32.853s][info][gc          ] GC(245) Pause Young (Normal) (G1 Evacuation Pause) 45M->11M(64M) 3.783ms
[32.853s][info][gc,cpu      ] GC(245) User=0.00s Sys=0.00s Real=0.00s
[32.996s][info][gc,start    ] GC(246) Pause Young (Normal) (G1 Evacuation Pause)
[32.996s][info][gc,task     ] GC(246) Using 4 workers of 8 for evacuation
[32.998s][info][gc,phases   ] GC(246)   Pre Evacuate Collection Set: 0.2ms
[32.998s][info][gc,phases   ] GC(246)   Merge Heap Roots: 0.2ms
[32.998s][info][gc,phases   ] GC(246)   Evacuate Collection Set: 0.8ms
[32.998s][info][gc,phases   ] GC(246)   Post Evacuate Collection Set: 0.9ms
[32.998s][info][gc,phases   ] GC(246)   Other: 0.3ms
[32.998s][info][gc,heap     ] GC(246) Eden regions: 33->0(34)
[32.998s][info][gc,heap     ] GC(246) Survivor regions: 5->4(5)
[32.998s][info][gc,heap     ] GC(246) Old regions: 8->8
[32.998s][info][gc,heap     ] GC(246) Archive regions: 0->0
[32.998s][info][gc,heap     ] GC(246) Humongous regions: 0->0
[32.998s][info][gc,metaspace] GC(246) Metaspace: 165K(384K)->165K(384K) NonClass: 156K(256K)->156K(256K) Class: 8K(128K)->8K(128K)
[32.999s][info][gc          ] GC(246) Pause Young (Normal) (G1 Evacuation Pause) 44M->10M(64M) 2.946ms
[32.999s][info][gc,cpu      ] GC(246) User=0.02s Sys=0.00s Real=0.00s
[33.097s][info][gc,start    ] GC(247) Pause Young (Normal) (G1 Evacuation Pause)
[33.098s][info][gc,task     ] GC(247) Using 4 workers of 8 for evacuation
[33.100s][info][gc,phases   ] GC(247)   Pre Evacuate Collection Set: 0.2ms
[33.101s][info][gc,phases   ] GC(247)   Merge Heap Roots: 0.2ms
[33.101s][info][gc,phases   ] GC(247)   Evacuate Collection Set: 1.5ms
[33.101s][info][gc,phases   ] GC(247)   Post Evacuate Collection Set: 0.8ms
[33.101s][info][gc,phases   ] GC(247)   Other: 0.4ms
[33.101s][info][gc,heap     ] GC(247) Eden regions: 34->0(33)
[33.101s][info][gc,heap     ] GC(247) Survivor regions: 4->5(5)
[33.101s][info][gc,heap     ] GC(247) Old regions: 8->8
[33.101s][info][gc,heap     ] GC(247) Archive regions: 0->0
[33.101s][info][gc,heap     ] GC(247) Humongous regions: 0->0
[33.101s][info][gc,metaspace] GC(247) Metaspace: 165K(384K)->165K(384K) NonClass: 156K(256K)->156K(256K) Class: 8K(128K)->8K(128K)
[33.101s][info][gc          ] GC(247) Pause Young (Normal) (G1 Evacuation Pause) 44M->11M(64M) 3.540ms
[33.101s][info][gc,cpu      ] GC(247) User=0.00s Sys=0.00s Real=0.00s
[33.247s][info][gc,start    ] GC(248) Pause Young (Normal) (G1 Evacuation Pause)
[33.247s][info][gc,task     ] GC(248) Using 4 workers of 8 for evacuation
[33.249s][info][gc,phases   ] GC(248)   Pre Evacuate Collection Set: 0.2ms
[33.250s][info][gc,phases   ] GC(248)   Merge Heap Roots: 0.2ms
[33.250s][info][gc,phases   ] GC(248)   Evacuate Collection Set: 0.5ms
[33.250s][info][gc,phases   ] GC(248)   Post Evacuate Collection Set: 0.9ms
[33.250s][info][gc,phases   ] GC(248)   Other: 0.3ms
[33.250s][info][gc,heap     ] GC(248) Eden regions: 33->0(35)
[33.250s][info][gc,heap     ] GC(248) Survivor regions: 5->3(5)
[33.250s][info][gc,heap     ] GC(248) Old regions: 8->8
[33.250s][info][gc,heap     ] GC(248) Archive regions: 0->0
[33.250s][info][gc,heap     ] GC(248) Humongous regions: 0->0
[33.250s][info][gc,metaspace] GC(248) Metaspace: 165K(384K)->165K(384K) NonClass: 156K(256K)->156K(256K) Class: 8K(128K)->8K(128K)
[33.250s][info][gc          ] GC(248) Pause Young (Normal) (G1 Evacuation Pause) 44M->9M(64M) 2.676ms
[33.250s][info][gc,cpu      ] GC(248) User=0.00s Sys=0.00s Real=0.00s
[33.395s][info][gc,start    ] GC(249) Pause Young (Normal) (G1 Evacuation Pause)
[33.395s][info][gc,task     ] GC(249) Using 4 workers of 8 for evacuation
[33.397s][info][gc,phases   ] GC(249)   Pre Evacuate Collection Set: 0.2ms
[33.397s][info][gc,phases   ] GC(249)   Merge Heap Roots: 0.1ms
[33.397s][info][gc,phases   ] GC(249)   Evacuate Collection Set: 0.6ms
[33.397s][info][gc,phases   ] GC(249)   Post Evacuate Collection Set: 0.8ms
[33.397s][info][gc,phases   ] GC(249)   Other: 0.4ms
[33.397s][info][gc,heap     ] GC(249) Eden regions: 35->0(34)
[33.397s][info][gc,heap     ] GC(249) Survivor regions: 3->4(5)
[33.397s][info][gc,heap     ] GC(249) Old regions: 8->8
[33.397s][info][gc,heap     ] GC(249) Archive regions: 0->0
[33.397s][info][gc,heap     ] GC(249) Humongous regions: 0->0
[33.397s][info][gc,metaspace] GC(249) Metaspace: 165K(384K)->165K(384K) NonClass: 156K(256K)->156K(256K) Class: 8K(128K)->8K(128K)
[33.398s][info][gc          ] GC(249) Pause Young (Normal) (G1 Evacuation Pause) 44M->10M(64M) 2.474ms
[33.398s][info][gc,cpu      ] GC(249) User=0.00s Sys=0.00s Real=0.00s
[33.499s][info][gc,start    ] GC(250) Pause Young (Normal) (G1 Evacuation Pause)
[33.499s][info][gc,task     ] GC(250) Using 4 workers of 8 for evacuation
[33.501s][info][gc,phases   ] GC(250)   Pre Evacuate Collection Set: 0.1ms
[33.501s][info][gc,phases   ] GC(250)   Merge Heap Roots: 0.2ms
[33.501s][info][gc,phases   ] GC(250)   Evacuate Collection Set: 1.1ms
[33.501s][info][gc,phases   ] GC(250)   Post Evacuate Collection Set: 0.6ms
[33.501s][info][gc,phases   ] GC(250)   Other: 0.4ms
[33.501s][info][gc,heap     ] GC(250) Eden regions: 34->0(33)
[33.501s][info][gc,heap     ] GC(250) Survivor regions: 4->5(5)
[33.501s][info][gc,heap     ] GC(250) Old regions: 8->8
[33.502s][info][gc,heap     ] GC(250) Archive regions: 0->0
[33.502s][info][gc,heap     ] GC(250) Humongous regions: 0->0
[33.502s][info][gc,metaspace] GC(250) Metaspace: 165K(384K)->165K(384K) NonClass: 156K(256K)->156K(256K) Class: 8K(128K)->8K(128K)
[33.502s][info][gc          ] GC(250) Pause Young (Normal) (G1 Evacuation Pause) 44M->11M(64M) 2.867ms
[33.502s][info][gc,cpu      ] GC(250) User=0.00s Sys=0.00s Real=0.00s
[33.646s][info][gc,start    ] GC(251) Pause Young (Normal) (G1 Evacuation Pause)
[33.646s][info][gc,task     ] GC(251) Using 4 workers of 8 for evacuation
[33.648s][info][gc,phases   ] GC(251)   Pre Evacuate Collection Set: 0.2ms
[33.648s][info][gc,phases   ] GC(251)   Merge Heap Roots: 0.2ms
[33.648s][info][gc,phases   ] GC(251)   Evacuate Collection Set: 0.5ms
[33.648s][info][gc,phases   ] GC(251)   Post Evacuate Collection Set: 0.9ms
[33.648s][info][gc,phases   ] GC(251)   Other: 0.3ms
[33.648s][info][gc,heap     ] GC(251) Eden regions: 33->0(35)
[33.648s][info][gc,heap     ] GC(251) Survivor regions: 5->3(5)
[33.648s][info][gc,heap     ] GC(251) Old regions: 8->8
[33.648s][info][gc,heap     ] GC(251) Archive regions: 0->0
[33.648s][info][gc,heap     ] GC(251) Humongous regions: 0->0
[33.648s][info][gc,metaspace] GC(251) Metaspace: 165K(384K)->165K(384K) NonClass: 156K(256K)->156K(256K) Class: 8K(128K)->8K(128K)
[33.648s][info][gc          ] GC(251) Pause Young (Normal) (G1 Evacuation Pause) 44M->9M(64M) 2.661ms
[33.649s][info][gc,cpu      ] GC(251) User=0.00s Sys=0.00s Real=0.00s
[33.796s][info][gc,start    ] GC(252) Pause Young (Normal) (G1 Evacuation Pause)
[33.797s][info][gc,task     ] GC(252) Using 4 workers of 8 for evacuation
[33.799s][info][gc,phases   ] GC(252)   Pre Evacuate Collection Set: 0.1ms
[33.799s][info][gc,phases   ] GC(252)   Merge Heap Roots: 0.1ms
[33.799s][info][gc,phases   ] GC(252)   Evacuate Collection Set: 1.9ms
[33.799s][info][gc,phases   ] GC(252)   Post Evacuate Collection Set: 0.4ms
[33.799s][info][gc,phases   ] GC(252)   Other: 0.4ms
[33.799s][info][gc,heap     ] GC(252) Eden regions: 35->0(33)
[33.799s][info][gc,heap     ] GC(252) Survivor regions: 3->5(5)
[33.799s][info][gc,heap     ] GC(252) Old regions: 8->8
[33.799s][info][gc,heap     ] GC(252) Archive regions: 0->0
[33.799s][info][gc,heap     ] GC(252) Humongous regions: 0->0
[33.799s][info][gc,metaspace] GC(252) Metaspace: 165K(384K)->165K(384K) NonClass: 156K(256K)->156K(256K) Class: 8K(128K)->8K(128K)
[33.800s][info][gc          ] GC(252) Pause Young (Normal) (G1 Evacuation Pause) 44M->11M(64M) 3.107ms
[33.800s][info][gc,cpu      ] GC(252) User=0.00s Sys=0.00s Real=0.00s
[33.897s][info][gc,start    ] GC(253) Pause Young (Normal) (G1 Evacuation Pause)
[33.897s][info][gc,task     ] GC(253) Using 4 workers of 8 for evacuation
[33.899s][info][gc,phases   ] GC(253)   Pre Evacuate Collection Set: 0.1ms
[33.899s][info][gc,phases   ] GC(253)   Merge Heap Roots: 0.1ms
[33.899s][info][gc,phases   ] GC(253)   Evacuate Collection Set: 0.8ms
[33.899s][info][gc,phases   ] GC(253)   Post Evacuate Collection Set: 0.7ms
[33.899s][info][gc,phases   ] GC(253)   Other: 0.4ms
[33.899s][info][gc,heap     ] GC(253) Eden regions: 33->0(34)
[33.899s][info][gc,heap     ] GC(253) Survivor regions: 5->4(5)
[33.899s][info][gc,heap     ] GC(253) Old regions: 8->8
[33.899s][info][gc,heap     ] GC(253) Archive regions: 0->0
[33.899s][info][gc,heap     ] GC(253) Humongous regions: 0->0
[33.899s][info][gc,metaspace] GC(253) Metaspace: 165K(384K)->165K(384K) NonClass: 156K(256K)->156K(256K) Class: 8K(128K)->8K(128K)
[33.899s][info][gc          ] GC(253) Pause Young (Normal) (G1 Evacuation Pause) 44M->10M(64M) 2.571ms
[33.900s][info][gc,cpu      ] GC(253) User=0.00s Sys=0.00s Real=0.00s
[34.045s][info][gc,start    ] GC(254) Pause Young (Normal) (G1 Evacuation Pause)
[34.045s][info][gc,task     ] GC(254) Using 4 workers of 8 for evacuation
[34.047s][info][gc,phases   ] GC(254)   Pre Evacuate Collection Set: 0.1ms
[34.047s][info][gc,phases   ] GC(254)   Merge Heap Roots: 0.1ms
[34.047s][info][gc,phases   ] GC(254)   Evacuate Collection Set: 0.5ms
[34.047s][info][gc,phases   ] GC(254)   Post Evacuate Collection Set: 0.6ms
[34.047s][info][gc,phases   ] GC(254)   Other: 0.2ms
[34.047s][info][gc,heap     ] GC(254) Eden regions: 34->0(33)
[34.047s][info][gc,heap     ] GC(254) Survivor regions: 4->5(5)
[34.047s][info][gc,heap     ] GC(254) Old regions: 8->8
[34.047s][info][gc,heap     ] GC(254) Archive regions: 0->0
[34.047s][info][gc,heap     ] GC(254) Humongous regions: 0->0
[34.047s][info][gc,metaspace] GC(254) Metaspace: 165K(384K)->165K(384K) NonClass: 156K(256K)->156K(256K) Class: 8K(128K)->8K(128K)
[34.047s][info][gc          ] GC(254) Pause Young (Normal) (G1 Evacuation Pause) 44M->11M(64M) 1.774ms
[34.047s][info][gc,cpu      ] GC(254) User=0.00s Sys=0.00s Real=0.00s
[34.197s][info][gc,start    ] GC(255) Pause Young (Normal) (G1 Evacuation Pause)
[34.197s][info][gc,task     ] GC(255) Using 4 workers of 8 for evacuation
[34.199s][info][gc,phases   ] GC(255)   Pre Evacuate Collection Set: 0.2ms
[34.199s][info][gc,phases   ] GC(255)   Merge Heap Roots: 0.2ms
[34.199s][info][gc,phases   ] GC(255)   Evacuate Collection Set: 0.5ms
[34.199s][info][gc,phases   ] GC(255)   Post Evacuate Collection Set: 0.9ms
[34.199s][info][gc,phases   ] GC(255)   Other: 0.3ms
[34.200s][info][gc,heap     ] GC(255) Eden regions: 33->0(35)
[34.200s][info][gc,heap     ] GC(255) Survivor regions: 5->3(5)
[34.200s][info][gc,heap     ] GC(255) Old regions: 8->8
[34.200s][info][gc,heap     ] GC(255) Archive regions: 0->0
[34.200s][info][gc,heap     ] GC(255) Humongous regions: 0->0
[34.200s][info][gc,metaspace] GC(255) Metaspace: 165K(384K)->165K(384K) NonClass: 156K(256K)->156K(256K) Class: 8K(128K)->8K(128K)
[34.200s][info][gc          ] GC(255) Pause Young (Normal) (G1 Evacuation Pause) 44M->9M(64M) 2.574ms
[34.200s][info][gc,cpu      ] GC(255) User=0.03s Sys=0.00s Real=0.00s
[34.298s][info][gc,start    ] GC(256) Pause Young (Normal) (G1 Evacuation Pause)
[34.298s][info][gc,task     ] GC(256) Using 4 workers of 8 for evacuation
[34.301s][info][gc,phases   ] GC(256)   Pre Evacuate Collection Set: 0.2ms
[34.301s][info][gc,phases   ] GC(256)   Merge Heap Roots: 0.2ms
[34.301s][info][gc,phases   ] GC(256)   Evacuate Collection Set: 1.2ms
[34.301s][info][gc,phases   ] GC(256)   Post Evacuate Collection Set: 1.1ms
[34.301s][info][gc,phases   ] GC(256)   Other: 0.3ms
[34.301s][info][gc,heap     ] GC(256) Eden regions: 35->0(33)
[34.301s][info][gc,heap     ] GC(256) Survivor regions: 3->5(5)
[34.301s][info][gc,heap     ] GC(256) Old regions: 8->8
[34.302s][info][gc,heap     ] GC(256) Archive regions: 0->0
[34.302s][info][gc,heap     ] GC(256) Humongous regions: 0->0
[34.302s][info][gc,metaspace] GC(256) Metaspace: 165K(384K)->165K(384K) NonClass: 156K(256K)->156K(256K) Class: 8K(128K)->8K(128K)
[34.302s][info][gc          ] GC(256) Pause Young (Normal) (G1 Evacuation Pause) 44M->11M(64M) 3.510ms
[34.302s][info][gc,cpu      ] GC(256) User=0.00s Sys=0.00s Real=0.00s
[34.446s][info][gc,start    ] GC(257) Pause Young (Normal) (G1 Evacuation Pause)
[34.446s][info][gc,task     ] GC(257) Using 4 workers of 8 for evacuation
[34.448s][info][gc,phases   ] GC(257)   Pre Evacuate Collection Set: 0.3ms
[34.448s][info][gc,phases   ] GC(257)   Merge Heap Roots: 0.3ms
[34.448s][info][gc,phases   ] GC(257)   Evacuate Collection Set: 0.8ms
[34.448s][info][gc,phases   ] GC(257)   Post Evacuate Collection Set: 0.8ms
[34.449s][info][gc,phases   ] GC(257)   Other: 0.3ms
[34.449s][info][gc,heap     ] GC(257) Eden regions: 33->0(34)
[34.449s][info][gc,heap     ] GC(257) Survivor regions: 5->4(5)
[34.449s][info][gc,heap     ] GC(257) Old regions: 8->8
[34.449s][info][gc,heap     ] GC(257) Archive regions: 0->0
[34.449s][info][gc,heap     ] GC(257) Humongous regions: 0->0
[34.449s][info][gc,metaspace] GC(257) Metaspace: 165K(384K)->165K(384K) NonClass: 156K(256K)->156K(256K) Class: 8K(128K)->8K(128K)
[34.449s][info][gc          ] GC(257) Pause Young (Normal) (G1 Evacuation Pause) 44M->10M(64M) 2.991ms
[34.449s][info][gc,cpu      ] GC(257) User=0.00s Sys=0.00s Real=0.00s
[34.597s][info][gc,start    ] GC(258) Pause Young (Normal) (G1 Evacuation Pause)
[34.597s][info][gc,task     ] GC(258) Using 4 workers of 8 for evacuation
[34.599s][info][gc,phases   ] GC(258)   Pre Evacuate Collection Set: 0.1ms
[34.599s][info][gc,phases   ] GC(258)   Merge Heap Roots: 0.2ms
[34.599s][info][gc,phases   ] GC(258)   Evacuate Collection Set: 0.9ms
[34.599s][info][gc,phases   ] GC(258)   Post Evacuate Collection Set: 0.8ms
[34.599s][info][gc,phases   ] GC(258)   Other: 0.3ms
[34.599s][info][gc,heap     ] GC(258) Eden regions: 34->0(33)
[34.599s][info][gc,heap     ] GC(258) Survivor regions: 4->5(5)
[34.599s][info][gc,heap     ] GC(258) Old regions: 8->8
[34.599s][info][gc,heap     ] GC(258) Archive regions: 0->0
[34.599s][info][gc,heap     ] GC(258) Humongous regions: 0->0
[34.599s][info][gc,metaspace] GC(258) Metaspace: 165K(384K)->165K(384K) NonClass: 156K(256K)->156K(256K) Class: 8K(128K)->8K(128K)
[34.599s][info][gc          ] GC(258) Pause Young (Normal) (G1 Evacuation Pause) 44M->11M(64M) 2.855ms
[34.599s][info][gc,cpu      ] GC(258) User=0.00s Sys=0.00s Real=0.00s
[34.698s][info][gc,start    ] GC(259) Pause Young (Normal) (G1 Evacuation Pause)
[34.698s][info][gc,task     ] GC(259) Using 4 workers of 8 for evacuation
[34.700s][info][gc,phases   ] GC(259)   Pre Evacuate Collection Set: 0.2ms
[34.700s][info][gc,phases   ] GC(259)   Merge Heap Roots: 0.2ms
[34.700s][info][gc,phases   ] GC(259)   Evacuate Collection Set: 0.6ms
[34.700s][info][gc,phases   ] GC(259)   Post Evacuate Collection Set: 0.8ms
[34.700s][info][gc,phases   ] GC(259)   Other: 0.4ms
[34.700s][info][gc,heap     ] GC(259) Eden regions: 33->0(35)
[34.700s][info][gc,heap     ] GC(259) Survivor regions: 5->3(5)
[34.700s][info][gc,heap     ] GC(259) Old regions: 8->8
[34.700s][info][gc,heap     ] GC(259) Archive regions: 0->0
[34.700s][info][gc,heap     ] GC(259) Humongous regions: 0->0
[34.700s][info][gc,metaspace] GC(259) Metaspace: 165K(384K)->165K(384K) NonClass: 156K(256K)->156K(256K) Class: 8K(128K)->8K(128K)
[34.700s][info][gc          ] GC(259) Pause Young (Normal) (G1 Evacuation Pause) 44M->9M(64M) 2.757ms
[34.701s][info][gc,cpu      ] GC(259) User=0.00s Sys=0.00s Real=0.00s
[34.847s][info][gc,start    ] GC(260) Pause Young (Normal) (G1 Evacuation Pause)
[34.847s][info][gc,task     ] GC(260) Using 4 workers of 8 for evacuation
[34.850s][info][gc,phases   ] GC(260)   Pre Evacuate Collection Set: 0.2ms
[34.850s][info][gc,phases   ] GC(260)   Merge Heap Roots: 0.2ms
[34.850s][info][gc,phases   ] GC(260)   Evacuate Collection Set: 0.9ms
[34.850s][info][gc,phases   ] GC(260)   Post Evacuate Collection Set: 0.8ms
[34.850s][info][gc,phases   ] GC(260)   Other: 0.4ms
[34.850s][info][gc,heap     ] GC(260) Eden regions: 35->0(33)
[34.850s][info][gc,heap     ] GC(260) Survivor regions: 3->5(5)
[34.850s][info][gc,heap     ] GC(260) Old regions: 8->8
[34.850s][info][gc,heap     ] GC(260) Archive regions: 0->0
[34.850s][info][gc,heap     ] GC(260) Humongous regions: 0->0
[34.850s][info][gc,metaspace] GC(260) Metaspace: 165K(384K)->165K(384K) NonClass: 156K(256K)->156K(256K) Class: 8K(128K)->8K(128K)
[34.851s][info][gc          ] GC(260) Pause Young (Normal) (G1 Evacuation Pause) 44M->11M(64M) 3.476ms
[34.851s][info][gc,cpu      ] GC(260) User=0.00s Sys=0.00s Real=0.00s
[34.996s][info][gc,start    ] GC(261) Pause Young (Normal) (G1 Evacuation Pause)
[34.996s][info][gc,task     ] GC(261) Using 4 workers of 8 for evacuation
[34.998s][info][gc,phases   ] GC(261)   Pre Evacuate Collection Set: 0.2ms
[34.998s][info][gc,phases   ] GC(261)   Merge Heap Roots: 0.2ms
[34.998s][info][gc,phases   ] GC(261)   Evacuate Collection Set: 0.7ms
[34.998s][info][gc,phases   ] GC(261)   Post Evacuate Collection Set: 0.9ms
[34.998s][info][gc,phases   ] GC(261)   Other: 0.3ms
[34.998s][info][gc,heap     ] GC(261) Eden regions: 33->0(34)
[34.998s][info][gc,heap     ] GC(261) Survivor regions: 5->4(5)
[34.998s][info][gc,heap     ] GC(261) Old regions: 8->8
[34.998s][info][gc,heap     ] GC(261) Archive regions: 0->0
[34.998s][info][gc,heap     ] GC(261) Humongous regions: 0->0
[34.998s][info][gc,metaspace] GC(261) Metaspace: 165K(384K)->165K(384K) NonClass: 156K(256K)->156K(256K) Class: 8K(128K)->8K(128K)
[34.998s][info][gc          ] GC(261) Pause Young (Normal) (G1 Evacuation Pause) 44M->10M(64M) 2.760ms
[34.999s][info][gc,cpu      ] GC(261) User=0.06s Sys=0.00s Real=0.00s
[35.098s][info][gc,start    ] GC(262) Pause Young (Normal) (G1 Evacuation Pause)
[35.098s][info][gc,task     ] GC(262) Using 4 workers of 8 for evacuation
[35.100s][info][gc,phases   ] GC(262)   Pre Evacuate Collection Set: 0.1ms
[35.100s][info][gc,phases   ] GC(262)   Merge Heap Roots: 0.1ms
[35.100s][info][gc,phases   ] GC(262)   Evacuate Collection Set: 0.8ms
[35.100s][info][gc,phases   ] GC(262)   Post Evacuate Collection Set: 0.8ms
[35.100s][info][gc,phases   ] GC(262)   Other: 0.5ms
[35.100s][info][gc,heap     ] GC(262) Eden regions: 34->0(33)
[35.100s][info][gc,heap     ] GC(262) Survivor regions: 4->5(5)
[35.100s][info][gc,heap     ] GC(262) Old regions: 8->8
[35.100s][info][gc,heap     ] GC(262) Archive regions: 0->0
[35.100s][info][gc,heap     ] GC(262) Humongous regions: 0->0
[35.100s][info][gc,metaspace] GC(262) Metaspace: 165K(384K)->165K(384K) NonClass: 156K(256K)->156K(256K) Class: 8K(128K)->8K(128K)
[35.100s][info][gc          ] GC(262) Pause Young (Normal) (G1 Evacuation Pause) 44M->11M(64M) 2.832ms
[35.101s][info][gc,cpu      ] GC(262) User=0.00s Sys=0.00s Real=0.00s
[35.245s][info][gc,start    ] GC(263) Pause Young (Normal) (G1 Evacuation Pause)
[35.245s][info][gc,task     ] GC(263) Using 4 workers of 8 for evacuation
[35.247s][info][gc,phases   ] GC(263)   Pre Evacuate Collection Set: 0.2ms
[35.247s][info][gc,phases   ] GC(263)   Merge Heap Roots: 0.2ms
[35.247s][info][gc,phases   ] GC(263)   Evacuate Collection Set: 0.5ms
[35.247s][info][gc,phases   ] GC(263)   Post Evacuate Collection Set: 0.8ms
[35.248s][info][gc,phases   ] GC(263)   Other: 0.4ms
[35.248s][info][gc,heap     ] GC(263) Eden regions: 33->0(35)
[35.248s][info][gc,heap     ] GC(263) Survivor regions: 5->3(5)
[35.248s][info][gc,heap     ] GC(263) Old regions: 8->8
[35.248s][info][gc,heap     ] GC(263) Archive regions: 0->0
[35.248s][info][gc,heap     ] GC(263) Humongous regions: 0->0
[35.248s][info][gc,metaspace] GC(263) Metaspace: 165K(384K)->165K(384K) NonClass: 156K(256K)->156K(256K) Class: 8K(128K)->8K(128K)
[35.248s][info][gc          ] GC(263) Pause Young (Normal) (G1 Evacuation Pause) 44M->9M(64M) 2.869ms
[35.248s][info][gc,cpu      ] GC(263) User=0.06s Sys=0.00s Real=0.00s
[35.395s][info][gc,start    ] GC(264) Pause Young (Normal) (G1 Evacuation Pause)
[35.395s][info][gc,task     ] GC(264) Using 4 workers of 8 for evacuation
[35.397s][info][gc,phases   ] GC(264)   Pre Evacuate Collection Set: 0.2ms
[35.397s][info][gc,phases   ] GC(264)   Merge Heap Roots: 0.2ms
[35.397s][info][gc,phases   ] GC(264)   Evacuate Collection Set: 0.5ms
[35.397s][info][gc,phases   ] GC(264)   Post Evacuate Collection Set: 0.9ms
[35.397s][info][gc,phases   ] GC(264)   Other: 0.3ms
[35.397s][info][gc,heap     ] GC(264) Eden regions: 35->0(35)
[35.397s][info][gc,heap     ] GC(264) Survivor regions: 3->3(5)
[35.397s][info][gc,heap     ] GC(264) Old regions: 8->8
[35.397s][info][gc,heap     ] GC(264) Archive regions: 0->0
[35.398s][info][gc,heap     ] GC(264) Humongous regions: 0->0
[35.398s][info][gc,metaspace] GC(264) Metaspace: 165K(384K)->165K(384K) NonClass: 156K(256K)->156K(256K) Class: 8K(128K)->8K(128K)
[35.398s][info][gc          ] GC(264) Pause Young (Normal) (G1 Evacuation Pause) 44M->9M(64M) 2.829ms
[35.398s][info][gc,cpu      ] GC(264) User=0.00s Sys=0.00s Real=0.00s
[35.498s][info][gc,start    ] GC(265) Pause Young (Normal) (G1 Evacuation Pause)
[35.498s][info][gc,task     ] GC(265) Using 4 workers of 8 for evacuation
[35.500s][info][gc,phases   ] GC(265)   Pre Evacuate Collection Set: 0.2ms
[35.500s][info][gc,phases   ] GC(265)   Merge Heap Roots: 0.2ms
[35.500s][info][gc,phases   ] GC(265)   Evacuate Collection Set: 1.1ms
[35.500s][info][gc,phases   ] GC(265)   Post Evacuate Collection Set: 0.8ms
[35.500s][info][gc,phases   ] GC(265)   Other: 0.3ms
[35.500s][info][gc,heap     ] GC(265) Eden regions: 35->0(33)
[35.500s][info][gc,heap     ] GC(265) Survivor regions: 3->5(5)
[35.501s][info][gc,heap     ] GC(265) Old regions: 8->8
[35.501s][info][gc,heap     ] GC(265) Archive regions: 0->0
[35.501s][info][gc,heap     ] GC(265) Humongous regions: 0->0
[35.501s][info][gc,metaspace] GC(265) Metaspace: 165K(384K)->165K(384K) NonClass: 156K(256K)->156K(256K) Class: 8K(128K)->8K(128K)
[35.501s][info][gc          ] GC(265) Pause Young (Normal) (G1 Evacuation Pause) 44M->11M(64M) 3.082ms
[35.501s][info][gc,cpu      ] GC(265) User=0.00s Sys=0.00s Real=0.00s
[35.646s][info][gc,start    ] GC(266) Pause Young (Normal) (G1 Evacuation Pause)
[35.646s][info][gc,task     ] GC(266) Using 4 workers of 8 for evacuation
[35.648s][info][gc,phases   ] GC(266)   Pre Evacuate Collection Set: 0.2ms
[35.648s][info][gc,phases   ] GC(266)   Merge Heap Roots: 0.2ms
[35.648s][info][gc,phases   ] GC(266)   Evacuate Collection Set: 0.7ms
[35.648s][info][gc,phases   ] GC(266)   Post Evacuate Collection Set: 0.8ms
[35.648s][info][gc,phases   ] GC(266)   Other: 0.4ms
[35.648s][info][gc,heap     ] GC(266) Eden regions: 33->0(34)
[35.648s][info][gc,heap     ] GC(266) Survivor regions: 5->4(5)
[35.648s][info][gc,heap     ] GC(266) Old regions: 8->8
[35.648s][info][gc,heap     ] GC(266) Archive regions: 0->0
[35.648s][info][gc,heap     ] GC(266) Humongous regions: 0->0
[35.648s][info][gc,metaspace] GC(266) Metaspace: 165K(384K)->165K(384K) NonClass: 156K(256K)->156K(256K) Class: 8K(128K)->8K(128K)
[35.648s][info][gc          ] GC(266) Pause Young (Normal) (G1 Evacuation Pause) 44M->10M(64M) 2.707ms
[35.648s][info][gc,cpu      ] GC(266) User=0.00s Sys=0.00s Real=0.00s
[35.795s][info][gc,start    ] GC(267) Pause Young (Normal) (G1 Evacuation Pause)
[35.795s][info][gc,task     ] GC(267) Using 4 workers of 8 for evacuation
[35.797s][info][gc,phases   ] GC(267)   Pre Evacuate Collection Set: 0.2ms
[35.797s][info][gc,phases   ] GC(267)   Merge Heap Roots: 0.1ms
[35.797s][info][gc,phases   ] GC(267)   Evacuate Collection Set: 0.8ms
[35.797s][info][gc,phases   ] GC(267)   Post Evacuate Collection Set: 0.7ms
[35.797s][info][gc,phases   ] GC(267)   Other: 0.4ms
[35.797s][info][gc,heap     ] GC(267) Eden regions: 34->0(33)
[35.797s][info][gc,heap     ] GC(267) Survivor regions: 4->5(5)
[35.798s][info][gc,heap     ] GC(267) Old regions: 8->8
[35.798s][info][gc,heap     ] GC(267) Archive regions: 0->0
[35.798s][info][gc,heap     ] GC(267) Humongous regions: 0->0
[35.798s][info][gc,metaspace] GC(267) Metaspace: 165K(384K)->165K(384K) NonClass: 156K(256K)->156K(256K) Class: 8K(128K)->8K(128K)
[35.798s][info][gc          ] GC(267) Pause Young (Normal) (G1 Evacuation Pause) 44M->11M(64M) 2.818ms
[35.798s][info][gc,cpu      ] GC(267) User=0.00s Sys=0.00s Real=0.00s
[35.896s][info][gc,start    ] GC(268) Pause Young (Normal) (G1 Evacuation Pause)
[35.896s][info][gc,task     ] GC(268) Using 4 workers of 8 for evacuation
[35.897s][info][gc,phases   ] GC(268)   Pre Evacuate Collection Set: 0.2ms
[35.897s][info][gc,phases   ] GC(268)   Merge Heap Roots: 0.1ms
[35.897s][info][gc,phases   ] GC(268)   Evacuate Collection Set: 0.4ms
[35.897s][info][gc,phases   ] GC(268)   Post Evacuate Collection Set: 0.6ms
[35.897s][info][gc,phases   ] GC(268)   Other: 0.2ms
[35.897s][info][gc,heap     ] GC(268) Eden regions: 33->0(34)
[35.897s][info][gc,heap     ] GC(268) Survivor regions: 5->4(5)
[35.897s][info][gc,heap     ] GC(268) Old regions: 8->8
[35.897s][info][gc,heap     ] GC(268) Archive regions: 0->0
[35.897s][info][gc,heap     ] GC(268) Humongous regions: 0->0
[35.897s][info][gc,metaspace] GC(268) Metaspace: 165K(384K)->165K(384K) NonClass: 156K(256K)->156K(256K) Class: 8K(128K)->8K(128K)
[35.897s][info][gc          ] GC(268) Pause Young (Normal) (G1 Evacuation Pause) 44M->10M(64M) 1.710ms
[35.898s][info][gc,cpu      ] GC(268) User=0.00s Sys=0.00s Real=0.00s
[36.045s][info][gc,start    ] GC(269) Pause Young (Normal) (G1 Evacuation Pause)
[36.046s][info][gc,task     ] GC(269) Using 4 workers of 8 for evacuation
[36.048s][info][gc,phases   ] GC(269)   Pre Evacuate Collection Set: 0.2ms
[36.048s][info][gc,phases   ] GC(269)   Merge Heap Roots: 0.2ms
[36.048s][info][gc,phases   ] GC(269)   Evacuate Collection Set: 0.7ms
[36.048s][info][gc,phases   ] GC(269)   Post Evacuate Collection Set: 1.0ms
[36.048s][info][gc,phases   ] GC(269)   Other: 0.3ms
[36.048s][info][gc,heap     ] GC(269) Eden regions: 34->0(34)
[36.048s][info][gc,heap     ] GC(269) Survivor regions: 4->4(5)
[36.048s][info][gc,heap     ] GC(269) Old regions: 8->8
[36.048s][info][gc,heap     ] GC(269) Archive regions: 0->0
[36.048s][info][gc,heap     ] GC(269) Humongous regions: 0->0
[36.048s][info][gc,metaspace] GC(269) Metaspace: 165K(384K)->165K(384K) NonClass: 156K(256K)->156K(256K) Class: 8K(128K)->8K(128K)
[36.048s][info][gc          ] GC(269) Pause Young (Normal) (G1 Evacuation Pause) 44M->11M(64M) 2.939ms
[36.048s][info][gc,cpu      ] GC(269) User=0.00s Sys=0.00s Real=0.00s
[36.196s][info][gc,start    ] GC(270) Pause Young (Normal) (G1 Evacuation Pause)
[36.197s][info][gc,task     ] GC(270) Using 4 workers of 8 for evacuation
[36.198s][info][gc,phases   ] GC(270)   Pre Evacuate Collection Set: 0.1ms
[36.198s][info][gc,phases   ] GC(270)   Merge Heap Roots: 0.2ms
[36.198s][info][gc,phases   ] GC(270)   Evacuate Collection Set: 0.4ms
[36.198s][info][gc,phases   ] GC(270)   Post Evacuate Collection Set: 0.6ms
[36.198s][info][gc,phases   ] GC(270)   Other: 0.3ms
[36.198s][info][gc,heap     ] GC(270) Eden regions: 34->0(35)
[36.198s][info][gc,heap     ] GC(270) Survivor regions: 4->3(5)
[36.198s][info][gc,heap     ] GC(270) Old regions: 8->8
[36.198s][info][gc,heap     ] GC(270) Archive regions: 0->0
[36.198s][info][gc,heap     ] GC(270) Humongous regions: 0->0
[36.198s][info][gc,metaspace] GC(270) Metaspace: 165K(384K)->165K(384K) NonClass: 156K(256K)->156K(256K) Class: 8K(128K)->8K(128K)
[36.198s][info][gc          ] GC(270) Pause Young (Normal) (G1 Evacuation Pause) 45M->9M(64M) 1.982ms
[36.199s][info][gc,cpu      ] GC(270) User=0.00s Sys=0.00s Real=0.00s
[36.298s][info][gc,start    ] GC(271) Pause Young (Normal) (G1 Evacuation Pause)
[36.298s][info][gc,task     ] GC(271) Using 4 workers of 8 for evacuation
[36.301s][info][gc,phases   ] GC(271)   Pre Evacuate Collection Set: 0.2ms
[36.301s][info][gc,phases   ] GC(271)   Merge Heap Roots: 0.2ms
[36.301s][info][gc,phases   ] GC(271)   Evacuate Collection Set: 0.8ms
[36.301s][info][gc,phases   ] GC(271)   Post Evacuate Collection Set: 0.9ms
[36.301s][info][gc,phases   ] GC(271)   Other: 0.3ms
[36.301s][info][gc,heap     ] GC(271) Eden regions: 35->0(33)
[36.301s][info][gc,heap     ] GC(271) Survivor regions: 3->5(5)
[36.301s][info][gc,heap     ] GC(271) Old regions: 8->8
[36.301s][info][gc,heap     ] GC(271) Archive regions: 0->0
[36.301s][info][gc,heap     ] GC(271) Humongous regions: 0->0
[36.301s][info][gc,metaspace] GC(271) Metaspace: 165K(384K)->165K(384K) NonClass: 156K(256K)->156K(256K) Class: 8K(128K)->8K(128K)
[36.301s][info][gc          ] GC(271) Pause Young (Normal) (G1 Evacuation Pause) 44M->11M(64M) 2.923ms
[36.301s][info][gc,cpu      ] GC(271) User=0.00s Sys=0.00s Real=0.00s
[36.448s][info][gc,start    ] GC(272) Pause Young (Normal) (G1 Evacuation Pause)
[36.448s][info][gc,task     ] GC(272) Using 4 workers of 8 for evacuation
[36.450s][info][gc,phases   ] GC(272)   Pre Evacuate Collection Set: 0.2ms
[36.450s][info][gc,phases   ] GC(272)   Merge Heap Roots: 0.2ms
[36.450s][info][gc,phases   ] GC(272)   Evacuate Collection Set: 0.7ms
[36.450s][info][gc,phases   ] GC(272)   Post Evacuate Collection Set: 0.8ms
[36.450s][info][gc,phases   ] GC(272)   Other: 0.3ms
[36.450s][info][gc,heap     ] GC(272) Eden regions: 33->0(34)
[36.450s][info][gc,heap     ] GC(272) Survivor regions: 5->4(5)
[36.450s][info][gc,heap     ] GC(272) Old regions: 8->8
[36.450s][info][gc,heap     ] GC(272) Archive regions: 0->0
[36.450s][info][gc,heap     ] GC(272) Humongous regions: 0->0
[36.450s][info][gc,metaspace] GC(272) Metaspace: 165K(384K)->165K(384K) NonClass: 156K(256K)->156K(256K) Class: 8K(128K)->8K(128K)
[36.450s][info][gc          ] GC(272) Pause Young (Normal) (G1 Evacuation Pause) 44M->10M(64M) 2.692ms
[36.451s][info][gc,cpu      ] GC(272) User=0.00s Sys=0.02s Real=0.00s
[36.596s][info][gc,start    ] GC(273) Pause Young (Normal) (G1 Evacuation Pause)
[36.596s][info][gc,task     ] GC(273) Using 4 workers of 8 for evacuation
[36.598s][info][gc,phases   ] GC(273)   Pre Evacuate Collection Set: 0.2ms
[36.598s][info][gc,phases   ] GC(273)   Merge Heap Roots: 0.2ms
[36.598s][info][gc,phases   ] GC(273)   Evacuate Collection Set: 1.1ms
[36.598s][info][gc,phases   ] GC(273)   Post Evacuate Collection Set: 0.9ms
[36.599s][info][gc,phases   ] GC(273)   Other: 0.3ms
[36.599s][info][gc,heap     ] GC(273) Eden regions: 34->0(33)
[36.599s][info][gc,heap     ] GC(273) Survivor regions: 4->5(5)
[36.599s][info][gc,heap     ] GC(273) Old regions: 8->8
[36.599s][info][gc,heap     ] GC(273) Archive regions: 0->0
[36.599s][info][gc,heap     ] GC(273) Humongous regions: 0->0
[36.599s][info][gc,metaspace] GC(273) Metaspace: 165K(384K)->165K(384K) NonClass: 156K(256K)->156K(256K) Class: 8K(128K)->8K(128K)
[36.599s][info][gc          ] GC(273) Pause Young (Normal) (G1 Evacuation Pause) 44M->11M(64M) 3.123ms
[36.599s][info][gc,cpu      ] GC(273) User=0.00s Sys=0.00s Real=0.00s
[36.697s][info][gc,start    ] GC(274) Pause Young (Normal) (G1 Evacuation Pause)
[36.697s][info][gc,task     ] GC(274) Using 4 workers of 8 for evacuation
[36.699s][info][gc,phases   ] GC(274)   Pre Evacuate Collection Set: 0.2ms
[36.699s][info][gc,phases   ] GC(274)   Merge Heap Roots: 0.2ms
[36.699s][info][gc,phases   ] GC(274)   Evacuate Collection Set: 0.8ms
[36.699s][info][gc,phases   ] GC(274)   Post Evacuate Collection Set: 0.9ms
[36.699s][info][gc,phases   ] GC(274)   Other: 0.3ms
[36.699s][info][gc,heap     ] GC(274) Eden regions: 33->0(35)
[36.700s][info][gc,heap     ] GC(274) Survivor regions: 5->3(5)
[36.700s][info][gc,heap     ] GC(274) Old regions: 8->8
[36.700s][info][gc,heap     ] GC(274) Archive regions: 0->0
[36.700s][info][gc,heap     ] GC(274) Humongous regions: 0->0
[36.700s][info][gc,metaspace] GC(274) Metaspace: 165K(384K)->165K(384K) NonClass: 156K(256K)->156K(256K) Class: 8K(128K)->8K(128K)
[36.700s][info][gc          ] GC(274) Pause Young (Normal) (G1 Evacuation Pause) 44M->10M(64M) 2.820ms
[36.700s][info][gc,cpu      ] GC(274) User=0.00s Sys=0.02s Real=0.00s
[36.848s][info][gc,start    ] GC(275) Pause Young (Normal) (G1 Evacuation Pause)
[36.848s][info][gc,task     ] GC(275) Using 4 workers of 8 for evacuation
[36.850s][info][gc,phases   ] GC(275)   Pre Evacuate Collection Set: 0.2ms
[36.850s][info][gc,phases   ] GC(275)   Merge Heap Roots: 0.2ms
[36.850s][info][gc,phases   ] GC(275)   Evacuate Collection Set: 0.9ms
[36.850s][info][gc,phases   ] GC(275)   Post Evacuate Collection Set: 0.6ms
[36.850s][info][gc,phases   ] GC(275)   Other: 0.4ms
[36.850s][info][gc,heap     ] GC(275) Eden regions: 35->0(33)
[36.850s][info][gc,heap     ] GC(275) Survivor regions: 3->5(5)
[36.850s][info][gc,heap     ] GC(275) Old regions: 8->8
[36.850s][info][gc,heap     ] GC(275) Archive regions: 0->0
[36.850s][info][gc,heap     ] GC(275) Humongous regions: 0->0
[36.850s][info][gc,metaspace] GC(275) Metaspace: 165K(384K)->165K(384K) NonClass: 156K(256K)->156K(256K) Class: 8K(128K)->8K(128K)
[36.850s][info][gc          ] GC(275) Pause Young (Normal) (G1 Evacuation Pause) 45M->12M(64M) 2.692ms
[36.850s][info][gc,cpu      ] GC(275) User=0.00s Sys=0.00s Real=0.00s
[36.996s][info][gc,start    ] GC(276) Pause Young (Normal) (G1 Evacuation Pause)
[36.996s][info][gc,task     ] GC(276) Using 4 workers of 8 for evacuation
[36.998s][info][gc,phases   ] GC(276)   Pre Evacuate Collection Set: 0.2ms
[36.999s][info][gc,phases   ] GC(276)   Merge Heap Roots: 0.1ms
[36.999s][info][gc,phases   ] GC(276)   Evacuate Collection Set: 0.8ms
[36.999s][info][gc,phases   ] GC(276)   Post Evacuate Collection Set: 0.8ms
[36.999s][info][gc,phases   ] GC(276)   Other: 0.4ms
[36.999s][info][gc,heap     ] GC(276) Eden regions: 33->0(34)
[36.999s][info][gc,heap     ] GC(276) Survivor regions: 5->4(5)
[36.999s][info][gc,heap     ] GC(276) Old regions: 8->8
[36.999s][info][gc,heap     ] GC(276) Archive regions: 0->0
[36.999s][info][gc,heap     ] GC(276) Humongous regions: 0->0
[36.999s][info][gc,metaspace] GC(276) Metaspace: 165K(384K)->165K(384K) NonClass: 156K(256K)->156K(256K) Class: 8K(128K)->8K(128K)
[36.999s][info][gc          ] GC(276) Pause Young (Normal) (G1 Evacuation Pause) 45M->10M(64M) 2.783ms
[36.999s][info][gc,cpu      ] GC(276) User=0.00s Sys=0.00s Real=0.00s
[37.097s][info][gc,start    ] GC(277) Pause Young (Normal) (G1 Evacuation Pause)
[37.097s][info][gc,task     ] GC(277) Using 4 workers of 8 for evacuation
[37.100s][info][gc,phases   ] GC(277)   Pre Evacuate Collection Set: 0.2ms
[37.100s][info][gc,phases   ] GC(277)   Merge Heap Roots: 0.2ms
[37.100s][info][gc,phases   ] GC(277)   Evacuate Collection Set: 1.0ms
[37.100s][info][gc,phases   ] GC(277)   Post Evacuate Collection Set: 0.8ms
[37.100s][info][gc,phases   ] GC(277)   Other: 0.3ms
[37.100s][info][gc,heap     ] GC(277) Eden regions: 34->0(33)
[37.100s][info][gc,heap     ] GC(277) Survivor regions: 4->5(5)
[37.100s][info][gc,heap     ] GC(277) Old regions: 8->8
[37.100s][info][gc,heap     ] GC(277) Archive regions: 0->0
[37.100s][info][gc,heap     ] GC(277) Humongous regions: 0->0
[37.100s][info][gc,metaspace] GC(277) Metaspace: 165K(384K)->165K(384K) NonClass: 156K(256K)->156K(256K) Class: 8K(128K)->8K(128K)
[37.100s][info][gc          ] GC(277) Pause Young (Normal) (G1 Evacuation Pause) 44M->11M(64M) 2.929ms
[37.100s][info][gc,cpu      ] GC(277) User=0.00s Sys=0.00s Real=0.00s
[37.245s][info][gc,start    ] GC(278) Pause Young (Normal) (G1 Evacuation Pause)
[37.245s][info][gc,task     ] GC(278) Using 4 workers of 8 for evacuation
[37.247s][info][gc,phases   ] GC(278)   Pre Evacuate Collection Set: 0.2ms
[37.247s][info][gc,phases   ] GC(278)   Merge Heap Roots: 0.2ms
[37.247s][info][gc,phases   ] GC(278)   Evacuate Collection Set: 0.5ms
[37.247s][info][gc,phases   ] GC(278)   Post Evacuate Collection Set: 0.7ms
[37.247s][info][gc,phases   ] GC(278)   Other: 0.3ms
[37.247s][info][gc,heap     ] GC(278) Eden regions: 33->0(35)
[37.247s][info][gc,heap     ] GC(278) Survivor regions: 5->3(5)
[37.248s][info][gc,heap     ] GC(278) Old regions: 8->8
[37.248s][info][gc,heap     ] GC(278) Archive regions: 0->0
[37.248s][info][gc,heap     ] GC(278) Humongous regions: 0->0
[37.248s][info][gc,metaspace] GC(278) Metaspace: 165K(384K)->165K(384K) NonClass: 156K(256K)->156K(256K) Class: 8K(128K)->8K(128K)
[37.248s][info][gc          ] GC(278) Pause Young (Normal) (G1 Evacuation Pause) 44M->9M(64M) 2.456ms
[37.248s][info][gc,cpu      ] GC(278) User=0.00s Sys=0.02s Real=0.00s
[37.395s][info][gc,start    ] GC(279) Pause Young (Normal) (G1 Evacuation Pause)
[37.395s][info][gc,task     ] GC(279) Using 4 workers of 8 for evacuation
[37.397s][info][gc,phases   ] GC(279)   Pre Evacuate Collection Set: 0.2ms
[37.398s][info][gc,phases   ] GC(279)   Merge Heap Roots: 0.2ms
[37.398s][info][gc,phases   ] GC(279)   Evacuate Collection Set: 0.7ms
[37.398s][info][gc,phases   ] GC(279)   Post Evacuate Collection Set: 0.8ms
[37.398s][info][gc,phases   ] GC(279)   Other: 0.3ms
[37.398s][info][gc,heap     ] GC(279) Eden regions: 35->0(34)
[37.398s][info][gc,heap     ] GC(279) Survivor regions: 3->4(5)
[37.398s][info][gc,heap     ] GC(279) Old regions: 8->8
[37.398s][info][gc,heap     ] GC(279) Archive regions: 0->0
[37.398s][info][gc,heap     ] GC(279) Humongous regions: 0->0
[37.398s][info][gc,metaspace] GC(279) Metaspace: 165K(384K)->165K(384K) NonClass: 156K(256K)->156K(256K) Class: 8K(128K)->8K(128K)
[37.398s][info][gc          ] GC(279) Pause Young (Normal) (G1 Evacuation Pause) 44M->10M(64M) 2.736ms
[37.398s][info][gc,cpu      ] GC(279) User=0.00s Sys=0.00s Real=0.00s
[37.497s][info][gc,start    ] GC(280) Pause Young (Normal) (G1 Evacuation Pause)
[37.497s][info][gc,task     ] GC(280) Using 4 workers of 8 for evacuation
[37.499s][info][gc,phases   ] GC(280)   Pre Evacuate Collection Set: 0.2ms
[37.499s][info][gc,phases   ] GC(280)   Merge Heap Roots: 0.1ms
[37.499s][info][gc,phases   ] GC(280)   Evacuate Collection Set: 0.9ms
[37.499s][info][gc,phases   ] GC(280)   Post Evacuate Collection Set: 0.6ms
[37.500s][info][gc,phases   ] GC(280)   Other: 0.5ms
[37.500s][info][gc,heap     ] GC(280) Eden regions: 34->0(33)
[37.500s][info][gc,heap     ] GC(280) Survivor regions: 4->5(5)
[37.500s][info][gc,heap     ] GC(280) Old regions: 8->8
[37.500s][info][gc,heap     ] GC(280) Archive regions: 0->0
[37.500s][info][gc,heap     ] GC(280) Humongous regions: 0->0
[37.500s][info][gc,metaspace] GC(280) Metaspace: 165K(384K)->165K(384K) NonClass: 156K(256K)->156K(256K) Class: 8K(128K)->8K(128K)
[37.500s][info][gc          ] GC(280) Pause Young (Normal) (G1 Evacuation Pause) 44M->11M(64M) 2.772ms
[37.500s][info][gc,cpu      ] GC(280) User=0.00s Sys=0.00s Real=0.00s
[37.648s][info][gc,start    ] GC(281) Pause Young (Normal) (G1 Evacuation Pause)
[37.648s][info][gc,task     ] GC(281) Using 4 workers of 8 for evacuation
[37.650s][info][gc,phases   ] GC(281)   Pre Evacuate Collection Set: 0.2ms
[37.650s][info][gc,phases   ] GC(281)   Merge Heap Roots: 0.3ms
[37.650s][info][gc,phases   ] GC(281)   Evacuate Collection Set: 0.6ms
[37.650s][info][gc,phases   ] GC(281)   Post Evacuate Collection Set: 0.6ms
[37.650s][info][gc,phases   ] GC(281)   Other: 0.3ms
[37.650s][info][gc,heap     ] GC(281) Eden regions: 33->0(35)
[37.650s][info][gc,heap     ] GC(281) Survivor regions: 5->3(5)
[37.650s][info][gc,heap     ] GC(281) Old regions: 8->8
[37.650s][info][gc,heap     ] GC(281) Archive regions: 0->0
[37.650s][info][gc,heap     ] GC(281) Humongous regions: 0->0
[37.650s][info][gc,metaspace] GC(281) Metaspace: 165K(384K)->165K(384K) NonClass: 156K(256K)->156K(256K) Class: 8K(128K)->8K(128K)
[37.650s][info][gc          ] GC(281) Pause Young (Normal) (G1 Evacuation Pause) 44M->9M(64M) 2.360ms
[37.650s][info][gc,cpu      ] GC(281) User=0.00s Sys=0.00s Real=0.00s
[37.795s][info][gc,start    ] GC(282) Pause Young (Normal) (G1 Evacuation Pause)
[37.795s][info][gc,task     ] GC(282) Using 4 workers of 8 for evacuation
[37.797s][info][gc,phases   ] GC(282)   Pre Evacuate Collection Set: 0.2ms
[37.797s][info][gc,phases   ] GC(282)   Merge Heap Roots: 0.1ms
[37.797s][info][gc,phases   ] GC(282)   Evacuate Collection Set: 0.6ms
[37.797s][info][gc,phases   ] GC(282)   Post Evacuate Collection Set: 0.7ms
[37.797s][info][gc,phases   ] GC(282)   Other: 0.2ms
[37.797s][info][gc,heap     ] GC(282) Eden regions: 35->0(33)
[37.797s][info][gc,heap     ] GC(282) Survivor regions: 3->5(5)
[37.797s][info][gc,heap     ] GC(282) Old regions: 8->8
[37.797s][info][gc,heap     ] GC(282) Archive regions: 0->0
[37.797s][info][gc,heap     ] GC(282) Humongous regions: 0->0
[37.797s][info][gc,metaspace] GC(282) Metaspace: 165K(384K)->165K(384K) NonClass: 156K(256K)->156K(256K) Class: 8K(128K)->8K(128K)
[37.797s][info][gc          ] GC(282) Pause Young (Normal) (G1 Evacuation Pause) 44M->11M(64M) 1.930ms
[37.797s][info][gc,cpu      ] GC(282) User=0.00s Sys=0.00s Real=0.00s
[37.897s][info][gc,start    ] GC(283) Pause Young (Normal) (G1 Evacuation Pause)
[37.897s][info][gc,task     ] GC(283) Using 4 workers of 8 for evacuation
[37.899s][info][gc,phases   ] GC(283)   Pre Evacuate Collection Set: 0.2ms
[37.899s][info][gc,phases   ] GC(283)   Merge Heap Roots: 0.2ms
[37.899s][info][gc,phases   ] GC(283)   Evacuate Collection Set: 0.7ms
[37.899s][info][gc,phases   ] GC(283)   Post Evacuate Collection Set: 0.8ms
[37.899s][info][gc,phases   ] GC(283)   Other: 0.3ms
[37.899s][info][gc,heap     ] GC(283) Eden regions: 33->0(34)
[37.899s][info][gc,heap     ] GC(283) Survivor regions: 5->4(5)
[37.899s][info][gc,heap     ] GC(283) Old regions: 8->8
[37.899s][info][gc,heap     ] GC(283) Archive regions: 0->0
[37.899s][info][gc,heap     ] GC(283) Humongous regions: 0->0
[37.899s][info][gc,metaspace] GC(283) Metaspace: 165K(384K)->165K(384K) NonClass: 156K(256K)->156K(256K) Class: 8K(128K)->8K(128K)
[37.899s][info][gc          ] GC(283) Pause Young (Normal) (G1 Evacuation Pause) 44M->10M(64M) 2.571ms
[37.899s][info][gc,cpu      ] GC(283) User=0.00s Sys=0.00s Real=0.00s
[38.045s][info][gc,start    ] GC(284) Pause Young (Normal) (G1 Evacuation Pause)
[38.045s][info][gc,task     ] GC(284) Using 4 workers of 8 for evacuation
[38.047s][info][gc,phases   ] GC(284)   Pre Evacuate Collection Set: 0.2ms
[38.047s][info][gc,phases   ] GC(284)   Merge Heap Roots: 0.1ms
[38.047s][info][gc,phases   ] GC(284)   Evacuate Collection Set: 0.7ms
[38.047s][info][gc,phases   ] GC(284)   Post Evacuate Collection Set: 0.7ms
[38.047s][info][gc,phases   ] GC(284)   Other: 0.2ms
[38.047s][info][gc,heap     ] GC(284) Eden regions: 34->0(33)
[38.047s][info][gc,heap     ] GC(284) Survivor regions: 4->5(5)
[38.047s][info][gc,heap     ] GC(284) Old regions: 8->8
[38.047s][info][gc,heap     ] GC(284) Archive regions: 0->0
[38.047s][info][gc,heap     ] GC(284) Humongous regions: 0->0
[38.047s][info][gc,metaspace] GC(284) Metaspace: 165K(384K)->165K(384K) NonClass: 156K(256K)->156K(256K) Class: 8K(128K)->8K(128K)
[38.047s][info][gc          ] GC(284) Pause Young (Normal) (G1 Evacuation Pause) 44M->11M(64M) 2.324ms
[38.048s][info][gc,cpu      ] GC(284) User=0.00s Sys=0.00s Real=0.00s
[38.197s][info][gc,start    ] GC(285) Pause Young (Normal) (G1 Evacuation Pause)
[38.197s][info][gc,task     ] GC(285) Using 4 workers of 8 for evacuation
[38.199s][info][gc,phases   ] GC(285)   Pre Evacuate Collection Set: 0.2ms
[38.200s][info][gc,phases   ] GC(285)   Merge Heap Roots: 0.2ms
[38.200s][info][gc,phases   ] GC(285)   Evacuate Collection Set: 0.6ms
[38.200s][info][gc,phases   ] GC(285)   Post Evacuate Collection Set: 0.8ms
[38.200s][info][gc,phases   ] GC(285)   Other: 0.3ms
[38.200s][info][gc,heap     ] GC(285) Eden regions: 33->0(35)
[38.200s][info][gc,heap     ] GC(285) Survivor regions: 5->3(5)
[38.200s][info][gc,heap     ] GC(285) Old regions: 8->8
[38.200s][info][gc,heap     ] GC(285) Archive regions: 0->0
[38.200s][info][gc,heap     ] GC(285) Humongous regions: 0->0
[38.200s][info][gc,metaspace] GC(285) Metaspace: 165K(384K)->165K(384K) NonClass: 156K(256K)->156K(256K) Class: 8K(128K)->8K(128K)
[38.200s][info][gc          ] GC(285) Pause Young (Normal) (G1 Evacuation Pause) 44M->9M(64M) 2.611ms
[38.200s][info][gc,cpu      ] GC(285) User=0.00s Sys=0.02s Real=0.00s
[38.297s][info][gc,start    ] GC(286) Pause Young (Normal) (G1 Evacuation Pause)
[38.297s][info][gc,task     ] GC(286) Using 4 workers of 8 for evacuation
[38.299s][info][gc,phases   ] GC(286)   Pre Evacuate Collection Set: 0.2ms
[38.300s][info][gc,phases   ] GC(286)   Merge Heap Roots: 0.2ms
[38.300s][info][gc,phases   ] GC(286)   Evacuate Collection Set: 1.0ms
[38.300s][info][gc,phases   ] GC(286)   Post Evacuate Collection Set: 0.8ms
[38.300s][info][gc,phases   ] GC(286)   Other: 0.3ms
[38.300s][info][gc,heap     ] GC(286) Eden regions: 35->0(33)
[38.300s][info][gc,heap     ] GC(286) Survivor regions: 3->5(5)
[38.300s][info][gc,heap     ] GC(286) Old regions: 8->8
[38.300s][info][gc,heap     ] GC(286) Archive regions: 0->0
[38.300s][info][gc,heap     ] GC(286) Humongous regions: 0->0
[38.300s][info][gc,metaspace] GC(286) Metaspace: 165K(384K)->165K(384K) NonClass: 156K(256K)->156K(256K) Class: 8K(128K)->8K(128K)
[38.300s][info][gc          ] GC(286) Pause Young (Normal) (G1 Evacuation Pause) 44M->11M(64M) 3.079ms
[38.300s][info][gc,cpu      ] GC(286) User=0.00s Sys=0.00s Real=0.00s
[38.445s][info][gc,start    ] GC(287) Pause Young (Normal) (G1 Evacuation Pause)
[38.445s][info][gc,task     ] GC(287) Using 4 workers of 8 for evacuation
[38.447s][info][gc,phases   ] GC(287)   Pre Evacuate Collection Set: 0.2ms
[38.447s][info][gc,phases   ] GC(287)   Merge Heap Roots: 0.1ms
[38.447s][info][gc,phases   ] GC(287)   Evacuate Collection Set: 0.5ms
[38.447s][info][gc,phases   ] GC(287)   Post Evacuate Collection Set: 0.9ms
[38.447s][info][gc,phases   ] GC(287)   Other: 0.3ms
[38.448s][info][gc,heap     ] GC(287) Eden regions: 33->0(35)
[38.448s][info][gc,heap     ] GC(287) Survivor regions: 5->3(5)
[38.448s][info][gc,heap     ] GC(287) Old regions: 8->8
[38.448s][info][gc,heap     ] GC(287) Archive regions: 0->0
[38.448s][info][gc,heap     ] GC(287) Humongous regions: 0->0
[38.448s][info][gc,metaspace] GC(287) Metaspace: 165K(384K)->165K(384K) NonClass: 156K(256K)->156K(256K) Class: 8K(128K)->8K(128K)
[38.448s][info][gc          ] GC(287) Pause Young (Normal) (G1 Evacuation Pause) 44M->10M(64M) 2.556ms
[38.448s][info][gc,cpu      ] GC(287) User=0.00s Sys=0.00s Real=0.00s
[38.596s][info][gc,start    ] GC(288) Pause Young (Normal) (G1 Evacuation Pause)
[38.596s][info][gc,task     ] GC(288) Using 4 workers of 8 for evacuation
[38.598s][info][gc,phases   ] GC(288)   Pre Evacuate Collection Set: 0.2ms
[38.598s][info][gc,phases   ] GC(288)   Merge Heap Roots: 0.2ms
[38.598s][info][gc,phases   ] GC(288)   Evacuate Collection Set: 0.8ms
[38.598s][info][gc,phases   ] GC(288)   Post Evacuate Collection Set: 0.8ms
[38.599s][info][gc,phases   ] GC(288)   Other: 0.3ms
[38.599s][info][gc,heap     ] GC(288) Eden regions: 35->0(33)
[38.599s][info][gc,heap     ] GC(288) Survivor regions: 3->5(5)
[38.599s][info][gc,heap     ] GC(288) Old regions: 8->8
[38.599s][info][gc,heap     ] GC(288) Archive regions: 0->0
[38.599s][info][gc,heap     ] GC(288) Humongous regions: 0->0
[38.599s][info][gc,metaspace] GC(288) Metaspace: 165K(384K)->165K(384K) NonClass: 156K(256K)->156K(256K) Class: 8K(128K)->8K(128K)
[38.599s][info][gc          ] GC(288) Pause Young (Normal) (G1 Evacuation Pause) 45M->12M(64M) 2.901ms
[38.599s][info][gc,cpu      ] GC(288) User=0.00s Sys=0.00s Real=0.00s
[38.697s][info][gc,start    ] GC(289) Pause Young (Normal) (G1 Evacuation Pause)
[38.697s][info][gc,task     ] GC(289) Using 4 workers of 8 for evacuation
[38.699s][info][gc,phases   ] GC(289)   Pre Evacuate Collection Set: 0.2ms
[38.699s][info][gc,phases   ] GC(289)   Merge Heap Roots: 0.1ms
[38.699s][info][gc,phases   ] GC(289)   Evacuate Collection Set: 0.7ms
[38.699s][info][gc,phases   ] GC(289)   Post Evacuate Collection Set: 0.9ms
[38.699s][info][gc,phases   ] GC(289)   Other: 0.3ms
[38.699s][info][gc,heap     ] GC(289) Eden regions: 33->0(34)
[38.699s][info][gc,heap     ] GC(289) Survivor regions: 5->4(5)
[38.699s][info][gc,heap     ] GC(289) Old regions: 8->8
[38.699s][info][gc,heap     ] GC(289) Archive regions: 0->0
[38.699s][info][gc,heap     ] GC(289) Humongous regions: 0->0
[38.699s][info][gc,metaspace] GC(289) Metaspace: 165K(384K)->165K(384K) NonClass: 156K(256K)->156K(256K) Class: 8K(128K)->8K(128K)
[38.699s][info][gc          ] GC(289) Pause Young (Normal) (G1 Evacuation Pause) 45M->10M(64M) 2.703ms
[38.699s][info][gc,cpu      ] GC(289) User=0.02s Sys=0.00s Real=0.00s
[38.845s][info][gc,start    ] GC(290) Pause Young (Normal) (G1 Evacuation Pause)
[38.845s][info][gc,task     ] GC(290) Using 4 workers of 8 for evacuation
[38.847s][info][gc,phases   ] GC(290)   Pre Evacuate Collection Set: 0.2ms
[38.847s][info][gc,phases   ] GC(290)   Merge Heap Roots: 0.2ms
[38.847s][info][gc,phases   ] GC(290)   Evacuate Collection Set: 0.8ms
[38.847s][info][gc,phases   ] GC(290)   Post Evacuate Collection Set: 0.7ms
[38.847s][info][gc,phases   ] GC(290)   Other: 0.3ms
[38.847s][info][gc,heap     ] GC(290) Eden regions: 34->0(33)
[38.847s][info][gc,heap     ] GC(290) Survivor regions: 4->5(5)
[38.847s][info][gc,heap     ] GC(290) Old regions: 8->8
[38.847s][info][gc,heap     ] GC(290) Archive regions: 0->0
[38.847s][info][gc,heap     ] GC(290) Humongous regions: 0->0
[38.847s][info][gc,metaspace] GC(290) Metaspace: 165K(384K)->165K(384K) NonClass: 156K(256K)->156K(256K) Class: 8K(128K)->8K(128K)
[38.848s][info][gc          ] GC(290) Pause Young (Normal) (G1 Evacuation Pause) 44M->11M(64M) 2.678ms
[38.848s][info][gc,cpu      ] GC(290) User=0.00s Sys=0.00s Real=0.00s
[38.995s][info][gc,start    ] GC(291) Pause Young (Normal) (G1 Evacuation Pause)
[38.995s][info][gc,task     ] GC(291) Using 4 workers of 8 for evacuation
[38.997s][info][gc,phases   ] GC(291)   Pre Evacuate Collection Set: 0.2ms
[38.997s][info][gc,phases   ] GC(291)   Merge Heap Roots: 0.1ms
[38.997s][info][gc,phases   ] GC(291)   Evacuate Collection Set: 0.4ms
[38.997s][info][gc,phases   ] GC(291)   Post Evacuate Collection Set: 0.6ms
[38.997s][info][gc,phases   ] GC(291)   Other: 0.2ms
[38.997s][info][gc,heap     ] GC(291) Eden regions: 33->0(34)
[38.997s][info][gc,heap     ] GC(291) Survivor regions: 5->4(5)
[38.997s][info][gc,heap     ] GC(291) Old regions: 8->8
[38.997s][info][gc,heap     ] GC(291) Archive regions: 0->0
[38.997s][info][gc,heap     ] GC(291) Humongous regions: 0->0
[38.997s][info][gc,metaspace] GC(291) Metaspace: 165K(384K)->165K(384K) NonClass: 156K(256K)->156K(256K) Class: 8K(128K)->8K(128K)
[38.997s][info][gc          ] GC(291) Pause Young (Normal) (G1 Evacuation Pause) 44M->10M(64M) 1.820ms
[38.997s][info][gc,cpu      ] GC(291) User=0.00s Sys=0.00s Real=0.00s
[39.097s][info][gc,start    ] GC(292) Pause Young (Normal) (G1 Evacuation Pause)
[39.097s][info][gc,task     ] GC(292) Using 4 workers of 8 for evacuation
[39.098s][info][gc,phases   ] GC(292)   Pre Evacuate Collection Set: 0.1ms
[39.098s][info][gc,phases   ] GC(292)   Merge Heap Roots: 0.1ms
[39.098s][info][gc,phases   ] GC(292)   Evacuate Collection Set: 0.6ms
[39.098s][info][gc,phases   ] GC(292)   Post Evacuate Collection Set: 0.6ms
[39.098s][info][gc,phases   ] GC(292)   Other: 0.3ms
[39.098s][info][gc,heap     ] GC(292) Eden regions: 34->0(34)
[39.098s][info][gc,heap     ] GC(292) Survivor regions: 4->4(5)
[39.098s][info][gc,heap     ] GC(292) Old regions: 8->8
[39.099s][info][gc,heap     ] GC(292) Archive regions: 0->0
[39.099s][info][gc,heap     ] GC(292) Humongous regions: 0->0
[39.099s][info][gc,metaspace] GC(292) Metaspace: 165K(384K)->165K(384K) NonClass: 156K(256K)->156K(256K) Class: 8K(128K)->8K(128K)
[39.099s][info][gc          ] GC(292) Pause Young (Normal) (G1 Evacuation Pause) 44M->10M(64M) 2.108ms
[39.099s][info][gc,cpu      ] GC(292) User=0.00s Sys=0.00s Real=0.00s
[39.248s][info][gc,start    ] GC(293) Pause Young (Normal) (G1 Evacuation Pause)
[39.248s][info][gc,task     ] GC(293) Using 4 workers of 8 for evacuation
[39.250s][info][gc,phases   ] GC(293)   Pre Evacuate Collection Set: 0.2ms
[39.250s][info][gc,phases   ] GC(293)   Merge Heap Roots: 0.1ms
[39.250s][info][gc,phases   ] GC(293)   Evacuate Collection Set: 0.5ms
[39.250s][info][gc,phases   ] GC(293)   Post Evacuate Collection Set: 0.6ms
[39.250s][info][gc,phases   ] GC(293)   Other: 0.4ms
[39.250s][info][gc,heap     ] GC(293) Eden regions: 34->0(34)
[39.250s][info][gc,heap     ] GC(293) Survivor regions: 4->4(5)
[39.250s][info][gc,heap     ] GC(293) Old regions: 8->8
[39.250s][info][gc,heap     ] GC(293) Archive regions: 0->0
[39.250s][info][gc,heap     ] GC(293) Humongous regions: 0->0
[39.250s][info][gc,metaspace] GC(293) Metaspace: 165K(384K)->165K(384K) NonClass: 156K(256K)->156K(256K) Class: 8K(128K)->8K(128K)
[39.250s][info][gc          ] GC(293) Pause Young (Normal) (G1 Evacuation Pause) 44M->10M(64M) 2.373ms
[39.250s][info][gc,cpu      ] GC(293) User=0.00s Sys=0.00s Real=0.00s
[39.396s][info][gc,start    ] GC(294) Pause Young (Normal) (G1 Evacuation Pause)
[39.396s][info][gc,task     ] GC(294) Using 4 workers of 8 for evacuation
[39.397s][info][gc,phases   ] GC(294)   Pre Evacuate Collection Set: 0.2ms
[39.398s][info][gc,phases   ] GC(294)   Merge Heap Roots: 0.2ms
[39.398s][info][gc,phases   ] GC(294)   Evacuate Collection Set: 0.5ms
[39.398s][info][gc,phases   ] GC(294)   Post Evacuate Collection Set: 0.7ms
[39.398s][info][gc,phases   ] GC(294)   Other: 0.3ms
[39.398s][info][gc,heap     ] GC(294) Eden regions: 34->0(35)
[39.398s][info][gc,heap     ] GC(294) Survivor regions: 4->3(5)
[39.398s][info][gc,heap     ] GC(294) Old regions: 8->8
[39.398s][info][gc,heap     ] GC(294) Archive regions: 0->0
[39.398s][info][gc,heap     ] GC(294) Humongous regions: 0->0
[39.398s][info][gc,metaspace] GC(294) Metaspace: 165K(384K)->165K(384K) NonClass: 156K(256K)->156K(256K) Class: 8K(128K)->8K(128K)
[39.398s][info][gc          ] GC(294) Pause Young (Normal) (G1 Evacuation Pause) 44M->10M(64M) 2.367ms
[39.398s][info][gc,cpu      ] GC(294) User=0.00s Sys=0.00s Real=0.00s
[39.498s][info][gc,start    ] GC(295) Pause Young (Normal) (G1 Evacuation Pause)
[39.498s][info][gc,task     ] GC(295) Using 4 workers of 8 for evacuation
[39.500s][info][gc,phases   ] GC(295)   Pre Evacuate Collection Set: 0.2ms
[39.500s][info][gc,phases   ] GC(295)   Merge Heap Roots: 0.2ms
[39.500s][info][gc,phases   ] GC(295)   Evacuate Collection Set: 1.0ms
[39.500s][info][gc,phases   ] GC(295)   Post Evacuate Collection Set: 0.9ms
[39.500s][info][gc,phases   ] GC(295)   Other: 0.3ms
[39.501s][info][gc,heap     ] GC(295) Eden regions: 35->0(33)
[39.501s][info][gc,heap     ] GC(295) Survivor regions: 3->5(5)
[39.501s][info][gc,heap     ] GC(295) Old regions: 8->8
[39.501s][info][gc,heap     ] GC(295) Archive regions: 0->0
[39.501s][info][gc,heap     ] GC(295) Humongous regions: 0->0
[39.501s][info][gc,metaspace] GC(295) Metaspace: 165K(384K)->165K(384K) NonClass: 156K(256K)->156K(256K) Class: 8K(128K)->8K(128K)
[39.501s][info][gc          ] GC(295) Pause Young (Normal) (G1 Evacuation Pause) 45M->12M(64M) 3.143ms
[39.501s][info][gc,cpu      ] GC(295) User=0.00s Sys=0.00s Real=0.00s
[39.648s][info][gc,start    ] GC(296) Pause Young (Normal) (G1 Evacuation Pause)
[39.648s][info][gc,task     ] GC(296) Using 4 workers of 8 for evacuation
[39.650s][info][gc,phases   ] GC(296)   Pre Evacuate Collection Set: 0.2ms
[39.651s][info][gc,phases   ] GC(296)   Merge Heap Roots: 0.2ms
[39.651s][info][gc,phases   ] GC(296)   Evacuate Collection Set: 0.8ms
[39.651s][info][gc,phases   ] GC(296)   Post Evacuate Collection Set: 0.9ms
[39.651s][info][gc,phases   ] GC(296)   Other: 0.4ms
[39.651s][info][gc,heap     ] GC(296) Eden regions: 33->0(34)
[39.651s][info][gc,heap     ] GC(296) Survivor regions: 5->4(5)
[39.651s][info][gc,heap     ] GC(296) Old regions: 8->8
[39.651s][info][gc,heap     ] GC(296) Archive regions: 0->0
[39.651s][info][gc,heap     ] GC(296) Humongous regions: 0->0
[39.651s][info][gc,metaspace] GC(296) Metaspace: 165K(384K)->165K(384K) NonClass: 156K(256K)->156K(256K) Class: 8K(128K)->8K(128K)
[39.651s][info][gc          ] GC(296) Pause Young (Normal) (G1 Evacuation Pause) 45M->10M(64M) 3.011ms
[39.651s][info][gc,cpu      ] GC(296) User=0.00s Sys=0.00s Real=0.00s
[39.797s][info][gc,start    ] GC(297) Pause Young (Normal) (G1 Evacuation Pause)
[39.797s][info][gc,task     ] GC(297) Using 4 workers of 8 for evacuation
[39.799s][info][gc,phases   ] GC(297)   Pre Evacuate Collection Set: 0.3ms
[39.800s][info][gc,phases   ] GC(297)   Merge Heap Roots: 0.2ms
[39.800s][info][gc,phases   ] GC(297)   Evacuate Collection Set: 0.9ms
[39.800s][info][gc,phases   ] GC(297)   Post Evacuate Collection Set: 1.0ms
[39.800s][info][gc,phases   ] GC(297)   Other: 0.4ms
[39.800s][info][gc,heap     ] GC(297) Eden regions: 34->0(33)
[39.800s][info][gc,heap     ] GC(297) Survivor regions: 4->5(5)
[39.800s][info][gc,heap     ] GC(297) Old regions: 8->8
[39.800s][info][gc,heap     ] GC(297) Archive regions: 0->0
[39.800s][info][gc,heap     ] GC(297) Humongous regions: 0->0
[39.800s][info][gc,metaspace] GC(297) Metaspace: 165K(384K)->165K(384K) NonClass: 156K(256K)->156K(256K) Class: 8K(128K)->8K(128K)
[39.800s][info][gc          ] GC(297) Pause Young (Normal) (G1 Evacuation Pause) 44M->11M(64M) 3.215ms
[39.800s][info][gc,cpu      ] GC(297) User=0.00s Sys=0.00s Real=0.00s
[39.897s][info][gc,start    ] GC(298) Pause Young (Normal) (G1 Evacuation Pause)
[39.897s][info][gc,task     ] GC(298) Using 4 workers of 8 for evacuation
[39.899s][info][gc,phases   ] GC(298)   Pre Evacuate Collection Set: 0.1ms
[39.899s][info][gc,phases   ] GC(298)   Merge Heap Roots: 0.2ms
[39.899s][info][gc,phases   ] GC(298)   Evacuate Collection Set: 0.6ms
[39.899s][info][gc,phases   ] GC(298)   Post Evacuate Collection Set: 0.8ms
[39.900s][info][gc,phases   ] GC(298)   Other: 0.3ms
[39.900s][info][gc,heap     ] GC(298) Eden regions: 33->0(35)
[39.900s][info][gc,heap     ] GC(298) Survivor regions: 5->3(5)
[39.900s][info][gc,heap     ] GC(298) Old regions: 8->8
[39.900s][info][gc,heap     ] GC(298) Archive regions: 0->0
[39.900s][info][gc,heap     ] GC(298) Humongous regions: 0->0
[39.900s][info][gc,metaspace] GC(298) Metaspace: 165K(384K)->165K(384K) NonClass: 156K(256K)->156K(256K) Class: 8K(128K)->8K(128K)
[39.900s][info][gc          ] GC(298) Pause Young (Normal) (G1 Evacuation Pause) 44M->10M(64M) 2.480ms
[39.900s][info][gc,cpu      ] GC(298) User=0.00s Sys=0.00s Real=0.00s
[40.048s][info][gc,start    ] GC(299) Pause Young (Normal) (G1 Evacuation Pause)
[40.048s][info][gc,task     ] GC(299) Using 4 workers of 8 for evacuation
[40.051s][info][gc,phases   ] GC(299)   Pre Evacuate Collection Set: 0.2ms
[40.051s][info][gc,phases   ] GC(299)   Merge Heap Roots: 0.2ms
[40.051s][info][gc,phases   ] GC(299)   Evacuate Collection Set: 0.9ms
[40.051s][info][gc,phases   ] GC(299)   Post Evacuate Collection Set: 0.9ms
[40.051s][info][gc,phases   ] GC(299)   Other: 0.3ms
[40.051s][info][gc,heap     ] GC(299) Eden regions: 35->0(33)
[40.051s][info][gc,heap     ] GC(299) Survivor regions: 3->5(5)
[40.051s][info][gc,heap     ] GC(299) Old regions: 8->8
[40.051s][info][gc,heap     ] GC(299) Archive regions: 0->0
[40.051s][info][gc,heap     ] GC(299) Humongous regions: 0->0
[40.051s][info][gc,metaspace] GC(299) Metaspace: 165K(384K)->165K(384K) NonClass: 156K(256K)->156K(256K) Class: 8K(128K)->8K(128K)
[40.051s][info][gc          ] GC(299) Pause Young (Normal) (G1 Evacuation Pause) 45M->12M(64M) 3.064ms
[40.051s][info][gc,cpu      ] GC(299) User=0.00s Sys=0.00s Real=0.00s
[40.196s][info][gc,start    ] GC(300) Pause Young (Normal) (G1 Evacuation Pause)
[40.197s][info][gc,task     ] GC(300) Using 4 workers of 8 for evacuation
[40.199s][info][gc,phases   ] GC(300)   Pre Evacuate Collection Set: 0.2ms
[40.199s][info][gc,phases   ] GC(300)   Merge Heap Roots: 0.3ms
[40.199s][info][gc,phases   ] GC(300)   Evacuate Collection Set: 0.6ms
[40.199s][info][gc,phases   ] GC(300)   Post Evacuate Collection Set: 0.9ms
[40.199s][info][gc,phases   ] GC(300)   Other: 0.3ms
[40.199s][info][gc,heap     ] GC(300) Eden regions: 33->0(35)
[40.199s][info][gc,heap     ] GC(300) Survivor regions: 5->3(5)
[40.199s][info][gc,heap     ] GC(300) Old regions: 8->8
[40.199s][info][gc,heap     ] GC(300) Archive regions: 0->0
[40.199s][info][gc,heap     ] GC(300) Humongous regions: 0->0
[40.199s][info][gc,metaspace] GC(300) Metaspace: 165K(384K)->165K(384K) NonClass: 156K(256K)->156K(256K) Class: 8K(128K)->8K(128K)
[40.199s][info][gc          ] GC(300) Pause Young (Normal) (G1 Evacuation Pause) 45M->10M(64M) 2.782ms
[40.199s][info][gc,cpu      ] GC(300) User=0.00s Sys=0.02s Real=0.00s
[40.297s][info][gc,start    ] GC(301) Pause Young (Normal) (G1 Evacuation Pause)
[40.297s][info][gc,task     ] GC(301) Using 4 workers of 8 for evacuation
[40.299s][info][gc,phases   ] GC(301)   Pre Evacuate Collection Set: 0.2ms
[40.300s][info][gc,phases   ] GC(301)   Merge Heap Roots: 0.2ms
[40.300s][info][gc,phases   ] GC(301)   Evacuate Collection Set: 1.0ms
[40.300s][info][gc,phases   ] GC(301)   Post Evacuate Collection Set: 0.6ms
[40.300s][info][gc,phases   ] GC(301)   Other: 0.3ms
[40.300s][info][gc,heap     ] GC(301) Eden regions: 35->0(33)
[40.300s][info][gc,heap     ] GC(301) Survivor regions: 3->5(5)
[40.300s][info][gc,heap     ] GC(301) Old regions: 8->8
[40.300s][info][gc,heap     ] GC(301) Archive regions: 0->0
[40.300s][info][gc,heap     ] GC(301) Humongous regions: 0->0
[40.300s][info][gc,metaspace] GC(301) Metaspace: 165K(384K)->165K(384K) NonClass: 156K(256K)->156K(256K) Class: 8K(128K)->8K(128K)
[40.300s][info][gc          ] GC(301) Pause Young (Normal) (G1 Evacuation Pause) 45M->12M(64M) 2.720ms
[40.300s][info][gc,cpu      ] GC(301) User=0.00s Sys=0.00s Real=0.00s
[40.448s][info][gc,start    ] GC(302) Pause Young (Normal) (G1 Evacuation Pause)
[40.448s][info][gc,task     ] GC(302) Using 4 workers of 8 for evacuation
[40.451s][info][gc,phases   ] GC(302)   Pre Evacuate Collection Set: 0.2ms
[40.451s][info][gc,phases   ] GC(302)   Merge Heap Roots: 0.2ms
[40.451s][info][gc,phases   ] GC(302)   Evacuate Collection Set: 0.9ms
[40.451s][info][gc,phases   ] GC(302)   Post Evacuate Collection Set: 0.8ms
[40.451s][info][gc,phases   ] GC(302)   Other: 0.3ms
[40.451s][info][gc,heap     ] GC(302) Eden regions: 33->0(34)
[40.451s][info][gc,heap     ] GC(302) Survivor regions: 5->4(5)
[40.451s][info][gc,heap     ] GC(302) Old regions: 8->8
[40.451s][info][gc,heap     ] GC(302) Archive regions: 0->0
[40.451s][info][gc,heap     ] GC(302) Humongous regions: 0->0
[40.451s][info][gc,metaspace] GC(302) Metaspace: 165K(384K)->165K(384K) NonClass: 156K(256K)->156K(256K) Class: 8K(128K)->8K(128K)
[40.451s][info][gc          ] GC(302) Pause Young (Normal) (G1 Evacuation Pause) 45M->11M(64M) 2.992ms
[40.451s][info][gc,cpu      ] GC(302) User=0.06s Sys=0.00s Real=0.00s
[40.594s][info][gc,start    ] GC(303) Pause Young (Normal) (G1 Evacuation Pause)
[40.595s][info][gc,task     ] GC(303) Using 4 workers of 8 for evacuation
[40.597s][info][gc,phases   ] GC(303)   Pre Evacuate Collection Set: 0.2ms
[40.597s][info][gc,phases   ] GC(303)   Merge Heap Roots: 0.2ms
[40.597s][info][gc,phases   ] GC(303)   Evacuate Collection Set: 0.9ms
[40.597s][info][gc,phases   ] GC(303)   Post Evacuate Collection Set: 0.9ms
[40.597s][info][gc,phases   ] GC(303)   Other: 0.3ms
[40.597s][info][gc,heap     ] GC(303) Eden regions: 34->0(33)
[40.597s][info][gc,heap     ] GC(303) Survivor regions: 4->5(5)
[40.597s][info][gc,heap     ] GC(303) Old regions: 8->8
[40.597s][info][gc,heap     ] GC(303) Archive regions: 0->0
[40.597s][info][gc,heap     ] GC(303) Humongous regions: 0->0
[40.597s][info][gc,metaspace] GC(303) Metaspace: 165K(384K)->165K(384K) NonClass: 156K(256K)->156K(256K) Class: 8K(128K)->8K(128K)
[40.597s][info][gc          ] GC(303) Pause Young (Normal) (G1 Evacuation Pause) 45M->12M(64M) 3.044ms
[40.598s][info][gc,cpu      ] GC(303) User=0.00s Sys=0.00s Real=0.00s
[40.698s][info][gc,start    ] GC(304) Pause Young (Normal) (G1 Evacuation Pause)
[40.698s][info][gc,task     ] GC(304) Using 4 workers of 8 for evacuation
[40.700s][info][gc,phases   ] GC(304)   Pre Evacuate Collection Set: 0.2ms
[40.700s][info][gc,phases   ] GC(304)   Merge Heap Roots: 0.2ms
[40.700s][info][gc,phases   ] GC(304)   Evacuate Collection Set: 0.6ms
[40.700s][info][gc,phases   ] GC(304)   Post Evacuate Collection Set: 0.9ms
[40.700s][info][gc,phases   ] GC(304)   Other: 0.3ms
[40.700s][info][gc,heap     ] GC(304) Eden regions: 33->0(35)
[40.700s][info][gc,heap     ] GC(304) Survivor regions: 5->3(5)
[40.700s][info][gc,heap     ] GC(304) Old regions: 8->8
[40.700s][info][gc,heap     ] GC(304) Archive regions: 0->0
[40.700s][info][gc,heap     ] GC(304) Humongous regions: 0->0
[40.700s][info][gc,metaspace] GC(304) Metaspace: 165K(384K)->165K(384K) NonClass: 156K(256K)->156K(256K) Class: 8K(128K)->8K(128K)
[40.700s][info][gc          ] GC(304) Pause Young (Normal) (G1 Evacuation Pause) 45M->10M(64M) 2.700ms
[40.700s][info][gc,cpu      ] GC(304) User=0.00s Sys=0.00s Real=0.00s
[40.847s][info][gc,start    ] GC(305) Pause Young (Normal) (G1 Evacuation Pause)
[40.847s][info][gc,task     ] GC(305) Using 4 workers of 8 for evacuation
[40.849s][info][gc,phases   ] GC(305)   Pre Evacuate Collection Set: 0.2ms
[40.850s][info][gc,phases   ] GC(305)   Merge Heap Roots: 0.2ms
[40.850s][info][gc,phases   ] GC(305)   Evacuate Collection Set: 0.8ms
[40.850s][info][gc,phases   ] GC(305)   Post Evacuate Collection Set: 0.8ms
[40.850s][info][gc,phases   ] GC(305)   Other: 0.3ms
[40.850s][info][gc,heap     ] GC(305) Eden regions: 35->0(33)
[40.850s][info][gc,heap     ] GC(305) Survivor regions: 3->5(5)
[40.850s][info][gc,heap     ] GC(305) Old regions: 8->8
[40.850s][info][gc,heap     ] GC(305) Archive regions: 0->0
[40.850s][info][gc,heap     ] GC(305) Humongous regions: 0->0
[40.850s][info][gc,metaspace] GC(305) Metaspace: 165K(384K)->165K(384K) NonClass: 156K(256K)->156K(256K) Class: 8K(128K)->8K(128K)
[40.850s][info][gc          ] GC(305) Pause Young (Normal) (G1 Evacuation Pause) 45M->12M(64M) 2.727ms
[40.850s][info][gc,cpu      ] GC(305) User=0.00s Sys=0.00s Real=0.00s
[40.996s][info][gc,start    ] GC(306) Pause Young (Normal) (G1 Evacuation Pause)
[40.996s][info][gc,task     ] GC(306) Using 4 workers of 8 for evacuation
[40.998s][info][gc,phases   ] GC(306)   Pre Evacuate Collection Set: 0.2ms
[40.998s][info][gc,phases   ] GC(306)   Merge Heap Roots: 0.2ms
[40.998s][info][gc,phases   ] GC(306)   Evacuate Collection Set: 0.7ms
[40.998s][info][gc,phases   ] GC(306)   Post Evacuate Collection Set: 0.9ms
[40.999s][info][gc,phases   ] GC(306)   Other: 0.3ms
[40.999s][info][gc,heap     ] GC(306) Eden regions: 33->0(34)
[40.999s][info][gc,heap     ] GC(306) Survivor regions: 5->4(5)
[40.999s][info][gc,heap     ] GC(306) Old regions: 8->8
[40.999s][info][gc,heap     ] GC(306) Archive regions: 0->0
[40.999s][info][gc,heap     ] GC(306) Humongous regions: 0->0
[40.999s][info][gc,metaspace] GC(306) Metaspace: 165K(384K)->165K(384K) NonClass: 156K(256K)->156K(256K) Class: 8K(128K)->8K(128K)
[40.999s][info][gc          ] GC(306) Pause Young (Normal) (G1 Evacuation Pause) 45M->11M(64M) 2.771ms
[40.999s][info][gc,cpu      ] GC(306) User=0.00s Sys=0.00s Real=0.00s
[41.098s][info][gc,start    ] GC(307) Pause Young (Normal) (G1 Evacuation Pause)
[41.098s][info][gc,task     ] GC(307) Using 4 workers of 8 for evacuation
[41.101s][info][gc,phases   ] GC(307)   Pre Evacuate Collection Set: 0.2ms
[41.101s][info][gc,phases   ] GC(307)   Merge Heap Roots: 0.2ms
[41.101s][info][gc,phases   ] GC(307)   Evacuate Collection Set: 1.1ms
[41.101s][info][gc,phases   ] GC(307)   Post Evacuate Collection Set: 0.8ms
[41.101s][info][gc,phases   ] GC(307)   Other: 0.4ms
[41.101s][info][gc,heap     ] GC(307) Eden regions: 34->0(33)
[41.101s][info][gc,heap     ] GC(307) Survivor regions: 4->5(5)
[41.101s][info][gc,heap     ] GC(307) Old regions: 8->8
[41.101s][info][gc,heap     ] GC(307) Archive regions: 0->0
[41.101s][info][gc,heap     ] GC(307) Humongous regions: 0->0
[41.101s][info][gc,metaspace] GC(307) Metaspace: 165K(384K)->165K(384K) NonClass: 156K(256K)->156K(256K) Class: 8K(128K)->8K(128K)
[41.101s][info][gc          ] GC(307) Pause Young (Normal) (G1 Evacuation Pause) 45M->11M(64M) 3.241ms
[41.101s][info][gc,cpu      ] GC(307) User=0.00s Sys=0.00s Real=0.00s
[41.248s][info][gc,start    ] GC(308) Pause Young (Normal) (G1 Evacuation Pause)
[41.248s][info][gc,task     ] GC(308) Using 4 workers of 8 for evacuation
[41.251s][info][gc,phases   ] GC(308)   Pre Evacuate Collection Set: 0.2ms
[41.251s][info][gc,phases   ] GC(308)   Merge Heap Roots: 0.2ms
[41.251s][info][gc,phases   ] GC(308)   Evacuate Collection Set: 0.8ms
[41.251s][info][gc,phases   ] GC(308)   Post Evacuate Collection Set: 1.1ms
[41.251s][info][gc,phases   ] GC(308)   Other: 0.4ms
[41.251s][info][gc,heap     ] GC(308) Eden regions: 33->0(35)
[41.251s][info][gc,heap     ] GC(308) Survivor regions: 5->3(5)
[41.251s][info][gc,heap     ] GC(308) Old regions: 8->8
[41.251s][info][gc,heap     ] GC(308) Archive regions: 0->0
[41.251s][info][gc,heap     ] GC(308) Humongous regions: 0->0
[41.251s][info][gc,metaspace] GC(308) Metaspace: 165K(384K)->165K(384K) NonClass: 156K(256K)->156K(256K) Class: 8K(128K)->8K(128K)
[41.251s][info][gc          ] GC(308) Pause Young (Normal) (G1 Evacuation Pause) 44M->10M(64M) 3.401ms
[41.251s][info][gc,cpu      ] GC(308) User=0.00s Sys=0.00s Real=0.00s
[41.397s][info][gc,start    ] GC(309) Pause Young (Normal) (G1 Evacuation Pause)
[41.397s][info][gc,task     ] GC(309) Using 4 workers of 8 for evacuation
[41.399s][info][gc,phases   ] GC(309)   Pre Evacuate Collection Set: 0.2ms
[41.399s][info][gc,phases   ] GC(309)   Merge Heap Roots: 0.2ms
[41.399s][info][gc,phases   ] GC(309)   Evacuate Collection Set: 0.7ms
[41.399s][info][gc,phases   ] GC(309)   Post Evacuate Collection Set: 0.7ms
[41.399s][info][gc,phases   ] GC(309)   Other: 0.3ms
[41.399s][info][gc,heap     ] GC(309) Eden regions: 35->0(34)
[41.399s][info][gc,heap     ] GC(309) Survivor regions: 3->4(5)
[41.399s][info][gc,heap     ] GC(309) Old regions: 8->8
[41.399s][info][gc,heap     ] GC(309) Archive regions: 0->0
[41.399s][info][gc,heap     ] GC(309) Humongous regions: 0->0
[41.399s][info][gc,metaspace] GC(309) Metaspace: 165K(384K)->165K(384K) NonClass: 156K(256K)->156K(256K) Class: 8K(128K)->8K(128K)
[41.400s][info][gc          ] GC(309) Pause Young (Normal) (G1 Evacuation Pause) 45M->10M(64M) 2.651ms
[41.400s][info][gc,cpu      ] GC(309) User=0.00s Sys=0.00s Real=0.00s
[41.497s][info][gc,start    ] GC(310) Pause Young (Normal) (G1 Evacuation Pause)
[41.497s][info][gc,task     ] GC(310) Using 4 workers of 8 for evacuation
[41.499s][info][gc,phases   ] GC(310)   Pre Evacuate Collection Set: 0.1ms
[41.499s][info][gc,phases   ] GC(310)   Merge Heap Roots: 0.1ms
[41.499s][info][gc,phases   ] GC(310)   Evacuate Collection Set: 0.8ms
[41.499s][info][gc,phases   ] GC(310)   Post Evacuate Collection Set: 0.5ms
[41.499s][info][gc,phases   ] GC(310)   Other: 0.4ms
[41.499s][info][gc,heap     ] GC(310) Eden regions: 34->0(33)
[41.499s][info][gc,heap     ] GC(310) Survivor regions: 4->5(5)
[41.499s][info][gc,heap     ] GC(310) Old regions: 8->8
[41.499s][info][gc,heap     ] GC(310) Archive regions: 0->0
[41.499s][info][gc,heap     ] GC(310) Humongous regions: 0->0
[41.499s][info][gc,metaspace] GC(310) Metaspace: 165K(384K)->165K(384K) NonClass: 156K(256K)->156K(256K) Class: 8K(128K)->8K(128K)
[41.499s][info][gc          ] GC(310) Pause Young (Normal) (G1 Evacuation Pause) 44M->11M(64M) 2.389ms
[41.499s][info][gc,cpu      ] GC(310) User=0.00s Sys=0.00s Real=0.00s
[41.645s][info][gc,start    ] GC(311) Pause Young (Normal) (G1 Evacuation Pause)
[41.645s][info][gc,task     ] GC(311) Using 4 workers of 8 for evacuation
[41.647s][info][gc,phases   ] GC(311)   Pre Evacuate Collection Set: 0.2ms
[41.647s][info][gc,phases   ] GC(311)   Merge Heap Roots: 0.2ms
[41.647s][info][gc,phases   ] GC(311)   Evacuate Collection Set: 0.6ms
[41.647s][info][gc,phases   ] GC(311)   Post Evacuate Collection Set: 0.8ms
[41.647s][info][gc,phases   ] GC(311)   Other: 0.3ms
[41.647s][info][gc,heap     ] GC(311) Eden regions: 33->0(35)
[41.647s][info][gc,heap     ] GC(311) Survivor regions: 5->3(5)
[41.647s][info][gc,heap     ] GC(311) Old regions: 8->8
[41.647s][info][gc,heap     ] GC(311) Archive regions: 0->0
[41.648s][info][gc,heap     ] GC(311) Humongous regions: 0->0
[41.648s][info][gc,metaspace] GC(311) Metaspace: 165K(384K)->165K(384K) NonClass: 156K(256K)->156K(256K) Class: 8K(128K)->8K(128K)
[41.648s][info][gc          ] GC(311) Pause Young (Normal) (G1 Evacuation Pause) 44M->10M(64M) 2.589ms
[41.648s][info][gc,cpu      ] GC(311) User=0.00s Sys=0.00s Real=0.00s
[41.796s][info][gc,start    ] GC(312) Pause Young (Normal) (G1 Evacuation Pause)
[41.797s][info][gc,task     ] GC(312) Using 4 workers of 8 for evacuation
[41.799s][info][gc,phases   ] GC(312)   Pre Evacuate Collection Set: 0.1ms
[41.799s][info][gc,phases   ] GC(312)   Merge Heap Roots: 0.1ms
[41.799s][info][gc,phases   ] GC(312)   Evacuate Collection Set: 1.1ms
[41.799s][info][gc,phases   ] GC(312)   Post Evacuate Collection Set: 0.6ms
[41.799s][info][gc,phases   ] GC(312)   Other: 0.3ms
[41.799s][info][gc,heap     ] GC(312) Eden regions: 35->0(33)
[41.799s][info][gc,heap     ] GC(312) Survivor regions: 3->5(5)
[41.799s][info][gc,heap     ] GC(312) Old regions: 8->8
[41.799s][info][gc,heap     ] GC(312) Archive regions: 0->0
[41.799s][info][gc,heap     ] GC(312) Humongous regions: 0->0
[41.799s][info][gc,metaspace] GC(312) Metaspace: 165K(384K)->165K(384K) NonClass: 156K(256K)->156K(256K) Class: 8K(128K)->8K(128K)
[41.799s][info][gc          ] GC(312) Pause Young (Normal) (G1 Evacuation Pause) 45M->12M(64M) 2.736ms
[41.799s][info][gc,cpu      ] GC(312) User=0.00s Sys=0.00s Real=0.00s
[41.897s][info][gc,start    ] GC(313) Pause Young (Normal) (G1 Evacuation Pause)
[41.897s][info][gc,task     ] GC(313) Using 4 workers of 8 for evacuation
[41.899s][info][gc,phases   ] GC(313)   Pre Evacuate Collection Set: 0.2ms
[41.899s][info][gc,phases   ] GC(313)   Merge Heap Roots: 0.2ms
[41.899s][info][gc,phases   ] GC(313)   Evacuate Collection Set: 0.7ms
[41.900s][info][gc,phases   ] GC(313)   Post Evacuate Collection Set: 0.8ms
[41.900s][info][gc,phases   ] GC(313)   Other: 0.3ms
[41.900s][info][gc,heap     ] GC(313) Eden regions: 33->0(34)
[41.900s][info][gc,heap     ] GC(313) Survivor regions: 5->4(5)
[41.900s][info][gc,heap     ] GC(313) Old regions: 8->8
[41.900s][info][gc,heap     ] GC(313) Archive regions: 0->0
[41.900s][info][gc,heap     ] GC(313) Humongous regions: 0->0
[41.900s][info][gc,metaspace] GC(313) Metaspace: 165K(384K)->165K(384K) NonClass: 156K(256K)->156K(256K) Class: 8K(128K)->8K(128K)
[41.900s][info][gc          ] GC(313) Pause Young (Normal) (G1 Evacuation Pause) 45M->10M(64M) 2.704ms
[41.900s][info][gc,cpu      ] GC(313) User=0.00s Sys=0.00s Real=0.00s
[42.047s][info][gc,start    ] GC(314) Pause Young (Normal) (G1 Evacuation Pause)
[42.047s][info][gc,task     ] GC(314) Using 4 workers of 8 for evacuation
[42.049s][info][gc,phases   ] GC(314)   Pre Evacuate Collection Set: 0.2ms
[42.049s][info][gc,phases   ] GC(314)   Merge Heap Roots: 0.1ms
[42.049s][info][gc,phases   ] GC(314)   Evacuate Collection Set: 0.8ms
[42.049s][info][gc,phases   ] GC(314)   Post Evacuate Collection Set: 0.8ms
[42.049s][info][gc,phases   ] GC(314)   Other: 0.3ms
[42.049s][info][gc,heap     ] GC(314) Eden regions: 34->0(33)
[42.049s][info][gc,heap     ] GC(314) Survivor regions: 4->5(5)
[42.049s][info][gc,heap     ] GC(314) Old regions: 8->8
[42.049s][info][gc,heap     ] GC(314) Archive regions: 0->0
[42.049s][info][gc,heap     ] GC(314) Humongous regions: 0->0
[42.049s][info][gc,metaspace] GC(314) Metaspace: 165K(384K)->165K(384K) NonClass: 156K(256K)->156K(256K) Class: 8K(128K)->8K(128K)
[42.050s][info][gc          ] GC(314) Pause Young (Normal) (G1 Evacuation Pause) 44M->11M(64M) 2.599ms
[42.050s][info][gc,cpu      ] GC(314) User=0.00s Sys=0.00s Real=0.00s
[42.195s][info][gc,start    ] GC(315) Pause Young (Normal) (G1 Evacuation Pause)
[42.196s][info][gc,task     ] GC(315) Using 4 workers of 8 for evacuation
[42.197s][info][gc,phases   ] GC(315)   Pre Evacuate Collection Set: 0.2ms
[42.198s][info][gc,phases   ] GC(315)   Merge Heap Roots: 0.2ms
[42.198s][info][gc,phases   ] GC(315)   Evacuate Collection Set: 0.5ms
[42.198s][info][gc,phases   ] GC(315)   Post Evacuate Collection Set: 0.9ms
[42.198s][info][gc,phases   ] GC(315)   Other: 0.3ms
[42.198s][info][gc,heap     ] GC(315) Eden regions: 33->0(35)
[42.198s][info][gc,heap     ] GC(315) Survivor regions: 5->3(5)
[42.198s][info][gc,heap     ] GC(315) Old regions: 8->8
[42.198s][info][gc,heap     ] GC(315) Archive regions: 0->0
[42.198s][info][gc,heap     ] GC(315) Humongous regions: 0->0
[42.198s][info][gc,metaspace] GC(315) Metaspace: 165K(384K)->165K(384K) NonClass: 156K(256K)->156K(256K) Class: 8K(128K)->8K(128K)
[42.198s][info][gc          ] GC(315) Pause Young (Normal) (G1 Evacuation Pause) 44M->9M(64M) 2.593ms
[42.198s][info][gc,cpu      ] GC(315) User=0.00s Sys=0.00s Real=0.00s
[42.298s][info][gc,start    ] GC(316) Pause Young (Normal) (G1 Evacuation Pause)
[42.298s][info][gc,task     ] GC(316) Using 4 workers of 8 for evacuation
[42.300s][info][gc,phases   ] GC(316)   Pre Evacuate Collection Set: 0.2ms
[42.300s][info][gc,phases   ] GC(316)   Merge Heap Roots: 0.2ms
[42.300s][info][gc,phases   ] GC(316)   Evacuate Collection Set: 1.0ms
[42.300s][info][gc,phases   ] GC(316)   Post Evacuate Collection Set: 0.8ms
[42.300s][info][gc,phases   ] GC(316)   Other: 0.3ms
[42.300s][info][gc,heap     ] GC(316) Eden regions: 35->0(33)
[42.300s][info][gc,heap     ] GC(316) Survivor regions: 3->5(5)
[42.301s][info][gc,heap     ] GC(316) Old regions: 8->8
[42.301s][info][gc,heap     ] GC(316) Archive regions: 0->0
[42.301s][info][gc,heap     ] GC(316) Humongous regions: 0->0
[42.301s][info][gc,metaspace] GC(316) Metaspace: 165K(384K)->165K(384K) NonClass: 156K(256K)->156K(256K) Class: 8K(128K)->8K(128K)
[42.301s][info][gc          ] GC(316) Pause Young (Normal) (G1 Evacuation Pause) 44M->11M(64M) 2.961ms
[42.301s][info][gc,cpu      ] GC(316) User=0.00s Sys=0.00s Real=0.00s
[42.445s][info][gc,start    ] GC(317) Pause Young (Normal) (G1 Evacuation Pause)
[42.446s][info][gc,task     ] GC(317) Using 4 workers of 8 for evacuation
[42.447s][info][gc,phases   ] GC(317)   Pre Evacuate Collection Set: 0.1ms
[42.447s][info][gc,phases   ] GC(317)   Merge Heap Roots: 0.1ms
[42.447s][info][gc,phases   ] GC(317)   Evacuate Collection Set: 0.4ms
[42.447s][info][gc,phases   ] GC(317)   Post Evacuate Collection Set: 0.4ms
[42.447s][info][gc,phases   ] GC(317)   Other: 0.2ms
[42.447s][info][gc,heap     ] GC(317) Eden regions: 33->0(34)
[42.447s][info][gc,heap     ] GC(317) Survivor regions: 5->4(5)
[42.447s][info][gc,heap     ] GC(317) Old regions: 8->8
[42.447s][info][gc,heap     ] GC(317) Archive regions: 0->0
[42.447s][info][gc,heap     ] GC(317) Humongous regions: 0->0
[42.447s][info][gc,metaspace] GC(317) Metaspace: 165K(384K)->165K(384K) NonClass: 156K(256K)->156K(256K) Class: 8K(128K)->8K(128K)
[42.447s][info][gc          ] GC(317) Pause Young (Normal) (G1 Evacuation Pause) 44M->10M(64M) 1.405ms
[42.447s][info][gc,cpu      ] GC(317) User=0.00s Sys=0.00s Real=0.00s
[42.596s][info][gc,start    ] GC(318) Pause Young (Normal) (G1 Evacuation Pause)
[42.596s][info][gc,task     ] GC(318) Using 4 workers of 8 for evacuation
[42.597s][info][gc,phases   ] GC(318)   Pre Evacuate Collection Set: 0.2ms
[42.597s][info][gc,phases   ] GC(318)   Merge Heap Roots: 0.2ms
[42.597s][info][gc,phases   ] GC(318)   Evacuate Collection Set: 0.6ms
[42.598s][info][gc,phases   ] GC(318)   Post Evacuate Collection Set: 0.6ms
[42.598s][info][gc,phases   ] GC(318)   Other: 0.3ms
[42.598s][info][gc,heap     ] GC(318) Eden regions: 34->0(34)
[42.598s][info][gc,heap     ] GC(318) Survivor regions: 4->4(5)
[42.598s][info][gc,heap     ] GC(318) Old regions: 8->8
[42.598s][info][gc,heap     ] GC(318) Archive regions: 0->0
[42.598s][info][gc,heap     ] GC(318) Humongous regions: 0->0
[42.598s][info][gc,metaspace] GC(318) Metaspace: 165K(384K)->165K(384K) NonClass: 156K(256K)->156K(256K) Class: 8K(128K)->8K(128K)
[42.598s][info][gc          ] GC(318) Pause Young (Normal) (G1 Evacuation Pause) 44M->11M(64M) 2.276ms
[42.598s][info][gc,cpu      ] GC(318) User=0.00s Sys=0.00s Real=0.00s
[42.696s][info][gc,start    ] GC(319) Pause Young (Normal) (G1 Evacuation Pause)
[42.696s][info][gc,task     ] GC(319) Using 4 workers of 8 for evacuation
[42.697s][info][gc,phases   ] GC(319)   Pre Evacuate Collection Set: 0.2ms
[42.697s][info][gc,phases   ] GC(319)   Merge Heap Roots: 0.1ms
[42.697s][info][gc,phases   ] GC(319)   Evacuate Collection Set: 0.5ms
[42.697s][info][gc,phases   ] GC(319)   Post Evacuate Collection Set: 0.6ms
[42.697s][info][gc,phases   ] GC(319)   Other: 0.2ms
[42.697s][info][gc,heap     ] GC(319) Eden regions: 34->0(34)
[42.697s][info][gc,heap     ] GC(319) Survivor regions: 4->4(5)
[42.697s][info][gc,heap     ] GC(319) Old regions: 8->8
[42.697s][info][gc,heap     ] GC(319) Archive regions: 0->0
[42.697s][info][gc,heap     ] GC(319) Humongous regions: 0->0
[42.698s][info][gc,metaspace] GC(319) Metaspace: 165K(384K)->165K(384K) NonClass: 156K(256K)->156K(256K) Class: 8K(128K)->8K(128K)
[42.698s][info][gc          ] GC(319) Pause Young (Normal) (G1 Evacuation Pause) 45M->11M(64M) 1.859ms
[42.698s][info][gc,cpu      ] GC(319) User=0.00s Sys=0.00s Real=0.00s
[42.864s][info][gc,start    ] GC(320) Pause Young (Normal) (G1 Evacuation Pause)
[42.864s][info][gc,task     ] GC(320) Using 4 workers of 8 for evacuation
[42.867s][info][gc,phases   ] GC(320)   Pre Evacuate Collection Set: 0.2ms
[42.867s][info][gc,phases   ] GC(320)   Merge Heap Roots: 0.2ms
[42.867s][info][gc,phases   ] GC(320)   Evacuate Collection Set: 0.9ms
[42.867s][info][gc,phases   ] GC(320)   Post Evacuate Collection Set: 0.9ms
[42.867s][info][gc,phases   ] GC(320)   Other: 0.4ms
[42.867s][info][gc,heap     ] GC(320) Eden regions: 34->0(33)
[42.867s][info][gc,heap     ] GC(320) Survivor regions: 4->5(5)
[42.867s][info][gc,heap     ] GC(320) Old regions: 8->8
[42.867s][info][gc,heap     ] GC(320) Archive regions: 0->0
[42.867s][info][gc,heap     ] GC(320) Humongous regions: 0->0
[42.867s][info][gc,metaspace] GC(320) Metaspace: 165K(384K)->165K(384K) NonClass: 156K(256K)->156K(256K) Class: 8K(128K)->8K(128K)
[42.867s][info][gc          ] GC(320) Pause Young (Normal) (G1 Evacuation Pause) 44M->11M(64M) 2.992ms
[42.867s][info][gc,cpu      ] GC(320) User=0.00s Sys=0.00s Real=0.00s
[42.997s][info][gc,start    ] GC(321) Pause Young (Normal) (G1 Evacuation Pause)
[42.997s][info][gc,task     ] GC(321) Using 4 workers of 8 for evacuation
[42.999s][info][gc,phases   ] GC(321)   Pre Evacuate Collection Set: 0.2ms
[42.999s][info][gc,phases   ] GC(321)   Merge Heap Roots: 0.2ms
[42.999s][info][gc,phases   ] GC(321)   Evacuate Collection Set: 0.6ms
[42.999s][info][gc,phases   ] GC(321)   Post Evacuate Collection Set: 0.9ms
[42.999s][info][gc,phases   ] GC(321)   Other: 0.3ms
[42.999s][info][gc,heap     ] GC(321) Eden regions: 33->0(35)
[42.999s][info][gc,heap     ] GC(321) Survivor regions: 5->3(5)
[42.999s][info][gc,heap     ] GC(321) Old regions: 8->8
[42.999s][info][gc,heap     ] GC(321) Archive regions: 0->0
[42.999s][info][gc,heap     ] GC(321) Humongous regions: 0->0
[42.999s][info][gc,metaspace] GC(321) Metaspace: 165K(384K)->165K(384K) NonClass: 156K(256K)->156K(256K) Class: 8K(128K)->8K(128K)
[42.999s][info][gc          ] GC(321) Pause Young (Normal) (G1 Evacuation Pause) 44M->10M(64M) 2.703ms
[43.000s][info][gc,cpu      ] GC(321) User=0.00s Sys=0.00s Real=0.00s
[43.099s][info][gc,start    ] GC(322) Pause Young (Normal) (G1 Evacuation Pause)
[43.099s][info][gc,task     ] GC(322) Using 4 workers of 8 for evacuation
[43.101s][info][gc,phases   ] GC(322)   Pre Evacuate Collection Set: 0.2ms
[43.101s][info][gc,phases   ] GC(322)   Merge Heap Roots: 0.1ms
[43.101s][info][gc,phases   ] GC(322)   Evacuate Collection Set: 1.4ms
[43.102s][info][gc,phases   ] GC(322)   Post Evacuate Collection Set: 0.8ms
[43.102s][info][gc,phases   ] GC(322)   Other: 0.3ms
[43.102s][info][gc,heap     ] GC(322) Eden regions: 35->0(33)
[43.102s][info][gc,heap     ] GC(322) Survivor regions: 3->5(5)
[43.102s][info][gc,heap     ] GC(322) Old regions: 8->8
[43.102s][info][gc,heap     ] GC(322) Archive regions: 0->0
[43.102s][info][gc,heap     ] GC(322) Humongous regions: 0->0
[43.102s][info][gc,metaspace] GC(322) Metaspace: 165K(384K)->165K(384K) NonClass: 156K(256K)->156K(256K) Class: 8K(128K)->8K(128K)
[43.102s][info][gc          ] GC(322) Pause Young (Normal) (G1 Evacuation Pause) 45M->12M(64M) 3.288ms
[43.102s][info][gc,cpu      ] GC(322) User=0.00s Sys=0.00s Real=0.00s
[43.248s][info][gc,start    ] GC(323) Pause Young (Normal) (G1 Evacuation Pause)
[43.248s][info][gc,task     ] GC(323) Using 4 workers of 8 for evacuation
[43.250s][info][gc,phases   ] GC(323)   Pre Evacuate Collection Set: 0.2ms
[43.250s][info][gc,phases   ] GC(323)   Merge Heap Roots: 0.2ms
[43.250s][info][gc,phases   ] GC(323)   Evacuate Collection Set: 0.7ms
[43.250s][info][gc,phases   ] GC(323)   Post Evacuate Collection Set: 0.8ms
[43.250s][info][gc,phases   ] GC(323)   Other: 0.3ms
[43.250s][info][gc,heap     ] GC(323) Eden regions: 33->0(35)
[43.250s][info][gc,heap     ] GC(323) Survivor regions: 5->3(5)
[43.250s][info][gc,heap     ] GC(323) Old regions: 8->8
[43.250s][info][gc,heap     ] GC(323) Archive regions: 0->0
[43.250s][info][gc,heap     ] GC(323) Humongous regions: 0->0
[43.250s][info][gc,metaspace] GC(323) Metaspace: 165K(384K)->165K(384K) NonClass: 156K(256K)->156K(256K) Class: 8K(128K)->8K(128K)
[43.251s][info][gc          ] GC(323) Pause Young (Normal) (G1 Evacuation Pause) 45M->10M(64M) 2.672ms
[43.251s][info][gc,cpu      ] GC(323) User=0.00s Sys=0.00s Real=0.00s
[43.396s][info][gc,start    ] GC(324) Pause Young (Normal) (G1 Evacuation Pause)
[43.396s][info][gc,task     ] GC(324) Using 4 workers of 8 for evacuation
[43.398s][info][gc,phases   ] GC(324)   Pre Evacuate Collection Set: 0.2ms
[43.398s][info][gc,phases   ] GC(324)   Merge Heap Roots: 0.2ms
[43.398s][info][gc,phases   ] GC(324)   Evacuate Collection Set: 0.8ms
[43.398s][info][gc,phases   ] GC(324)   Post Evacuate Collection Set: 0.8ms
[43.398s][info][gc,phases   ] GC(324)   Other: 0.3ms
[43.398s][info][gc,heap     ] GC(324) Eden regions: 35->0(34)
[43.398s][info][gc,heap     ] GC(324) Survivor regions: 3->4(5)
[43.398s][info][gc,heap     ] GC(324) Old regions: 8->8
[43.398s][info][gc,heap     ] GC(324) Archive regions: 0->0
[43.399s][info][gc,heap     ] GC(324) Humongous regions: 0->0
[43.399s][info][gc,metaspace] GC(324) Metaspace: 165K(384K)->165K(384K) NonClass: 156K(256K)->156K(256K) Class: 8K(128K)->8K(128K)
[43.399s][info][gc          ] GC(324) Pause Young (Normal) (G1 Evacuation Pause) 45M->11M(64M) 2.660ms
[43.399s][info][gc,cpu      ] GC(324) User=0.00s Sys=0.00s Real=0.00s
[43.499s][info][gc,start    ] GC(325) Pause Young (Normal) (G1 Evacuation Pause)
[43.499s][info][gc,task     ] GC(325) Using 4 workers of 8 for evacuation
[43.501s][info][gc,phases   ] GC(325)   Pre Evacuate Collection Set: 0.2ms
[43.502s][info][gc,phases   ] GC(325)   Merge Heap Roots: 0.2ms
[43.502s][info][gc,phases   ] GC(325)   Evacuate Collection Set: 1.4ms
[43.502s][info][gc,phases   ] GC(325)   Post Evacuate Collection Set: 0.8ms
[43.502s][info][gc,phases   ] GC(325)   Other: 0.3ms
[43.502s][info][gc,heap     ] GC(325) Eden regions: 34->0(33)
[43.502s][info][gc,heap     ] GC(325) Survivor regions: 4->5(5)
[43.502s][info][gc,heap     ] GC(325) Old regions: 8->8
[43.502s][info][gc,heap     ] GC(325) Archive regions: 0->0
[43.502s][info][gc,heap     ] GC(325) Humongous regions: 0->0
[43.502s][info][gc,metaspace] GC(325) Metaspace: 165K(384K)->165K(384K) NonClass: 156K(256K)->156K(256K) Class: 8K(128K)->8K(128K)
[43.502s][info][gc          ] GC(325) Pause Young (Normal) (G1 Evacuation Pause) 45M->12M(64M) 3.397ms
[43.502s][info][gc,cpu      ] GC(325) User=0.00s Sys=0.00s Real=0.00s
[43.648s][info][gc,start    ] GC(326) Pause Young (Normal) (G1 Evacuation Pause)
[43.648s][info][gc,task     ] GC(326) Using 4 workers of 8 for evacuation
[43.650s][info][gc,phases   ] GC(326)   Pre Evacuate Collection Set: 0.2ms
[43.650s][info][gc,phases   ] GC(326)   Merge Heap Roots: 0.2ms
[43.651s][info][gc,phases   ] GC(326)   Evacuate Collection Set: 0.6ms
[43.651s][info][gc,phases   ] GC(326)   Post Evacuate Collection Set: 0.8ms
[43.651s][info][gc,phases   ] GC(326)   Other: 0.3ms
[43.651s][info][gc,heap     ] GC(326) Eden regions: 33->0(35)
[43.651s][info][gc,heap     ] GC(326) Survivor regions: 5->3(5)
[43.651s][info][gc,heap     ] GC(326) Old regions: 8->8
[43.651s][info][gc,heap     ] GC(326) Archive regions: 0->0
[43.651s][info][gc,heap     ] GC(326) Humongous regions: 0->0
[43.651s][info][gc,metaspace] GC(326) Metaspace: 165K(384K)->165K(384K) NonClass: 156K(256K)->156K(256K) Class: 8K(128K)->8K(128K)
[43.651s][info][gc          ] GC(326) Pause Young (Normal) (G1 Evacuation Pause) 45M->10M(64M) 2.573ms
[43.651s][info][gc,cpu      ] GC(326) User=0.00s Sys=0.00s Real=0.00s
[43.796s][info][gc,start    ] GC(327) Pause Young (Normal) (G1 Evacuation Pause)
[43.796s][info][gc,task     ] GC(327) Using 4 workers of 8 for evacuation
[43.799s][info][gc,phases   ] GC(327)   Pre Evacuate Collection Set: 0.2ms
[43.799s][info][gc,phases   ] GC(327)   Merge Heap Roots: 0.2ms
[43.799s][info][gc,phases   ] GC(327)   Evacuate Collection Set: 1.3ms
[43.799s][info][gc,phases   ] GC(327)   Post Evacuate Collection Set: 0.8ms
[43.799s][info][gc,phases   ] GC(327)   Other: 0.3ms
[43.799s][info][gc,heap     ] GC(327) Eden regions: 35->0(33)
[43.799s][info][gc,heap     ] GC(327) Survivor regions: 3->5(5)
[43.799s][info][gc,heap     ] GC(327) Old regions: 8->8
[43.799s][info][gc,heap     ] GC(327) Archive regions: 0->0
[43.799s][info][gc,heap     ] GC(327) Humongous regions: 0->0
[43.799s][info][gc,metaspace] GC(327) Metaspace: 165K(384K)->165K(384K) NonClass: 156K(256K)->156K(256K) Class: 8K(128K)->8K(128K)
[43.799s][info][gc          ] GC(327) Pause Young (Normal) (G1 Evacuation Pause) 45M->12M(64M) 3.328ms
[43.799s][info][gc,cpu      ] GC(327) User=0.00s Sys=0.00s Real=0.00s
[43.899s][info][gc,start    ] GC(328) Pause Young (Normal) (G1 Evacuation Pause)
[43.899s][info][gc,task     ] GC(328) Using 4 workers of 8 for evacuation
[43.901s][info][gc,phases   ] GC(328)   Pre Evacuate Collection Set: 0.2ms
[43.901s][info][gc,phases   ] GC(328)   Merge Heap Roots: 0.2ms
[43.901s][info][gc,phases   ] GC(328)   Evacuate Collection Set: 0.8ms
[43.901s][info][gc,phases   ] GC(328)   Post Evacuate Collection Set: 0.6ms
[43.901s][info][gc,phases   ] GC(328)   Other: 0.4ms
[43.901s][info][gc,heap     ] GC(328) Eden regions: 33->0(34)
[43.901s][info][gc,heap     ] GC(328) Survivor regions: 5->4(5)
[43.901s][info][gc,heap     ] GC(328) Old regions: 8->8
[43.901s][info][gc,heap     ] GC(328) Archive regions: 0->0
[43.901s][info][gc,heap     ] GC(328) Humongous regions: 0->0
[43.901s][info][gc,metaspace] GC(328) Metaspace: 165K(384K)->165K(384K) NonClass: 156K(256K)->156K(256K) Class: 8K(128K)->8K(128K)
[43.901s][info][gc          ] GC(328) Pause Young (Normal) (G1 Evacuation Pause) 45M->11M(64M) 2.698ms
[43.901s][info][gc,cpu      ] GC(328) User=0.00s Sys=0.00s Real=0.00s
[44.047s][info][gc,start    ] GC(329) Pause Young (Normal) (G1 Evacuation Pause)
[44.047s][info][gc,task     ] GC(329) Using 4 workers of 8 for evacuation
[44.050s][info][gc,phases   ] GC(329)   Pre Evacuate Collection Set: 0.2ms
[44.050s][info][gc,phases   ] GC(329)   Merge Heap Roots: 0.2ms
[44.050s][info][gc,phases   ] GC(329)   Evacuate Collection Set: 0.9ms
[44.050s][info][gc,phases   ] GC(329)   Post Evacuate Collection Set: 0.8ms
[44.050s][info][gc,phases   ] GC(329)   Other: 0.3ms
[44.050s][info][gc,heap     ] GC(329) Eden regions: 34->0(33)
[44.050s][info][gc,heap     ] GC(329) Survivor regions: 4->5(5)
[44.050s][info][gc,heap     ] GC(329) Old regions: 8->8
[44.050s][info][gc,heap     ] GC(329) Archive regions: 0->0
[44.050s][info][gc,heap     ] GC(329) Humongous regions: 0->0
[44.050s][info][gc,metaspace] GC(329) Metaspace: 165K(384K)->165K(384K) NonClass: 156K(256K)->156K(256K) Class: 8K(128K)->8K(128K)
[44.050s][info][gc          ] GC(329) Pause Young (Normal) (G1 Evacuation Pause) 45M->12M(64M) 2.912ms
[44.050s][info][gc,cpu      ] GC(329) User=0.00s Sys=0.00s Real=0.00s
[44.196s][info][gc,start    ] GC(330) Pause Young (Normal) (G1 Evacuation Pause)
[44.196s][info][gc,task     ] GC(330) Using 4 workers of 8 for evacuation
[44.198s][info][gc,phases   ] GC(330)   Pre Evacuate Collection Set: 0.2ms
[44.198s][info][gc,phases   ] GC(330)   Merge Heap Roots: 0.2ms
[44.198s][info][gc,phases   ] GC(330)   Evacuate Collection Set: 0.7ms
[44.198s][info][gc,phases   ] GC(330)   Post Evacuate Collection Set: 0.8ms
[44.198s][info][gc,phases   ] GC(330)   Other: 0.3ms
[44.198s][info][gc,heap     ] GC(330) Eden regions: 33->0(35)
[44.198s][info][gc,heap     ] GC(330) Survivor regions: 5->3(5)
[44.198s][info][gc,heap     ] GC(330) Old regions: 8->8
[44.198s][info][gc,heap     ] GC(330) Archive regions: 0->0
[44.199s][info][gc,heap     ] GC(330) Humongous regions: 0->0
[44.199s][info][gc,metaspace] GC(330) Metaspace: 165K(384K)->165K(384K) NonClass: 156K(256K)->156K(256K) Class: 8K(128K)->8K(128K)
[44.199s][info][gc          ] GC(330) Pause Young (Normal) (G1 Evacuation Pause) 45M->10M(64M) 2.748ms
[44.199s][info][gc,cpu      ] GC(330) User=0.00s Sys=0.00s Real=0.00s
[44.298s][info][gc,start    ] GC(331) Pause Young (Normal) (G1 Evacuation Pause)
[44.298s][info][gc,task     ] GC(331) Using 4 workers of 8 for evacuation
[44.300s][info][gc,phases   ] GC(331)   Pre Evacuate Collection Set: 0.2ms
[44.300s][info][gc,phases   ] GC(331)   Merge Heap Roots: 0.2ms
[44.300s][info][gc,phases   ] GC(331)   Evacuate Collection Set: 1.0ms
[44.300s][info][gc,phases   ] GC(331)   Post Evacuate Collection Set: 1.0ms
[44.300s][info][gc,phases   ] GC(331)   Other: 0.3ms
[44.300s][info][gc,heap     ] GC(331) Eden regions: 35->0(33)
[44.300s][info][gc,heap     ] GC(331) Survivor regions: 3->5(5)
[44.301s][info][gc,heap     ] GC(331) Old regions: 8->8
[44.301s][info][gc,heap     ] GC(331) Archive regions: 0->0
[44.301s][info][gc,heap     ] GC(331) Humongous regions: 0->0
[44.301s][info][gc,metaspace] GC(331) Metaspace: 165K(384K)->165K(384K) NonClass: 156K(256K)->156K(256K) Class: 8K(128K)->8K(128K)
[44.301s][info][gc          ] GC(331) Pause Young (Normal) (G1 Evacuation Pause) 45M->12M(64M) 3.172ms
[44.301s][info][gc,cpu      ] GC(331) User=0.00s Sys=0.00s Real=0.01s
[44.448s][info][gc,start    ] GC(332) Pause Young (Normal) (G1 Evacuation Pause)
[44.448s][info][gc,task     ] GC(332) Using 4 workers of 8 for evacuation
[44.450s][info][gc,phases   ] GC(332)   Pre Evacuate Collection Set: 0.2ms
[44.451s][info][gc,phases   ] GC(332)   Merge Heap Roots: 0.2ms
[44.451s][info][gc,phases   ] GC(332)   Evacuate Collection Set: 0.6ms
[44.451s][info][gc,phases   ] GC(332)   Post Evacuate Collection Set: 0.9ms
[44.451s][info][gc,phases   ] GC(332)   Other: 0.4ms
[44.451s][info][gc,heap     ] GC(332) Eden regions: 33->0(34)
[44.451s][info][gc,heap     ] GC(332) Survivor regions: 5->4(5)
[44.451s][info][gc,heap     ] GC(332) Old regions: 8->8
[44.451s][info][gc,heap     ] GC(332) Archive regions: 0->0
[44.451s][info][gc,heap     ] GC(332) Humongous regions: 0->0
[44.451s][info][gc,metaspace] GC(332) Metaspace: 165K(384K)->165K(384K) NonClass: 156K(256K)->156K(256K) Class: 8K(128K)->8K(128K)
[44.451s][info][gc          ] GC(332) Pause Young (Normal) (G1 Evacuation Pause) 45M->10M(64M) 2.757ms
[44.451s][info][gc,cpu      ] GC(332) User=0.06s Sys=0.00s Real=0.00s
[44.596s][info][gc,start    ] GC(333) Pause Young (Normal) (G1 Evacuation Pause)
[44.596s][info][gc,task     ] GC(333) Using 4 workers of 8 for evacuation
[44.598s][info][gc,phases   ] GC(333)   Pre Evacuate Collection Set: 0.2ms
[44.598s][info][gc,phases   ] GC(333)   Merge Heap Roots: 0.2ms
[44.598s][info][gc,phases   ] GC(333)   Evacuate Collection Set: 0.7ms
[44.598s][info][gc,phases   ] GC(333)   Post Evacuate Collection Set: 0.8ms
[44.599s][info][gc,phases   ] GC(333)   Other: 0.3ms
[44.599s][info][gc,heap     ] GC(333) Eden regions: 34->0(33)
[44.599s][info][gc,heap     ] GC(333) Survivor regions: 4->5(5)
[44.599s][info][gc,heap     ] GC(333) Old regions: 8->8
[44.599s][info][gc,heap     ] GC(333) Archive regions: 0->0
[44.599s][info][gc,heap     ] GC(333) Humongous regions: 0->0
[44.599s][info][gc,metaspace] GC(333) Metaspace: 165K(384K)->165K(384K) NonClass: 156K(256K)->156K(256K) Class: 8K(128K)->8K(128K)
[44.599s][info][gc          ] GC(333) Pause Young (Normal) (G1 Evacuation Pause) 44M->11M(64M) 2.608ms
[44.599s][info][gc,cpu      ] GC(333) User=0.00s Sys=0.00s Real=0.00s
[44.697s][info][gc,start    ] GC(334) Pause Young (Normal) (G1 Evacuation Pause)
[44.697s][info][gc,task     ] GC(334) Using 4 workers of 8 for evacuation
[44.699s][info][gc,phases   ] GC(334)   Pre Evacuate Collection Set: 0.2ms
[44.699s][info][gc,phases   ] GC(334)   Merge Heap Roots: 0.2ms
[44.699s][info][gc,phases   ] GC(334)   Evacuate Collection Set: 0.6ms
[44.699s][info][gc,phases   ] GC(334)   Post Evacuate Collection Set: 0.6ms
[44.699s][info][gc,phases   ] GC(334)   Other: 0.3ms
[44.699s][info][gc,heap     ] GC(334) Eden regions: 33->0(35)
[44.699s][info][gc,heap     ] GC(334) Survivor regions: 5->3(5)
[44.699s][info][gc,heap     ] GC(334) Old regions: 8->8
[44.699s][info][gc,heap     ] GC(334) Archive regions: 0->0
[44.699s][info][gc,heap     ] GC(334) Humongous regions: 0->0
[44.699s][info][gc,metaspace] GC(334) Metaspace: 165K(384K)->165K(384K) NonClass: 156K(256K)->156K(256K) Class: 8K(128K)->8K(128K)
[44.699s][info][gc          ] GC(334) Pause Young (Normal) (G1 Evacuation Pause) 44M->10M(64M) 2.410ms
[44.699s][info][gc,cpu      ] GC(334) User=0.00s Sys=0.00s Real=0.00s
[44.845s][info][gc,start    ] GC(335) Pause Young (Normal) (G1 Evacuation Pause)
[44.845s][info][gc,task     ] GC(335) Using 4 workers of 8 for evacuation
[44.848s][info][gc,phases   ] GC(335)   Pre Evacuate Collection Set: 0.2ms
[44.848s][info][gc,phases   ] GC(335)   Merge Heap Roots: 0.2ms
[44.848s][info][gc,phases   ] GC(335)   Evacuate Collection Set: 1.1ms
[44.848s][info][gc,phases   ] GC(335)   Post Evacuate Collection Set: 0.9ms
[44.848s][info][gc,phases   ] GC(335)   Other: 0.3ms
[44.848s][info][gc,heap     ] GC(335) Eden regions: 35->0(33)
[44.848s][info][gc,heap     ] GC(335) Survivor regions: 3->5(5)
[44.848s][info][gc,heap     ] GC(335) Old regions: 8->8
[44.848s][info][gc,heap     ] GC(335) Archive regions: 0->0
[44.848s][info][gc,heap     ] GC(335) Humongous regions: 0->0
[44.848s][info][gc,metaspace] GC(335) Metaspace: 165K(384K)->165K(384K) NonClass: 156K(256K)->156K(256K) Class: 8K(128K)->8K(128K)
[44.848s][info][gc          ] GC(335) Pause Young (Normal) (G1 Evacuation Pause) 45M->12M(64M) 3.256ms
[44.848s][info][gc,cpu      ] GC(335) User=0.00s Sys=0.00s Real=0.00s
[44.997s][info][gc,start    ] GC(336) Pause Young (Normal) (G1 Evacuation Pause)
[44.997s][info][gc,task     ] GC(336) Using 4 workers of 8 for evacuation
[45.000s][info][gc,phases   ] GC(336)   Pre Evacuate Collection Set: 0.1ms
[45.000s][info][gc,phases   ] GC(336)   Merge Heap Roots: 0.1ms
[45.000s][info][gc,phases   ] GC(336)   Evacuate Collection Set: 1.2ms
[45.000s][info][gc,phases   ] GC(336)   Post Evacuate Collection Set: 0.8ms
[45.000s][info][gc,phases   ] GC(336)   Other: 0.4ms
[45.000s][info][gc,heap     ] GC(336) Eden regions: 33->0(34)
[45.000s][info][gc,heap     ] GC(336) Survivor regions: 5->4(5)
[45.000s][info][gc,heap     ] GC(336) Old regions: 8->8
[45.000s][info][gc,heap     ] GC(336) Archive regions: 0->0
[45.000s][info][gc,heap     ] GC(336) Humongous regions: 0->0
[45.000s][info][gc,metaspace] GC(336) Metaspace: 165K(384K)->165K(384K) NonClass: 156K(256K)->156K(256K) Class: 8K(128K)->8K(128K)
[45.000s][info][gc          ] GC(336) Pause Young (Normal) (G1 Evacuation Pause) 45M->11M(64M) 3.089ms
[45.000s][info][gc,cpu      ] GC(336) User=0.00s Sys=0.00s Real=0.00s
[45.098s][info][gc,start    ] GC(337) Pause Young (Normal) (G1 Evacuation Pause)
[45.098s][info][gc,task     ] GC(337) Using 4 workers of 8 for evacuation
[45.101s][info][gc,phases   ] GC(337)   Pre Evacuate Collection Set: 0.2ms
[45.101s][info][gc,phases   ] GC(337)   Merge Heap Roots: 0.2ms
[45.101s][info][gc,phases   ] GC(337)   Evacuate Collection Set: 0.9ms
[45.101s][info][gc,phases   ] GC(337)   Post Evacuate Collection Set: 0.9ms
[45.101s][info][gc,phases   ] GC(337)   Other: 0.3ms
[45.101s][info][gc,heap     ] GC(337) Eden regions: 34->0(33)
[45.101s][info][gc,heap     ] GC(337) Survivor regions: 4->5(5)
[45.101s][info][gc,heap     ] GC(337) Old regions: 8->8
[45.101s][info][gc,heap     ] GC(337) Archive regions: 0->0
[45.101s][info][gc,heap     ] GC(337) Humongous regions: 0->0
[45.101s][info][gc,metaspace] GC(337) Metaspace: 165K(384K)->165K(384K) NonClass: 156K(256K)->156K(256K) Class: 8K(128K)->8K(128K)
[45.101s][info][gc          ] GC(337) Pause Young (Normal) (G1 Evacuation Pause) 45M->12M(64M) 3.029ms
[45.101s][info][gc,cpu      ] GC(337) User=0.00s Sys=0.00s Real=0.00s
[45.248s][info][gc,start    ] GC(338) Pause Young (Normal) (G1 Evacuation Pause)
[45.248s][info][gc,task     ] GC(338) Using 4 workers of 8 for evacuation
[45.250s][info][gc,phases   ] GC(338)   Pre Evacuate Collection Set: 0.2ms
[45.250s][info][gc,phases   ] GC(338)   Merge Heap Roots: 0.2ms
[45.250s][info][gc,phases   ] GC(338)   Evacuate Collection Set: 0.6ms
[45.250s][info][gc,phases   ] GC(338)   Post Evacuate Collection Set: 0.7ms
[45.250s][info][gc,phases   ] GC(338)   Other: 0.3ms
[45.250s][info][gc,heap     ] GC(338) Eden regions: 33->0(35)
[45.250s][info][gc,heap     ] GC(338) Survivor regions: 5->3(5)
[45.250s][info][gc,heap     ] GC(338) Old regions: 8->8
[45.250s][info][gc,heap     ] GC(338) Archive regions: 0->0
[45.250s][info][gc,heap     ] GC(338) Humongous regions: 0->0
[45.250s][info][gc,metaspace] GC(338) Metaspace: 165K(384K)->165K(384K) NonClass: 156K(256K)->156K(256K) Class: 8K(128K)->8K(128K)
[45.250s][info][gc          ] GC(338) Pause Young (Normal) (G1 Evacuation Pause) 45M->9M(64M) 2.536ms
[45.250s][info][gc,cpu      ] GC(338) User=0.00s Sys=0.00s Real=0.00s
[45.395s][info][gc,start    ] GC(339) Pause Young (Normal) (G1 Evacuation Pause)
[45.396s][info][gc,task     ] GC(339) Using 4 workers of 8 for evacuation
[45.398s][info][gc,phases   ] GC(339)   Pre Evacuate Collection Set: 0.2ms
[45.398s][info][gc,phases   ] GC(339)   Merge Heap Roots: 0.2ms
[45.398s][info][gc,phases   ] GC(339)   Evacuate Collection Set: 1.0ms
[45.398s][info][gc,phases   ] GC(339)   Post Evacuate Collection Set: 0.8ms
[45.398s][info][gc,phases   ] GC(339)   Other: 0.3ms
[45.398s][info][gc,heap     ] GC(339) Eden regions: 35->0(34)
[45.398s][info][gc,heap     ] GC(339) Survivor regions: 3->4(5)
[45.398s][info][gc,heap     ] GC(339) Old regions: 8->8
[45.398s][info][gc,heap     ] GC(339) Archive regions: 0->0
[45.398s][info][gc,heap     ] GC(339) Humongous regions: 0->0
[45.398s][info][gc,metaspace] GC(339) Metaspace: 165K(384K)->165K(384K) NonClass: 156K(256K)->156K(256K) Class: 8K(128K)->8K(128K)
[45.398s][info][gc          ] GC(339) Pause Young (Normal) (G1 Evacuation Pause) 44M->10M(64M) 2.994ms
[45.399s][info][gc,cpu      ] GC(339) User=0.00s Sys=0.00s Real=0.00s
[45.498s][info][gc,start    ] GC(340) Pause Young (Normal) (G1 Evacuation Pause)
[45.498s][info][gc,task     ] GC(340) Using 4 workers of 8 for evacuation
[45.500s][info][gc,phases   ] GC(340)   Pre Evacuate Collection Set: 0.2ms
[45.500s][info][gc,phases   ] GC(340)   Merge Heap Roots: 0.2ms
[45.500s][info][gc,phases   ] GC(340)   Evacuate Collection Set: 0.8ms
[45.500s][info][gc,phases   ] GC(340)   Post Evacuate Collection Set: 0.8ms
[45.500s][info][gc,phases   ] GC(340)   Other: 0.3ms
[45.500s][info][gc,heap     ] GC(340) Eden regions: 34->0(33)
[45.501s][info][gc,heap     ] GC(340) Survivor regions: 4->5(5)
[45.501s][info][gc,heap     ] GC(340) Old regions: 8->8
[45.501s][info][gc,heap     ] GC(340) Archive regions: 0->0
[45.501s][info][gc,heap     ] GC(340) Humongous regions: 0->0
[45.501s][info][gc,metaspace] GC(340) Metaspace: 165K(384K)->165K(384K) NonClass: 156K(256K)->156K(256K) Class: 8K(128K)->8K(128K)
[45.501s][info][gc          ] GC(340) Pause Young (Normal) (G1 Evacuation Pause) 44M->11M(64M) 2.894ms
[45.501s][info][gc,cpu      ] GC(340) User=0.00s Sys=0.00s Real=0.00s
[45.649s][info][gc,start    ] GC(341) Pause Young (Normal) (G1 Evacuation Pause)
[45.649s][info][gc,task     ] GC(341) Using 4 workers of 8 for evacuation
[45.651s][info][gc,phases   ] GC(341)   Pre Evacuate Collection Set: 0.2ms
[45.651s][info][gc,phases   ] GC(341)   Merge Heap Roots: 0.2ms
[45.651s][info][gc,phases   ] GC(341)   Evacuate Collection Set: 0.7ms
[45.651s][info][gc,phases   ] GC(341)   Post Evacuate Collection Set: 0.9ms
[45.651s][info][gc,phases   ] GC(341)   Other: 0.3ms
[45.651s][info][gc,heap     ] GC(341) Eden regions: 33->0(35)
[45.651s][info][gc,heap     ] GC(341) Survivor regions: 5->3(5)
[45.651s][info][gc,heap     ] GC(341) Old regions: 8->8
[45.652s][info][gc,heap     ] GC(341) Archive regions: 0->0
[45.652s][info][gc,heap     ] GC(341) Humongous regions: 0->0
[45.652s][info][gc,metaspace] GC(341) Metaspace: 165K(384K)->165K(384K) NonClass: 156K(256K)->156K(256K) Class: 8K(128K)->8K(128K)
[45.652s][info][gc          ] GC(341) Pause Young (Normal) (G1 Evacuation Pause) 44M->10M(64M) 2.947ms
[45.652s][info][gc,cpu      ] GC(341) User=0.00s Sys=0.00s Real=0.00s
[45.796s][info][gc,start    ] GC(342) Pause Young (Normal) (G1 Evacuation Pause)
[45.796s][info][gc,task     ] GC(342) Using 4 workers of 8 for evacuation
[45.798s][info][gc,phases   ] GC(342)   Pre Evacuate Collection Set: 0.2ms
[45.798s][info][gc,phases   ] GC(342)   Merge Heap Roots: 0.2ms
[45.798s][info][gc,phases   ] GC(342)   Evacuate Collection Set: 0.9ms
[45.799s][info][gc,phases   ] GC(342)   Post Evacuate Collection Set: 1.0ms
[45.799s][info][gc,phases   ] GC(342)   Other: 0.3ms
[45.799s][info][gc,heap     ] GC(342) Eden regions: 35->0(33)
[45.799s][info][gc,heap     ] GC(342) Survivor regions: 3->5(5)
[45.799s][info][gc,heap     ] GC(342) Old regions: 8->8
[45.799s][info][gc,heap     ] GC(342) Archive regions: 0->0
[45.799s][info][gc,heap     ] GC(342) Humongous regions: 0->0
[45.799s][info][gc,metaspace] GC(342) Metaspace: 165K(384K)->165K(384K) NonClass: 156K(256K)->156K(256K) Class: 8K(128K)->8K(128K)
[45.799s][info][gc          ] GC(342) Pause Young (Normal) (G1 Evacuation Pause) 45M->12M(64M) 3.118ms
[45.799s][info][gc,cpu      ] GC(342) User=0.00s Sys=0.00s Real=0.00s
[45.898s][info][gc,start    ] GC(343) Pause Young (Normal) (G1 Evacuation Pause)
[45.898s][info][gc,task     ] GC(343) Using 4 workers of 8 for evacuation
[45.900s][info][gc,phases   ] GC(343)   Pre Evacuate Collection Set: 0.2ms
[45.900s][info][gc,phases   ] GC(343)   Merge Heap Roots: 0.2ms
[45.900s][info][gc,phases   ] GC(343)   Evacuate Collection Set: 0.6ms
[45.900s][info][gc,phases   ] GC(343)   Post Evacuate Collection Set: 0.8ms
[45.900s][info][gc,phases   ] GC(343)   Other: 0.4ms
[45.900s][info][gc,heap     ] GC(343) Eden regions: 33->0(35)
[45.900s][info][gc,heap     ] GC(343) Survivor regions: 5->3(5)
[45.900s][info][gc,heap     ] GC(343) Old regions: 8->8
[45.900s][info][gc,heap     ] GC(343) Archive regions: 0->0
[45.900s][info][gc,heap     ] GC(343) Humongous regions: 0->0
[45.900s][info][gc,metaspace] GC(343) Metaspace: 165K(384K)->165K(384K) NonClass: 156K(256K)->156K(256K) Class: 8K(128K)->8K(128K)
[45.901s][info][gc          ] GC(343) Pause Young (Normal) (G1 Evacuation Pause) 45M->10M(64M) 2.524ms
[45.901s][info][gc,cpu      ] GC(343) User=0.00s Sys=0.00s Real=0.00s
[46.046s][info][gc,start    ] GC(344) Pause Young (Normal) (G1 Evacuation Pause)
[46.046s][info][gc,task     ] GC(344) Using 4 workers of 8 for evacuation
[46.047s][info][gc,phases   ] GC(344)   Pre Evacuate Collection Set: 0.1ms
[46.048s][info][gc,phases   ] GC(344)   Merge Heap Roots: 0.1ms
[46.048s][info][gc,phases   ] GC(344)   Evacuate Collection Set: 0.8ms
[46.048s][info][gc,phases   ] GC(344)   Post Evacuate Collection Set: 0.4ms
[46.048s][info][gc,phases   ] GC(344)   Other: 0.2ms
[46.048s][info][gc,heap     ] GC(344) Eden regions: 35->0(33)
[46.048s][info][gc,heap     ] GC(344) Survivor regions: 3->5(5)
[46.048s][info][gc,heap     ] GC(344) Old regions: 8->8
[46.048s][info][gc,heap     ] GC(344) Archive regions: 0->0
[46.048s][info][gc,heap     ] GC(344) Humongous regions: 0->0
[46.048s][info][gc,metaspace] GC(344) Metaspace: 165K(384K)->165K(384K) NonClass: 156K(256K)->156K(256K) Class: 8K(128K)->8K(128K)
[46.048s][info][gc          ] GC(344) Pause Young (Normal) (G1 Evacuation Pause) 45M->12M(64M) 1.849ms
[46.048s][info][gc,cpu      ] GC(344) User=0.00s Sys=0.00s Real=0.00s
[46.196s][info][gc,start    ] GC(345) Pause Young (Normal) (G1 Evacuation Pause)
[46.197s][info][gc,task     ] GC(345) Using 4 workers of 8 for evacuation
[46.199s][info][gc,phases   ] GC(345)   Pre Evacuate Collection Set: 0.2ms
[46.199s][info][gc,phases   ] GC(345)   Merge Heap Roots: 0.2ms
[46.199s][info][gc,phases   ] GC(345)   Evacuate Collection Set: 0.7ms
[46.199s][info][gc,phases   ] GC(345)   Post Evacuate Collection Set: 0.8ms
[46.199s][info][gc,phases   ] GC(345)   Other: 0.3ms
[46.199s][info][gc,heap     ] GC(345) Eden regions: 33->0(34)
[46.199s][info][gc,heap     ] GC(345) Survivor regions: 5->4(5)
[46.199s][info][gc,heap     ] GC(345) Old regions: 8->8
[46.199s][info][gc,heap     ] GC(345) Archive regions: 0->0
[46.199s][info][gc,heap     ] GC(345) Humongous regions: 0->0
[46.199s][info][gc,metaspace] GC(345) Metaspace: 165K(384K)->165K(384K) NonClass: 156K(256K)->156K(256K) Class: 8K(128K)->8K(128K)
[46.199s][info][gc          ] GC(345) Pause Young (Normal) (G1 Evacuation Pause) 45M->11M(64M) 2.692ms
[46.199s][info][gc,cpu      ] GC(345) User=0.00s Sys=0.02s Real=0.00s
[46.309s][info][gc,start    ] GC(346) Pause Young (Normal) (G1 Evacuation Pause)
[46.309s][info][gc,task     ] GC(346) Using 4 workers of 8 for evacuation
[46.312s][info][gc,phases   ] GC(346)   Pre Evacuate Collection Set: 0.2ms
[46.312s][info][gc,phases   ] GC(346)   Merge Heap Roots: 0.2ms
[46.312s][info][gc,phases   ] GC(346)   Evacuate Collection Set: 0.8ms
[46.312s][info][gc,phases   ] GC(346)   Post Evacuate Collection Set: 0.9ms
[46.312s][info][gc,phases   ] GC(346)   Other: 0.3ms
[46.312s][info][gc,heap     ] GC(346) Eden regions: 34->0(33)
[46.312s][info][gc,heap     ] GC(346) Survivor regions: 4->5(5)
[46.312s][info][gc,heap     ] GC(346) Old regions: 8->8
[46.312s][info][gc,heap     ] GC(346) Archive regions: 0->0
[46.312s][info][gc,heap     ] GC(346) Humongous regions: 0->0
[46.312s][info][gc,metaspace] GC(346) Metaspace: 165K(384K)->165K(384K) NonClass: 156K(256K)->156K(256K) Class: 8K(128K)->8K(128K)
[46.312s][info][gc          ] GC(346) Pause Young (Normal) (G1 Evacuation Pause) 44M->11M(64M) 3.021ms
[46.312s][info][gc,cpu      ] GC(346) User=0.00s Sys=0.00s Real=0.00s
[46.446s][info][gc,start    ] GC(347) Pause Young (Normal) (G1 Evacuation Pause)
[46.446s][info][gc,task     ] GC(347) Using 4 workers of 8 for evacuation
[46.448s][info][gc,phases   ] GC(347)   Pre Evacuate Collection Set: 0.2ms
[46.448s][info][gc,phases   ] GC(347)   Merge Heap Roots: 0.2ms
[46.448s][info][gc,phases   ] GC(347)   Evacuate Collection Set: 0.8ms
[46.448s][info][gc,phases   ] GC(347)   Post Evacuate Collection Set: 0.8ms
[46.448s][info][gc,phases   ] GC(347)   Other: 0.3ms
[46.448s][info][gc,heap     ] GC(347) Eden regions: 33->0(34)
[46.449s][info][gc,heap     ] GC(347) Survivor regions: 5->4(5)
[46.449s][info][gc,heap     ] GC(347) Old regions: 8->8
[46.449s][info][gc,heap     ] GC(347) Archive regions: 0->0
[46.449s][info][gc,heap     ] GC(347) Humongous regions: 0->0
[46.449s][info][gc,metaspace] GC(347) Metaspace: 165K(384K)->165K(384K) NonClass: 156K(256K)->156K(256K) Class: 8K(128K)->8K(128K)
[46.449s][info][gc          ] GC(347) Pause Young (Normal) (G1 Evacuation Pause) 44M->10M(64M) 2.791ms
[46.449s][info][gc,cpu      ] GC(347) User=0.00s Sys=0.00s Real=0.00s
[46.597s][info][gc,start    ] GC(348) Pause Young (Normal) (G1 Evacuation Pause)
[46.597s][info][gc,task     ] GC(348) Using 4 workers of 8 for evacuation
[46.600s][info][gc,phases   ] GC(348)   Pre Evacuate Collection Set: 0.2ms
[46.600s][info][gc,phases   ] GC(348)   Merge Heap Roots: 0.2ms
[46.600s][info][gc,phases   ] GC(348)   Evacuate Collection Set: 0.9ms
[46.600s][info][gc,phases   ] GC(348)   Post Evacuate Collection Set: 0.7ms
[46.600s][info][gc,phases   ] GC(348)   Other: 0.3ms
[46.600s][info][gc,heap     ] GC(348) Eden regions: 34->0(33)
[46.600s][info][gc,heap     ] GC(348) Survivor regions: 4->5(5)
[46.600s][info][gc,heap     ] GC(348) Old regions: 8->8
[46.600s][info][gc,heap     ] GC(348) Archive regions: 0->0
[46.600s][info][gc,heap     ] GC(348) Humongous regions: 0->0
[46.600s][info][gc,metaspace] GC(348) Metaspace: 165K(384K)->165K(384K) NonClass: 156K(256K)->156K(256K) Class: 8K(128K)->8K(128K)
[46.600s][info][gc          ] GC(348) Pause Young (Normal) (G1 Evacuation Pause) 44M->11M(64M) 2.716ms
[46.600s][info][gc,cpu      ] GC(348) User=0.00s Sys=0.00s Real=0.00s
[46.697s][info][gc,start    ] GC(349) Pause Young (Normal) (G1 Evacuation Pause)
[46.697s][info][gc,task     ] GC(349) Using 4 workers of 8 for evacuation
[46.699s][info][gc,phases   ] GC(349)   Pre Evacuate Collection Set: 0.2ms
[46.699s][info][gc,phases   ] GC(349)   Merge Heap Roots: 0.2ms
[46.699s][info][gc,phases   ] GC(349)   Evacuate Collection Set: 0.5ms
[46.699s][info][gc,phases   ] GC(349)   Post Evacuate Collection Set: 0.7ms
[46.699s][info][gc,phases   ] GC(349)   Other: 0.3ms
[46.699s][info][gc,heap     ] GC(349) Eden regions: 33->0(36)
[46.699s][info][gc,heap     ] GC(349) Survivor regions: 5->2(5)
[46.699s][info][gc,heap     ] GC(349) Old regions: 8->8
[46.699s][info][gc,heap     ] GC(349) Archive regions: 0->0
[46.699s][info][gc,heap     ] GC(349) Humongous regions: 0->0
[46.699s][info][gc,metaspace] GC(349) Metaspace: 165K(384K)->165K(384K) NonClass: 156K(256K)->156K(256K) Class: 8K(128K)->8K(128K)
[46.700s][info][gc          ] GC(349) Pause Young (Normal) (G1 Evacuation Pause) 44M->9M(64M) 2.327ms
[46.700s][info][gc,cpu      ] GC(349) User=0.00s Sys=0.02s Real=0.00s
[46.848s][info][gc,start    ] GC(350) Pause Young (Normal) (G1 Evacuation Pause)
[46.848s][info][gc,task     ] GC(350) Using 4 workers of 8 for evacuation
[46.851s][info][gc,phases   ] GC(350)   Pre Evacuate Collection Set: 0.2ms
[46.851s][info][gc,phases   ] GC(350)   Merge Heap Roots: 0.2ms
[46.851s][info][gc,phases   ] GC(350)   Evacuate Collection Set: 1.2ms
[46.851s][info][gc,phases   ] GC(350)   Post Evacuate Collection Set: 0.8ms
[46.851s][info][gc,phases   ] GC(350)   Other: 0.3ms
[46.851s][info][gc,heap     ] GC(350) Eden regions: 36->0(33)
[46.851s][info][gc,heap     ] GC(350) Survivor regions: 2->5(5)
[46.851s][info][gc,heap     ] GC(350) Old regions: 8->8
[46.851s][info][gc,heap     ] GC(350) Archive regions: 0->0
[46.851s][info][gc,heap     ] GC(350) Humongous regions: 0->0
[46.851s][info][gc,metaspace] GC(350) Metaspace: 165K(384K)->165K(384K) NonClass: 156K(256K)->156K(256K) Class: 8K(128K)->8K(128K)
[46.851s][info][gc          ] GC(350) Pause Young (Normal) (G1 Evacuation Pause) 45M->12M(64M) 3.312ms
[46.851s][info][gc,cpu      ] GC(350) User=0.00s Sys=0.00s Real=0.00s
[46.996s][info][gc,start    ] GC(351) Pause Young (Normal) (G1 Evacuation Pause)
[46.996s][info][gc,task     ] GC(351) Using 4 workers of 8 for evacuation
[46.998s][info][gc,phases   ] GC(351)   Pre Evacuate Collection Set: 0.2ms
[46.998s][info][gc,phases   ] GC(351)   Merge Heap Roots: 0.2ms
[46.998s][info][gc,phases   ] GC(351)   Evacuate Collection Set: 1.0ms
[46.998s][info][gc,phases   ] GC(351)   Post Evacuate Collection Set: 0.9ms
[46.998s][info][gc,phases   ] GC(351)   Other: 0.4ms
[46.998s][info][gc,heap     ] GC(351) Eden regions: 33->0(34)
[46.999s][info][gc,heap     ] GC(351) Survivor regions: 5->4(5)
[46.999s][info][gc,heap     ] GC(351) Old regions: 8->8
[46.999s][info][gc,heap     ] GC(351) Archive regions: 0->0
[46.999s][info][gc,heap     ] GC(351) Humongous regions: 0->0
[46.999s][info][gc,metaspace] GC(351) Metaspace: 165K(384K)->165K(384K) NonClass: 156K(256K)->156K(256K) Class: 8K(128K)->8K(128K)
[46.999s][info][gc          ] GC(351) Pause Young (Normal) (G1 Evacuation Pause) 45M->11M(64M) 3.191ms
[46.999s][info][gc,cpu      ] GC(351) User=0.06s Sys=0.00s Real=0.00s
[47.099s][info][gc,start    ] GC(352) Pause Young (Normal) (G1 Evacuation Pause)
[47.099s][info][gc,task     ] GC(352) Using 4 workers of 8 for evacuation
[47.101s][info][gc,phases   ] GC(352)   Pre Evacuate Collection Set: 0.2ms
[47.101s][info][gc,phases   ] GC(352)   Merge Heap Roots: 0.2ms
[47.101s][info][gc,phases   ] GC(352)   Evacuate Collection Set: 0.9ms
[47.101s][info][gc,phases   ] GC(352)   Post Evacuate Collection Set: 0.7ms
[47.101s][info][gc,phases   ] GC(352)   Other: 0.3ms
[47.102s][info][gc,heap     ] GC(352) Eden regions: 34->0(33)
[47.102s][info][gc,heap     ] GC(352) Survivor regions: 4->5(5)
[47.102s][info][gc,heap     ] GC(352) Old regions: 8->8
[47.102s][info][gc,heap     ] GC(352) Archive regions: 0->0
[47.102s][info][gc,heap     ] GC(352) Humongous regions: 0->0
[47.102s][info][gc,metaspace] GC(352) Metaspace: 165K(384K)->165K(384K) NonClass: 156K(256K)->156K(256K) Class: 8K(128K)->8K(128K)
[47.102s][info][gc          ] GC(352) Pause Young (Normal) (G1 Evacuation Pause) 45M->12M(64M) 2.943ms
[47.102s][info][gc,cpu      ] GC(352) User=0.00s Sys=0.00s Real=0.00s
[47.245s][info][gc,start    ] GC(353) Pause Young (Normal) (G1 Evacuation Pause)
[47.245s][info][gc,task     ] GC(353) Using 4 workers of 8 for evacuation
[47.247s][info][gc,phases   ] GC(353)   Pre Evacuate Collection Set: 0.2ms
[47.247s][info][gc,phases   ] GC(353)   Merge Heap Roots: 0.2ms
[47.248s][info][gc,phases   ] GC(353)   Evacuate Collection Set: 0.6ms
[47.248s][info][gc,phases   ] GC(353)   Post Evacuate Collection Set: 0.8ms
[47.248s][info][gc,phases   ] GC(353)   Other: 0.3ms
[47.248s][info][gc,heap     ] GC(353) Eden regions: 33->0(34)
[47.248s][info][gc,heap     ] GC(353) Survivor regions: 5->4(5)
[47.248s][info][gc,heap     ] GC(353) Old regions: 8->8
[47.248s][info][gc,heap     ] GC(353) Archive regions: 0->0
[47.248s][info][gc,heap     ] GC(353) Humongous regions: 0->0
[47.248s][info][gc,metaspace] GC(353) Metaspace: 165K(384K)->165K(384K) NonClass: 156K(256K)->156K(256K) Class: 8K(128K)->8K(128K)
[47.248s][info][gc          ] GC(353) Pause Young (Normal) (G1 Evacuation Pause) 45M->10M(64M) 2.815ms
[47.248s][info][gc,cpu      ] GC(353) User=0.06s Sys=0.00s Real=0.00s
[47.395s][info][gc,start    ] GC(354) Pause Young (Normal) (G1 Evacuation Pause)
[47.396s][info][gc,task     ] GC(354) Using 4 workers of 8 for evacuation
[47.397s][info][gc,phases   ] GC(354)   Pre Evacuate Collection Set: 0.2ms
[47.397s][info][gc,phases   ] GC(354)   Merge Heap Roots: 0.1ms
[47.397s][info][gc,phases   ] GC(354)   Evacuate Collection Set: 0.4ms
[47.397s][info][gc,phases   ] GC(354)   Post Evacuate Collection Set: 0.5ms
[47.397s][info][gc,phases   ] GC(354)   Other: 0.2ms
[47.397s][info][gc,heap     ] GC(354) Eden regions: 34->0(35)
[47.397s][info][gc,heap     ] GC(354) Survivor regions: 4->3(5)
[47.397s][info][gc,heap     ] GC(354) Old regions: 8->8
[47.397s][info][gc,heap     ] GC(354) Archive regions: 0->0
[47.397s][info][gc,heap     ] GC(354) Humongous regions: 0->0
[47.397s][info][gc,metaspace] GC(354) Metaspace: 165K(384K)->165K(384K) NonClass: 156K(256K)->156K(256K) Class: 8K(128K)->8K(128K)
[47.397s][info][gc          ] GC(354) Pause Young (Normal) (G1 Evacuation Pause) 44M->10M(64M) 1.658ms
[47.397s][info][gc,cpu      ] GC(354) User=0.00s Sys=0.00s Real=0.00s
[47.499s][info][gc,start    ] GC(355) Pause Young (Normal) (G1 Evacuation Pause)
[47.499s][info][gc,task     ] GC(355) Using 4 workers of 8 for evacuation
[47.501s][info][gc,phases   ] GC(355)   Pre Evacuate Collection Set: 0.2ms
[47.501s][info][gc,phases   ] GC(355)   Merge Heap Roots: 0.2ms
[47.501s][info][gc,phases   ] GC(355)   Evacuate Collection Set: 1.0ms
[47.501s][info][gc,phases   ] GC(355)   Post Evacuate Collection Set: 0.8ms
[47.502s][info][gc,phases   ] GC(355)   Other: 0.3ms
[47.502s][info][gc,heap     ] GC(355) Eden regions: 35->0(33)
[47.502s][info][gc,heap     ] GC(355) Survivor regions: 3->5(5)
[47.502s][info][gc,heap     ] GC(355) Old regions: 8->8
[47.502s][info][gc,heap     ] GC(355) Archive regions: 0->0
[47.502s][info][gc,heap     ] GC(355) Humongous regions: 0->0
[47.502s][info][gc,metaspace] GC(355) Metaspace: 165K(384K)->165K(384K) NonClass: 156K(256K)->156K(256K) Class: 8K(128K)->8K(128K)
[47.502s][info][gc          ] GC(355) Pause Young (Normal) (G1 Evacuation Pause) 45M->12M(64M) 3.052ms
[47.502s][info][gc,cpu      ] GC(355) User=0.00s Sys=0.00s Real=0.00s
[47.649s][info][gc,start    ] GC(356) Pause Young (Normal) (G1 Evacuation Pause)
[47.649s][info][gc,task     ] GC(356) Using 4 workers of 8 for evacuation
[47.650s][info][gc,phases   ] GC(356)   Pre Evacuate Collection Set: 0.1ms
[47.650s][info][gc,phases   ] GC(356)   Merge Heap Roots: 0.1ms
[47.651s][info][gc,phases   ] GC(356)   Evacuate Collection Set: 0.7ms
[47.651s][info][gc,phases   ] GC(356)   Post Evacuate Collection Set: 0.7ms
[47.651s][info][gc,phases   ] GC(356)   Other: 0.3ms
[47.651s][info][gc,heap     ] GC(356) Eden regions: 33->0(35)
[47.651s][info][gc,heap     ] GC(356) Survivor regions: 5->3(5)
[47.651s][info][gc,heap     ] GC(356) Old regions: 8->8
[47.651s][info][gc,heap     ] GC(356) Archive regions: 0->0
[47.651s][info][gc,heap     ] GC(356) Humongous regions: 0->0
[47.651s][info][gc,metaspace] GC(356) Metaspace: 165K(384K)->165K(384K) NonClass: 156K(256K)->156K(256K) Class: 8K(128K)->8K(128K)
[47.651s][info][gc          ] GC(356) Pause Young (Normal) (G1 Evacuation Pause) 45M->10M(64M) 2.298ms
[47.651s][info][gc,cpu      ] GC(356) User=0.00s Sys=0.00s Real=0.00s
[47.796s][info][gc,start    ] GC(357) Pause Young (Normal) (G1 Evacuation Pause)
[47.796s][info][gc,task     ] GC(357) Using 4 workers of 8 for evacuation
[47.799s][info][gc,phases   ] GC(357)   Pre Evacuate Collection Set: 0.2ms
[47.799s][info][gc,phases   ] GC(357)   Merge Heap Roots: 0.2ms
[47.799s][info][gc,phases   ] GC(357)   Evacuate Collection Set: 1.2ms
[47.799s][info][gc,phases   ] GC(357)   Post Evacuate Collection Set: 0.8ms
[47.799s][info][gc,phases   ] GC(357)   Other: 0.3ms
[47.799s][info][gc,heap     ] GC(357) Eden regions: 35->0(33)
[47.799s][info][gc,heap     ] GC(357) Survivor regions: 3->5(5)
[47.799s][info][gc,heap     ] GC(357) Old regions: 8->8
[47.799s][info][gc,heap     ] GC(357) Archive regions: 0->0
[47.800s][info][gc,heap     ] GC(357) Humongous regions: 0->0
[47.800s][info][gc,metaspace] GC(357) Metaspace: 165K(384K)->165K(384K) NonClass: 156K(256K)->156K(256K) Class: 8K(128K)->8K(128K)
[47.800s][info][gc          ] GC(357) Pause Young (Normal) (G1 Evacuation Pause) 45M->12M(64M) 3.396ms
[47.800s][info][gc,cpu      ] GC(357) User=0.00s Sys=0.00s Real=0.00s
[47.898s][info][gc,start    ] GC(358) Pause Young (Normal) (G1 Evacuation Pause)
[47.898s][info][gc,task     ] GC(358) Using 4 workers of 8 for evacuation
[47.901s][info][gc,phases   ] GC(358)   Pre Evacuate Collection Set: 0.2ms
[47.901s][info][gc,phases   ] GC(358)   Merge Heap Roots: 0.2ms
[47.901s][info][gc,phases   ] GC(358)   Evacuate Collection Set: 1.0ms
[47.901s][info][gc,phases   ] GC(358)   Post Evacuate Collection Set: 0.9ms
[47.901s][info][gc,phases   ] GC(358)   Other: 0.4ms
[47.901s][info][gc,heap     ] GC(358) Eden regions: 33->0(34)
[47.901s][info][gc,heap     ] GC(358) Survivor regions: 5->4(5)
[47.901s][info][gc,heap     ] GC(358) Old regions: 8->8
[47.901s][info][gc,heap     ] GC(358) Archive regions: 0->0
[47.901s][info][gc,heap     ] GC(358) Humongous regions: 0->0
[47.901s][info][gc,metaspace] GC(358) Metaspace: 165K(384K)->165K(384K) NonClass: 156K(256K)->156K(256K) Class: 8K(128K)->8K(128K)
[47.901s][info][gc          ] GC(358) Pause Young (Normal) (G1 Evacuation Pause) 45M->11M(64M) 3.109ms
[47.902s][info][gc,cpu      ] GC(358) User=0.00s Sys=0.00s Real=0.00s
[48.048s][info][gc,start    ] GC(359) Pause Young (Normal) (G1 Evacuation Pause)
[48.048s][info][gc,task     ] GC(359) Using 4 workers of 8 for evacuation
[48.051s][info][gc,phases   ] GC(359)   Pre Evacuate Collection Set: 0.2ms
[48.051s][info][gc,phases   ] GC(359)   Merge Heap Roots: 0.2ms
[48.051s][info][gc,phases   ] GC(359)   Evacuate Collection Set: 1.2ms
[48.051s][info][gc,phases   ] GC(359)   Post Evacuate Collection Set: 1.0ms
[48.051s][info][gc,phases   ] GC(359)   Other: 0.4ms
[48.052s][info][gc,heap     ] GC(359) Eden regions: 34->0(33)
[48.052s][info][gc,heap     ] GC(359) Survivor regions: 4->5(5)
[48.052s][info][gc,heap     ] GC(359) Old regions: 8->8
[48.052s][info][gc,heap     ] GC(359) Archive regions: 0->0
[48.052s][info][gc,heap     ] GC(359) Humongous regions: 0->0
[48.052s][info][gc,metaspace] GC(359) Metaspace: 165K(384K)->165K(384K) NonClass: 156K(256K)->156K(256K) Class: 8K(128K)->8K(128K)
[48.052s][info][gc          ] GC(359) Pause Young (Normal) (G1 Evacuation Pause) 45M->12M(64M) 3.572ms
[48.052s][info][gc,cpu      ] GC(359) User=0.00s Sys=0.00s Real=0.00s
[48.196s][info][gc,start    ] GC(360) Pause Young (Normal) (G1 Evacuation Pause)
[48.196s][info][gc,task     ] GC(360) Using 4 workers of 8 for evacuation
[48.199s][info][gc,phases   ] GC(360)   Pre Evacuate Collection Set: 0.3ms
[48.199s][info][gc,phases   ] GC(360)   Merge Heap Roots: 0.3ms
[48.199s][info][gc,phases   ] GC(360)   Evacuate Collection Set: 0.7ms
[48.199s][info][gc,phases   ] GC(360)   Post Evacuate Collection Set: 1.1ms
[48.199s][info][gc,phases   ] GC(360)   Other: 0.4ms
[48.199s][info][gc,heap     ] GC(360) Eden regions: 33->0(35)
[48.199s][info][gc,heap     ] GC(360) Survivor regions: 5->3(5)
[48.199s][info][gc,heap     ] GC(360) Old regions: 8->8
[48.199s][info][gc,heap     ] GC(360) Archive regions: 0->0
[48.199s][info][gc,heap     ] GC(360) Humongous regions: 0->0
[48.199s][info][gc,metaspace] GC(360) Metaspace: 165K(384K)->165K(384K) NonClass: 156K(256K)->156K(256K) Class: 8K(128K)->8K(128K)
[48.199s][info][gc          ] GC(360) Pause Young (Normal) (G1 Evacuation Pause) 45M->10M(64M) 3.186ms
[48.199s][info][gc,cpu      ] GC(360) User=0.02s Sys=0.00s Real=0.00s
[48.298s][info][gc,start    ] GC(361) Pause Young (Normal) (G1 Evacuation Pause)
[48.298s][info][gc,task     ] GC(361) Using 4 workers of 8 for evacuation
[48.301s][info][gc,phases   ] GC(361)   Pre Evacuate Collection Set: 0.2ms
[48.301s][info][gc,phases   ] GC(361)   Merge Heap Roots: 0.3ms
[48.301s][info][gc,phases   ] GC(361)   Evacuate Collection Set: 0.9ms
[48.301s][info][gc,phases   ] GC(361)   Post Evacuate Collection Set: 0.9ms
[48.301s][info][gc,phases   ] GC(361)   Other: 0.3ms
[48.301s][info][gc,heap     ] GC(361) Eden regions: 35->0(33)
[48.301s][info][gc,heap     ] GC(361) Survivor regions: 3->5(5)
[48.301s][info][gc,heap     ] GC(361) Old regions: 8->8
[48.301s][info][gc,heap     ] GC(361) Archive regions: 0->0
[48.301s][info][gc,heap     ] GC(361) Humongous regions: 0->0
[48.301s][info][gc,metaspace] GC(361) Metaspace: 165K(384K)->165K(384K) NonClass: 156K(256K)->156K(256K) Class: 8K(128K)->8K(128K)
[48.301s][info][gc          ] GC(361) Pause Young (Normal) (G1 Evacuation Pause) 45M->12M(64M) 3.136ms
[48.302s][info][gc,cpu      ] GC(361) User=0.00s Sys=0.00s Real=0.00s
[48.448s][info][gc,start    ] GC(362) Pause Young (Normal) (G1 Evacuation Pause)
[48.448s][info][gc,task     ] GC(362) Using 4 workers of 8 for evacuation
[48.450s][info][gc,phases   ] GC(362)   Pre Evacuate Collection Set: 0.2ms
[48.450s][info][gc,phases   ] GC(362)   Merge Heap Roots: 0.2ms
[48.450s][info][gc,phases   ] GC(362)   Evacuate Collection Set: 1.1ms
[48.450s][info][gc,phases   ] GC(362)   Post Evacuate Collection Set: 0.7ms
[48.450s][info][gc,phases   ] GC(362)   Other: 0.4ms
[48.450s][info][gc,heap     ] GC(362) Eden regions: 33->0(34)
[48.450s][info][gc,heap     ] GC(362) Survivor regions: 5->4(5)
[48.450s][info][gc,heap     ] GC(362) Old regions: 8->8
[48.451s][info][gc,heap     ] GC(362) Archive regions: 0->0
[48.451s][info][gc,heap     ] GC(362) Humongous regions: 0->0
[48.451s][info][gc,metaspace] GC(362) Metaspace: 165K(384K)->165K(384K) NonClass: 156K(256K)->156K(256K) Class: 8K(128K)->8K(128K)
[48.451s][info][gc          ] GC(362) Pause Young (Normal) (G1 Evacuation Pause) 45M->11M(64M) 3.064ms
[48.451s][info][gc,cpu      ] GC(362) User=0.03s Sys=0.00s Real=0.00s
[48.598s][info][gc,start    ] GC(363) Pause Young (Normal) (G1 Evacuation Pause)
[48.598s][info][gc,task     ] GC(363) Using 4 workers of 8 for evacuation
[48.601s][info][gc,phases   ] GC(363)   Pre Evacuate Collection Set: 0.2ms
[48.601s][info][gc,phases   ] GC(363)   Merge Heap Roots: 0.1ms
[48.601s][info][gc,phases   ] GC(363)   Evacuate Collection Set: 1.7ms
[48.601s][info][gc,phases   ] GC(363)   Post Evacuate Collection Set: 0.5ms
[48.601s][info][gc,phases   ] GC(363)   Other: 0.6ms
[48.601s][info][gc,heap     ] GC(363) Eden regions: 34->0(33)
[48.601s][info][gc,heap     ] GC(363) Survivor regions: 4->5(5)
[48.601s][info][gc,heap     ] GC(363) Old regions: 8->8
[48.601s][info][gc,heap     ] GC(363) Archive regions: 0->0
[48.601s][info][gc,heap     ] GC(363) Humongous regions: 0->0
[48.601s][info][gc,metaspace] GC(363) Metaspace: 165K(384K)->165K(384K) NonClass: 156K(256K)->156K(256K) Class: 8K(128K)->8K(128K)
[48.601s][info][gc          ] GC(363) Pause Young (Normal) (G1 Evacuation Pause) 45M->12M(64M) 3.503ms
[48.601s][info][gc,cpu      ] GC(363) User=0.00s Sys=0.00s Real=0.00s
[48.699s][info][gc,start    ] GC(364) Pause Young (Normal) (G1 Evacuation Pause)
[48.699s][info][gc,task     ] GC(364) Using 4 workers of 8 for evacuation
[48.701s][info][gc,phases   ] GC(364)   Pre Evacuate Collection Set: 0.2ms
[48.701s][info][gc,phases   ] GC(364)   Merge Heap Roots: 0.2ms
[48.701s][info][gc,phases   ] GC(364)   Evacuate Collection Set: 0.8ms
[48.701s][info][gc,phases   ] GC(364)   Post Evacuate Collection Set: 0.9ms
[48.701s][info][gc,phases   ] GC(364)   Other: 0.4ms
[48.701s][info][gc,heap     ] GC(364) Eden regions: 33->0(35)
[48.701s][info][gc,heap     ] GC(364) Survivor regions: 5->3(5)
[48.701s][info][gc,heap     ] GC(364) Old regions: 8->8
[48.701s][info][gc,heap     ] GC(364) Archive regions: 0->0
[48.701s][info][gc,heap     ] GC(364) Humongous regions: 0->0
[48.701s][info][gc,metaspace] GC(364) Metaspace: 165K(384K)->165K(384K) NonClass: 156K(256K)->156K(256K) Class: 8K(128K)->8K(128K)
[48.702s][info][gc          ] GC(364) Pause Young (Normal) (G1 Evacuation Pause) 45M->10M(64M) 3.008ms
[48.702s][info][gc,cpu      ] GC(364) User=0.06s Sys=0.00s Real=0.00s
[48.846s][info][gc,start    ] GC(365) Pause Young (Normal) (G1 Evacuation Pause)
[48.846s][info][gc,task     ] GC(365) Using 4 workers of 8 for evacuation
[48.849s][info][gc,phases   ] GC(365)   Pre Evacuate Collection Set: 0.2ms
[48.850s][info][gc,phases   ] GC(365)   Merge Heap Roots: 0.2ms
[48.850s][info][gc,phases   ] GC(365)   Evacuate Collection Set: 1.5ms
[48.850s][info][gc,phases   ] GC(365)   Post Evacuate Collection Set: 1.0ms
[48.850s][info][gc,phases   ] GC(365)   Other: 0.4ms
[48.850s][info][gc,heap     ] GC(365) Eden regions: 35->0(33)
[48.850s][info][gc,heap     ] GC(365) Survivor regions: 3->5(5)
[48.850s][info][gc,heap     ] GC(365) Old regions: 8->8
[48.850s][info][gc,heap     ] GC(365) Archive regions: 0->0
[48.850s][info][gc,heap     ] GC(365) Humongous regions: 0->0
[48.850s][info][gc,metaspace] GC(365) Metaspace: 165K(384K)->165K(384K) NonClass: 156K(256K)->156K(256K) Class: 8K(128K)->8K(128K)
[48.850s][info][gc          ] GC(365) Pause Young (Normal) (G1 Evacuation Pause) 45M->12M(64M) 3.833ms
[48.850s][info][gc,cpu      ] GC(365) User=0.00s Sys=0.00s Real=0.00s
[48.996s][info][gc,start    ] GC(366) Pause Young (Normal) (G1 Evacuation Pause)
[48.996s][info][gc,task     ] GC(366) Using 4 workers of 8 for evacuation
[48.998s][info][gc,phases   ] GC(366)   Pre Evacuate Collection Set: 0.1ms
[48.998s][info][gc,phases   ] GC(366)   Merge Heap Roots: 0.2ms
[48.998s][info][gc,phases   ] GC(366)   Evacuate Collection Set: 0.7ms
[48.998s][info][gc,phases   ] GC(366)   Post Evacuate Collection Set: 0.6ms
[48.998s][info][gc,phases   ] GC(366)   Other: 0.3ms
[48.998s][info][gc,heap     ] GC(366) Eden regions: 33->0(34)
[48.998s][info][gc,heap     ] GC(366) Survivor regions: 5->4(5)
[48.998s][info][gc,heap     ] GC(366) Old regions: 8->8
[48.998s][info][gc,heap     ] GC(366) Archive regions: 0->0
[48.998s][info][gc,heap     ] GC(366) Humongous regions: 0->0
[48.998s][info][gc,metaspace] GC(366) Metaspace: 165K(384K)->165K(384K) NonClass: 156K(256K)->156K(256K) Class: 8K(128K)->8K(128K)
[48.998s][info][gc          ] GC(366) Pause Young (Normal) (G1 Evacuation Pause) 45M->11M(64M) 2.441ms
[48.998s][info][gc,cpu      ] GC(366) User=0.06s Sys=0.00s Real=0.00s
[49.097s][info][gc,start    ] GC(367) Pause Young (Normal) (G1 Evacuation Pause)
[49.098s][info][gc,task     ] GC(367) Using 4 workers of 8 for evacuation
[49.100s][info][gc,phases   ] GC(367)   Pre Evacuate Collection Set: 0.2ms
[49.100s][info][gc,phases   ] GC(367)   Merge Heap Roots: 0.2ms
[49.100s][info][gc,phases   ] GC(367)   Evacuate Collection Set: 1.2ms
[49.100s][info][gc,phases   ] GC(367)   Post Evacuate Collection Set: 0.6ms
[49.100s][info][gc,phases   ] GC(367)   Other: 0.3ms
[49.100s][info][gc,heap     ] GC(367) Eden regions: 34->0(33)
[49.100s][info][gc,heap     ] GC(367) Survivor regions: 4->5(5)
[49.100s][info][gc,heap     ] GC(367) Old regions: 8->8
[49.100s][info][gc,heap     ] GC(367) Archive regions: 0->0
[49.100s][info][gc,heap     ] GC(367) Humongous regions: 0->0
[49.100s][info][gc,metaspace] GC(367) Metaspace: 165K(384K)->165K(384K) NonClass: 156K(256K)->156K(256K) Class: 8K(128K)->8K(128K)
[49.101s][info][gc          ] GC(367) Pause Young (Normal) (G1 Evacuation Pause) 44M->11M(64M) 3.062ms
[49.101s][info][gc,cpu      ] GC(367) User=0.00s Sys=0.00s Real=0.00s
[49.244s][info][gc,start    ] GC(368) Pause Young (Normal) (G1 Evacuation Pause)
[49.244s][info][gc,task     ] GC(368) Using 4 workers of 8 for evacuation
[49.246s][info][gc,phases   ] GC(368)   Pre Evacuate Collection Set: 0.2ms
[49.247s][info][gc,phases   ] GC(368)   Merge Heap Roots: 0.2ms
[49.247s][info][gc,phases   ] GC(368)   Evacuate Collection Set: 0.6ms
[49.247s][info][gc,phases   ] GC(368)   Post Evacuate Collection Set: 0.8ms
[49.247s][info][gc,phases   ] GC(368)   Other: 0.4ms
[49.247s][info][gc,heap     ] GC(368) Eden regions: 33->0(35)
[49.247s][info][gc,heap     ] GC(368) Survivor regions: 5->3(5)
[49.247s][info][gc,heap     ] GC(368) Old regions: 8->8
[49.247s][info][gc,heap     ] GC(368) Archive regions: 0->0
[49.247s][info][gc,heap     ] GC(368) Humongous regions: 0->0
[49.247s][info][gc,metaspace] GC(368) Metaspace: 165K(384K)->165K(384K) NonClass: 156K(256K)->156K(256K) Class: 8K(128K)->8K(128K)
[49.247s][info][gc          ] GC(368) Pause Young (Normal) (G1 Evacuation Pause) 44M->10M(64M) 2.610ms
[49.247s][info][gc,cpu      ] GC(368) User=0.00s Sys=0.02s Real=0.00s
[49.394s][info][gc,start    ] GC(369) Pause Young (Normal) (G1 Evacuation Pause)
[49.394s][info][gc,task     ] GC(369) Using 4 workers of 8 for evacuation
[49.396s][info][gc,phases   ] GC(369)   Pre Evacuate Collection Set: 0.2ms
[49.396s][info][gc,phases   ] GC(369)   Merge Heap Roots: 0.1ms
[49.396s][info][gc,phases   ] GC(369)   Evacuate Collection Set: 0.7ms
[49.396s][info][gc,phases   ] GC(369)   Post Evacuate Collection Set: 0.6ms
[49.396s][info][gc,phases   ] GC(369)   Other: 0.3ms
[49.396s][info][gc,heap     ] GC(369) Eden regions: 35->0(34)
[49.396s][info][gc,heap     ] GC(369) Survivor regions: 3->4(5)
[49.396s][info][gc,heap     ] GC(369) Old regions: 8->8
[49.396s][info][gc,heap     ] GC(369) Archive regions: 0->0
[49.397s][info][gc,heap     ] GC(369) Humongous regions: 0->0
[49.397s][info][gc,metaspace] GC(369) Metaspace: 165K(384K)->165K(384K) NonClass: 156K(256K)->156K(256K) Class: 8K(128K)->8K(128K)
[49.397s][info][gc          ] GC(369) Pause Young (Normal) (G1 Evacuation Pause) 45M->11M(64M) 2.407ms
[49.397s][info][gc,cpu      ] GC(369) User=0.00s Sys=0.00s Real=0.00s
[49.497s][info][gc,start    ] GC(370) Pause Young (Normal) (G1 Evacuation Pause)
[49.497s][info][gc,task     ] GC(370) Using 4 workers of 8 for evacuation
[49.499s][info][gc,phases   ] GC(370)   Pre Evacuate Collection Set: 0.1ms
[49.499s][info][gc,phases   ] GC(370)   Merge Heap Roots: 0.2ms
[49.499s][info][gc,phases   ] GC(370)   Evacuate Collection Set: 1.1ms
[49.499s][info][gc,phases   ] GC(370)   Post Evacuate Collection Set: 0.7ms
[49.500s][info][gc,phases   ] GC(370)   Other: 0.3ms
[49.500s][info][gc,heap     ] GC(370) Eden regions: 34->0(33)
[49.500s][info][gc,heap     ] GC(370) Survivor regions: 4->5(5)
[49.500s][info][gc,heap     ] GC(370) Old regions: 8->8
[49.500s][info][gc,heap     ] GC(370) Archive regions: 0->0
[49.500s][info][gc,heap     ] GC(370) Humongous regions: 0->0
[49.500s][info][gc,metaspace] GC(370) Metaspace: 165K(384K)->165K(384K) NonClass: 156K(256K)->156K(256K) Class: 8K(128K)->8K(128K)
[49.500s][info][gc          ] GC(370) Pause Young (Normal) (G1 Evacuation Pause) 45M->12M(64M) 3.205ms
[49.500s][info][gc,cpu      ] GC(370) User=0.00s Sys=0.00s Real=0.00s
[49.645s][info][gc,start    ] GC(371) Pause Young (Normal) (G1 Evacuation Pause)
[49.645s][info][gc,task     ] GC(371) Using 4 workers of 8 for evacuation
[49.646s][info][gc,phases   ] GC(371)   Pre Evacuate Collection Set: 0.1ms
[49.646s][info][gc,phases   ] GC(371)   Merge Heap Roots: 0.1ms
[49.646s][info][gc,phases   ] GC(371)   Evacuate Collection Set: 0.3ms
[49.646s][info][gc,phases   ] GC(371)   Post Evacuate Collection Set: 0.3ms
[49.646s][info][gc,phases   ] GC(371)   Other: 0.3ms
[49.646s][info][gc,heap     ] GC(371) Eden regions: 33->0(35)
[49.646s][info][gc,heap     ] GC(371) Survivor regions: 5->3(5)
[49.646s][info][gc,heap     ] GC(371) Old regions: 8->8
[49.646s][info][gc,heap     ] GC(371) Archive regions: 0->0
[49.646s][info][gc,heap     ] GC(371) Humongous regions: 0->0
[49.646s][info][gc,metaspace] GC(371) Metaspace: 165K(384K)->165K(384K) NonClass: 156K(256K)->156K(256K) Class: 8K(128K)->8K(128K)
[49.646s][info][gc          ] GC(371) Pause Young (Normal) (G1 Evacuation Pause) 45M->10M(64M) 1.342ms
[49.647s][info][gc,cpu      ] GC(371) User=0.00s Sys=0.00s Real=0.00s
[49.795s][info][gc,start    ] GC(372) Pause Young (Normal) (G1 Evacuation Pause)
[49.795s][info][gc,task     ] GC(372) Using 4 workers of 8 for evacuation
[49.797s][info][gc,phases   ] GC(372)   Pre Evacuate Collection Set: 0.2ms
[49.797s][info][gc,phases   ] GC(372)   Merge Heap Roots: 0.1ms
[49.797s][info][gc,phases   ] GC(372)   Evacuate Collection Set: 0.8ms
[49.797s][info][gc,phases   ] GC(372)   Post Evacuate Collection Set: 0.6ms
[49.797s][info][gc,phases   ] GC(372)   Other: 0.2ms
[49.797s][info][gc,heap     ] GC(372) Eden regions: 35->0(33)
[49.797s][info][gc,heap     ] GC(372) Survivor regions: 3->5(5)
[49.797s][info][gc,heap     ] GC(372) Old regions: 8->8
[49.797s][info][gc,heap     ] GC(372) Archive regions: 0->0
[49.797s][info][gc,heap     ] GC(372) Humongous regions: 0->0
[49.797s][info][gc,metaspace] GC(372) Metaspace: 165K(384K)->165K(384K) NonClass: 156K(256K)->156K(256K) Class: 8K(128K)->8K(128K)
[49.797s][info][gc          ] GC(372) Pause Young (Normal) (G1 Evacuation Pause) 45M->12M(64M) 2.219ms
[49.797s][info][gc,cpu      ] GC(372) User=0.00s Sys=0.00s Real=0.00s
[49.896s][info][gc,start    ] GC(373) Pause Young (Normal) (G1 Evacuation Pause)
[49.896s][info][gc,task     ] GC(373) Using 4 workers of 8 for evacuation
[49.899s][info][gc,phases   ] GC(373)   Pre Evacuate Collection Set: 0.2ms
[49.899s][info][gc,phases   ] GC(373)   Merge Heap Roots: 0.1ms
[49.899s][info][gc,phases   ] GC(373)   Evacuate Collection Set: 1.0ms
[49.899s][info][gc,phases   ] GC(373)   Post Evacuate Collection Set: 0.6ms
[49.899s][info][gc,phases   ] GC(373)   Other: 0.3ms
[49.899s][info][gc,heap     ] GC(373) Eden regions: 33->0(34)
[49.899s][info][gc,heap     ] GC(373) Survivor regions: 5->4(5)
[49.899s][info][gc,heap     ] GC(373) Old regions: 8->8
[49.899s][info][gc,heap     ] GC(373) Archive regions: 0->0
[49.899s][info][gc,heap     ] GC(373) Humongous regions: 0->0
[49.899s][info][gc,metaspace] GC(373) Metaspace: 165K(384K)->165K(384K) NonClass: 156K(256K)->156K(256K) Class: 8K(128K)->8K(128K)
[49.899s][info][gc          ] GC(373) Pause Young (Normal) (G1 Evacuation Pause) 45M->11M(64M) 2.545ms
[49.899s][info][gc,cpu      ] GC(373) User=0.00s Sys=0.00s Real=0.00s
[50.046s][info][gc,start    ] GC(374) Pause Young (Normal) (G1 Evacuation Pause)
[50.046s][info][gc,task     ] GC(374) Using 4 workers of 8 for evacuation
[50.048s][info][gc,phases   ] GC(374)   Pre Evacuate Collection Set: 0.1ms
[50.048s][info][gc,phases   ] GC(374)   Merge Heap Roots: 0.1ms
[50.048s][info][gc,phases   ] GC(374)   Evacuate Collection Set: 0.9ms
[50.048s][info][gc,phases   ] GC(374)   Post Evacuate Collection Set: 0.6ms
[50.048s][info][gc,phases   ] GC(374)   Other: 0.4ms
[50.048s][info][gc,heap     ] GC(374) Eden regions: 34->0(34)
[50.048s][info][gc,heap     ] GC(374) Survivor regions: 4->4(5)
[50.048s][info][gc,heap     ] GC(374) Old regions: 8->8
[50.048s][info][gc,heap     ] GC(374) Archive regions: 0->0
[50.048s][info][gc,heap     ] GC(374) Humongous regions: 0->0
[50.048s][info][gc,metaspace] GC(374) Metaspace: 165K(384K)->165K(384K) NonClass: 156K(256K)->156K(256K) Class: 8K(128K)->8K(128K)
[50.049s][info][gc          ] GC(374) Pause Young (Normal) (G1 Evacuation Pause) 45M->11M(64M) 2.576ms
[50.049s][info][gc,cpu      ] GC(374) User=0.00s Sys=0.00s Real=0.00s
[50.196s][info][gc,start    ] GC(375) Pause Young (Normal) (G1 Evacuation Pause)
[50.196s][info][gc,task     ] GC(375) Using 4 workers of 8 for evacuation
[50.198s][info][gc,phases   ] GC(375)   Pre Evacuate Collection Set: 0.2ms
[50.198s][info][gc,phases   ] GC(375)   Merge Heap Roots: 0.2ms
[50.198s][info][gc,phases   ] GC(375)   Evacuate Collection Set: 0.6ms
[50.198s][info][gc,phases   ] GC(375)   Post Evacuate Collection Set: 0.8ms
[50.198s][info][gc,phases   ] GC(375)   Other: 0.3ms
[50.198s][info][gc,heap     ] GC(375) Eden regions: 34->0(34)
[50.198s][info][gc,heap     ] GC(375) Survivor regions: 4->4(5)
[50.198s][info][gc,heap     ] GC(375) Old regions: 8->8
[50.198s][info][gc,heap     ] GC(375) Archive regions: 0->0
[50.198s][info][gc,heap     ] GC(375) Humongous regions: 0->0
[50.198s][info][gc,metaspace] GC(375) Metaspace: 165K(384K)->165K(384K) NonClass: 156K(256K)->156K(256K) Class: 8K(128K)->8K(128K)
[50.198s][info][gc          ] GC(375) Pause Young (Normal) (G1 Evacuation Pause) 45M->11M(64M) 2.496ms
[50.198s][info][gc,cpu      ] GC(375) User=0.00s Sys=0.00s Real=0.00s
[50.297s][info][gc,start    ] GC(376) Pause Young (Normal) (G1 Evacuation Pause)
[50.297s][info][gc,task     ] GC(376) Using 4 workers of 8 for evacuation
[50.299s][info][gc,phases   ] GC(376)   Pre Evacuate Collection Set: 0.2ms
[50.299s][info][gc,phases   ] GC(376)   Merge Heap Roots: 0.2ms
[50.299s][info][gc,phases   ] GC(376)   Evacuate Collection Set: 1.4ms
[50.299s][info][gc,phases   ] GC(376)   Post Evacuate Collection Set: 0.7ms
[50.300s][info][gc,phases   ] GC(376)   Other: 0.3ms
[50.300s][info][gc,heap     ] GC(376) Eden regions: 34->0(33)
[50.300s][info][gc,heap     ] GC(376) Survivor regions: 4->5(5)
[50.300s][info][gc,heap     ] GC(376) Old regions: 8->8
[50.300s][info][gc,heap     ] GC(376) Archive regions: 0->0
[50.300s][info][gc,heap     ] GC(376) Humongous regions: 0->0
[50.300s][info][gc,metaspace] GC(376) Metaspace: 165K(384K)->165K(384K) NonClass: 156K(256K)->156K(256K) Class: 8K(128K)->8K(128K)
[50.300s][info][gc          ] GC(376) Pause Young (Normal) (G1 Evacuation Pause) 45M->12M(64M) 3.266ms
[50.300s][info][gc,cpu      ] GC(376) User=0.00s Sys=0.00s Real=0.00s
[50.447s][info][gc,start    ] GC(377) Pause Young (Normal) (G1 Evacuation Pause)
[50.447s][info][gc,task     ] GC(377) Using 4 workers of 8 for evacuation
[50.449s][info][gc,phases   ] GC(377)   Pre Evacuate Collection Set: 0.2ms
[50.450s][info][gc,phases   ] GC(377)   Merge Heap Roots: 0.2ms
[50.450s][info][gc,phases   ] GC(377)   Evacuate Collection Set: 0.5ms
[50.450s][info][gc,phases   ] GC(377)   Post Evacuate Collection Set: 0.9ms
[50.450s][info][gc,phases   ] GC(377)   Other: 0.3ms
[50.450s][info][gc,heap     ] GC(377) Eden regions: 33->0(35)
[50.450s][info][gc,heap     ] GC(377) Survivor regions: 5->3(5)
[50.450s][info][gc,heap     ] GC(377) Old regions: 8->9
[50.450s][info][gc,heap     ] GC(377) Archive regions: 0->0
[50.450s][info][gc,heap     ] GC(377) Humongous regions: 0->0
[50.450s][info][gc,metaspace] GC(377) Metaspace: 165K(384K)->165K(384K) NonClass: 156K(256K)->156K(256K) Class: 8K(128K)->8K(128K)
[50.450s][info][gc          ] GC(377) Pause Young (Normal) (G1 Evacuation Pause) 45M->10M(64M) 2.845ms
[50.450s][info][gc,cpu      ] GC(377) User=0.02s Sys=0.00s Real=0.00s
[50.596s][info][gc,start    ] GC(378) Pause Young (Normal) (G1 Evacuation Pause)
[50.596s][info][gc,task     ] GC(378) Using 4 workers of 8 for evacuation
[50.599s][info][gc,phases   ] GC(378)   Pre Evacuate Collection Set: 0.1ms
[50.600s][info][gc,phases   ] GC(378)   Merge Heap Roots: 0.2ms
[50.600s][info][gc,phases   ] GC(378)   Evacuate Collection Set: 1.6ms
[50.600s][info][gc,phases   ] GC(378)   Post Evacuate Collection Set: 0.9ms
[50.600s][info][gc,phases   ] GC(378)   Other: 0.4ms
[50.600s][info][gc,heap     ] GC(378) Eden regions: 35->0(33)
[50.600s][info][gc,heap     ] GC(378) Survivor regions: 3->5(5)
[50.600s][info][gc,heap     ] GC(378) Old regions: 9->9
[50.600s][info][gc,heap     ] GC(378) Archive regions: 0->0
[50.600s][info][gc,heap     ] GC(378) Humongous regions: 0->0
[50.600s][info][gc,metaspace] GC(378) Metaspace: 165K(384K)->165K(384K) NonClass: 156K(256K)->156K(256K) Class: 8K(128K)->8K(128K)
[50.600s][info][gc          ] GC(378) Pause Young (Normal) (G1 Evacuation Pause) 45M->12M(64M) 3.699ms
[50.600s][info][gc,cpu      ] GC(378) User=0.00s Sys=0.00s Real=0.00s
[50.696s][info][gc,start    ] GC(379) Pause Young (Normal) (G1 Evacuation Pause)
[50.696s][info][gc,task     ] GC(379) Using 4 workers of 8 for evacuation
[50.698s][info][gc,phases   ] GC(379)   Pre Evacuate Collection Set: 0.1ms
[50.698s][info][gc,phases   ] GC(379)   Merge Heap Roots: 0.1ms
[50.698s][info][gc,phases   ] GC(379)   Evacuate Collection Set: 0.7ms
[50.698s][info][gc,phases   ] GC(379)   Post Evacuate Collection Set: 0.6ms
[50.698s][info][gc,phases   ] GC(379)   Other: 0.2ms
[50.698s][info][gc,heap     ] GC(379) Eden regions: 33->0(35)
[50.698s][info][gc,heap     ] GC(379) Survivor regions: 5->3(5)
[50.698s][info][gc,heap     ] GC(379) Old regions: 9->9
[50.698s][info][gc,heap     ] GC(379) Archive regions: 0->0
[50.698s][info][gc,heap     ] GC(379) Humongous regions: 0->0
[50.698s][info][gc,metaspace] GC(379) Metaspace: 165K(384K)->165K(384K) NonClass: 156K(256K)->156K(256K) Class: 8K(128K)->8K(128K)
[50.698s][info][gc          ] GC(379) Pause Young (Normal) (G1 Evacuation Pause) 45M->10M(64M) 2.006ms
[50.698s][info][gc,cpu      ] GC(379) User=0.00s Sys=0.00s Real=0.00s
[50.846s][info][gc,start    ] GC(380) Pause Young (Normal) (G1 Evacuation Pause)
[50.846s][info][gc,task     ] GC(380) Using 4 workers of 8 for evacuation
[50.848s][info][gc,phases   ] GC(380)   Pre Evacuate Collection Set: 0.2ms
[50.848s][info][gc,phases   ] GC(380)   Merge Heap Roots: 0.2ms
[50.848s][info][gc,phases   ] GC(380)   Evacuate Collection Set: 1.0ms
[50.848s][info][gc,phases   ] GC(380)   Post Evacuate Collection Set: 0.6ms
[50.848s][info][gc,phases   ] GC(380)   Other: 0.4ms
[50.848s][info][gc,heap     ] GC(380) Eden regions: 35->0(33)
[50.848s][info][gc,heap     ] GC(380) Survivor regions: 3->5(5)
[50.848s][info][gc,heap     ] GC(380) Old regions: 9->9
[50.848s][info][gc,heap     ] GC(380) Archive regions: 0->0
[50.848s][info][gc,heap     ] GC(380) Humongous regions: 0->0
[50.848s][info][gc,metaspace] GC(380) Metaspace: 165K(384K)->165K(384K) NonClass: 156K(256K)->156K(256K) Class: 8K(128K)->8K(128K)
[50.848s][info][gc          ] GC(380) Pause Young (Normal) (G1 Evacuation Pause) 45M->12M(64M) 2.756ms
[50.848s][info][gc,cpu      ] GC(380) User=0.00s Sys=0.00s Real=0.00s
[50.998s][info][gc,start    ] GC(381) Pause Young (Normal) (G1 Evacuation Pause)
[50.998s][info][gc,task     ] GC(381) Using 4 workers of 8 for evacuation
[50.999s][info][gc,phases   ] GC(381)   Pre Evacuate Collection Set: 0.1ms
[50.999s][info][gc,phases   ] GC(381)   Merge Heap Roots: 0.1ms
[50.999s][info][gc,phases   ] GC(381)   Evacuate Collection Set: 0.8ms
[50.999s][info][gc,phases   ] GC(381)   Post Evacuate Collection Set: 0.5ms
[51.000s][info][gc,phases   ] GC(381)   Other: 0.4ms
[51.000s][info][gc,heap     ] GC(381) Eden regions: 33->0(34)
[51.000s][info][gc,heap     ] GC(381) Survivor regions: 5->4(5)
[51.000s][info][gc,heap     ] GC(381) Old regions: 9->9
[51.000s][info][gc,heap     ] GC(381) Archive regions: 0->0
[51.000s][info][gc,heap     ] GC(381) Humongous regions: 0->0
[51.000s][info][gc,metaspace] GC(381) Metaspace: 165K(384K)->165K(384K) NonClass: 156K(256K)->156K(256K) Class: 8K(128K)->8K(128K)
[51.000s][info][gc          ] GC(381) Pause Young (Normal) (G1 Evacuation Pause) 45M->11M(64M) 2.062ms
[51.000s][info][gc,cpu      ] GC(381) User=0.00s Sys=0.00s Real=0.00s
[51.097s][info][gc,start    ] GC(382) Pause Young (Normal) (G1 Evacuation Pause)
[51.097s][info][gc,task     ] GC(382) Using 4 workers of 8 for evacuation
[51.100s][info][gc,phases   ] GC(382)   Pre Evacuate Collection Set: 0.2ms
[51.100s][info][gc,phases   ] GC(382)   Merge Heap Roots: 0.2ms
[51.100s][info][gc,phases   ] GC(382)   Evacuate Collection Set: 1.2ms
[51.100s][info][gc,phases   ] GC(382)   Post Evacuate Collection Set: 0.6ms
[51.100s][info][gc,phases   ] GC(382)   Other: 0.3ms
[51.100s][info][gc,heap     ] GC(382) Eden regions: 34->0(34)
[51.100s][info][gc,heap     ] GC(382) Survivor regions: 4->4(5)
[51.100s][info][gc,heap     ] GC(382) Old regions: 9->9
[51.100s][info][gc,heap     ] GC(382) Archive regions: 0->0
[51.100s][info][gc,heap     ] GC(382) Humongous regions: 0->0
[51.100s][info][gc,metaspace] GC(382) Metaspace: 165K(384K)->165K(384K) NonClass: 156K(256K)->156K(256K) Class: 8K(128K)->8K(128K)
[51.100s][info][gc          ] GC(382) Pause Young (Normal) (G1 Evacuation Pause) 45M->11M(64M) 3.042ms
[51.100s][info][gc,cpu      ] GC(382) User=0.00s Sys=0.00s Real=0.00s
[51.248s][info][gc,start    ] GC(383) Pause Young (Normal) (G1 Evacuation Pause)
[51.248s][info][gc,task     ] GC(383) Using 4 workers of 8 for evacuation
[51.250s][info][gc,phases   ] GC(383)   Pre Evacuate Collection Set: 0.3ms
[51.251s][info][gc,phases   ] GC(383)   Merge Heap Roots: 0.2ms
[51.251s][info][gc,phases   ] GC(383)   Evacuate Collection Set: 0.8ms
[51.251s][info][gc,phases   ] GC(383)   Post Evacuate Collection Set: 0.8ms
[51.251s][info][gc,phases   ] GC(383)   Other: 0.3ms
[51.251s][info][gc,heap     ] GC(383) Eden regions: 34->0(34)
[51.251s][info][gc,heap     ] GC(383) Survivor regions: 4->4(5)
[51.251s][info][gc,heap     ] GC(383) Old regions: 9->9
[51.251s][info][gc,heap     ] GC(383) Archive regions: 0->0
[51.251s][info][gc,heap     ] GC(383) Humongous regions: 0->0
[51.251s][info][gc,metaspace] GC(383) Metaspace: 165K(384K)->165K(384K) NonClass: 156K(256K)->156K(256K) Class: 8K(128K)->8K(128K)
[51.251s][info][gc          ] GC(383) Pause Young (Normal) (G1 Evacuation Pause) 45M->11M(64M) 2.915ms
[51.251s][info][gc,cpu      ] GC(383) User=0.00s Sys=0.00s Real=0.00s
[51.395s][info][gc,start    ] GC(384) Pause Young (Normal) (G1 Evacuation Pause)
[51.395s][info][gc,task     ] GC(384) Using 4 workers of 8 for evacuation
[51.397s][info][gc,phases   ] GC(384)   Pre Evacuate Collection Set: 0.1ms
[51.397s][info][gc,phases   ] GC(384)   Merge Heap Roots: 0.1ms
[51.397s][info][gc,phases   ] GC(384)   Evacuate Collection Set: 0.8ms
[51.397s][info][gc,phases   ] GC(384)   Post Evacuate Collection Set: 0.7ms
[51.397s][info][gc,phases   ] GC(384)   Other: 0.4ms
[51.397s][info][gc,heap     ] GC(384) Eden regions: 34->0(34)
[51.397s][info][gc,heap     ] GC(384) Survivor regions: 4->4(5)
[51.397s][info][gc,heap     ] GC(384) Old regions: 9->9
[51.397s][info][gc,heap     ] GC(384) Archive regions: 0->0
[51.397s][info][gc,heap     ] GC(384) Humongous regions: 0->0
[51.398s][info][gc,metaspace] GC(384) Metaspace: 165K(384K)->165K(384K) NonClass: 156K(256K)->156K(256K) Class: 8K(128K)->8K(128K)
[51.398s][info][gc          ] GC(384) Pause Young (Normal) (G1 Evacuation Pause) 45M->11M(64M) 2.563ms
[51.398s][info][gc,cpu      ] GC(384) User=0.00s Sys=0.00s Real=0.00s
[51.497s][info][gc,start    ] GC(385) Pause Young (Normal) (G1 Evacuation Pause)
[51.497s][info][gc,task     ] GC(385) Using 4 workers of 8 for evacuation
[51.500s][info][gc,phases   ] GC(385)   Pre Evacuate Collection Set: 0.2ms
[51.500s][info][gc,phases   ] GC(385)   Merge Heap Roots: 0.2ms
[51.500s][info][gc,phases   ] GC(385)   Evacuate Collection Set: 1.0ms
[51.500s][info][gc,phases   ] GC(385)   Post Evacuate Collection Set: 0.8ms
[51.500s][info][gc,phases   ] GC(385)   Other: 0.3ms
[51.500s][info][gc,heap     ] GC(385) Eden regions: 34->0(33)
[51.500s][info][gc,heap     ] GC(385) Survivor regions: 4->5(5)
[51.500s][info][gc,heap     ] GC(385) Old regions: 9->9
[51.500s][info][gc,heap     ] GC(385) Archive regions: 0->0
[51.500s][info][gc,heap     ] GC(385) Humongous regions: 0->0
[51.500s][info][gc,metaspace] GC(385) Metaspace: 165K(384K)->165K(384K) NonClass: 156K(256K)->156K(256K) Class: 8K(128K)->8K(128K)
[51.500s][info][gc          ] GC(385) Pause Young (Normal) (G1 Evacuation Pause) 45M->12M(64M) 3.084ms
[51.500s][info][gc,cpu      ] GC(385) User=0.00s Sys=0.00s Real=0.00s
[51.648s][info][gc,start    ] GC(386) Pause Young (Normal) (G1 Evacuation Pause)
[51.648s][info][gc,task     ] GC(386) Using 4 workers of 8 for evacuation
[51.650s][info][gc,phases   ] GC(386)   Pre Evacuate Collection Set: 0.2ms
[51.650s][info][gc,phases   ] GC(386)   Merge Heap Roots: 0.2ms
[51.650s][info][gc,phases   ] GC(386)   Evacuate Collection Set: 0.6ms
[51.650s][info][gc,phases   ] GC(386)   Post Evacuate Collection Set: 0.9ms
[51.650s][info][gc,phases   ] GC(386)   Other: 0.3ms
[51.650s][info][gc,heap     ] GC(386) Eden regions: 33->0(35)
[51.650s][info][gc,heap     ] GC(386) Survivor regions: 5->3(5)
[51.650s][info][gc,heap     ] GC(386) Old regions: 9->9
[51.650s][info][gc,heap     ] GC(386) Archive regions: 0->0
[51.650s][info][gc,heap     ] GC(386) Humongous regions: 0->0
[51.650s][info][gc,metaspace] GC(386) Metaspace: 165K(384K)->165K(384K) NonClass: 156K(256K)->156K(256K) Class: 8K(128K)->8K(128K)
[51.650s][info][gc          ] GC(386) Pause Young (Normal) (G1 Evacuation Pause) 45M->11M(64M) 2.789ms
[51.651s][info][gc,cpu      ] GC(386) User=0.00s Sys=0.00s Real=0.00s
[51.796s][info][gc,start    ] GC(387) Pause Young (Normal) (G1 Evacuation Pause)
[51.796s][info][gc,task     ] GC(387) Using 4 workers of 8 for evacuation
[51.798s][info][gc,phases   ] GC(387)   Pre Evacuate Collection Set: 0.2ms
[51.799s][info][gc,phases   ] GC(387)   Merge Heap Roots: 0.2ms
[51.799s][info][gc,phases   ] GC(387)   Evacuate Collection Set: 1.0ms
[51.799s][info][gc,phases   ] GC(387)   Post Evacuate Collection Set: 1.0ms
[51.799s][info][gc,phases   ] GC(387)   Other: 0.3ms
[51.799s][info][gc,heap     ] GC(387) Eden regions: 35->0(33)
[51.799s][info][gc,heap     ] GC(387) Survivor regions: 3->5(5)
[51.799s][info][gc,heap     ] GC(387) Old regions: 9->9
[51.799s][info][gc,heap     ] GC(387) Archive regions: 0->0
[51.799s][info][gc,heap     ] GC(387) Humongous regions: 0->0
[51.799s][info][gc,metaspace] GC(387) Metaspace: 165K(384K)->165K(384K) NonClass: 156K(256K)->156K(256K) Class: 8K(128K)->8K(128K)
[51.799s][info][gc          ] GC(387) Pause Young (Normal) (G1 Evacuation Pause) 45M->12M(64M) 3.203ms
[51.799s][info][gc,cpu      ] GC(387) User=0.00s Sys=0.00s Real=0.00s
[51.896s][info][gc,start    ] GC(388) Pause Young (Normal) (G1 Evacuation Pause)
[51.897s][info][gc,task     ] GC(388) Using 4 workers of 8 for evacuation
[51.899s][info][gc,phases   ] GC(388)   Pre Evacuate Collection Set: 0.2ms
[51.899s][info][gc,phases   ] GC(388)   Merge Heap Roots: 0.1ms
[51.899s][info][gc,phases   ] GC(388)   Evacuate Collection Set: 0.6ms
[51.899s][info][gc,phases   ] GC(388)   Post Evacuate Collection Set: 0.9ms
[51.899s][info][gc,phases   ] GC(388)   Other: 0.4ms
[51.899s][info][gc,heap     ] GC(388) Eden regions: 33->0(34)
[51.899s][info][gc,heap     ] GC(388) Survivor regions: 5->4(5)
[51.899s][info][gc,heap     ] GC(388) Old regions: 9->9
[51.899s][info][gc,heap     ] GC(388) Archive regions: 0->0
[51.899s][info][gc,heap     ] GC(388) Humongous regions: 0->0
[51.899s][info][gc,metaspace] GC(388) Metaspace: 165K(384K)->165K(384K) NonClass: 156K(256K)->156K(256K) Class: 8K(128K)->8K(128K)
[51.899s][info][gc          ] GC(388) Pause Young (Normal) (G1 Evacuation Pause) 45M->11M(64M) 2.649ms
[51.899s][info][gc,cpu      ] GC(388) User=0.00s Sys=0.00s Real=0.00s
[52.046s][info][gc,start    ] GC(389) Pause Young (Normal) (G1 Evacuation Pause)
[52.046s][info][gc,task     ] GC(389) Using 4 workers of 8 for evacuation
[52.047s][info][gc,phases   ] GC(389)   Pre Evacuate Collection Set: 0.1ms
[52.047s][info][gc,phases   ] GC(389)   Merge Heap Roots: 0.1ms
[52.047s][info][gc,phases   ] GC(389)   Evacuate Collection Set: 0.5ms
[52.047s][info][gc,phases   ] GC(389)   Post Evacuate Collection Set: 0.6ms
[52.047s][info][gc,phases   ] GC(389)   Other: 0.3ms
[52.047s][info][gc,heap     ] GC(389) Eden regions: 34->0(33)
[52.047s][info][gc,heap     ] GC(389) Survivor regions: 4->5(5)
[52.047s][info][gc,heap     ] GC(389) Old regions: 9->9
[52.048s][info][gc,heap     ] GC(389) Archive regions: 0->0
[52.048s][info][gc,heap     ] GC(389) Humongous regions: 0->0
[52.048s][info][gc,metaspace] GC(389) Metaspace: 165K(384K)->165K(384K) NonClass: 156K(256K)->156K(256K) Class: 8K(128K)->8K(128K)
[52.048s][info][gc          ] GC(389) Pause Young (Normal) (G1 Evacuation Pause) 45M->12M(64M) 1.990ms
[52.048s][info][gc,cpu      ] GC(389) User=0.00s Sys=0.00s Real=0.00s
[52.195s][info][gc,start    ] GC(390) Pause Young (Normal) (G1 Evacuation Pause)
[52.195s][info][gc,task     ] GC(390) Using 4 workers of 8 for evacuation
[52.197s][info][gc,phases   ] GC(390)   Pre Evacuate Collection Set: 0.2ms
[52.197s][info][gc,phases   ] GC(390)   Merge Heap Roots: 0.2ms
[52.198s][info][gc,phases   ] GC(390)   Evacuate Collection Set: 0.7ms
[52.198s][info][gc,phases   ] GC(390)   Post Evacuate Collection Set: 0.9ms
[52.198s][info][gc,phases   ] GC(390)   Other: 0.4ms
[52.198s][info][gc,heap     ] GC(390) Eden regions: 33->0(35)
[52.198s][info][gc,heap     ] GC(390) Survivor regions: 5->3(5)
[52.198s][info][gc,heap     ] GC(390) Old regions: 9->9
[52.198s][info][gc,heap     ] GC(390) Archive regions: 0->0
[52.198s][info][gc,heap     ] GC(390) Humongous regions: 0->0
[52.198s][info][gc,metaspace] GC(390) Metaspace: 165K(384K)->165K(384K) NonClass: 156K(256K)->156K(256K) Class: 8K(128K)->8K(128K)
[52.198s][info][gc          ] GC(390) Pause Young (Normal) (G1 Evacuation Pause) 45M->10M(64M) 3.303ms
[52.198s][info][gc,cpu      ] GC(390) User=0.00s Sys=0.00s Real=0.00s
[52.299s][info][gc,start    ] GC(391) Pause Young (Normal) (G1 Evacuation Pause)
[52.299s][info][gc,task     ] GC(391) Using 4 workers of 8 for evacuation
[52.301s][info][gc,phases   ] GC(391)   Pre Evacuate Collection Set: 0.2ms
[52.302s][info][gc,phases   ] GC(391)   Merge Heap Roots: 0.2ms
[52.302s][info][gc,phases   ] GC(391)   Evacuate Collection Set: 1.4ms
[52.302s][info][gc,phases   ] GC(391)   Post Evacuate Collection Set: 0.7ms
[52.302s][info][gc,phases   ] GC(391)   Other: 0.4ms
[52.302s][info][gc,heap     ] GC(391) Eden regions: 35->0(33)
[52.302s][info][gc,heap     ] GC(391) Survivor regions: 3->5(5)
[52.302s][info][gc,heap     ] GC(391) Old regions: 9->9
[52.302s][info][gc,heap     ] GC(391) Archive regions: 0->0
[52.302s][info][gc,heap     ] GC(391) Humongous regions: 0->0
[52.302s][info][gc,metaspace] GC(391) Metaspace: 165K(384K)->165K(384K) NonClass: 156K(256K)->156K(256K) Class: 8K(128K)->8K(128K)
[52.302s][info][gc          ] GC(391) Pause Young (Normal) (G1 Evacuation Pause) 45M->12M(64M) 3.371ms
[52.302s][info][gc,cpu      ] GC(391) User=0.00s Sys=0.00s Real=0.00s
[52.445s][info][gc,start    ] GC(392) Pause Young (Normal) (G1 Evacuation Pause)
[52.445s][info][gc,task     ] GC(392) Using 4 workers of 8 for evacuation
[52.446s][info][gc,phases   ] GC(392)   Pre Evacuate Collection Set: 0.1ms
[52.446s][info][gc,phases   ] GC(392)   Merge Heap Roots: 0.1ms
[52.446s][info][gc,phases   ] GC(392)   Evacuate Collection Set: 0.5ms
[52.446s][info][gc,phases   ] GC(392)   Post Evacuate Collection Set: 0.6ms
[52.446s][info][gc,phases   ] GC(392)   Other: 0.2ms
[52.446s][info][gc,heap     ] GC(392) Eden regions: 33->0(34)
[52.446s][info][gc,heap     ] GC(392) Survivor regions: 5->4(5)
[52.446s][info][gc,heap     ] GC(392) Old regions: 9->9
[52.446s][info][gc,heap     ] GC(392) Archive regions: 0->0
[52.446s][info][gc,heap     ] GC(392) Humongous regions: 0->0
[52.446s][info][gc,metaspace] GC(392) Metaspace: 165K(384K)->165K(384K) NonClass: 156K(256K)->156K(256K) Class: 8K(128K)->8K(128K)
[52.446s][info][gc          ] GC(392) Pause Young (Normal) (G1 Evacuation Pause) 45M->11M(64M) 1.833ms
[52.447s][info][gc,cpu      ] GC(392) User=0.00s Sys=0.00s Real=0.00s
[52.595s][info][gc,start    ] GC(393) Pause Young (Normal) (G1 Evacuation Pause)
[52.595s][info][gc,task     ] GC(393) Using 4 workers of 8 for evacuation
[52.596s][info][gc,phases   ] GC(393)   Pre Evacuate Collection Set: 0.1ms
[52.596s][info][gc,phases   ] GC(393)   Merge Heap Roots: 0.0ms
[52.596s][info][gc,phases   ] GC(393)   Evacuate Collection Set: 0.8ms
[52.596s][info][gc,phases   ] GC(393)   Post Evacuate Collection Set: 0.2ms
[52.596s][info][gc,phases   ] GC(393)   Other: 0.2ms
[52.596s][info][gc,heap     ] GC(393) Eden regions: 34->0(33)
[52.596s][info][gc,heap     ] GC(393) Survivor regions: 4->5(5)
[52.596s][info][gc,heap     ] GC(393) Old regions: 9->9
[52.596s][info][gc,heap     ] GC(393) Archive regions: 0->0
[52.596s][info][gc,heap     ] GC(393) Humongous regions: 0->0
[52.596s][info][gc,metaspace] GC(393) Metaspace: 165K(384K)->165K(384K) NonClass: 156K(256K)->156K(256K) Class: 8K(128K)->8K(128K)
[52.596s][info][gc          ] GC(393) Pause Young (Normal) (G1 Evacuation Pause) 45M->12M(64M) 1.544ms
[52.596s][info][gc,cpu      ] GC(393) User=0.00s Sys=0.00s Real=0.00s
[52.695s][info][gc,start    ] GC(394) Pause Young (Normal) (G1 Evacuation Pause)
[52.695s][info][gc,task     ] GC(394) Using 4 workers of 8 for evacuation
[52.696s][info][gc,phases   ] GC(394)   Pre Evacuate Collection Set: 0.1ms
[52.696s][info][gc,phases   ] GC(394)   Merge Heap Roots: 0.1ms
[52.696s][info][gc,phases   ] GC(394)   Evacuate Collection Set: 0.3ms
[52.696s][info][gc,phases   ] GC(394)   Post Evacuate Collection Set: 0.4ms
[52.696s][info][gc,phases   ] GC(394)   Other: 0.2ms
[52.696s][info][gc,heap     ] GC(394) Eden regions: 33->0(35)
[52.696s][info][gc,heap     ] GC(394) Survivor regions: 5->3(5)
[52.696s][info][gc,heap     ] GC(394) Old regions: 9->9
[52.697s][info][gc,heap     ] GC(394) Archive regions: 0->0
[52.697s][info][gc,heap     ] GC(394) Humongous regions: 0->0
[52.697s][info][gc,metaspace] GC(394) Metaspace: 165K(384K)->165K(384K) NonClass: 156K(256K)->156K(256K) Class: 8K(128K)->8K(128K)
[52.697s][info][gc          ] GC(394) Pause Young (Normal) (G1 Evacuation Pause) 45M->10M(64M) 1.253ms
[52.697s][info][gc,cpu      ] GC(394) User=0.00s Sys=0.00s Real=0.00s
[52.847s][info][gc,start    ] GC(395) Pause Young (Normal) (G1 Evacuation Pause)
[52.847s][info][gc,task     ] GC(395) Using 4 workers of 8 for evacuation
[52.849s][info][gc,phases   ] GC(395)   Pre Evacuate Collection Set: 0.2ms
[52.849s][info][gc,phases   ] GC(395)   Merge Heap Roots: 0.1ms
[52.849s][info][gc,phases   ] GC(395)   Evacuate Collection Set: 0.8ms
[52.849s][info][gc,phases   ] GC(395)   Post Evacuate Collection Set: 0.7ms
[52.849s][info][gc,phases   ] GC(395)   Other: 0.4ms
[52.849s][info][gc,heap     ] GC(395) Eden regions: 35->0(33)
[52.849s][info][gc,heap     ] GC(395) Survivor regions: 3->5(5)
[52.849s][info][gc,heap     ] GC(395) Old regions: 9->9
[52.849s][info][gc,heap     ] GC(395) Archive regions: 0->0
[52.849s][info][gc,heap     ] GC(395) Humongous regions: 0->0
[52.849s][info][gc,metaspace] GC(395) Metaspace: 165K(384K)->165K(384K) NonClass: 156K(256K)->156K(256K) Class: 8K(128K)->8K(128K)
[52.849s][info][gc          ] GC(395) Pause Young (Normal) (G1 Evacuation Pause) 45M->12M(64M) 2.637ms
[52.849s][info][gc,cpu      ] GC(395) User=0.00s Sys=0.00s Real=0.00s
[52.994s][info][gc,start    ] GC(396) Pause Young (Normal) (G1 Evacuation Pause)
[52.994s][info][gc,task     ] GC(396) Using 4 workers of 8 for evacuation
[52.995s][info][gc,phases   ] GC(396)   Pre Evacuate Collection Set: 0.1ms
[52.995s][info][gc,phases   ] GC(396)   Merge Heap Roots: 0.1ms
[52.996s][info][gc,phases   ] GC(396)   Evacuate Collection Set: 0.3ms
[52.996s][info][gc,phases   ] GC(396)   Post Evacuate Collection Set: 0.5ms
[52.996s][info][gc,phases   ] GC(396)   Other: 0.2ms
[52.996s][info][gc,heap     ] GC(396) Eden regions: 33->0(34)
[52.996s][info][gc,heap     ] GC(396) Survivor regions: 5->4(5)
[52.996s][info][gc,heap     ] GC(396) Old regions: 9->9
[52.996s][info][gc,heap     ] GC(396) Archive regions: 0->0
[52.996s][info][gc,heap     ] GC(396) Humongous regions: 0->0
[52.996s][info][gc,metaspace] GC(396) Metaspace: 165K(384K)->165K(384K) NonClass: 156K(256K)->156K(256K) Class: 8K(128K)->8K(128K)
[52.996s][info][gc          ] GC(396) Pause Young (Normal) (G1 Evacuation Pause) 45M->11M(64M) 1.548ms
[52.996s][info][gc,cpu      ] GC(396) User=0.00s Sys=0.00s Real=0.00s
[53.097s][info][gc,start    ] GC(397) Pause Young (Normal) (G1 Evacuation Pause)
[53.098s][info][gc,task     ] GC(397) Using 4 workers of 8 for evacuation
[53.100s][info][gc,phases   ] GC(397)   Pre Evacuate Collection Set: 0.2ms
[53.100s][info][gc,phases   ] GC(397)   Merge Heap Roots: 0.1ms
[53.100s][info][gc,phases   ] GC(397)   Evacuate Collection Set: 1.0ms
[53.100s][info][gc,phases   ] GC(397)   Post Evacuate Collection Set: 0.8ms
[53.100s][info][gc,phases   ] GC(397)   Other: 0.3ms
[53.100s][info][gc,heap     ] GC(397) Eden regions: 34->0(33)
[53.100s][info][gc,heap     ] GC(397) Survivor regions: 4->5(5)
[53.100s][info][gc,heap     ] GC(397) Old regions: 9->9
[53.100s][info][gc,heap     ] GC(397) Archive regions: 0->0
[53.100s][info][gc,heap     ] GC(397) Humongous regions: 0->0
[53.101s][info][gc,metaspace] GC(397) Metaspace: 165K(384K)->165K(384K) NonClass: 156K(256K)->156K(256K) Class: 8K(128K)->8K(128K)
[53.101s][info][gc          ] GC(397) Pause Young (Normal) (G1 Evacuation Pause) 45M->12M(64M) 3.216ms
[53.101s][info][gc,cpu      ] GC(397) User=0.00s Sys=0.00s Real=0.00s
[53.246s][info][gc,start    ] GC(398) Pause Young (Normal) (G1 Evacuation Pause)
[53.246s][info][gc,task     ] GC(398) Using 4 workers of 8 for evacuation
[53.247s][info][gc,phases   ] GC(398)   Pre Evacuate Collection Set: 0.2ms
[53.247s][info][gc,phases   ] GC(398)   Merge Heap Roots: 0.2ms
[53.248s][info][gc,phases   ] GC(398)   Evacuate Collection Set: 0.5ms
[53.248s][info][gc,phases   ] GC(398)   Post Evacuate Collection Set: 0.6ms
[53.248s][info][gc,phases   ] GC(398)   Other: 0.3ms
[53.248s][info][gc,heap     ] GC(398) Eden regions: 33->0(35)
[53.248s][info][gc,heap     ] GC(398) Survivor regions: 5->3(5)
[53.248s][info][gc,heap     ] GC(398) Old regions: 9->9
[53.248s][info][gc,heap     ] GC(398) Archive regions: 0->0
[53.248s][info][gc,heap     ] GC(398) Humongous regions: 0->0
[53.248s][info][gc,metaspace] GC(398) Metaspace: 165K(384K)->165K(384K) NonClass: 156K(256K)->156K(256K) Class: 8K(128K)->8K(128K)
[53.248s][info][gc          ] GC(398) Pause Young (Normal) (G1 Evacuation Pause) 45M->10M(64M) 2.284ms
[53.248s][info][gc,cpu      ] GC(398) User=0.00s Sys=0.00s Real=0.00s
[53.397s][info][gc,start    ] GC(399) Pause Young (Normal) (G1 Evacuation Pause)
[53.397s][info][gc,task     ] GC(399) Using 4 workers of 8 for evacuation
[53.398s][info][gc,phases   ] GC(399)   Pre Evacuate Collection Set: 0.0ms
[53.398s][info][gc,phases   ] GC(399)   Merge Heap Roots: 0.1ms
[53.398s][info][gc,phases   ] GC(399)   Evacuate Collection Set: 0.4ms
[53.398s][info][gc,phases   ] GC(399)   Post Evacuate Collection Set: 0.2ms
[53.398s][info][gc,phases   ] GC(399)   Other: 0.2ms
[53.398s][info][gc,heap     ] GC(399) Eden regions: 35->0(35)
[53.398s][info][gc,heap     ] GC(399) Survivor regions: 3->3(5)
[53.398s][info][gc,heap     ] GC(399) Old regions: 9->9
[53.398s][info][gc,heap     ] GC(399) Archive regions: 0->0
[53.398s][info][gc,heap     ] GC(399) Humongous regions: 0->0
[53.398s][info][gc,metaspace] GC(399) Metaspace: 165K(384K)->165K(384K) NonClass: 156K(256K)->156K(256K) Class: 8K(128K)->8K(128K)
[53.398s][info][gc          ] GC(399) Pause Young (Normal) (G1 Evacuation Pause) 45M->10M(64M) 1.267ms
[53.398s][info][gc,cpu      ] GC(399) User=0.00s Sys=0.00s Real=0.00s
[53.495s][info][gc,start    ] GC(400) Pause Young (Normal) (G1 Evacuation Pause)
[53.495s][info][gc,task     ] GC(400) Using 4 workers of 8 for evacuation
[53.496s][info][gc,phases   ] GC(400)   Pre Evacuate Collection Set: 0.1ms
[53.496s][info][gc,phases   ] GC(400)   Merge Heap Roots: 0.1ms
[53.496s][info][gc,phases   ] GC(400)   Evacuate Collection Set: 0.5ms
[53.496s][info][gc,phases   ] GC(400)   Post Evacuate Collection Set: 0.5ms
[53.496s][info][gc,phases   ] GC(400)   Other: 0.2ms
[53.496s][info][gc,heap     ] GC(400) Eden regions: 35->0(33)
[53.496s][info][gc,heap     ] GC(400) Survivor regions: 3->5(5)
[53.496s][info][gc,heap     ] GC(400) Old regions: 9->9
[53.496s][info][gc,heap     ] GC(400) Archive regions: 0->0
[53.496s][info][gc,heap     ] GC(400) Humongous regions: 0->0
[53.496s][info][gc,metaspace] GC(400) Metaspace: 165K(384K)->165K(384K) NonClass: 156K(256K)->156K(256K) Class: 8K(128K)->8K(128K)
[53.496s][info][gc          ] GC(400) Pause Young (Normal) (G1 Evacuation Pause) 45M->12M(64M) 1.672ms
[53.496s][info][gc,cpu      ] GC(400) User=0.00s Sys=0.00s Real=0.00s
[53.648s][info][gc,start    ] GC(401) Pause Young (Normal) (G1 Evacuation Pause)
[53.648s][info][gc,task     ] GC(401) Using 4 workers of 8 for evacuation
[53.650s][info][gc,phases   ] GC(401)   Pre Evacuate Collection Set: 0.2ms
[53.650s][info][gc,phases   ] GC(401)   Merge Heap Roots: 0.2ms
[53.651s][info][gc,phases   ] GC(401)   Evacuate Collection Set: 0.6ms
[53.651s][info][gc,phases   ] GC(401)   Post Evacuate Collection Set: 0.8ms
[53.651s][info][gc,phases   ] GC(401)   Other: 0.3ms
[53.651s][info][gc,heap     ] GC(401) Eden regions: 33->0(34)
[53.651s][info][gc,heap     ] GC(401) Survivor regions: 5->4(5)
[53.651s][info][gc,heap     ] GC(401) Old regions: 9->9
[53.651s][info][gc,heap     ] GC(401) Archive regions: 0->0
[53.651s][info][gc,heap     ] GC(401) Humongous regions: 0->0
[53.651s][info][gc,metaspace] GC(401) Metaspace: 165K(384K)->165K(384K) NonClass: 156K(256K)->156K(256K) Class: 8K(128K)->8K(128K)
[53.651s][info][gc          ] GC(401) Pause Young (Normal) (G1 Evacuation Pause) 45M->11M(64M) 2.724ms
[53.651s][info][gc,cpu      ] GC(401) User=0.00s Sys=0.00s Real=0.00s
[53.796s][info][gc,start    ] GC(402) Pause Young (Normal) (G1 Evacuation Pause)
[53.797s][info][gc,task     ] GC(402) Using 4 workers of 8 for evacuation
[53.799s][info][gc,phases   ] GC(402)   Pre Evacuate Collection Set: 0.2ms
[53.799s][info][gc,phases   ] GC(402)   Merge Heap Roots: 0.2ms
[53.799s][info][gc,phases   ] GC(402)   Evacuate Collection Set: 0.8ms
[53.799s][info][gc,phases   ] GC(402)   Post Evacuate Collection Set: 0.9ms
[53.799s][info][gc,phases   ] GC(402)   Other: 0.3ms
[53.799s][info][gc,heap     ] GC(402) Eden regions: 34->0(33)
[53.799s][info][gc,heap     ] GC(402) Survivor regions: 4->5(5)
[53.799s][info][gc,heap     ] GC(402) Old regions: 9->9
[53.799s][info][gc,heap     ] GC(402) Archive regions: 0->0
[53.799s][info][gc,heap     ] GC(402) Humongous regions: 0->0
[53.799s][info][gc,metaspace] GC(402) Metaspace: 165K(384K)->165K(384K) NonClass: 156K(256K)->156K(256K) Class: 8K(128K)->8K(128K)
[53.799s][info][gc          ] GC(402) Pause Young (Normal) (G1 Evacuation Pause) 45M->12M(64M) 2.880ms
[53.799s][info][gc,cpu      ] GC(402) User=0.00s Sys=0.00s Real=0.00s
[53.898s][info][gc,start    ] GC(403) Pause Young (Normal) (G1 Evacuation Pause)
[53.898s][info][gc,task     ] GC(403) Using 4 workers of 8 for evacuation
[53.900s][info][gc,phases   ] GC(403)   Pre Evacuate Collection Set: 0.2ms
[53.900s][info][gc,phases   ] GC(403)   Merge Heap Roots: 0.2ms
[53.900s][info][gc,phases   ] GC(403)   Evacuate Collection Set: 0.6ms
[53.901s][info][gc,phases   ] GC(403)   Post Evacuate Collection Set: 0.7ms
[53.901s][info][gc,phases   ] GC(403)   Other: 0.4ms
[53.901s][info][gc,heap     ] GC(403) Eden regions: 33->0(34)
[53.901s][info][gc,heap     ] GC(403) Survivor regions: 5->4(5)
[53.901s][info][gc,heap     ] GC(403) Old regions: 9->9
[53.901s][info][gc,heap     ] GC(403) Archive regions: 0->0
[53.901s][info][gc,heap     ] GC(403) Humongous regions: 0->0
[53.901s][info][gc,metaspace] GC(403) Metaspace: 165K(384K)->165K(384K) NonClass: 156K(256K)->156K(256K) Class: 8K(128K)->8K(128K)
[53.901s][info][gc          ] GC(403) Pause Young (Normal) (G1 Evacuation Pause) 45M->11M(64M) 2.571ms
[53.901s][info][gc,cpu      ] GC(403) User=0.00s Sys=0.00s Real=0.00s
[54.046s][info][gc,start    ] GC(404) Pause Young (Normal) (G1 Evacuation Pause)
[54.046s][info][gc,task     ] GC(404) Using 4 workers of 8 for evacuation
[54.049s][info][gc,phases   ] GC(404)   Pre Evacuate Collection Set: 0.2ms
[54.049s][info][gc,phases   ] GC(404)   Merge Heap Roots: 0.2ms
[54.049s][info][gc,phases   ] GC(404)   Evacuate Collection Set: 0.9ms
[54.049s][info][gc,phases   ] GC(404)   Post Evacuate Collection Set: 0.8ms
[54.049s][info][gc,phases   ] GC(404)   Other: 0.3ms
[54.049s][info][gc,heap     ] GC(404) Eden regions: 34->0(33)
[54.049s][info][gc,heap     ] GC(404) Survivor regions: 4->5(5)
[54.049s][info][gc,heap     ] GC(404) Old regions: 9->9
[54.049s][info][gc,heap     ] GC(404) Archive regions: 0->0
[54.049s][info][gc,heap     ] GC(404) Humongous regions: 0->0
[54.049s][info][gc,metaspace] GC(404) Metaspace: 165K(384K)->165K(384K) NonClass: 156K(256K)->156K(256K) Class: 8K(128K)->8K(128K)
[54.049s][info][gc          ] GC(404) Pause Young (Normal) (G1 Evacuation Pause) 45M->12M(64M) 2.912ms
[54.049s][info][gc,cpu      ] GC(404) User=0.00s Sys=0.00s Real=0.00s
[54.115s][info][gc,heap,exit] Heap
[54.115s][info][gc,heap,exit]  garbage-first heap   total 65536K, used 36644K [0x00000000fc000000, 0x0000000100000000)
[54.115s][info][gc,heap,exit]   region size 1024K, 29 young (29696K), 5 survivors (5120K)
[54.115s][info][gc,heap,exit]  Metaspace       used 167K, committed 384K, reserved 1056768K
[54.115s][info][gc,heap,exit]   class space    used 9K, committed 128K, reserved 1048576K
