[0.018s][info][gc] Using G1
[0.021s][info][gc,init] Version: 17.0.1+12-LTS-39 (release)
[0.021s][info][gc,init] CPUs: 8 total, 8 available
[0.021s][info][gc,init] Memory: 16124M
[0.021s][info][gc,init] Large Page Support: Disabled
[0.021s][info][gc,init] NUMA Support: Disabled
[0.021s][info][gc,init] Compressed Oops: Enabled (32-bit)
[0.021s][info][gc,init] Heap Region Size: 1M
[0.021s][info][gc,init] Heap Min Capacity: 8M
[0.021s][info][gc,init] Heap Initial Capacity: 64M
[0.021s][info][gc,init] Heap Max Capacity: 64M
[0.021s][info][gc,init] Pre-touch: Disabled
[0.021s][info][gc,init] Parallel Workers: 8
[0.022s][info][gc,init] Concurrent Workers: 2
[0.022s][info][gc,init] Concurrent Refinement Workers: 8
[0.022s][info][gc,init] Periodic GC: Disabled
[0.024s][info][gc,metaspace] CDS archive(s) mapped at: [0x0000000800000000-0x0000000800bc0000-0x0000000800bc0000), size 12320768, SharedBaseAddress: 0x0000000800000000, ArchiveRelocationMode: 0.
[0.024s][info][gc,metaspace] Compressed class space mapped at: 0x0000000800c00000-0x0000000840c00000, reserved size: 1073741824
[0.024s][info][gc,metaspace] Narrow klass base: 0x0000000800000000, Narrow klass shift: 0, Narrow klass range: 0x100000000
[0.255s][info][gc,start    ] GC(0) Pause Young (Normal) (G1 Evacuation Pause)
[0.256s][info][gc,task     ] GC(0) Using 4 workers of 8 for evacuation
[0.263s][info][gc,phases   ] GC(0)   Pre Evacuate Collection Set: 0.1ms
[0.264s][info][gc,phases   ] GC(0)   Merge Heap Roots: 0.2ms
[0.264s][info][gc,phases   ] GC(0)   Evacuate Collection Set: 5.9ms
[0.264s][info][gc,phases   ] GC(0)   Post Evacuate Collection Set: 1.2ms
[0.264s][info][gc,phases   ] GC(0)   Other: 1.1ms
[0.264s][info][gc,heap     ] GC(0) Eden regions: 32->0(30)
[0.264s][info][gc,heap     ] GC(0) Survivor regions: 0->2(2)
[0.264s][info][gc,heap     ] GC(0) Old regions: 0->4
[0.264s][info][gc,heap     ] GC(0) Archive regions: 0->0
[0.264s][info][gc,heap     ] GC(0) Humongous regions: 0->0
[0.264s][info][gc,metaspace] GC(0) Metaspace: 156K(384K)->156K(384K) NonClass: 148K(256K)->148K(256K) Class: 8K(128K)->8K(128K)
[0.264s][info][gc          ] GC(0) Pause Young (Normal) (G1 Evacuation Pause) 31M->5M(64M) 9.202ms
[0.264s][info][gc,cpu      ] GC(0) User=0.03s Sys=0.02s Real=0.01s
[0.396s][info][gc,start    ] GC(1) Pause Young (Normal) (G1 Evacuation Pause)
[0.396s][info][gc,task     ] GC(1) Using 4 workers of 8 for evacuation
[0.400s][info][gc,phases   ] GC(1)   Pre Evacuate Collection Set: 0.2ms
[0.400s][info][gc,phases   ] GC(1)   Merge Heap Roots: 0.2ms
[0.400s][info][gc,phases   ] GC(1)   Evacuate Collection Set: 1.9ms
[0.400s][info][gc,phases   ] GC(1)   Post Evacuate Collection Set: 0.9ms
[0.400s][info][gc,phases   ] GC(1)   Other: 0.3ms
[0.400s][info][gc,heap     ] GC(1) Eden regions: 30->0(30)
[0.400s][info][gc,heap     ] GC(1) Survivor regions: 2->2(2)
[0.400s][info][gc,heap     ] GC(1) Old regions: 4->5
[0.400s][info][gc,heap     ] GC(1) Archive regions: 0->0
[0.400s][info][gc,heap     ] GC(1) Humongous regions: 0->0
[0.400s][info][gc,metaspace] GC(1) Metaspace: 156K(384K)->156K(384K) NonClass: 148K(256K)->148K(256K) Class: 8K(128K)->8K(128K)
[0.400s][info][gc          ] GC(1) Pause Young (Normal) (G1 Evacuation Pause) 35M->5M(64M) 4.055ms
[0.400s][info][gc,cpu      ] GC(1) User=0.00s Sys=0.00s Real=0.00s
[0.497s][info][gc,start    ] GC(2) Pause Young (Normal) (G1 Evacuation Pause)
[0.497s][info][gc,task     ] GC(2) Using 4 workers of 8 for evacuation
[0.502s][info][gc,phases   ] GC(2)   Pre Evacuate Collection Set: 0.4ms
[0.502s][info][gc,phases   ] GC(2)   Merge Heap Roots: 0.1ms
[0.502s][info][gc,phases   ] GC(2)   Evacuate Collection Set: 3.7ms
[0.502s][info][gc,phases   ] GC(2)   Post Evacuate Collection Set: 0.9ms
[0.502s][info][gc,phases   ] GC(2)   Other: 0.3ms
[0.502s][info][gc,heap     ] GC(2) Eden regions: 30->0(30)
[0.502s][info][gc,heap     ] GC(2) Survivor regions: 2->2(2)
[0.502s][info][gc,heap     ] GC(2) Old regions: 5->9
[0.502s][info][gc,heap     ] GC(2) Archive regions: 0->0
[0.502s][info][gc,heap     ] GC(2) Humongous regions: 0->0
[0.503s][info][gc,metaspace] GC(2) Metaspace: 156K(384K)->156K(384K) NonClass: 148K(256K)->148K(256K) Class: 8K(128K)->8K(128K)
[0.503s][info][gc          ] GC(2) Pause Young (Normal) (G1 Evacuation Pause) 35M->10M(64M) 6.033ms
[0.503s][info][gc,cpu      ] GC(2) User=0.02s Sys=0.05s Real=0.00s
[0.597s][info][gc,start    ] GC(3) Pause Young (Normal) (G1 Evacuation Pause)
[0.597s][info][gc,task     ] GC(3) Using 4 workers of 8 for evacuation
[0.599s][info][gc,phases   ] GC(3)   Pre Evacuate Collection Set: 0.2ms
[0.599s][info][gc,phases   ] GC(3)   Merge Heap Roots: 0.2ms
[0.599s][info][gc,phases   ] GC(3)   Evacuate Collection Set: 0.6ms
[0.599s][info][gc,phases   ] GC(3)   Post Evacuate Collection Set: 0.8ms
[0.599s][info][gc,phases   ] GC(3)   Other: 0.3ms
[0.599s][info][gc,heap     ] GC(3) Eden regions: 30->0(30)
[0.599s][info][gc,heap     ] GC(3) Survivor regions: 2->2(2)
[0.599s][info][gc,heap     ] GC(3) Old regions: 9->9
[0.599s][info][gc,heap     ] GC(3) Archive regions: 0->0
[0.599s][info][gc,heap     ] GC(3) Humongous regions: 0->0
[0.599s][info][gc,metaspace] GC(3) Metaspace: 156K(384K)->156K(384K) NonClass: 148K(256K)->148K(256K) Class: 8K(128K)->8K(128K)
[0.599s][info][gc          ] GC(3) Pause Young (Normal) (G1 Evacuation Pause) 40M->10M(64M) 2.594ms
[0.599s][info][gc,cpu      ] GC(3) User=0.00s Sys=0.00s Real=0.00s
[0.700s][info][gc,start    ] GC(4) Pause Young (Normal) (G1 Evacuation Pause)
[0.700s][info][gc,task     ] GC(4) Using 4 workers of 8 for evacuation
[0.705s][info][gc,phases   ] GC(4)   Pre Evacuate Collection Set: 0.2ms
[0.705s][info][gc,phases   ] GC(4)   Merge Heap Roots: 0.2ms
[0.705s][info][gc,phases   ] GC(4)   Evacuate Collection Set: 4.1ms
[0.705s][info][gc,phases   ] GC(4)   Post Evacuate Collection Set: 0.7ms
[0.705s][info][gc,phases   ] GC(4)   Other: 0.3ms
[0.705s][info][gc,heap     ] GC(4) Eden regions: 30->0(30)
[0.705s][info][gc,heap     ] GC(4) Survivor regions: 2->2(2)
[0.705s][info][gc,heap     ] GC(4) Old regions: 9->14
[0.705s][info][gc,heap     ] GC(4) Archive regions: 0->0
[0.705s][info][gc,heap     ] GC(4) Humongous regions: 0->0
[0.705s][info][gc,metaspace] GC(4) Metaspace: 156K(384K)->156K(384K) NonClass: 148K(256K)->148K(256K) Class: 8K(128K)->8K(128K)
[0.706s][info][gc          ] GC(4) Pause Young (Normal) (G1 Evacuation Pause) 40M->15M(64M) 6.024ms
[0.706s][info][gc,cpu      ] GC(4) User=0.02s Sys=0.00s Real=0.01s
[0.848s][info][gc,start    ] GC(5) Pause Young (Normal) (G1 Evacuation Pause)
[0.848s][info][gc,task     ] GC(5) Using 4 workers of 8 for evacuation
[0.852s][info][gc,phases   ] GC(5)   Pre Evacuate Collection Set: 0.2ms
[0.852s][info][gc,phases   ] GC(5)   Merge Heap Roots: 0.2ms
[0.852s][info][gc,phases   ] GC(5)   Evacuate Collection Set: 1.9ms
[0.852s][info][gc,phases   ] GC(5)   Post Evacuate Collection Set: 1.0ms
[0.852s][info][gc,phases   ] GC(5)   Other: 0.3ms
[0.852s][info][gc,heap     ] GC(5) Eden regions: 30->0(30)
[0.852s][info][gc,heap     ] GC(5) Survivor regions: 2->2(2)
[0.852s][info][gc,heap     ] GC(5) Old regions: 14->16
[0.852s][info][gc,heap     ] GC(5) Archive regions: 0->0
[0.852s][info][gc,heap     ] GC(5) Humongous regions: 0->0
[0.852s][info][gc,metaspace] GC(5) Metaspace: 156K(384K)->156K(384K) NonClass: 148K(256K)->148K(256K) Class: 8K(128K)->8K(128K)
[0.852s][info][gc          ] GC(5) Pause Young (Normal) (G1 Evacuation Pause) 45M->17M(64M) 4.136ms
[0.852s][info][gc,cpu      ] GC(5) User=0.00s Sys=0.00s Real=0.00s
[0.948s][info][gc,start    ] GC(6) Pause Young (Normal) (G1 Evacuation Pause)
[0.948s][info][gc,task     ] GC(6) Using 4 workers of 8 for evacuation
[0.955s][info][gc,phases   ] GC(6)   Pre Evacuate Collection Set: 0.2ms
[0.955s][info][gc,phases   ] GC(6)   Merge Heap Roots: 0.1ms
[0.955s][info][gc,phases   ] GC(6)   Evacuate Collection Set: 5.2ms
[0.955s][info][gc,phases   ] GC(6)   Post Evacuate Collection Set: 0.7ms
[0.955s][info][gc,phases   ] GC(6)   Other: 0.4ms
[0.955s][info][gc,heap     ] GC(6) Eden regions: 30->0(30)
[0.955s][info][gc,heap     ] GC(6) Survivor regions: 2->2(2)
[0.955s][info][gc,heap     ] GC(6) Old regions: 16->21
[0.955s][info][gc,heap     ] GC(6) Archive regions: 0->0
[0.955s][info][gc,heap     ] GC(6) Humongous regions: 0->0
[0.955s][info][gc,metaspace] GC(6) Metaspace: 156K(384K)->156K(384K) NonClass: 148K(256K)->148K(256K) Class: 8K(128K)->8K(128K)
[0.955s][info][gc          ] GC(6) Pause Young (Normal) (G1 Evacuation Pause) 47M->22M(64M) 7.442ms
[0.956s][info][gc,cpu      ] GC(6) User=0.02s Sys=0.00s Real=0.01s
[1.095s][info][gc,start    ] GC(7) Pause Young (Normal) (G1 Evacuation Pause)
[1.095s][info][gc,task     ] GC(7) Using 4 workers of 8 for evacuation
[1.098s][info][gc,phases   ] GC(7)   Pre Evacuate Collection Set: 0.1ms
[1.098s][info][gc,phases   ] GC(7)   Merge Heap Roots: 0.1ms
[1.098s][info][gc,phases   ] GC(7)   Evacuate Collection Set: 1.9ms
[1.098s][info][gc,phases   ] GC(7)   Post Evacuate Collection Set: 0.6ms
[1.098s][info][gc,phases   ] GC(7)   Other: 0.3ms
[1.098s][info][gc,heap     ] GC(7) Eden regions: 30->0(30)
[1.098s][info][gc,heap     ] GC(7) Survivor regions: 2->2(2)
[1.098s][info][gc,heap     ] GC(7) Old regions: 21->23
[1.098s][info][gc,heap     ] GC(7) Archive regions: 0->0
[1.098s][info][gc,heap     ] GC(7) Humongous regions: 0->0
[1.098s][info][gc,metaspace] GC(7) Metaspace: 156K(384K)->156K(384K) NonClass: 148K(256K)->148K(256K) Class: 8K(128K)->8K(128K)
[1.098s][info][gc          ] GC(7) Pause Young (Normal) (G1 Evacuation Pause) 52M->24M(64M) 3.524ms
[1.098s][info][gc,cpu      ] GC(7) User=0.00s Sys=0.00s Real=0.00s
[1.195s][info][gc,start    ] GC(8) Pause Young (Normal) (G1 Evacuation Pause)
[1.196s][info][gc,task     ] GC(8) Using 4 workers of 8 for evacuation
[1.201s][info][gc,phases   ] GC(8)   Pre Evacuate Collection Set: 0.1ms
[1.201s][info][gc,phases   ] GC(8)   Merge Heap Roots: 0.1ms
[1.201s][info][gc,phases   ] GC(8)   Evacuate Collection Set: 5.0ms
[1.202s][info][gc,phases   ] GC(8)   Post Evacuate Collection Set: 0.4ms
[1.202s][info][gc,phases   ] GC(8)   Other: 0.3ms
[1.202s][info][gc,heap     ] GC(8) Eden regions: 30->0(30)
[1.202s][info][gc,heap     ] GC(8) Survivor regions: 2->2(2)
[1.202s][info][gc,heap     ] GC(8) Old regions: 23->29
[1.202s][info][gc,heap     ] GC(8) Archive regions: 0->0
[1.202s][info][gc,heap     ] GC(8) Humongous regions: 0->0
[1.202s][info][gc,metaspace] GC(8) Metaspace: 156K(384K)->156K(384K) NonClass: 148K(256K)->148K(256K) Class: 8K(128K)->8K(128K)
[1.202s][info][gc          ] GC(8) Pause Young (Normal) (G1 Evacuation Pause) 54M->30M(64M) 6.360ms
[1.202s][info][gc,cpu      ] GC(8) User=0.00s Sys=0.00s Real=0.01s
[1.296s][info][gc,start    ] GC(9) Pause Young (Concurrent Start) (G1 Preventive Collection)
[1.296s][info][gc,task     ] GC(9) Using 4 workers of 8 for evacuation
[1.299s][info][gc,phases   ] GC(9)   Pre Evacuate Collection Set: 0.1ms
[1.300s][info][gc,phases   ] GC(9)   Merge Heap Roots: 0.1ms
[1.300s][info][gc,phases   ] GC(9)   Evacuate Collection Set: 2.6ms
[1.300s][info][gc,phases   ] GC(9)   Post Evacuate Collection Set: 0.4ms
[1.300s][info][gc,phases   ] GC(9)   Other: 0.4ms
[1.300s][info][gc,heap     ] GC(9) Eden regions: 25->0(30)
[1.300s][info][gc,heap     ] GC(9) Survivor regions: 2->2(2)
[1.300s][info][gc,heap     ] GC(9) Old regions: 29->35
[1.300s][info][gc,heap     ] GC(9) Archive regions: 0->0
[1.300s][info][gc,heap     ] GC(9) Humongous regions: 0->0
[1.300s][info][gc,metaspace] GC(9) Metaspace: 156K(384K)->156K(384K) NonClass: 148K(256K)->148K(256K) Class: 8K(128K)->8K(128K)
[1.300s][info][gc          ] GC(9) Pause Young (Concurrent Start) (G1 Preventive Collection) 55M->36M(64M) 4.086ms
[1.300s][info][gc,cpu      ] GC(9) User=0.00s Sys=0.06s Real=0.00s
[1.300s][info][gc          ] GC(10) Concurrent Mark Cycle
[1.300s][info][gc,marking  ] GC(10) Concurrent Clear Claimed Marks
[1.300s][info][gc,marking  ] GC(10) Concurrent Clear Claimed Marks 0.052ms
[1.300s][info][gc,marking  ] GC(10) Concurrent Scan Root Regions
[1.301s][info][gc,marking  ] GC(10) Concurrent Scan Root Regions 0.445ms
[1.301s][info][gc,marking  ] GC(10) Concurrent Mark
[1.301s][info][gc,marking  ] GC(10) Concurrent Mark From Roots
[1.301s][info][gc,task     ] GC(10) Using 2 workers of 2 for marking
[1.304s][info][gc,marking  ] GC(10) Concurrent Mark From Roots 2.492ms
[1.304s][info][gc,marking  ] GC(10) Concurrent Preclean
[1.304s][info][gc,marking  ] GC(10) Concurrent Preclean 0.154ms
[1.304s][info][gc,start    ] GC(10) Pause Remark
[1.305s][info][gc          ] GC(10) Pause Remark 45M->25M(64M) 1.013ms
[1.305s][info][gc,cpu      ] GC(10) User=0.00s Sys=0.00s Real=0.00s
[1.305s][info][gc,marking  ] GC(10) Concurrent Mark 4.329ms
[1.305s][info][gc,marking  ] GC(10) Concurrent Rebuild Remembered Sets
[1.306s][info][gc,marking  ] GC(10) Concurrent Rebuild Remembered Sets 0.989ms
[1.307s][info][gc,start    ] GC(10) Pause Cleanup
[1.307s][info][gc          ] GC(10) Pause Cleanup 25M->25M(64M) 0.200ms
[1.307s][info][gc,cpu      ] GC(10) User=0.00s Sys=0.00s Real=0.00s
[1.307s][info][gc,marking  ] GC(10) Concurrent Cleanup for Next Mark
[1.308s][info][gc,marking  ] GC(10) Concurrent Cleanup for Next Mark 1.323ms
[1.308s][info][gc          ] GC(10) Concurrent Mark Cycle 8.343ms
[1.399s][info][gc,start    ] GC(11) Pause Young (Prepare Mixed) (G1 Evacuation Pause)
[1.399s][info][gc,task     ] GC(11) Using 4 workers of 8 for evacuation
[1.400s][info][gc,phases   ] GC(11)   Pre Evacuate Collection Set: 0.1ms
[1.400s][info][gc,phases   ] GC(11)   Merge Heap Roots: 0.1ms
[1.401s][info][gc,phases   ] GC(11)   Evacuate Collection Set: 0.8ms
[1.401s][info][gc,phases   ] GC(11)   Post Evacuate Collection Set: 0.4ms
[1.401s][info][gc,phases   ] GC(11)   Other: 0.4ms
[1.401s][info][gc,heap     ] GC(11) Eden regions: 30->0(30)
[1.401s][info][gc,heap     ] GC(11) Survivor regions: 2->2(2)
[1.401s][info][gc,heap     ] GC(11) Old regions: 15->17
[1.401s][info][gc,heap     ] GC(11) Archive regions: 0->0
[1.401s][info][gc,heap     ] GC(11) Humongous regions: 0->0
[1.401s][info][gc,metaspace] GC(11) Metaspace: 156K(384K)->156K(384K) NonClass: 148K(256K)->148K(256K) Class: 8K(128K)->8K(128K)
[1.401s][info][gc          ] GC(11) Pause Young (Prepare Mixed) (G1 Evacuation Pause) 46M->18M(64M) 2.220ms
[1.401s][info][gc,cpu      ] GC(11) User=0.00s Sys=0.00s Real=0.00s
[1.547s][info][gc,start    ] GC(12) Pause Young (Mixed) (G1 Evacuation Pause)
[1.547s][info][gc,task     ] GC(12) Using 4 workers of 8 for evacuation
[1.549s][info][gc,phases   ] GC(12)   Pre Evacuate Collection Set: 0.3ms
[1.549s][info][gc,phases   ] GC(12)   Merge Heap Roots: 0.2ms
[1.549s][info][gc,phases   ] GC(12)   Evacuate Collection Set: 0.6ms
[1.549s][info][gc,phases   ] GC(12)   Post Evacuate Collection Set: 0.6ms
[1.549s][info][gc,phases   ] GC(12)   Other: 0.4ms
[1.549s][info][gc,heap     ] GC(12) Eden regions: 30->0(31)
[1.549s][info][gc,heap     ] GC(12) Survivor regions: 2->1(2)
[1.549s][info][gc,heap     ] GC(12) Old regions: 17->16
[1.549s][info][gc,heap     ] GC(12) Archive regions: 0->0
[1.549s][info][gc,heap     ] GC(12) Humongous regions: 0->0
[1.550s][info][gc,metaspace] GC(12) Metaspace: 156K(384K)->156K(384K) NonClass: 148K(256K)->148K(256K) Class: 8K(128K)->8K(128K)
[1.550s][info][gc          ] GC(12) Pause Young (Mixed) (G1 Evacuation Pause) 48M->16M(64M) 2.785ms
[1.550s][info][gc,cpu      ] GC(12) User=0.00s Sys=0.00s Real=0.00s
[1.645s][info][gc,start    ] GC(13) Pause Young (Mixed) (G1 Evacuation Pause)
[1.646s][info][gc,task     ] GC(13) Using 4 workers of 8 for evacuation
[1.648s][info][gc,phases   ] GC(13)   Pre Evacuate Collection Set: 0.2ms
[1.648s][info][gc,phases   ] GC(13)   Merge Heap Roots: 0.1ms
[1.648s][info][gc,phases   ] GC(13)   Evacuate Collection Set: 1.0ms
[1.648s][info][gc,phases   ] GC(13)   Post Evacuate Collection Set: 0.6ms
[1.648s][info][gc,phases   ] GC(13)   Other: 0.4ms
[1.648s][info][gc,heap     ] GC(13) Eden regions: 31->0(30)
[1.648s][info][gc,heap     ] GC(13) Survivor regions: 1->2(2)
[1.648s][info][gc,heap     ] GC(13) Old regions: 16->18
[1.648s][info][gc,heap     ] GC(13) Archive regions: 0->0
[1.649s][info][gc,heap     ] GC(13) Humongous regions: 0->0
[1.649s][info][gc,metaspace] GC(13) Metaspace: 156K(384K)->156K(384K) NonClass: 148K(256K)->148K(256K) Class: 8K(128K)->8K(128K)
[1.649s][info][gc          ] GC(13) Pause Young (Mixed) (G1 Evacuation Pause) 47M->19M(64M) 3.228ms
[1.649s][info][gc,cpu      ] GC(13) User=0.00s Sys=0.00s Real=0.00s
[1.795s][info][gc,start    ] GC(14) Pause Young (Mixed) (G1 Evacuation Pause)
[1.795s][info][gc,task     ] GC(14) Using 4 workers of 8 for evacuation
[1.797s][info][gc,phases   ] GC(14)   Pre Evacuate Collection Set: 0.2ms
[1.797s][info][gc,phases   ] GC(14)   Merge Heap Roots: 0.2ms
[1.797s][info][gc,phases   ] GC(14)   Evacuate Collection Set: 0.6ms
[1.797s][info][gc,phases   ] GC(14)   Post Evacuate Collection Set: 0.9ms
[1.797s][info][gc,phases   ] GC(14)   Other: 0.3ms
[1.797s][info][gc,heap     ] GC(14) Eden regions: 30->0(30)
[1.797s][info][gc,heap     ] GC(14) Survivor regions: 2->2(2)
[1.797s][info][gc,heap     ] GC(14) Old regions: 18->17
[1.797s][info][gc,heap     ] GC(14) Archive regions: 0->0
[1.797s][info][gc,heap     ] GC(14) Humongous regions: 0->0
[1.797s][info][gc,metaspace] GC(14) Metaspace: 156K(384K)->156K(384K) NonClass: 148K(256K)->148K(256K) Class: 8K(128K)->8K(128K)
[1.798s][info][gc          ] GC(14) Pause Young (Mixed) (G1 Evacuation Pause) 49M->18M(64M) 2.787ms
[1.798s][info][gc,cpu      ] GC(14) User=0.00s Sys=0.00s Real=0.00s
[1.898s][info][gc,start    ] GC(15) Pause Young (Mixed) (G1 Evacuation Pause)
[1.898s][info][gc,task     ] GC(15) Using 4 workers of 8 for evacuation
[1.900s][info][gc,phases   ] GC(15)   Pre Evacuate Collection Set: 0.3ms
[1.901s][info][gc,phases   ] GC(15)   Merge Heap Roots: 0.1ms
[1.901s][info][gc,phases   ] GC(15)   Evacuate Collection Set: 1.2ms
[1.901s][info][gc,phases   ] GC(15)   Post Evacuate Collection Set: 0.5ms
[1.901s][info][gc,phases   ] GC(15)   Other: 0.4ms
[1.901s][info][gc,heap     ] GC(15) Eden regions: 30->0(30)
[1.901s][info][gc,heap     ] GC(15) Survivor regions: 2->2(2)
[1.901s][info][gc,heap     ] GC(15) Old regions: 17->21
[1.901s][info][gc,heap     ] GC(15) Archive regions: 0->0
[1.901s][info][gc,heap     ] GC(15) Humongous regions: 0->0
[1.901s][info][gc,metaspace] GC(15) Metaspace: 156K(384K)->156K(384K) NonClass: 148K(256K)->148K(256K) Class: 8K(128K)->8K(128K)
[1.901s][info][gc          ] GC(15) Pause Young (Mixed) (G1 Evacuation Pause) 48M->22M(64M) 2.968ms
[1.901s][info][gc,cpu      ] GC(15) User=0.00s Sys=0.00s Real=0.00s
[1.997s][info][gc,start    ] GC(16) Pause Young (Mixed) (G1 Evacuation Pause)
[1.997s][info][gc,task     ] GC(16) Using 4 workers of 8 for evacuation
[1.999s][info][gc,phases   ] GC(16)   Pre Evacuate Collection Set: 0.2ms
[2.000s][info][gc,phases   ] GC(16)   Merge Heap Roots: 0.2ms
[2.000s][info][gc,phases   ] GC(16)   Evacuate Collection Set: 0.9ms
[2.000s][info][gc,phases   ] GC(16)   Post Evacuate Collection Set: 0.6ms
[2.000s][info][gc,phases   ] GC(16)   Other: 0.4ms
[2.000s][info][gc,heap     ] GC(16) Eden regions: 30->0(30)
[2.000s][info][gc,heap     ] GC(16) Survivor regions: 2->2(2)
[2.000s][info][gc,heap     ] GC(16) Old regions: 21->21
[2.000s][info][gc,heap     ] GC(16) Archive regions: 0->0
[2.000s][info][gc,heap     ] GC(16) Humongous regions: 0->0
[2.000s][info][gc,metaspace] GC(16) Metaspace: 156K(384K)->156K(384K) NonClass: 148K(256K)->148K(256K) Class: 8K(128K)->8K(128K)
[2.000s][info][gc          ] GC(16) Pause Young (Mixed) (G1 Evacuation Pause) 52M->22M(64M) 2.843ms
[2.000s][info][gc,cpu      ] GC(16) User=0.00s Sys=0.00s Real=0.00s
[2.098s][info][gc,start    ] GC(17) Pause Young (Normal) (G1 Evacuation Pause)
[2.099s][info][gc,task     ] GC(17) Using 4 workers of 8 for evacuation
[2.100s][info][gc,phases   ] GC(17)   Pre Evacuate Collection Set: 0.2ms
[2.100s][info][gc,phases   ] GC(17)   Merge Heap Roots: 0.2ms
[2.100s][info][gc,phases   ] GC(17)   Evacuate Collection Set: 0.3ms
[2.100s][info][gc,phases   ] GC(17)   Post Evacuate Collection Set: 0.8ms
[2.101s][info][gc,phases   ] GC(17)   Other: 0.3ms
[2.101s][info][gc,heap     ] GC(17) Eden regions: 30->0(31)
[2.101s][info][gc,heap     ] GC(17) Survivor regions: 2->1(2)
[2.101s][info][gc,heap     ] GC(17) Old regions: 21->21
[2.101s][info][gc,heap     ] GC(17) Archive regions: 0->0
[2.101s][info][gc,heap     ] GC(17) Humongous regions: 0->0
[2.101s][info][gc,metaspace] GC(17) Metaspace: 156K(384K)->156K(384K) NonClass: 148K(256K)->148K(256K) Class: 8K(128K)->8K(128K)
[2.101s][info][gc          ] GC(17) Pause Young (Normal) (G1 Evacuation Pause) 52M->20M(64M) 2.430ms
[2.101s][info][gc,cpu      ] GC(17) User=0.00s Sys=0.00s Real=0.00s
[2.248s][info][gc,start    ] GC(18) Pause Young (Normal) (G1 Evacuation Pause)
[2.248s][info][gc,task     ] GC(18) Using 4 workers of 8 for evacuation
[2.251s][info][gc,phases   ] GC(18)   Pre Evacuate Collection Set: 0.3ms
[2.251s][info][gc,phases   ] GC(18)   Merge Heap Roots: 0.2ms
[2.251s][info][gc,phases   ] GC(18)   Evacuate Collection Set: 1.0ms
[2.251s][info][gc,phases   ] GC(18)   Post Evacuate Collection Set: 0.9ms
[2.251s][info][gc,phases   ] GC(18)   Other: 0.3ms
[2.251s][info][gc,heap     ] GC(18) Eden regions: 31->0(30)
[2.251s][info][gc,heap     ] GC(18) Survivor regions: 1->2(2)
[2.251s][info][gc,heap     ] GC(18) Old regions: 21->23
[2.251s][info][gc,heap     ] GC(18) Archive regions: 0->0
[2.252s][info][gc,heap     ] GC(18) Humongous regions: 0->0
[2.252s][info][gc,metaspace] GC(18) Metaspace: 156K(384K)->156K(384K) NonClass: 148K(256K)->148K(256K) Class: 8K(128K)->8K(128K)
[2.252s][info][gc          ] GC(18) Pause Young (Normal) (G1 Evacuation Pause) 51M->24M(64M) 3.312ms
[2.252s][info][gc,cpu      ] GC(18) User=0.03s Sys=0.00s Real=0.00s
[2.395s][info][gc,start    ] GC(19) Pause Young (Normal) (G1 Evacuation Pause)
[2.395s][info][gc,task     ] GC(19) Using 4 workers of 8 for evacuation
[2.397s][info][gc,phases   ] GC(19)   Pre Evacuate Collection Set: 0.2ms
[2.397s][info][gc,phases   ] GC(19)   Merge Heap Roots: 0.2ms
[2.397s][info][gc,phases   ] GC(19)   Evacuate Collection Set: 0.3ms
[2.397s][info][gc,phases   ] GC(19)   Post Evacuate Collection Set: 0.8ms
[2.397s][info][gc,phases   ] GC(19)   Other: 0.3ms
[2.397s][info][gc,heap     ] GC(19) Eden regions: 30->0(31)
[2.397s][info][gc,heap     ] GC(19) Survivor regions: 2->1(2)
[2.397s][info][gc,heap     ] GC(19) Old regions: 23->23
[2.397s][info][gc,heap     ] GC(19) Archive regions: 0->0
[2.397s][info][gc,heap     ] GC(19) Humongous regions: 0->0
[2.397s][info][gc,metaspace] GC(19) Metaspace: 157K(384K)->157K(384K) NonClass: 148K(256K)->148K(256K) Class: 8K(128K)->8K(128K)
[2.397s][info][gc          ] GC(19) Pause Young (Normal) (G1 Evacuation Pause) 54M->22M(64M) 2.304ms
[2.397s][info][gc,cpu      ] GC(19) User=0.00s Sys=0.00s Real=0.00s
[2.496s][info][gc,start    ] GC(20) Pause Young (Normal) (G1 Evacuation Pause)
[2.496s][info][gc,task     ] GC(20) Using 4 workers of 8 for evacuation
[2.499s][info][gc,phases   ] GC(20)   Pre Evacuate Collection Set: 0.2ms
[2.499s][info][gc,phases   ] GC(20)   Merge Heap Roots: 0.2ms
[2.499s][info][gc,phases   ] GC(20)   Evacuate Collection Set: 1.0ms
[2.499s][info][gc,phases   ] GC(20)   Post Evacuate Collection Set: 0.8ms
[2.499s][info][gc,phases   ] GC(20)   Other: 0.3ms
[2.499s][info][gc,heap     ] GC(20) Eden regions: 31->0(30)
[2.499s][info][gc,heap     ] GC(20) Survivor regions: 1->2(2)
[2.499s][info][gc,heap     ] GC(20) Old regions: 23->28
[2.499s][info][gc,heap     ] GC(20) Archive regions: 0->0
[2.499s][info][gc,heap     ] GC(20) Humongous regions: 0->0
[2.499s][info][gc,metaspace] GC(20) Metaspace: 157K(384K)->157K(384K) NonClass: 148K(256K)->148K(256K) Class: 8K(128K)->8K(128K)
[2.499s][info][gc          ] GC(20) Pause Young (Normal) (G1 Evacuation Pause) 53M->29M(64M) 3.036ms
[2.499s][info][gc,cpu      ] GC(20) User=0.00s Sys=0.00s Real=0.00s
[2.596s][info][gc,start    ] GC(21) Pause Young (Normal) (G1 Preventive Collection)
[2.596s][info][gc,task     ] GC(21) Using 4 workers of 8 for evacuation
[2.598s][info][gc,phases   ] GC(21)   Pre Evacuate Collection Set: 0.1ms
[2.598s][info][gc,phases   ] GC(21)   Merge Heap Roots: 0.1ms
[2.598s][info][gc,phases   ] GC(21)   Evacuate Collection Set: 0.3ms
[2.598s][info][gc,phases   ] GC(21)   Post Evacuate Collection Set: 0.6ms
[2.598s][info][gc,phases   ] GC(21)   Other: 0.2ms
[2.598s][info][gc,heap     ] GC(21) Eden regions: 28->0(30)
[2.598s][info][gc,heap     ] GC(21) Survivor regions: 2->2(2)
[2.598s][info][gc,heap     ] GC(21) Old regions: 28->28
[2.598s][info][gc,heap     ] GC(21) Archive regions: 0->0
[2.598s][info][gc,heap     ] GC(21) Humongous regions: 0->0
[2.598s][info][gc,metaspace] GC(21) Metaspace: 157K(384K)->157K(384K) NonClass: 148K(256K)->148K(256K) Class: 8K(128K)->8K(128K)
[2.598s][info][gc          ] GC(21) Pause Young (Normal) (G1 Preventive Collection) 57M->28M(64M) 1.630ms
[2.598s][info][gc,cpu      ] GC(21) User=0.00s Sys=0.00s Real=0.00s
[2.696s][info][gc,start    ] GC(22) Pause Young (Normal) (G1 Preventive Collection)
[2.696s][info][gc,task     ] GC(22) Using 4 workers of 8 for evacuation
[2.697s][info][gc,phases   ] GC(22)   Pre Evacuate Collection Set: 0.2ms
[2.698s][info][gc,phases   ] GC(22)   Merge Heap Roots: 0.2ms
[2.698s][info][gc,phases   ] GC(22)   Evacuate Collection Set: 0.7ms
[2.698s][info][gc,phases   ] GC(22)   Post Evacuate Collection Set: 0.6ms
[2.698s][info][gc,phases   ] GC(22)   Other: 0.3ms
[2.698s][info][gc,heap     ] GC(22) Eden regions: 29->0(30)
[2.698s][info][gc,heap     ] GC(22) Survivor regions: 2->2(2)
[2.698s][info][gc,heap     ] GC(22) Old regions: 28->29
[2.698s][info][gc,heap     ] GC(22) Archive regions: 0->0
[2.698s][info][gc,heap     ] GC(22) Humongous regions: 0->0
[2.698s][info][gc,metaspace] GC(22) Metaspace: 157K(384K)->157K(384K) NonClass: 148K(256K)->148K(256K) Class: 8K(128K)->8K(128K)
[2.698s][info][gc          ] GC(22) Pause Young (Normal) (G1 Preventive Collection) 57M->30M(64M) 2.292ms
[2.698s][info][gc,cpu      ] GC(22) User=0.00s Sys=0.00s Real=0.00s
[2.797s][info][gc,start    ] GC(23) Pause Young (Concurrent Start) (G1 Preventive Collection)
[2.797s][info][gc,task     ] GC(23) Using 4 workers of 8 for evacuation
[2.800s][info][gc          ] GC(23) To-space exhausted
[2.800s][info][gc,phases   ] GC(23)   Pre Evacuate Collection Set: 0.2ms
[2.800s][info][gc,phases   ] GC(23)   Merge Heap Roots: 0.2ms
[2.800s][info][gc,phases   ] GC(23)   Evacuate Collection Set: 1.1ms
[2.800s][info][gc,phases   ] GC(23)   Post Evacuate Collection Set: 0.9ms
[2.800s][info][gc,phases   ] GC(23)   Other: 0.5ms
[2.800s][info][gc,heap     ] GC(23) Eden regions: 28->0(30)
[2.800s][info][gc,heap     ] GC(23) Survivor regions: 2->2(2)
[2.800s][info][gc,heap     ] GC(23) Old regions: 29->38
[2.800s][info][gc,heap     ] GC(23) Archive regions: 0->0
[2.800s][info][gc,heap     ] GC(23) Humongous regions: 0->0
[2.800s][info][gc,metaspace] GC(23) Metaspace: 159K(384K)->159K(384K) NonClass: 150K(256K)->150K(256K) Class: 8K(128K)->8K(128K)
[2.800s][info][gc          ] GC(23) Pause Young (Concurrent Start) (G1 Preventive Collection) 58M->39M(64M) 3.326ms
[2.800s][info][gc,cpu      ] GC(23) User=0.05s Sys=0.02s Real=0.00s
[2.801s][info][gc          ] GC(24) Concurrent Mark Cycle
[2.801s][info][gc,marking  ] GC(24) Concurrent Clear Claimed Marks
[2.801s][info][gc,marking  ] GC(24) Concurrent Clear Claimed Marks 0.049ms
[2.801s][info][gc,marking  ] GC(24) Concurrent Scan Root Regions
[2.801s][info][gc,marking  ] GC(24) Concurrent Scan Root Regions 0.253ms
[2.801s][info][gc,marking  ] GC(24) Concurrent Mark
[2.801s][info][gc,marking  ] GC(24) Concurrent Mark From Roots
[2.801s][info][gc,task     ] GC(24) Using 2 workers of 2 for marking
[2.804s][info][gc,marking  ] GC(24) Concurrent Mark From Roots 2.656ms
[2.804s][info][gc,marking  ] GC(24) Concurrent Preclean
[2.804s][info][gc,marking  ] GC(24) Concurrent Preclean 0.171ms
[2.805s][info][gc,start    ] GC(24) Pause Remark
[2.806s][info][gc          ] GC(24) Pause Remark 41M->23M(64M) 1.390ms
[2.806s][info][gc,cpu      ] GC(24) User=0.00s Sys=0.00s Real=0.00s
[2.806s][info][gc,marking  ] GC(24) Concurrent Mark 5.075ms
[2.806s][info][gc,marking  ] GC(24) Concurrent Rebuild Remembered Sets
[2.808s][info][gc,marking  ] GC(24) Concurrent Rebuild Remembered Sets 1.261ms
[2.808s][info][gc,start    ] GC(24) Pause Cleanup
[2.808s][info][gc          ] GC(24) Pause Cleanup 23M->23M(64M) 0.329ms
[2.808s][info][gc,cpu      ] GC(24) User=0.00s Sys=0.00s Real=0.00s
[2.809s][info][gc,marking  ] GC(24) Concurrent Cleanup for Next Mark
[2.810s][info][gc,marking  ] GC(24) Concurrent Cleanup for Next Mark 0.965ms
[2.810s][info][gc          ] GC(24) Concurrent Mark Cycle 9.147ms
[2.946s][info][gc,start    ] GC(25) Pause Young (Prepare Mixed) (G1 Evacuation Pause)
[2.946s][info][gc,task     ] GC(25) Using 4 workers of 8 for evacuation
[2.947s][info][gc,phases   ] GC(25)   Pre Evacuate Collection Set: 0.2ms
[2.948s][info][gc,phases   ] GC(25)   Merge Heap Roots: 0.2ms
[2.948s][info][gc,phases   ] GC(25)   Evacuate Collection Set: 0.6ms
[2.948s][info][gc,phases   ] GC(25)   Post Evacuate Collection Set: 0.7ms
[2.948s][info][gc,phases   ] GC(25)   Other: 0.3ms
[2.948s][info][gc,heap     ] GC(25) Eden regions: 30->0(30)
[2.948s][info][gc,heap     ] GC(25) Survivor regions: 2->2(2)
[2.948s][info][gc,heap     ] GC(25) Old regions: 20->21
[2.948s][info][gc,heap     ] GC(25) Archive regions: 0->0
[2.948s][info][gc,heap     ] GC(25) Humongous regions: 0->0
[2.948s][info][gc,metaspace] GC(25) Metaspace: 159K(384K)->159K(384K) NonClass: 150K(256K)->150K(256K) Class: 8K(128K)->8K(128K)
[2.948s][info][gc          ] GC(25) Pause Young (Prepare Mixed) (G1 Evacuation Pause) 51M->22M(64M) 2.461ms
[2.948s][info][gc,cpu      ] GC(25) User=0.00s Sys=0.00s Real=0.00s
[3.048s][info][gc,start    ] GC(26) Pause Young (Mixed) (G1 Evacuation Pause)
[3.048s][info][gc,task     ] GC(26) Using 4 workers of 8 for evacuation
[3.051s][info][gc,phases   ] GC(26)   Pre Evacuate Collection Set: 0.3ms
[3.051s][info][gc,phases   ] GC(26)   Merge Heap Roots: 0.2ms
[3.051s][info][gc,phases   ] GC(26)   Evacuate Collection Set: 1.6ms
[3.051s][info][gc,phases   ] GC(26)   Post Evacuate Collection Set: 0.8ms
[3.051s][info][gc,phases   ] GC(26)   Other: 0.3ms
[3.051s][info][gc,heap     ] GC(26) Eden regions: 30->0(30)
[3.051s][info][gc,heap     ] GC(26) Survivor regions: 2->2(2)
[3.051s][info][gc,heap     ] GC(26) Old regions: 21->26
[3.051s][info][gc,heap     ] GC(26) Archive regions: 0->0
[3.051s][info][gc,heap     ] GC(26) Humongous regions: 0->0
[3.051s][info][gc,metaspace] GC(26) Metaspace: 159K(384K)->159K(384K) NonClass: 150K(256K)->150K(256K) Class: 8K(128K)->8K(128K)
[3.052s][info][gc          ] GC(26) Pause Young (Mixed) (G1 Evacuation Pause) 52M->27M(64M) 3.702ms
[3.052s][info][gc,cpu      ] GC(26) User=0.00s Sys=0.00s Real=0.00s
[3.195s][info][gc,start    ] GC(27) Pause Young (Mixed) (G1 Preventive Collection)
[3.195s][info][gc,task     ] GC(27) Using 4 workers of 8 for evacuation
[3.197s][info][gc,phases   ] GC(27)   Pre Evacuate Collection Set: 0.2ms
[3.197s][info][gc,phases   ] GC(27)   Merge Heap Roots: 0.2ms
[3.197s][info][gc,phases   ] GC(27)   Evacuate Collection Set: 0.3ms
[3.197s][info][gc,phases   ] GC(27)   Post Evacuate Collection Set: 0.8ms
[3.197s][info][gc,phases   ] GC(27)   Other: 0.3ms
[3.197s][info][gc,heap     ] GC(27) Eden regions: 28->0(31)
[3.197s][info][gc,heap     ] GC(27) Survivor regions: 2->1(2)
[3.197s][info][gc,heap     ] GC(27) Old regions: 26->24
[3.198s][info][gc,heap     ] GC(27) Archive regions: 0->0
[3.198s][info][gc,heap     ] GC(27) Humongous regions: 0->0
[3.198s][info][gc,metaspace] GC(27) Metaspace: 159K(384K)->159K(384K) NonClass: 150K(256K)->150K(256K) Class: 8K(128K)->8K(128K)
[3.198s][info][gc          ] GC(27) Pause Young (Mixed) (G1 Preventive Collection) 54M->23M(64M) 2.264ms
[3.198s][info][gc,cpu      ] GC(27) User=0.00s Sys=0.00s Real=0.00s
[3.296s][info][gc,start    ] GC(28) Pause Young (Mixed) (G1 Evacuation Pause)
[3.296s][info][gc,task     ] GC(28) Using 4 workers of 8 for evacuation
[3.299s][info][gc,phases   ] GC(28)   Pre Evacuate Collection Set: 0.1ms
[3.299s][info][gc,phases   ] GC(28)   Merge Heap Roots: 0.1ms
[3.299s][info][gc,phases   ] GC(28)   Evacuate Collection Set: 1.3ms
[3.299s][info][gc,phases   ] GC(28)   Post Evacuate Collection Set: 0.7ms
[3.299s][info][gc,phases   ] GC(28)   Other: 0.4ms
[3.299s][info][gc,heap     ] GC(28) Eden regions: 31->0(30)
[3.299s][info][gc,heap     ] GC(28) Survivor regions: 1->2(2)
[3.299s][info][gc,heap     ] GC(28) Old regions: 24->27
[3.299s][info][gc,heap     ] GC(28) Archive regions: 0->0
[3.299s][info][gc,heap     ] GC(28) Humongous regions: 0->0
[3.299s][info][gc,metaspace] GC(28) Metaspace: 159K(384K)->159K(384K) NonClass: 150K(256K)->150K(256K) Class: 8K(128K)->8K(128K)
[3.299s][info][gc          ] GC(28) Pause Young (Mixed) (G1 Evacuation Pause) 54M->28M(64M) 3.209ms
[3.300s][info][gc,cpu      ] GC(28) User=0.06s Sys=0.00s Real=0.00s
[3.396s][info][gc,start    ] GC(29) Pause Young (Mixed) (G1 Preventive Collection)
[3.396s][info][gc,task     ] GC(29) Using 4 workers of 8 for evacuation
[3.397s][info][gc,phases   ] GC(29)   Pre Evacuate Collection Set: 0.1ms
[3.397s][info][gc,phases   ] GC(29)   Merge Heap Roots: 0.1ms
[3.397s][info][gc,phases   ] GC(29)   Evacuate Collection Set: 0.2ms
[3.397s][info][gc,phases   ] GC(29)   Post Evacuate Collection Set: 0.6ms
[3.397s][info][gc,phases   ] GC(29)   Other: 0.3ms
[3.397s][info][gc,heap     ] GC(29) Eden regions: 27->0(31)
[3.397s][info][gc,heap     ] GC(29) Survivor regions: 2->1(2)
[3.398s][info][gc,heap     ] GC(29) Old regions: 27->25
[3.398s][info][gc,heap     ] GC(29) Archive regions: 0->0
[3.398s][info][gc,heap     ] GC(29) Humongous regions: 0->0
[3.398s][info][gc,metaspace] GC(29) Metaspace: 159K(384K)->159K(384K) NonClass: 150K(256K)->150K(256K) Class: 8K(128K)->8K(128K)
[3.398s][info][gc          ] GC(29) Pause Young (Mixed) (G1 Preventive Collection) 55M->24M(64M) 1.697ms
[3.398s][info][gc,cpu      ] GC(29) User=0.00s Sys=0.00s Real=0.00s
[3.496s][info][gc,start    ] GC(30) Pause Young (Mixed) (G1 Preventive Collection)
[3.497s][info][gc,task     ] GC(30) Using 4 workers of 8 for evacuation
[3.498s][info][gc,phases   ] GC(30)   Pre Evacuate Collection Set: 0.1ms
[3.498s][info][gc,phases   ] GC(30)   Merge Heap Roots: 0.1ms
[3.499s][info][gc,phases   ] GC(30)   Evacuate Collection Set: 1.0ms
[3.499s][info][gc,phases   ] GC(30)   Post Evacuate Collection Set: 0.5ms
[3.499s][info][gc,phases   ] GC(30)   Other: 0.3ms
[3.499s][info][gc,heap     ] GC(30) Eden regions: 31->0(30)
[3.499s][info][gc,heap     ] GC(30) Survivor regions: 1->2(2)
[3.499s][info][gc,heap     ] GC(30) Old regions: 25->27
[3.499s][info][gc,heap     ] GC(30) Archive regions: 0->0
[3.499s][info][gc,heap     ] GC(30) Humongous regions: 0->0
[3.499s][info][gc,metaspace] GC(30) Metaspace: 159K(384K)->159K(384K) NonClass: 151K(256K)->151K(256K) Class: 8K(128K)->8K(128K)
[3.499s][info][gc          ] GC(30) Pause Young (Mixed) (G1 Preventive Collection) 55M->28M(64M) 2.415ms
[3.499s][info][gc,cpu      ] GC(30) User=0.00s Sys=0.00s Real=0.00s
[3.597s][info][gc,start    ] GC(31) Pause Young (Mixed) (G1 Preventive Collection)
[3.597s][info][gc,task     ] GC(31) Using 4 workers of 8 for evacuation
[3.599s][info][gc,phases   ] GC(31)   Pre Evacuate Collection Set: 0.2ms
[3.599s][info][gc,phases   ] GC(31)   Merge Heap Roots: 0.1ms
[3.599s][info][gc,phases   ] GC(31)   Evacuate Collection Set: 0.4ms
[3.599s][info][gc,phases   ] GC(31)   Post Evacuate Collection Set: 0.5ms
[3.599s][info][gc,phases   ] GC(31)   Other: 0.4ms
[3.599s][info][gc,heap     ] GC(31) Eden regions: 27->0(31)
[3.599s][info][gc,heap     ] GC(31) Survivor regions: 2->1(2)
[3.599s][info][gc,heap     ] GC(31) Old regions: 27->25
[3.599s][info][gc,heap     ] GC(31) Archive regions: 0->0
[3.599s][info][gc,heap     ] GC(31) Humongous regions: 0->0
[3.599s][info][gc,metaspace] GC(31) Metaspace: 159K(384K)->159K(384K) NonClass: 151K(256K)->151K(256K) Class: 8K(128K)->8K(128K)
[3.599s][info][gc          ] GC(31) Pause Young (Mixed) (G1 Preventive Collection) 55M->24M(64M) 2.019ms
[3.599s][info][gc,cpu      ] GC(31) User=0.00s Sys=0.00s Real=0.00s
[3.748s][info][gc,start    ] GC(32) Pause Young (Mixed) (G1 Preventive Collection)
[3.748s][info][gc,task     ] GC(32) Using 4 workers of 8 for evacuation
[3.750s][info][gc,phases   ] GC(32)   Pre Evacuate Collection Set: 0.2ms
[3.750s][info][gc,phases   ] GC(32)   Merge Heap Roots: 0.2ms
[3.750s][info][gc,phases   ] GC(32)   Evacuate Collection Set: 1.1ms
[3.750s][info][gc,phases   ] GC(32)   Post Evacuate Collection Set: 0.7ms
[3.751s][info][gc,phases   ] GC(32)   Other: 0.4ms
[3.751s][info][gc,heap     ] GC(32) Eden regions: 31->0(30)
[3.751s][info][gc,heap     ] GC(32) Survivor regions: 1->2(2)
[3.751s][info][gc,heap     ] GC(32) Old regions: 25->27
[3.751s][info][gc,heap     ] GC(32) Archive regions: 0->0
[3.751s][info][gc,heap     ] GC(32) Humongous regions: 0->0
[3.751s][info][gc,metaspace] GC(32) Metaspace: 159K(384K)->159K(384K) NonClass: 151K(256K)->151K(256K) Class: 8K(128K)->8K(128K)
[3.751s][info][gc          ] GC(32) Pause Young (Mixed) (G1 Preventive Collection) 55M->28M(64M) 2.933ms
[3.751s][info][gc,cpu      ] GC(32) User=0.00s Sys=0.02s Real=0.00s
[3.849s][info][gc,start    ] GC(33) Pause Young (Normal) (G1 Preventive Collection)
[3.849s][info][gc,task     ] GC(33) Using 4 workers of 8 for evacuation
[3.850s][info][gc,phases   ] GC(33)   Pre Evacuate Collection Set: 0.1ms
[3.851s][info][gc,phases   ] GC(33)   Merge Heap Roots: 0.2ms
[3.851s][info][gc,phases   ] GC(33)   Evacuate Collection Set: 0.4ms
[3.851s][info][gc,phases   ] GC(33)   Post Evacuate Collection Set: 0.6ms
[3.851s][info][gc,phases   ] GC(33)   Other: 0.4ms
[3.851s][info][gc,heap     ] GC(33) Eden regions: 29->0(31)
[3.851s][info][gc,heap     ] GC(33) Survivor regions: 2->1(2)
[3.851s][info][gc,heap     ] GC(33) Old regions: 27->27
[3.851s][info][gc,heap     ] GC(33) Archive regions: 0->0
[3.851s][info][gc,heap     ] GC(33) Humongous regions: 0->0
[3.851s][info][gc,metaspace] GC(33) Metaspace: 159K(384K)->159K(384K) NonClass: 151K(256K)->151K(256K) Class: 8K(128K)->8K(128K)
[3.851s][info][gc          ] GC(33) Pause Young (Normal) (G1 Preventive Collection) 57M->27M(64M) 2.320ms
[3.851s][info][gc,cpu      ] GC(33) User=0.00s Sys=0.00s Real=0.00s
[3.995s][info][gc,start    ] GC(34) Pause Young (Normal) (G1 Preventive Collection)
[3.995s][info][gc,task     ] GC(34) Using 4 workers of 8 for evacuation
[3.998s][info][gc,phases   ] GC(34)   Pre Evacuate Collection Set: 0.1ms
[3.998s][info][gc,phases   ] GC(34)   Merge Heap Roots: 0.1ms
[3.998s][info][gc,phases   ] GC(34)   Evacuate Collection Set: 1.3ms
[3.998s][info][gc,phases   ] GC(34)   Post Evacuate Collection Set: 0.7ms
[3.998s][info][gc,phases   ] GC(34)   Other: 0.3ms
[3.998s][info][gc,heap     ] GC(34) Eden regions: 31->0(30)
[3.998s][info][gc,heap     ] GC(34) Survivor regions: 1->2(2)
[3.998s][info][gc,heap     ] GC(34) Old regions: 27->30
[3.998s][info][gc,heap     ] GC(34) Archive regions: 0->0
[3.998s][info][gc,heap     ] GC(34) Humongous regions: 0->0
[3.998s][info][gc,metaspace] GC(34) Metaspace: 159K(384K)->159K(384K) NonClass: 151K(256K)->151K(256K) Class: 8K(128K)->8K(128K)
[3.998s][info][gc          ] GC(34) Pause Young (Normal) (G1 Preventive Collection) 58M->31M(64M) 3.095ms
[3.998s][info][gc,cpu      ] GC(34) User=0.00s Sys=0.00s Real=0.00s
[4.094s][info][gc,start    ] GC(35) Pause Young (Concurrent Start) (G1 Preventive Collection)
[4.094s][info][gc,task     ] GC(35) Using 4 workers of 8 for evacuation
[4.097s][info][gc          ] GC(35) To-space exhausted
[4.097s][info][gc,phases   ] GC(35)   Pre Evacuate Collection Set: 0.1ms
[4.097s][info][gc,phases   ] GC(35)   Merge Heap Roots: 0.1ms
[4.097s][info][gc,phases   ] GC(35)   Evacuate Collection Set: 1.7ms
[4.097s][info][gc,phases   ] GC(35)   Post Evacuate Collection Set: 0.5ms
[4.097s][info][gc,phases   ] GC(35)   Other: 0.5ms
[4.097s][info][gc,heap     ] GC(35) Eden regions: 26->0(30)
[4.097s][info][gc,heap     ] GC(35) Survivor regions: 2->2(2)
[4.097s][info][gc,heap     ] GC(35) Old regions: 30->37
[4.097s][info][gc,heap     ] GC(35) Archive regions: 0->0
[4.097s][info][gc,heap     ] GC(35) Humongous regions: 0->0
[4.097s][info][gc,metaspace] GC(35) Metaspace: 159K(384K)->159K(384K) NonClass: 151K(256K)->151K(256K) Class: 8K(128K)->8K(128K)
[4.097s][info][gc          ] GC(35) Pause Young (Concurrent Start) (G1 Preventive Collection) 57M->38M(64M) 3.284ms
[4.097s][info][gc,cpu      ] GC(35) User=0.06s Sys=0.00s Real=0.00s
[4.098s][info][gc          ] GC(36) Concurrent Mark Cycle
[4.098s][info][gc,marking  ] GC(36) Concurrent Clear Claimed Marks
[4.098s][info][gc,marking  ] GC(36) Concurrent Clear Claimed Marks 0.071ms
[4.098s][info][gc,marking  ] GC(36) Concurrent Scan Root Regions
[4.098s][info][gc,marking  ] GC(36) Concurrent Scan Root Regions 0.192ms
[4.098s][info][gc,marking  ] GC(36) Concurrent Mark
[4.098s][info][gc,marking  ] GC(36) Concurrent Mark From Roots
[4.098s][info][gc,task     ] GC(36) Using 2 workers of 2 for marking
[4.101s][info][gc,marking  ] GC(36) Concurrent Mark From Roots 2.770ms
[4.101s][info][gc,marking  ] GC(36) Concurrent Preclean
[4.101s][info][gc,marking  ] GC(36) Concurrent Preclean 0.196ms
[4.102s][info][gc,start    ] GC(36) Pause Remark
[4.103s][info][gc          ] GC(36) Pause Remark 50M->28M(64M) 1.086ms
[4.103s][info][gc,cpu      ] GC(36) User=0.00s Sys=0.00s Real=0.00s
[4.103s][info][gc,marking  ] GC(36) Concurrent Mark 4.779ms
[4.103s][info][gc,marking  ] GC(36) Concurrent Rebuild Remembered Sets
[4.104s][info][gc,marking  ] GC(36) Concurrent Rebuild Remembered Sets 1.196ms
[4.105s][info][gc,start    ] GC(36) Pause Cleanup
[4.105s][info][gc          ] GC(36) Pause Cleanup 28M->28M(64M) 0.191ms
[4.105s][info][gc,cpu      ] GC(36) User=0.00s Sys=0.00s Real=0.00s
[4.105s][info][gc,marking  ] GC(36) Concurrent Cleanup for Next Mark
[4.105s][info][gc,marking  ] GC(36) Concurrent Cleanup for Next Mark 0.346ms
[4.105s][info][gc          ] GC(36) Concurrent Mark Cycle 7.771ms
[4.196s][info][gc,start    ] GC(37) Pause Young (Prepare Mixed) (G1 Evacuation Pause)
[4.196s][info][gc,task     ] GC(37) Using 4 workers of 8 for evacuation
[4.197s][info][gc,phases   ] GC(37)   Pre Evacuate Collection Set: 0.1ms
[4.197s][info][gc,phases   ] GC(37)   Merge Heap Roots: 0.1ms
[4.197s][info][gc,phases   ] GC(37)   Evacuate Collection Set: 0.5ms
[4.197s][info][gc,phases   ] GC(37)   Post Evacuate Collection Set: 0.4ms
[4.198s][info][gc,phases   ] GC(37)   Other: 0.3ms
[4.198s][info][gc,heap     ] GC(37) Eden regions: 30->0(30)
[4.198s][info][gc,heap     ] GC(37) Survivor regions: 2->2(2)
[4.198s][info][gc,heap     ] GC(37) Old regions: 15->16
[4.198s][info][gc,heap     ] GC(37) Archive regions: 0->0
[4.198s][info][gc,heap     ] GC(37) Humongous regions: 0->0
[4.198s][info][gc,metaspace] GC(37) Metaspace: 159K(384K)->159K(384K) NonClass: 151K(256K)->151K(256K) Class: 8K(128K)->8K(128K)
[4.198s][info][gc          ] GC(37) Pause Young (Prepare Mixed) (G1 Evacuation Pause) 46M->16M(64M) 1.845ms
[4.198s][info][gc,cpu      ] GC(37) User=0.00s Sys=0.00s Real=0.00s
[4.299s][info][gc,start    ] GC(38) Pause Young (Mixed) (G1 Evacuation Pause)
[4.300s][info][gc,task     ] GC(38) Using 4 workers of 8 for evacuation
[4.302s][info][gc,phases   ] GC(38)   Pre Evacuate Collection Set: 0.2ms
[4.302s][info][gc,phases   ] GC(38)   Merge Heap Roots: 0.2ms
[4.302s][info][gc,phases   ] GC(38)   Evacuate Collection Set: 1.3ms
[4.302s][info][gc,phases   ] GC(38)   Post Evacuate Collection Set: 0.5ms
[4.302s][info][gc,phases   ] GC(38)   Other: 0.3ms
[4.302s][info][gc,heap     ] GC(38) Eden regions: 30->0(30)
[4.302s][info][gc,heap     ] GC(38) Survivor regions: 2->2(2)
[4.302s][info][gc,heap     ] GC(38) Old regions: 16->20
[4.302s][info][gc,heap     ] GC(38) Archive regions: 0->0
[4.303s][info][gc,heap     ] GC(38) Humongous regions: 0->0
[4.303s][info][gc,metaspace] GC(38) Metaspace: 159K(384K)->159K(384K) NonClass: 151K(256K)->151K(256K) Class: 8K(128K)->8K(128K)
[4.303s][info][gc          ] GC(38) Pause Young (Mixed) (G1 Evacuation Pause) 46M->21M(64M) 3.295ms
[4.303s][info][gc,cpu      ] GC(38) User=0.00s Sys=0.00s Real=0.00s
[4.444s][info][gc,start    ] GC(39) Pause Young (Mixed) (G1 Evacuation Pause)
[4.444s][info][gc,task     ] GC(39) Using 4 workers of 8 for evacuation
[4.446s][info][gc,phases   ] GC(39)   Pre Evacuate Collection Set: 0.2ms
[4.446s][info][gc,phases   ] GC(39)   Merge Heap Roots: 0.2ms
[4.446s][info][gc,phases   ] GC(39)   Evacuate Collection Set: 0.7ms
[4.446s][info][gc,phases   ] GC(39)   Post Evacuate Collection Set: 0.9ms
[4.446s][info][gc,phases   ] GC(39)   Other: 0.3ms
[4.446s][info][gc,heap     ] GC(39) Eden regions: 30->0(30)
[4.447s][info][gc,heap     ] GC(39) Survivor regions: 2->2(2)
[4.447s][info][gc,heap     ] GC(39) Old regions: 20->20
[4.447s][info][gc,heap     ] GC(39) Archive regions: 0->0
[4.447s][info][gc,heap     ] GC(39) Humongous regions: 0->0
[4.447s][info][gc,metaspace] GC(39) Metaspace: 160K(384K)->160K(384K) NonClass: 151K(256K)->151K(256K) Class: 8K(128K)->8K(128K)
[4.447s][info][gc          ] GC(39) Pause Young (Mixed) (G1 Evacuation Pause) 51M->21M(64M) 2.765ms
[4.447s][info][gc,cpu      ] GC(39) User=0.00s Sys=0.00s Real=0.00s
[4.595s][info][gc,start    ] GC(40) Pause Young (Mixed) (G1 Evacuation Pause)
[4.595s][info][gc,task     ] GC(40) Using 4 workers of 8 for evacuation
[4.597s][info][gc,phases   ] GC(40)   Pre Evacuate Collection Set: 0.2ms
[4.597s][info][gc,phases   ] GC(40)   Merge Heap Roots: 0.2ms
[4.597s][info][gc,phases   ] GC(40)   Evacuate Collection Set: 0.2ms
[4.597s][info][gc,phases   ] GC(40)   Post Evacuate Collection Set: 0.9ms
[4.597s][info][gc,phases   ] GC(40)   Other: 0.3ms
[4.597s][info][gc,heap     ] GC(40) Eden regions: 30->0(31)
[4.597s][info][gc,heap     ] GC(40) Survivor regions: 2->1(2)
[4.597s][info][gc,heap     ] GC(40) Old regions: 20->19
[4.597s][info][gc,heap     ] GC(40) Archive regions: 0->0
[4.597s][info][gc,heap     ] GC(40) Humongous regions: 0->0
[4.597s][info][gc,metaspace] GC(40) Metaspace: 160K(384K)->160K(384K) NonClass: 151K(256K)->151K(256K) Class: 8K(128K)->8K(128K)
[4.597s][info][gc          ] GC(40) Pause Young (Mixed) (G1 Evacuation Pause) 51M->18M(64M) 2.186ms
[4.597s][info][gc,cpu      ] GC(40) User=0.00s Sys=0.00s Real=0.00s
[4.697s][info][gc,start    ] GC(41) Pause Young (Mixed) (G1 Evacuation Pause)
[4.697s][info][gc,task     ] GC(41) Using 4 workers of 8 for evacuation
[4.699s][info][gc,phases   ] GC(41)   Pre Evacuate Collection Set: 0.2ms
[4.699s][info][gc,phases   ] GC(41)   Merge Heap Roots: 0.2ms
[4.699s][info][gc,phases   ] GC(41)   Evacuate Collection Set: 0.8ms
[4.699s][info][gc,phases   ] GC(41)   Post Evacuate Collection Set: 0.8ms
[4.699s][info][gc,phases   ] GC(41)   Other: 0.3ms
[4.699s][info][gc,heap     ] GC(41) Eden regions: 31->0(30)
[4.699s][info][gc,heap     ] GC(41) Survivor regions: 1->2(2)
[4.699s][info][gc,heap     ] GC(41) Old regions: 19->20
[4.699s][info][gc,heap     ] GC(41) Archive regions: 0->0
[4.699s][info][gc,heap     ] GC(41) Humongous regions: 0->0
[4.699s][info][gc,metaspace] GC(41) Metaspace: 160K(384K)->160K(384K) NonClass: 151K(256K)->151K(256K) Class: 8K(128K)->8K(128K)
[4.699s][info][gc          ] GC(41) Pause Young (Mixed) (G1 Evacuation Pause) 49M->21M(64M) 2.746ms
[4.699s][info][gc,cpu      ] GC(41) User=0.00s Sys=0.00s Real=0.00s
[4.798s][info][gc,start    ] GC(42) Pause Young (Mixed) (G1 Evacuation Pause)
[4.798s][info][gc,task     ] GC(42) Using 4 workers of 8 for evacuation
[4.800s][info][gc,phases   ] GC(42)   Pre Evacuate Collection Set: 0.2ms
[4.800s][info][gc,phases   ] GC(42)   Merge Heap Roots: 0.2ms
[4.800s][info][gc,phases   ] GC(42)   Evacuate Collection Set: 0.4ms
[4.800s][info][gc,phases   ] GC(42)   Post Evacuate Collection Set: 0.8ms
[4.800s][info][gc,phases   ] GC(42)   Other: 0.3ms
[4.800s][info][gc,heap     ] GC(42) Eden regions: 30->0(30)
[4.800s][info][gc,heap     ] GC(42) Survivor regions: 2->2(2)
[4.800s][info][gc,heap     ] GC(42) Old regions: 20->19
[4.800s][info][gc,heap     ] GC(42) Archive regions: 0->0
[4.800s][info][gc,heap     ] GC(42) Humongous regions: 0->0
[4.800s][info][gc,metaspace] GC(42) Metaspace: 160K(384K)->160K(384K) NonClass: 151K(256K)->151K(256K) Class: 8K(128K)->8K(128K)
[4.800s][info][gc          ] GC(42) Pause Young (Mixed) (G1 Evacuation Pause) 51M->19M(64M) 2.298ms
[4.800s][info][gc,cpu      ] GC(42) User=0.00s Sys=0.00s Real=0.00s
[4.897s][info][gc,start    ] GC(43) Pause Young (Mixed) (G1 Evacuation Pause)
[4.897s][info][gc,task     ] GC(43) Using 4 workers of 8 for evacuation
[4.900s][info][gc,phases   ] GC(43)   Pre Evacuate Collection Set: 0.2ms
[4.900s][info][gc,phases   ] GC(43)   Merge Heap Roots: 0.1ms
[4.900s][info][gc,phases   ] GC(43)   Evacuate Collection Set: 0.9ms
[4.900s][info][gc,phases   ] GC(43)   Post Evacuate Collection Set: 0.8ms
[4.900s][info][gc,phases   ] GC(43)   Other: 0.4ms
[4.900s][info][gc,heap     ] GC(43) Eden regions: 30->0(30)
[4.900s][info][gc,heap     ] GC(43) Survivor regions: 2->2(2)
[4.900s][info][gc,heap     ] GC(43) Old regions: 19->21
[4.900s][info][gc,heap     ] GC(43) Archive regions: 0->0
[4.900s][info][gc,heap     ] GC(43) Humongous regions: 0->0
[4.900s][info][gc,metaspace] GC(43) Metaspace: 160K(384K)->160K(384K) NonClass: 151K(256K)->151K(256K) Class: 8K(128K)->8K(128K)
[4.900s][info][gc          ] GC(43) Pause Young (Mixed) (G1 Evacuation Pause) 49M->22M(64M) 2.831ms
[4.900s][info][gc,cpu      ] GC(43) User=0.00s Sys=0.00s Real=0.00s
[5.048s][info][gc,start    ] GC(44) Pause Young (Mixed) (G1 Evacuation Pause)
[5.048s][info][gc,task     ] GC(44) Using 4 workers of 8 for evacuation
[5.050s][info][gc,phases   ] GC(44)   Pre Evacuate Collection Set: 0.1ms
[5.050s][info][gc,phases   ] GC(44)   Merge Heap Roots: 0.1ms
[5.050s][info][gc,phases   ] GC(44)   Evacuate Collection Set: 0.5ms
[5.050s][info][gc,phases   ] GC(44)   Post Evacuate Collection Set: 0.7ms
[5.050s][info][gc,phases   ] GC(44)   Other: 0.3ms
[5.050s][info][gc,heap     ] GC(44) Eden regions: 30->0(30)
[5.050s][info][gc,heap     ] GC(44) Survivor regions: 2->2(2)
[5.050s][info][gc,heap     ] GC(44) Old regions: 21->21
[5.050s][info][gc,heap     ] GC(44) Archive regions: 0->0
[5.050s][info][gc,heap     ] GC(44) Humongous regions: 0->0
[5.050s][info][gc,metaspace] GC(44) Metaspace: 160K(384K)->160K(384K) NonClass: 151K(256K)->151K(256K) Class: 8K(128K)->8K(128K)
[5.050s][info][gc          ] GC(44) Pause Young (Mixed) (G1 Evacuation Pause) 52M->22M(64M) 2.101ms
[5.050s][info][gc,cpu      ] GC(44) User=0.00s Sys=0.00s Real=0.00s
[5.148s][info][gc,start    ] GC(45) Pause Young (Concurrent Start) (G1 Evacuation Pause)
[5.148s][info][gc,task     ] GC(45) Using 4 workers of 8 for evacuation
[5.150s][info][gc,phases   ] GC(45)   Pre Evacuate Collection Set: 0.2ms
[5.150s][info][gc,phases   ] GC(45)   Merge Heap Roots: 0.2ms
[5.150s][info][gc,phases   ] GC(45)   Evacuate Collection Set: 1.1ms
[5.150s][info][gc,phases   ] GC(45)   Post Evacuate Collection Set: 0.6ms
[5.150s][info][gc,phases   ] GC(45)   Other: 0.5ms
[5.150s][info][gc,heap     ] GC(45) Eden regions: 30->0(30)
[5.150s][info][gc,heap     ] GC(45) Survivor regions: 2->2(2)
[5.151s][info][gc,heap     ] GC(45) Old regions: 21->25
[5.151s][info][gc,heap     ] GC(45) Archive regions: 0->0
[5.151s][info][gc,heap     ] GC(45) Humongous regions: 0->0
[5.151s][info][gc,metaspace] GC(45) Metaspace: 160K(384K)->160K(384K) NonClass: 151K(256K)->151K(256K) Class: 8K(128K)->8K(128K)
[5.151s][info][gc          ] GC(45) Pause Young (Concurrent Start) (G1 Evacuation Pause) 52M->26M(64M) 2.836ms
[5.151s][info][gc,cpu      ] GC(45) User=0.00s Sys=0.00s Real=0.00s
[5.151s][info][gc          ] GC(46) Concurrent Mark Cycle
[5.151s][info][gc,marking  ] GC(46) Concurrent Clear Claimed Marks
[5.151s][info][gc,marking  ] GC(46) Concurrent Clear Claimed Marks 0.069ms
[5.151s][info][gc,marking  ] GC(46) Concurrent Scan Root Regions
[5.151s][info][gc,marking  ] GC(46) Concurrent Scan Root Regions 0.131ms
[5.151s][info][gc,marking  ] GC(46) Concurrent Mark
[5.151s][info][gc,marking  ] GC(46) Concurrent Mark From Roots
[5.151s][info][gc,task     ] GC(46) Using 2 workers of 2 for marking
[5.153s][info][gc,marking  ] GC(46) Concurrent Mark From Roots 1.920ms
[5.153s][info][gc,marking  ] GC(46) Concurrent Preclean
[5.153s][info][gc,marking  ] GC(46) Concurrent Preclean 0.146ms
[5.154s][info][gc,start    ] GC(46) Pause Remark
[5.155s][info][gc          ] GC(46) Pause Remark 28M->16M(60M) 1.361ms
[5.155s][info][gc,cpu      ] GC(46) User=0.00s Sys=0.00s Real=0.00s
[5.155s][info][gc,marking  ] GC(46) Concurrent Mark 4.144ms
[5.156s][info][gc,marking  ] GC(46) Concurrent Rebuild Remembered Sets
[5.157s][info][gc,marking  ] GC(46) Concurrent Rebuild Remembered Sets 1.235ms
[5.157s][info][gc,start    ] GC(46) Pause Cleanup
[5.157s][info][gc          ] GC(46) Pause Cleanup 16M->16M(60M) 0.278ms
[5.158s][info][gc,cpu      ] GC(46) User=0.00s Sys=0.00s Real=0.00s
[5.158s][info][gc,marking  ] GC(46) Concurrent Cleanup for Next Mark
[5.158s][info][gc,marking  ] GC(46) Concurrent Cleanup for Next Mark 0.398ms
[5.158s][info][gc          ] GC(46) Concurrent Mark Cycle 7.266ms
[5.295s][info][gc,start    ] GC(47) Pause Young (Prepare Mixed) (G1 Evacuation Pause)
[5.295s][info][gc,task     ] GC(47) Using 4 workers of 8 for evacuation
[5.297s][info][gc,phases   ] GC(47)   Pre Evacuate Collection Set: 0.2ms
[5.297s][info][gc,phases   ] GC(47)   Merge Heap Roots: 0.2ms
[5.297s][info][gc,phases   ] GC(47)   Evacuate Collection Set: 0.7ms
[5.297s][info][gc,phases   ] GC(47)   Post Evacuate Collection Set: 0.7ms
[5.297s][info][gc,phases   ] GC(47)   Other: 0.3ms
[5.297s][info][gc,heap     ] GC(47) Eden regions: 30->0(28)
[5.297s][info][gc,heap     ] GC(47) Survivor regions: 2->2(2)
[5.297s][info][gc,heap     ] GC(47) Old regions: 13->14
[5.297s][info][gc,heap     ] GC(47) Archive regions: 0->0
[5.297s][info][gc,heap     ] GC(47) Humongous regions: 0->0
[5.297s][info][gc,metaspace] GC(47) Metaspace: 160K(384K)->160K(384K) NonClass: 151K(256K)->151K(256K) Class: 8K(128K)->8K(128K)
[5.297s][info][gc          ] GC(47) Pause Young (Prepare Mixed) (G1 Evacuation Pause) 44M->14M(60M) 2.638ms
[5.297s][info][gc,cpu      ] GC(47) User=0.00s Sys=0.00s Real=0.00s
[5.396s][info][gc,start    ] GC(48) Pause Young (Mixed) (G1 Evacuation Pause)
[5.396s][info][gc,task     ] GC(48) Using 4 workers of 8 for evacuation
[5.398s][info][gc,phases   ] GC(48)   Pre Evacuate Collection Set: 0.2ms
[5.398s][info][gc,phases   ] GC(48)   Merge Heap Roots: 0.1ms
[5.398s][info][gc,phases   ] GC(48)   Evacuate Collection Set: 1.0ms
[5.398s][info][gc,phases   ] GC(48)   Post Evacuate Collection Set: 0.8ms
[5.399s][info][gc,phases   ] GC(48)   Other: 0.3ms
[5.399s][info][gc,heap     ] GC(48) Eden regions: 28->0(28)
[5.399s][info][gc,heap     ] GC(48) Survivor regions: 2->2(2)
[5.399s][info][gc,heap     ] GC(48) Old regions: 14->16
[5.399s][info][gc,heap     ] GC(48) Archive regions: 0->0
[5.399s][info][gc,heap     ] GC(48) Humongous regions: 0->0
[5.399s][info][gc,metaspace] GC(48) Metaspace: 160K(384K)->160K(384K) NonClass: 151K(256K)->151K(256K) Class: 8K(128K)->8K(128K)
[5.399s][info][gc          ] GC(48) Pause Young (Mixed) (G1 Evacuation Pause) 42M->17M(60M) 2.838ms
[5.399s][info][gc,cpu      ] GC(48) User=0.00s Sys=0.00s Real=0.00s
[5.498s][info][gc,start    ] GC(49) Pause Young (Mixed) (G1 Evacuation Pause)
[5.498s][info][gc,task     ] GC(49) Using 4 workers of 8 for evacuation
[5.500s][info][gc,phases   ] GC(49)   Pre Evacuate Collection Set: 0.2ms
[5.500s][info][gc,phases   ] GC(49)   Merge Heap Roots: 0.2ms
[5.500s][info][gc,phases   ] GC(49)   Evacuate Collection Set: 1.2ms
[5.500s][info][gc,phases   ] GC(49)   Post Evacuate Collection Set: 0.8ms
[5.501s][info][gc,phases   ] GC(49)   Other: 0.3ms
[5.501s][info][gc,heap     ] GC(49) Eden regions: 28->0(28)
[5.501s][info][gc,heap     ] GC(49) Survivor regions: 2->2(2)
[5.501s][info][gc,heap     ] GC(49) Old regions: 16->20
[5.501s][info][gc,heap     ] GC(49) Archive regions: 0->0
[5.501s][info][gc,heap     ] GC(49) Humongous regions: 0->0
[5.501s][info][gc,metaspace] GC(49) Metaspace: 160K(384K)->160K(384K) NonClass: 151K(256K)->151K(256K) Class: 8K(128K)->8K(128K)
[5.501s][info][gc          ] GC(49) Pause Young (Mixed) (G1 Evacuation Pause) 45M->21M(60M) 3.456ms
[5.501s][info][gc,cpu      ] GC(49) User=0.00s Sys=0.02s Real=0.00s
[5.596s][info][gc,start    ] GC(50) Pause Young (Mixed) (G1 Evacuation Pause)
[5.596s][info][gc,task     ] GC(50) Using 4 workers of 8 for evacuation
[5.598s][info][gc,phases   ] GC(50)   Pre Evacuate Collection Set: 0.2ms
[5.598s][info][gc,phases   ] GC(50)   Merge Heap Roots: 0.2ms
[5.598s][info][gc,phases   ] GC(50)   Evacuate Collection Set: 0.4ms
[5.598s][info][gc,phases   ] GC(50)   Post Evacuate Collection Set: 0.6ms
[5.598s][info][gc,phases   ] GC(50)   Other: 0.3ms
[5.598s][info][gc,heap     ] GC(50) Eden regions: 28->0(28)
[5.598s][info][gc,heap     ] GC(50) Survivor regions: 2->2(2)
[5.598s][info][gc,heap     ] GC(50) Old regions: 20->19
[5.598s][info][gc,heap     ] GC(50) Archive regions: 0->0
[5.598s][info][gc,heap     ] GC(50) Humongous regions: 0->0
[5.598s][info][gc,metaspace] GC(50) Metaspace: 160K(384K)->160K(384K) NonClass: 151K(256K)->151K(256K) Class: 8K(128K)->8K(128K)
[5.598s][info][gc          ] GC(50) Pause Young (Mixed) (G1 Evacuation Pause) 49M->20M(60M) 2.194ms
[5.598s][info][gc,cpu      ] GC(50) User=0.00s Sys=0.00s Real=0.00s
[5.695s][info][gc,start    ] GC(51) Pause Young (Mixed) (G1 Evacuation Pause)
[5.696s][info][gc,task     ] GC(51) Using 4 workers of 8 for evacuation
[5.697s][info][gc,phases   ] GC(51)   Pre Evacuate Collection Set: 0.1ms
[5.697s][info][gc,phases   ] GC(51)   Merge Heap Roots: 0.1ms
[5.697s][info][gc,phases   ] GC(51)   Evacuate Collection Set: 0.5ms
[5.697s][info][gc,phases   ] GC(51)   Post Evacuate Collection Set: 0.6ms
[5.697s][info][gc,phases   ] GC(51)   Other: 0.2ms
[5.697s][info][gc,heap     ] GC(51) Eden regions: 28->0(28)
[5.697s][info][gc,heap     ] GC(51) Survivor regions: 2->2(2)
[5.697s][info][gc,heap     ] GC(51) Old regions: 19->21
[5.697s][info][gc,heap     ] GC(51) Archive regions: 0->0
[5.697s][info][gc,heap     ] GC(51) Humongous regions: 0->0
[5.697s][info][gc,metaspace] GC(51) Metaspace: 160K(384K)->160K(384K) NonClass: 151K(256K)->151K(256K) Class: 8K(128K)->8K(128K)
[5.697s][info][gc          ] GC(51) Pause Young (Mixed) (G1 Evacuation Pause) 48M->22M(60M) 1.895ms
[5.697s][info][gc,cpu      ] GC(51) User=0.00s Sys=0.00s Real=0.00s
[5.798s][info][gc,start    ] GC(52) Pause Young (Mixed) (G1 Evacuation Pause)
[5.798s][info][gc,task     ] GC(52) Using 4 workers of 8 for evacuation
[5.801s][info][gc,phases   ] GC(52)   Pre Evacuate Collection Set: 0.2ms
[5.801s][info][gc,phases   ] GC(52)   Merge Heap Roots: 0.1ms
[5.801s][info][gc,phases   ] GC(52)   Evacuate Collection Set: 1.4ms
[5.801s][info][gc,phases   ] GC(52)   Post Evacuate Collection Set: 0.9ms
[5.801s][info][gc,phases   ] GC(52)   Other: 0.4ms
[5.801s][info][gc,heap     ] GC(52) Eden regions: 28->0(28)
[5.801s][info][gc,heap     ] GC(52) Survivor regions: 2->2(2)
[5.801s][info][gc,heap     ] GC(52) Old regions: 21->25
[5.801s][info][gc,heap     ] GC(52) Archive regions: 0->0
[5.801s][info][gc,heap     ] GC(52) Humongous regions: 0->0
[5.801s][info][gc,metaspace] GC(52) Metaspace: 160K(384K)->160K(384K) NonClass: 151K(256K)->151K(256K) Class: 8K(128K)->8K(128K)
[5.802s][info][gc          ] GC(52) Pause Young (Mixed) (G1 Evacuation Pause) 50M->26M(60M) 3.438ms
[5.802s][info][gc,cpu      ] GC(52) User=0.00s Sys=0.00s Real=0.00s
[5.899s][info][gc,start    ] GC(53) Pause Young (Mixed) (G1 Preventive Collection)
[5.899s][info][gc,task     ] GC(53) Using 4 workers of 8 for evacuation
[5.901s][info][gc,phases   ] GC(53)   Pre Evacuate Collection Set: 0.2ms
[5.901s][info][gc,phases   ] GC(53)   Merge Heap Roots: 0.2ms
[5.901s][info][gc,phases   ] GC(53)   Evacuate Collection Set: 1.1ms
[5.901s][info][gc,phases   ] GC(53)   Post Evacuate Collection Set: 0.9ms
[5.902s][info][gc,phases   ] GC(53)   Other: 0.3ms
[5.902s][info][gc,heap     ] GC(53) Eden regions: 25->0(28)
[5.902s][info][gc,heap     ] GC(53) Survivor regions: 2->2(2)
[5.902s][info][gc,heap     ] GC(53) Old regions: 25->29
[5.902s][info][gc,heap     ] GC(53) Archive regions: 0->0
[5.902s][info][gc,heap     ] GC(53) Humongous regions: 0->0
[5.902s][info][gc,metaspace] GC(53) Metaspace: 160K(384K)->160K(384K) NonClass: 151K(256K)->151K(256K) Class: 8K(128K)->8K(128K)
[5.902s][info][gc          ] GC(53) Pause Young (Mixed) (G1 Preventive Collection) 51M->30M(60M) 3.247ms
[5.902s][info][gc,cpu      ] GC(53) User=0.00s Sys=0.00s Real=0.00s
[5.997s][info][gc,start    ] GC(54) Pause Young (Concurrent Start) (G1 Preventive Collection)
[5.997s][info][gc,task     ] GC(54) Using 4 workers of 8 for evacuation
[5.999s][info][gc,phases   ] GC(54)   Pre Evacuate Collection Set: 0.2ms
[5.999s][info][gc,phases   ] GC(54)   Merge Heap Roots: 0.2ms
[5.999s][info][gc,phases   ] GC(54)   Evacuate Collection Set: 0.6ms
[5.999s][info][gc,phases   ] GC(54)   Post Evacuate Collection Set: 0.8ms
[5.999s][info][gc,phases   ] GC(54)   Other: 0.4ms
[5.999s][info][gc,heap     ] GC(54) Eden regions: 21->0(28)
[5.999s][info][gc,heap     ] GC(54) Survivor regions: 2->2(2)
[5.999s][info][gc,heap     ] GC(54) Old regions: 29->30
[5.999s][info][gc,heap     ] GC(54) Archive regions: 0->0
[5.999s][info][gc,heap     ] GC(54) Humongous regions: 0->0
[5.999s][info][gc,metaspace] GC(54) Metaspace: 160K(384K)->160K(384K) NonClass: 151K(256K)->151K(256K) Class: 8K(128K)->8K(128K)
[6.000s][info][gc          ] GC(54) Pause Young (Concurrent Start) (G1 Preventive Collection) 51M->31M(60M) 2.675ms
[6.000s][info][gc,cpu      ] GC(54) User=0.00s Sys=0.00s Real=0.00s
[6.000s][info][gc          ] GC(55) Concurrent Mark Cycle
[6.000s][info][gc,marking  ] GC(55) Concurrent Clear Claimed Marks
[6.000s][info][gc,marking  ] GC(55) Concurrent Clear Claimed Marks 0.046ms
[6.000s][info][gc,marking  ] GC(55) Concurrent Scan Root Regions
[6.000s][info][gc,marking  ] GC(55) Concurrent Scan Root Regions 0.180ms
[6.000s][info][gc,marking  ] GC(55) Concurrent Mark
[6.000s][info][gc,marking  ] GC(55) Concurrent Mark From Roots
[6.000s][info][gc,task     ] GC(55) Using 2 workers of 2 for marking
[6.002s][info][gc,marking  ] GC(55) Concurrent Mark From Roots 2.113ms
[6.003s][info][gc,marking  ] GC(55) Concurrent Preclean
[6.003s][info][gc,marking  ] GC(55) Concurrent Preclean 0.224ms
[6.003s][info][gc,start    ] GC(55) Pause Remark
[6.004s][info][gc          ] GC(55) Pause Remark 36M->17M(60M) 1.254ms
[6.004s][info][gc,cpu      ] GC(55) User=0.00s Sys=0.00s Real=0.00s
[6.005s][info][gc,marking  ] GC(55) Concurrent Mark 4.233ms
[6.005s][info][gc,marking  ] GC(55) Concurrent Rebuild Remembered Sets
[6.006s][info][gc,marking  ] GC(55) Concurrent Rebuild Remembered Sets 1.045ms
[6.006s][info][gc,start    ] GC(55) Pause Cleanup
[6.006s][info][gc          ] GC(55) Pause Cleanup 17M->17M(60M) 0.287ms
[6.006s][info][gc,cpu      ] GC(55) User=0.00s Sys=0.00s Real=0.00s
[6.007s][info][gc,marking  ] GC(55) Concurrent Cleanup for Next Mark
[6.007s][info][gc,marking  ] GC(55) Concurrent Cleanup for Next Mark 0.448ms
[6.007s][info][gc          ] GC(55) Concurrent Mark Cycle 7.397ms
[6.097s][info][gc,start    ] GC(56) Pause Young (Prepare Mixed) (G1 Evacuation Pause)
[6.097s][info][gc,task     ] GC(56) Using 4 workers of 8 for evacuation
[6.099s][info][gc,phases   ] GC(56)   Pre Evacuate Collection Set: 0.1ms
[6.099s][info][gc,phases   ] GC(56)   Merge Heap Roots: 0.1ms
[6.099s][info][gc,phases   ] GC(56)   Evacuate Collection Set: 1.1ms
[6.099s][info][gc,phases   ] GC(56)   Post Evacuate Collection Set: 0.6ms
[6.100s][info][gc,phases   ] GC(56)   Other: 0.3ms
[6.100s][info][gc,heap     ] GC(56) Eden regions: 28->0(28)
[6.100s][info][gc,heap     ] GC(56) Survivor regions: 2->2(2)
[6.100s][info][gc,heap     ] GC(56) Old regions: 11->15
[6.100s][info][gc,heap     ] GC(56) Archive regions: 0->0
[6.100s][info][gc,heap     ] GC(56) Humongous regions: 0->0
[6.100s][info][gc,metaspace] GC(56) Metaspace: 160K(384K)->160K(384K) NonClass: 151K(256K)->151K(256K) Class: 8K(128K)->8K(128K)
[6.100s][info][gc          ] GC(56) Pause Young (Prepare Mixed) (G1 Evacuation Pause) 40M->16M(60M) 3.135ms
[6.100s][info][gc,cpu      ] GC(56) User=0.00s Sys=0.00s Real=0.00s
[6.196s][info][gc,start    ] GC(57) Pause Young (Mixed) (G1 Evacuation Pause)
[6.196s][info][gc,task     ] GC(57) Using 4 workers of 8 for evacuation
[6.198s][info][gc,phases   ] GC(57)   Pre Evacuate Collection Set: 0.2ms
[6.198s][info][gc,phases   ] GC(57)   Merge Heap Roots: 0.1ms
[6.198s][info][gc,phases   ] GC(57)   Evacuate Collection Set: 1.1ms
[6.198s][info][gc,phases   ] GC(57)   Post Evacuate Collection Set: 0.7ms
[6.198s][info][gc,phases   ] GC(57)   Other: 0.3ms
[6.198s][info][gc,heap     ] GC(57) Eden regions: 28->0(28)
[6.198s][info][gc,heap     ] GC(57) Survivor regions: 2->2(2)
[6.199s][info][gc,heap     ] GC(57) Old regions: 15->19
[6.199s][info][gc,heap     ] GC(57) Archive regions: 0->0
[6.199s][info][gc,heap     ] GC(57) Humongous regions: 0->0
[6.199s][info][gc,metaspace] GC(57) Metaspace: 160K(384K)->160K(384K) NonClass: 151K(256K)->151K(256K) Class: 8K(128K)->8K(128K)
[6.199s][info][gc          ] GC(57) Pause Young (Mixed) (G1 Evacuation Pause) 44M->20M(60M) 2.798ms
[6.199s][info][gc,cpu      ] GC(57) User=0.00s Sys=0.00s Real=0.00s
[6.346s][info][gc,start    ] GC(58) Pause Young (Mixed) (G1 Evacuation Pause)
[6.346s][info][gc,task     ] GC(58) Using 4 workers of 8 for evacuation
[6.348s][info][gc,phases   ] GC(58)   Pre Evacuate Collection Set: 0.2ms
[6.348s][info][gc,phases   ] GC(58)   Merge Heap Roots: 0.2ms
[6.348s][info][gc,phases   ] GC(58)   Evacuate Collection Set: 0.5ms
[6.348s][info][gc,phases   ] GC(58)   Post Evacuate Collection Set: 0.8ms
[6.348s][info][gc,phases   ] GC(58)   Other: 0.3ms
[6.349s][info][gc,heap     ] GC(58) Eden regions: 28->0(28)
[6.349s][info][gc,heap     ] GC(58) Survivor regions: 2->2(2)
[6.349s][info][gc,heap     ] GC(58) Old regions: 19->18
[6.349s][info][gc,heap     ] GC(58) Archive regions: 0->0
[6.349s][info][gc,heap     ] GC(58) Humongous regions: 0->0
[6.349s][info][gc,metaspace] GC(58) Metaspace: 160K(384K)->160K(384K) NonClass: 151K(256K)->151K(256K) Class: 8K(128K)->8K(128K)
[6.349s][info][gc          ] GC(58) Pause Young (Mixed) (G1 Evacuation Pause) 48M->19M(60M) 2.456ms
[6.349s][info][gc,cpu      ] GC(58) User=0.00s Sys=0.00s Real=0.00s
[6.445s][info][gc,start    ] GC(59) Pause Young (Mixed) (G1 Evacuation Pause)
[6.445s][info][gc,task     ] GC(59) Using 4 workers of 8 for evacuation
[6.447s][info][gc,phases   ] GC(59)   Pre Evacuate Collection Set: 0.2ms
[6.447s][info][gc,phases   ] GC(59)   Merge Heap Roots: 0.1ms
[6.447s][info][gc,phases   ] GC(59)   Evacuate Collection Set: 0.7ms
[6.447s][info][gc,phases   ] GC(59)   Post Evacuate Collection Set: 0.8ms
[6.447s][info][gc,phases   ] GC(59)   Other: 0.3ms
[6.447s][info][gc,heap     ] GC(59) Eden regions: 28->0(28)
[6.448s][info][gc,heap     ] GC(59) Survivor regions: 2->2(2)
[6.448s][info][gc,heap     ] GC(59) Old regions: 18->19
[6.448s][info][gc,heap     ] GC(59) Archive regions: 0->0
[6.448s][info][gc,heap     ] GC(59) Humongous regions: 0->0
[6.448s][info][gc,metaspace] GC(59) Metaspace: 160K(384K)->160K(384K) NonClass: 151K(256K)->151K(256K) Class: 8K(128K)->8K(128K)
[6.448s][info][gc          ] GC(59) Pause Young (Mixed) (G1 Evacuation Pause) 47M->20M(60M) 2.580ms
[6.448s][info][gc,cpu      ] GC(59) User=0.00s Sys=0.00s Real=0.00s
[6.546s][info][gc,start    ] GC(60) Pause Young (Mixed) (G1 Evacuation Pause)
[6.546s][info][gc,task     ] GC(60) Using 4 workers of 8 for evacuation
[6.548s][info][gc,phases   ] GC(60)   Pre Evacuate Collection Set: 0.2ms
[6.549s][info][gc,phases   ] GC(60)   Merge Heap Roots: 0.2ms
[6.549s][info][gc,phases   ] GC(60)   Evacuate Collection Set: 1.2ms
[6.549s][info][gc,phases   ] GC(60)   Post Evacuate Collection Set: 0.6ms
[6.549s][info][gc,phases   ] GC(60)   Other: 0.3ms
[6.549s][info][gc,heap     ] GC(60) Eden regions: 28->0(28)
[6.549s][info][gc,heap     ] GC(60) Survivor regions: 2->2(2)
[6.549s][info][gc,heap     ] GC(60) Old regions: 19->23
[6.549s][info][gc,heap     ] GC(60) Archive regions: 0->0
[6.549s][info][gc,heap     ] GC(60) Humongous regions: 0->0
[6.549s][info][gc,metaspace] GC(60) Metaspace: 160K(384K)->160K(384K) NonClass: 151K(256K)->151K(256K) Class: 8K(128K)->8K(128K)
[6.549s][info][gc          ] GC(60) Pause Young (Mixed) (G1 Evacuation Pause) 48M->24M(60M) 2.959ms
[6.549s][info][gc,cpu      ] GC(60) User=0.03s Sys=0.00s Real=0.00s
[6.649s][info][gc,start    ] GC(61) Pause Young (Mixed) (G1 Preventive Collection)
[6.649s][info][gc,task     ] GC(61) Using 4 workers of 8 for evacuation
[6.651s][info][gc,phases   ] GC(61)   Pre Evacuate Collection Set: 0.1ms
[6.651s][info][gc,phases   ] GC(61)   Merge Heap Roots: 0.1ms
[6.651s][info][gc,phases   ] GC(61)   Evacuate Collection Set: 1.1ms
[6.651s][info][gc,phases   ] GC(61)   Post Evacuate Collection Set: 0.5ms
[6.651s][info][gc,phases   ] GC(61)   Other: 0.3ms
[6.651s][info][gc,heap     ] GC(61) Eden regions: 26->0(28)
[6.651s][info][gc,heap     ] GC(61) Survivor regions: 2->2(2)
[6.651s][info][gc,heap     ] GC(61) Old regions: 23->27
[6.651s][info][gc,heap     ] GC(61) Archive regions: 0->0
[6.652s][info][gc,heap     ] GC(61) Humongous regions: 0->0
[6.652s][info][gc,metaspace] GC(61) Metaspace: 160K(384K)->160K(384K) NonClass: 151K(256K)->151K(256K) Class: 8K(128K)->8K(128K)
[6.652s][info][gc          ] GC(61) Pause Young (Mixed) (G1 Preventive Collection) 50M->28M(60M) 2.533ms
[6.652s][info][gc,cpu      ] GC(61) User=0.00s Sys=0.00s Real=0.00s
[6.745s][info][gc,start    ] GC(62) Pause Young (Mixed) (G1 Preventive Collection)
[6.745s][info][gc,task     ] GC(62) Using 4 workers of 8 for evacuation
[6.747s][info][gc,phases   ] GC(62)   Pre Evacuate Collection Set: 0.1ms
[6.747s][info][gc,phases   ] GC(62)   Merge Heap Roots: 0.1ms
[6.747s][info][gc,phases   ] GC(62)   Evacuate Collection Set: 0.8ms
[6.747s][info][gc,phases   ] GC(62)   Post Evacuate Collection Set: 0.6ms
[6.747s][info][gc,phases   ] GC(62)   Other: 0.4ms
[6.747s][info][gc,heap     ] GC(62) Eden regions: 22->0(28)
[6.747s][info][gc,heap     ] GC(62) Survivor regions: 2->2(2)
[6.747s][info][gc,heap     ] GC(62) Old regions: 27->28
[6.748s][info][gc,heap     ] GC(62) Archive regions: 0->0
[6.748s][info][gc,heap     ] GC(62) Humongous regions: 0->0
[6.748s][info][gc,metaspace] GC(62) Metaspace: 160K(384K)->160K(384K) NonClass: 151K(256K)->151K(256K) Class: 8K(128K)->8K(128K)
[6.748s][info][gc          ] GC(62) Pause Young (Mixed) (G1 Preventive Collection) 50M->29M(60M) 2.319ms
[6.748s][info][gc,cpu      ] GC(62) User=0.00s Sys=0.00s Real=0.00s
[6.823s][info][gc,heap,exit] Heap
[6.823s][info][gc,heap,exit]  garbage-first heap   total 61440K, used 52192K [0x00000000fc000000, 0x0000000100000000)
[6.823s][info][gc,heap,exit]   region size 1024K, 23 young (23552K), 2 survivors (2048K)
[6.823s][info][gc,heap,exit]  Metaspace       used 162K, committed 384K, reserved 1056768K
[6.823s][info][gc,heap,exit]   class space    used 9K, committed 128K, reserved 1048576K
